<?xml version="1.0"?>
<testsuites>
  <testsuite name="Chrome 32.0.1700 (Mac OS X 10.9.1)" package="" timestamp="2014-01-31T14:46:37" id="0" hostname="pivanovmac.local" tests="5292" errors="0" failures="80" time="85.481">
    <properties>
      <property name="browser.fullName" value="Mozilla/5.0 (Macintosh; Intel Mac OS X 10_9_1) AppleWebKit/537.36 (KHTML, like Gecko) Chrome/32.0.1700.102 Safari/537.36"/>
    </properties>
    <testcase name="AutoComplete adds ARIA role=&apos;textbox&apos;" time="0.017" classname="Chrome 32.0.1700 (Mac OS X 10.9.1).autocomplete ARIA"/>
    <testcase name="AutoComplete adds aria-haspopup" time="0.006" classname="Chrome 32.0.1700 (Mac OS X 10.9.1).autocomplete ARIA"/>
    <testcase name="AutoComplete adds aria-owns" time="0.004" classname="Chrome 32.0.1700 (Mac OS X 10.9.1).autocomplete ARIA"/>
    <testcase name="AutoComplete adds aria-autocomplete=&apos;both&apos;" time="0.003" classname="Chrome 32.0.1700 (Mac OS X 10.9.1).autocomplete ARIA"/>
    <testcase name="AutoComplete adds aria-autocomplete=&apos;list&apos; if no suggest" time="0.003" classname="Chrome 32.0.1700 (Mac OS X 10.9.1).autocomplete ARIA"/>
    <testcase name="Autocomplete sets tabindex" time="0.003" classname="Chrome 32.0.1700 (Mac OS X 10.9.1).autocomplete ARIA"/>
    <testcase name="Autocomplete preserves tab order" time="0.004" classname="Chrome 32.0.1700 (Mac OS X 10.9.1).autocomplete ARIA"/>
    <testcase name="Autocomplete adds aria-disabled=false" time="0.004" classname="Chrome 32.0.1700 (Mac OS X 10.9.1).autocomplete ARIA"/>
    <testcase name="Autocomplete adds aria-disabled=true" time="0.003" classname="Chrome 32.0.1700 (Mac OS X 10.9.1).autocomplete ARIA"/>
    <testcase name="Autocomplete adds aria-expanded" time="0.023" classname="Chrome 32.0.1700 (Mac OS X 10.9.1).autocomplete ARIA"/>
    <testcase name="_blur calls _change" time="0.004" classname="Chrome 32.0.1700 (Mac OS X 10.9.1).kendo_ui_AutoComplete events"/>
    <testcase name="value set with value method does not trigger change event" time="0.008" classname="Chrome 32.0.1700 (Mac OS X 10.9.1).kendo_ui_AutoComplete events"/>
    <testcase name="raise change after search()" time="0.121" classname="Chrome 32.0.1700 (Mac OS X 10.9.1).kendo_ui_AutoComplete events"/>
    <testcase name="_change raises the change event if value has changed" time="0.003" classname="Chrome 32.0.1700 (Mac OS X 10.9.1).kendo_ui_AutoComplete events"/>
    <testcase name="_change is not raised initially" time="0.006" classname="Chrome 32.0.1700 (Mac OS X 10.9.1).kendo_ui_AutoComplete events"/>
    <testcase name="_change does not raise change event if value has&apos;t changed" time="0.003" classname="Chrome 32.0.1700 (Mac OS X 10.9.1).kendo_ui_AutoComplete events"/>
    <testcase name="_prev is initialzed on focus" time="0.01" classname="Chrome 32.0.1700 (Mac OS X 10.9.1).kendo_ui_AutoComplete events"/>
    <testcase name="select does not raise the change event" time="0.01" classname="Chrome 32.0.1700 (Mac OS X 10.9.1).kendo_ui_AutoComplete events"/>
    <testcase name="clicking an item raises the change event" time="0.021" classname="Chrome 32.0.1700 (Mac OS X 10.9.1).kendo_ui_AutoComplete events"/>
    <testcase name="clicking an item raises the change event of the dom element" time="0.019" classname="Chrome 32.0.1700 (Mac OS X 10.9.1).kendo_ui_AutoComplete events"/>
    <testcase name="open event when open popup on search" time="0.015" classname="Chrome 32.0.1700 (Mac OS X 10.9.1).kendo_ui_AutoComplete events"/>
    <testcase name="open event should be cancellable" time="0.228" classname="Chrome 32.0.1700 (Mac OS X 10.9.1).kendo_ui_AutoComplete events"/>
    <testcase name="close event when popup close on click" time="0.017" classname="Chrome 32.0.1700 (Mac OS X 10.9.1).kendo_ui_AutoComplete events"/>
    <testcase name="click item raises select event" time="0.017" classname="Chrome 32.0.1700 (Mac OS X 10.9.1).kendo_ui_AutoComplete events"/>
    <testcase name="prevent select event should only close the popup" time="0.017" classname="Chrome 32.0.1700 (Mac OS X 10.9.1).kendo_ui_AutoComplete events"/>
    <testcase name="select event is not raised when custom value is entered" time="0.103" classname="Chrome 32.0.1700 (Mac OS X 10.9.1).kendo_ui_AutoComplete events"/>
    <testcase name="typing minLenght number of characters filters the datasource" time="0.235" classname="Chrome 32.0.1700 (Mac OS X 10.9.1).kendo_ui_AutoComplete filtering"/>
    <testcase name="popup is opened if there are results returned from the filter" time="0.236" classname="Chrome 32.0.1700 (Mac OS X 10.9.1).kendo_ui_AutoComplete filtering"/>
    <testcase name="popup should close if input is empty" time="0.306" classname="Chrome 32.0.1700 (Mac OS X 10.9.1).kendo_ui_AutoComplete filtering"/>
    <testcase name="search method supports case sensitive filtering" time="0.108" classname="Chrome 32.0.1700 (Mac OS X 10.9.1).kendo_ui_AutoComplete filtering"/>
    <testcase name="search method lowers case of the filter value when ignoreCase true" time="0.006" classname="Chrome 32.0.1700 (Mac OS X 10.9.1).kendo_ui_AutoComplete filtering"/>
    <testcase name="refresh suggests on every dataSource change" time="0.135" classname="Chrome 32.0.1700 (Mac OS X 10.9.1).kendo_ui_AutoComplete filtering"/>
    <testcase name="AutoComplete does not open popup if not active element" time="0.126" classname="Chrome 32.0.1700 (Mac OS X 10.9.1).kendo_ui_AutoComplete filtering"/>
    <testcase name="do not remove default filter expression" time="0.004" classname="Chrome 32.0.1700 (Mac OS X 10.9.1).kendo_ui_AutoComplete filtering"/>
    <testcase name="append autocomplete filter expression ot the default one" time="0.006" classname="Chrome 32.0.1700 (Mac OS X 10.9.1).kendo_ui_AutoComplete filtering"/>
    <testcase name="do not append autocomplete filter twice" time="0.005" classname="Chrome 32.0.1700 (Mac OS X 10.9.1).kendo_ui_AutoComplete filtering"/>
    <testcase name="Prevent filtration after item is selected" time="0.131" classname="Chrome 32.0.1700 (Mac OS X 10.9.1).kendo_ui_AutoComplete filtering"/>
    <testcase name="kendoAutoComplete attaches a autocomplete object to target" time="0.004" classname="Chrome 32.0.1700 (Mac OS X 10.9.1).kendo_ui_AutoComplete initialization"/>
    <testcase name="data source is initialized from options.dataSource when array is passed" time="0.019" classname="Chrome 32.0.1700 (Mac OS X 10.9.1).kendo_ui_AutoComplete initialization"/>
    <testcase name="data source is initialized from options.dataSource" time="0.019" classname="Chrome 32.0.1700 (Mac OS X 10.9.1).kendo_ui_AutoComplete initialization"/>
    <testcase name="do not open on dataSource.query" time="0.019" classname="Chrome 32.0.1700 (Mac OS X 10.9.1).kendo_ui_AutoComplete initialization"/>
    <testcase name="rendering honers dataTextField" time="0.019" classname="Chrome 32.0.1700 (Mac OS X 10.9.1).kendo_ui_AutoComplete initialization"/>
    <testcase name="autocomplate initializes a UL for its items" time="0.008" classname="Chrome 32.0.1700 (Mac OS X 10.9.1).kendo_ui_AutoComplete initialization"/>
    <testcase name="autocomplate initializes a popup for its items" time="0.004" classname="Chrome 32.0.1700 (Mac OS X 10.9.1).kendo_ui_AutoComplete initialization"/>
    <testcase name="autocomplete populates its list when the datasource changes" time="0.019" classname="Chrome 32.0.1700 (Mac OS X 10.9.1).kendo_ui_AutoComplete initialization"/>
    <testcase name="changing the template" time="0.003" classname="Chrome 32.0.1700 (Mac OS X 10.9.1).kendo_ui_AutoComplete initialization"/>
    <testcase name="defining header template" time="0.004" classname="Chrome 32.0.1700 (Mac OS X 10.9.1).kendo_ui_AutoComplete initialization"/>
    <testcase name="highlight first item" time="0.02" classname="Chrome 32.0.1700 (Mac OS X 10.9.1).kendo_ui_AutoComplete initialization"/>
    <testcase name="resetting dataSource detaches the previouse events" time="0.003" classname="Chrome 32.0.1700 (Mac OS X 10.9.1).kendo_ui_AutoComplete initialization"/>
    <testcase name="resetting DataSource rebinds the widget" time="0.004" classname="Chrome 32.0.1700 (Mac OS X 10.9.1).kendo_ui_AutoComplete initialization"/>
    <testcase name="dataItem() returns dataItem depending on passed index" time="0.003" classname="Chrome 32.0.1700 (Mac OS X 10.9.1).kendo_ui_AutoComplete initialization"/>
    <testcase name="dataItem() returns null if no argument" time="0.003" classname="Chrome 32.0.1700 (Mac OS X 10.9.1).kendo_ui_AutoComplete initialization"/>
    <testcase name="Value of the autocomplete is empty string when placeholder is used" time="0.004" classname="Chrome 32.0.1700 (Mac OS X 10.9.1).kendo_ui_AutoComplete initialization"/>
    <testcase name="destroy method works" time="0.003" classname="Chrome 32.0.1700 (Mac OS X 10.9.1).kendo_ui_AutoComplete initialization"/>
    <testcase name="AutoComplete creates loading element" time="0.003" classname="Chrome 32.0.1700 (Mac OS X 10.9.1).kendo_ui_AutoComplete initialization"/>
    <testcase name="AutoComplete shows loading icon on progress" time="0.219" classname="Chrome 32.0.1700 (Mac OS X 10.9.1).kendo_ui_AutoComplete initialization"/>
    <testcase name="AutoComplete hides loading icon on dataSource change" time="0.22" classname="Chrome 32.0.1700 (Mac OS X 10.9.1).kendo_ui_AutoComplete initialization"/>
    <testcase name="AutoComplete sets ignoreCase option to false" time="0.004" classname="Chrome 32.0.1700 (Mac OS X 10.9.1).kendo_ui_AutoComplete initialization"/>
    <testcase name="readonly() makes input element readonly" time="0.003" classname="Chrome 32.0.1700 (Mac OS X 10.9.1).kendo_ui_AutoComplete initialization"/>
    <testcase name="readonly(false) removes readonly attribute" time="0.004" classname="Chrome 32.0.1700 (Mac OS X 10.9.1).kendo_ui_AutoComplete initialization"/>
    <testcase name="readonly() removes disabled attribute and disabled class" time="0.003" classname="Chrome 32.0.1700 (Mac OS X 10.9.1).kendo_ui_AutoComplete initialization"/>
    <testcase name="enable(false) removes readonly attribute and default class" time="0.003" classname="Chrome 32.0.1700 (Mac OS X 10.9.1).kendo_ui_AutoComplete initialization"/>
    <testcase name="enable() enables widget after readonly()" time="0.004" classname="Chrome 32.0.1700 (Mac OS X 10.9.1).kendo_ui_AutoComplete initialization"/>
    <testcase name="AutoComplete honors readonly attribute" time="0.003" classname="Chrome 32.0.1700 (Mac OS X 10.9.1).kendo_ui_AutoComplete initialization"/>
    <testcase name="AutoComplete uses disabled attr over the readonly" time="0.003" classname="Chrome 32.0.1700 (Mac OS X 10.9.1).kendo_ui_AutoComplete initialization"/>
    <testcase name="AutoComplete does not focus input if refresh triggered from dataSource" time="0.013" classname="Chrome 32.0.1700 (Mac OS X 10.9.1).kendo_ui_AutoComplete initialization"/>
    <testcase name="AutoComplete uses input value if options.value is null" time="0.004" classname="Chrome 32.0.1700 (Mac OS X 10.9.1).kendo_ui_AutoComplete initialization"/>
    <testcase name="initializes a autocomplete when data role is autocomplete" time="0.005" classname="Chrome 32.0.1700 (Mac OS X 10.9.1).autocomplete mvvm"/>
    <testcase name="initializes a options from data attributes" time="0.004" classname="Chrome 32.0.1700 (Mac OS X 10.9.1).autocomplete mvvm"/>
    <testcase name="initializes data source" time="0.007" classname="Chrome 32.0.1700 (Mac OS X 10.9.1).autocomplete mvvm"/>
    <testcase name="initializes value from view model" time="0.005" classname="Chrome 32.0.1700 (Mac OS X 10.9.1).autocomplete mvvm"/>
    <testcase name="initializes complex value from view model" time="0.005" classname="Chrome 32.0.1700 (Mac OS X 10.9.1).autocomplete mvvm"/>
    <testcase name="changing a value updates the view model" time="0.005" classname="Chrome 32.0.1700 (Mac OS X 10.9.1).autocomplete mvvm"/>
    <testcase name="changing value to a custom one updates the view model" time="0.005" classname="Chrome 32.0.1700 (Mac OS X 10.9.1).autocomplete mvvm"/>
    <testcase name="changing a value updates the view model if bound to simple value" time="0.004" classname="Chrome 32.0.1700 (Mac OS X 10.9.1).autocomplete mvvm"/>
    <testcase name="custom view model value" time="0.004" classname="Chrome 32.0.1700 (Mac OS X 10.9.1).autocomplete mvvm"/>
    <testcase name="setting existing view model value after custom value" time="0.006" classname="Chrome 32.0.1700 (Mac OS X 10.9.1).autocomplete mvvm"/>
    <testcase name="setting custom value after existing view model value" time="0.005" classname="Chrome 32.0.1700 (Mac OS X 10.9.1).autocomplete mvvm"/>
    <testcase name="binding autocomplete initialized before binding" time="0.004" classname="Chrome 32.0.1700 (Mac OS X 10.9.1).autocomplete mvvm"/>
    <testcase name="binding autocomplete initialized after binding" time="0.007" classname="Chrome 32.0.1700 (Mac OS X 10.9.1).autocomplete mvvm"/>
    <testcase name="binding template" time="0.007" classname="Chrome 32.0.1700 (Mac OS X 10.9.1).autocomplete mvvm"/>
    <testcase name="binding template containing binding attributes" time="0.005" classname="Chrome 32.0.1700 (Mac OS X 10.9.1).autocomplete mvvm"/>
    <testcase name="updating an item from the data source updates the corresponding autocomplete item" time="0.007" classname="Chrome 32.0.1700 (Mac OS X 10.9.1).autocomplete mvvm"/>
    <testcase name="destroying binding targets when the datasource changes" time="0.005" classname="Chrome 32.0.1700 (Mac OS X 10.9.1).autocomplete mvvm"/>
    <testcase name="removing items from the model updates the UI" time="0.008" classname="Chrome 32.0.1700 (Mac OS X 10.9.1).autocomplete mvvm"/>
    <testcase name="binding are removed if element is rebind" time="0.006" classname="Chrome 32.0.1700 (Mac OS X 10.9.1).autocomplete mvvm"/>
    <testcase name="binding target is destroyed" time="0.01" classname="Chrome 32.0.1700 (Mac OS X 10.9.1).autocomplete mvvm"/>
    <testcase name="destroys detaches the events to widget" time="0.005" classname="Chrome 32.0.1700 (Mac OS X 10.9.1).autocomplete mvvm"/>
    <testcase name="dataBound event is raised if attached as option" time="0.005" classname="Chrome 32.0.1700 (Mac OS X 10.9.1).autocomplete mvvm"/>
    <testcase name="dataBound event is raised if attached as option to a already initialized autocomplete" time="0.004" classname="Chrome 32.0.1700 (Mac OS X 10.9.1).autocomplete mvvm"/>
    <testcase name="binding invisible to true hides the widget" time="0.003" classname="Chrome 32.0.1700 (Mac OS X 10.9.1).autocomplete mvvm"/>
    <testcase name="binding invisible to false shows the widget" time="0.004" classname="Chrome 32.0.1700 (Mac OS X 10.9.1).autocomplete mvvm"/>
    <testcase name="changing invisible to true hides the widget" time="0.003" classname="Chrome 32.0.1700 (Mac OS X 10.9.1).autocomplete mvvm"/>
    <testcase name="changing invisible to false shows the widget" time="0.005" classname="Chrome 32.0.1700 (Mac OS X 10.9.1).autocomplete mvvm"/>
    <testcase name="binding enabled to false disables the widget" time="0.005" classname="Chrome 32.0.1700 (Mac OS X 10.9.1).autocomplete mvvm"/>
    <testcase name="binding visible to false hides the widget" time="0.004" classname="Chrome 32.0.1700 (Mac OS X 10.9.1).autocomplete mvvm"/>
    <testcase name="binding visible to true shows the widget" time="0.003" classname="Chrome 32.0.1700 (Mac OS X 10.9.1).autocomplete mvvm"/>
    <testcase name="changing visible to false hides the widget" time="0.003" classname="Chrome 32.0.1700 (Mac OS X 10.9.1).autocomplete mvvm"/>
    <testcase name="changing visible to true shows the widget" time="0.003" classname="Chrome 32.0.1700 (Mac OS X 10.9.1).autocomplete mvvm"/>
    <testcase name="binding enabled to false disables the widget" time="0.003" classname="Chrome 32.0.1700 (Mac OS X 10.9.1).autocomplete mvvm"/>
    <testcase name="binding enabled to true enables the widget" time="0.003" classname="Chrome 32.0.1700 (Mac OS X 10.9.1).autocomplete mvvm"/>
    <testcase name="binding disable to true disables the widget" time="0.004" classname="Chrome 32.0.1700 (Mac OS X 10.9.1).autocomplete mvvm"/>
    <testcase name="binding disabled to false enables the widget" time="0.003" classname="Chrome 32.0.1700 (Mac OS X 10.9.1).autocomplete mvvm"/>
    <testcase name="setting non existing binding throws an error" time="0.004" classname="Chrome 32.0.1700 (Mac OS X 10.9.1).autocomplete mvvm"/>
    <testcase name="assign to DataSource as ViewModel field" time="0.004" classname="Chrome 32.0.1700 (Mac OS X 10.9.1).autocomplete mvvm"/>
    <testcase name="pressing down focuses the first item in the popup" time="0.103" classname="Chrome 32.0.1700 (Mac OS X 10.9.1).kendo_ui_AutoComplete navigation"/>
    <testcase name="pressing up focuses the last item in the popup" time="0.103" classname="Chrome 32.0.1700 (Mac OS X 10.9.1).kendo_ui_AutoComplete navigation"/>
    <testcase name="pressing up clears the focused state from the previous item" time="0.103" classname="Chrome 32.0.1700 (Mac OS X 10.9.1).kendo_ui_AutoComplete navigation"/>
    <testcase name="pressing down clears the focused state from the previous item" time="0.103" classname="Chrome 32.0.1700 (Mac OS X 10.9.1).kendo_ui_AutoComplete navigation"/>
    <testcase name="clicking an item applies selected style" time="0.119" classname="Chrome 32.0.1700 (Mac OS X 10.9.1).kendo_ui_AutoComplete navigation"/>
    <testcase name="changing the current popup item does not update the input value" time="0.102" classname="Chrome 32.0.1700 (Mac OS X 10.9.1).kendo_ui_AutoComplete navigation"/>
    <testcase name="pressing enter closes the dropdown" time="0.126" classname="Chrome 32.0.1700 (Mac OS X 10.9.1).kendo_ui_AutoComplete navigation"/>
    <testcase name="press enter should call preventDefault when popup is visible" time="0.092" classname="Chrome 32.0.1700 (Mac OS X 10.9.1).kendo_ui_AutoComplete navigation"/>
    <testcase name="pressing enter closes updates the value of the autocomplete" time="0.124" classname="Chrome 32.0.1700 (Mac OS X 10.9.1).kendo_ui_AutoComplete navigation"/>
    <testcase name="pressing tab closes updates the value of the autocomplete" time="0.123" classname="Chrome 32.0.1700 (Mac OS X 10.9.1).kendo_ui_AutoComplete navigation"/>
    <testcase name="select applies selected style" time="0.097" classname="Chrome 32.0.1700 (Mac OS X 10.9.1).kendo_ui_AutoComplete navigation"/>
    <testcase name="select should accepts DOM element" time="0.096" classname="Chrome 32.0.1700 (Mac OS X 10.9.1).kendo_ui_AutoComplete navigation"/>
    <testcase name="moving up when there the current item is first" time="0.097" classname="Chrome 32.0.1700 (Mac OS X 10.9.1).kendo_ui_AutoComplete navigation"/>
    <testcase name="moving twice up when there the current item is first makes the last item current" time="0.107" classname="Chrome 32.0.1700 (Mac OS X 10.9.1).kendo_ui_AutoComplete navigation"/>
    <testcase name="moving down when there the current item is last" time="0.099" classname="Chrome 32.0.1700 (Mac OS X 10.9.1).kendo_ui_AutoComplete navigation"/>
    <testcase name="moving twice down when there the current item is first makes the last item current" time="0.109" classname="Chrome 32.0.1700 (Mac OS X 10.9.1).kendo_ui_AutoComplete navigation"/>
    <testcase name="esc closes the dropdown" time="0.109" classname="Chrome 32.0.1700 (Mac OS X 10.9.1).kendo_ui_AutoComplete navigation"/>
    <testcase name="esc calls prevent default if popup is opened" time="0.124" classname="Chrome 32.0.1700 (Mac OS X 10.9.1).kendo_ui_AutoComplete navigation"/>
    <testcase name="pressing the down arrows when the popup is not visible does not change value" time="0.115" classname="Chrome 32.0.1700 (Mac OS X 10.9.1).kendo_ui_AutoComplete navigation"/>
    <testcase name="pressing the up arrows when the popup is not visible does not change value" time="0.115" classname="Chrome 32.0.1700 (Mac OS X 10.9.1).kendo_ui_AutoComplete navigation"/>
    <testcase name="add placeholder attr to the input" time="0.008" classname="Chrome 32.0.1700 (Mac OS X 10.9.1).kendo_ui_AutoComplete placeholder"/>
    <testcase name="do not set k-readonly class" time="0.007" classname="Chrome 32.0.1700 (Mac OS X 10.9.1).kendo_ui_AutoComplete placeholder"/>
    <testcase name="separator" time="0.023" classname="Chrome 32.0.1700 (Mac OS X 10.9.1).kendo_ui_AutoComplete separator"/>
    <testcase name="search uses the last word" time="0.022" classname="Chrome 32.0.1700 (Mac OS X 10.9.1).kendo_ui_AutoComplete separator"/>
    <testcase name="search uses the word at the caret position" time="0.022" classname="Chrome 32.0.1700 (Mac OS X 10.9.1).kendo_ui_AutoComplete separator"/>
    <testcase name="select replaces the word at the caret position" time="0.016" classname="Chrome 32.0.1700 (Mac OS X 10.9.1).kendo_ui_AutoComplete separator"/>
    <testcase name="pressing enter calls _blur" time="0.013" classname="Chrome 32.0.1700 (Mac OS X 10.9.1).kendo_ui_AutoComplete suggestion"/>
    <testcase name="pressing enter calls _blur when no item is selected" time="0.012" classname="Chrome 32.0.1700 (Mac OS X 10.9.1).kendo_ui_AutoComplete suggestion"/>
    <testcase name="pressing tab calls _blur" time="0.012" classname="Chrome 32.0.1700 (Mac OS X 10.9.1).kendo_ui_AutoComplete suggestion"/>
    <testcase name="current popup item completes the value of the input if suggest is enabled" time="0.023" classname="Chrome 32.0.1700 (Mac OS X 10.9.1).kendo_ui_AutoComplete suggestion"/>
    <testcase name="current highlighted item completes the value of the input if suggest is enabled" time="0.024" classname="Chrome 32.0.1700 (Mac OS X 10.9.1).kendo_ui_AutoComplete suggestion"/>
    <testcase name="suggestion does not suggest on backspace" time="0.013" classname="Chrome 32.0.1700 (Mac OS X 10.9.1).kendo_ui_AutoComplete suggestion"/>
    <testcase name="suggestion does not suggest on delete" time="0.013" classname="Chrome 32.0.1700 (Mac OS X 10.9.1).kendo_ui_AutoComplete suggestion"/>
    <testcase name="suggestion selects the remainder of the word" time="0.014" classname="Chrome 32.0.1700 (Mac OS X 10.9.1).kendo_ui_AutoComplete suggestion"/>
    <testcase name="suggestion selects the remainder of the second word" time="0.014" classname="Chrome 32.0.1700 (Mac OS X 10.9.1).kendo_ui_AutoComplete suggestion"/>
    <testcase name="separator" time="0.028" classname="Chrome 32.0.1700 (Mac OS X 10.9.1).kendo_ui_AutoComplete suggestion"/>
    <testcase name="suggestion should suggest correctly" time="0.014" classname="Chrome 32.0.1700 (Mac OS X 10.9.1).kendo_ui_AutoComplete suggestion"/>
    <testcase name="suggestion appends only the rest of the text (filter:contains)" time="0.238" classname="Chrome 32.0.1700 (Mac OS X 10.9.1).kendo_ui_AutoComplete suggestion"/>
    <testcase name="suggestion should use dataItem.text instead of li.text()" time="0.023" classname="Chrome 32.0.1700 (Mac OS X 10.9.1).kendo_ui_AutoComplete suggestion"/>
    <testcase name="separator and suggestion" time="0.024" classname="Chrome 32.0.1700 (Mac OS X 10.9.1).kendo_ui_AutoComplete suggestion"/>
    <testcase name="separator and suggesting second word" time="0.024" classname="Chrome 32.0.1700 (Mac OS X 10.9.1).kendo_ui_AutoComplete suggestion"/>
    <testcase name="separator and selecting a word" time="0.032" classname="Chrome 32.0.1700 (Mac OS X 10.9.1).kendo_ui_AutoComplete suggestion"/>
    <testcase name="suggest with empty string clears selection" time="0.014" classname="Chrome 32.0.1700 (Mac OS X 10.9.1).kendo_ui_AutoComplete suggestion"/>
    <testcase name="suggest with empty string clears selection and adheres to separators" time="0.012" classname="Chrome 32.0.1700 (Mac OS X 10.9.1).kendo_ui_AutoComplete suggestion"/>
    <testcase name="suggest with null does not throw exception" time="0.018" classname="Chrome 32.0.1700 (Mac OS X 10.9.1).kendo_ui_AutoComplete suggestion"/>
    <testcase name="search should filter items using filter property" time="0.038" classname="Chrome 32.0.1700 (Mac OS X 10.9.1).kendo_ui_AutoComplete suggestion"/>
    <testcase name="filtering honors dataTextField" time="0.037" classname="Chrome 32.0.1700 (Mac OS X 10.9.1).kendo_ui_AutoComplete suggestion"/>
    <testcase name="refresh method suggests if no item is highlighted" time="0.023" classname="Chrome 32.0.1700 (Mac OS X 10.9.1).kendo_ui_AutoComplete suggestion"/>
    <testcase name="suggest method append text without modifying the user input" time="0.023" classname="Chrome 32.0.1700 (Mac OS X 10.9.1).kendo_ui_AutoComplete suggestion"/>
    <testcase name="enable() removes a disabled state class" time="0.003" classname="Chrome 32.0.1700 (Mac OS X 10.9.1).api"/>
    <testcase name="enable(true) removes a disabled state class" time="0.002" classname="Chrome 32.0.1700 (Mac OS X 10.9.1).api"/>
    <testcase name="enable() sets widget options.enable to true" time="0.001" classname="Chrome 32.0.1700 (Mac OS X 10.9.1).api"/>
    <testcase name="enable(true) sets widget options.enable to true" time="0.002" classname="Chrome 32.0.1700 (Mac OS X 10.9.1).api"/>
    <testcase name="enable(false) sets a disabled state class" time="0.001" classname="Chrome 32.0.1700 (Mac OS X 10.9.1).api"/>
    <testcase name="enable(false) sets widget options.enable to false" time="0" classname="Chrome 32.0.1700 (Mac OS X 10.9.1).api"/>
    <testcase name="initialization adds a button role" time="0" classname="Chrome 32.0.1700 (Mac OS X 10.9.1).aria"/>
    <testcase name="initialization adds an aria-disabled false attribute" time="0.002" classname="Chrome 32.0.1700 (Mac OS X 10.9.1).aria"/>
    <testcase name="initialization adds an aria-disabled true attribute" time="0.002" classname="Chrome 32.0.1700 (Mac OS X 10.9.1).aria"/>
    <testcase name="enable(true) sets an aria-disabled false attribute" time="0.001" classname="Chrome 32.0.1700 (Mac OS X 10.9.1).aria"/>
    <testcase name="enable(false) sets an aria-disabled true attribute" time="0.002" classname="Chrome 32.0.1700 (Mac OS X 10.9.1).aria"/>
    <testcase name="click event is fired" time="0.002" classname="Chrome 32.0.1700 (Mac OS X 10.9.1).events"/>
    <testcase name="click event passes event object as an argument" time="0.002" classname="Chrome 32.0.1700 (Mac OS X 10.9.1).events"/>
    <testcase name="disabled button does not fire click event" time="0.002" classname="Chrome 32.0.1700 (Mac OS X 10.9.1).events"/>
    <testcase name="focus adds focused class" time="0.003" classname="Chrome 32.0.1700 (Mac OS X 10.9.1).events"/>
    <testcase name="blur removes focused class" time="0.001" classname="Chrome 32.0.1700 (Mac OS X 10.9.1).events"/>
    <testcase name="initialization adds a k-button class" time="0.001" classname="Chrome 32.0.1700 (Mac OS X 10.9.1).initialization"/>
    <testcase name="spriteCssClass prepends a span element with corresponding class(es)" time="0.003" classname="Chrome 32.0.1700 (Mac OS X 10.9.1).initialization"/>
    <testcase name="spriteCssClass adds corresponding class(es) to span.k-sprite element if already exists" time="0.001" classname="Chrome 32.0.1700 (Mac OS X 10.9.1).initialization"/>
    <testcase name="spriteCssClass adds a k-button-icon class to empty button" time="0.002" classname="Chrome 32.0.1700 (Mac OS X 10.9.1).initialization"/>
    <testcase name="spriteCssClass adds a k-button-icon class to empty button with only an icon span inside" time="0.002" classname="Chrome 32.0.1700 (Mac OS X 10.9.1).initialization"/>
    <testcase name="spriteCssClass adds a k-button-icontext class if button has content" time="0.002" classname="Chrome 32.0.1700 (Mac OS X 10.9.1).initialization"/>
    <testcase name="icon prepends a span element with corresponding class(es)" time="0.002" classname="Chrome 32.0.1700 (Mac OS X 10.9.1).initialization"/>
    <testcase name="icon adds corresponding class(es) to span.k-icon element if already exists" time="0.001" classname="Chrome 32.0.1700 (Mac OS X 10.9.1).initialization"/>
    <testcase name="icon adds a k-button-icon class to empty button" time="0.001" classname="Chrome 32.0.1700 (Mac OS X 10.9.1).initialization"/>
    <testcase name="icon adds a k-button-icon class to empty button with only an icon span inside" time="0.002" classname="Chrome 32.0.1700 (Mac OS X 10.9.1).initialization"/>
    <testcase name="icon adds a k-button-icontext class if button has content" time="0.002" classname="Chrome 32.0.1700 (Mac OS X 10.9.1).initialization"/>
    <testcase name="imageUrl prepends an img element with src attribute" time="0.003" classname="Chrome 32.0.1700 (Mac OS X 10.9.1).initialization"/>
    <testcase name="imageUrl sets a src attribute to img.k-image element if already exists" time="0.002" classname="Chrome 32.0.1700 (Mac OS X 10.9.1).initialization"/>
    <testcase name="imageUrl adds a k-button-icon class to empty button" time="0.002" classname="Chrome 32.0.1700 (Mac OS X 10.9.1).initialization"/>
    <testcase name="imageUrl adds a k-button-icon class to empty button with only an icon image inside" time="0.002" classname="Chrome 32.0.1700 (Mac OS X 10.9.1).initialization"/>
    <testcase name="imageUrl adds a k-button-icontext class if button has content" time="0.002" classname="Chrome 32.0.1700 (Mac OS X 10.9.1).initialization"/>
    <testcase name="default button does not have a k-state-disabled class" time="0.001" classname="Chrome 32.0.1700 (Mac OS X 10.9.1).initialization"/>
    <testcase name="enable:false adds a k-state-disabled class" time="0.001" classname="Chrome 32.0.1700 (Mac OS X 10.9.1).initialization"/>
    <testcase name="enable:false adds a disabled attribute" time="0.001" classname="Chrome 32.0.1700 (Mac OS X 10.9.1).initialization"/>
    <testcase name="disabled attribute adds a k-state-disabled class" time="0.002" classname="Chrome 32.0.1700 (Mac OS X 10.9.1).initialization"/>
    <testcase name="initialization adds a tabindex attribute if not present" time="0.002" classname="Chrome 32.0.1700 (Mac OS X 10.9.1).initialization"/>
    <testcase name="initialization preserves set tabindex attribute" time="0.001" classname="Chrome 32.0.1700 (Mac OS X 10.9.1).initialization"/>
    <testcase name="focusing adds a focused class" time="0.002" classname="Chrome 32.0.1700 (Mac OS X 10.9.1).navigation"/>
    <testcase name="blurring removes a focused class" time="0.019" classname="Chrome 32.0.1700 (Mac OS X 10.9.1).navigation"/>
    <testcase name="Enter key triggers click event for non-button elements" time="0.003" classname="Chrome 32.0.1700 (Mac OS X 10.9.1).navigation"/>
    <testcase name="Spacebar triggers click event for non-button elements" time="0.001" classname="Chrome 32.0.1700 (Mac OS X 10.9.1).navigation"/>
    <testcase name="navigate method render view using default values" time="0.01" classname="Chrome 32.0.1700 (Mac OS X 10.9.1).kendo_ui_Calendar API"/>
    <testcase name="navigate method render view depending on given date and view" time="0.013" classname="Chrome 32.0.1700 (Mac OS X 10.9.1).kendo_ui_Calendar API"/>
    <testcase name="navigate method should disable._prevArrow if cannot navigate to past" time="0.006" classname="Chrome 32.0.1700 (Mac OS X 10.9.1).kendo_ui_Calendar API"/>
    <testcase name="navigate method should disable._nextArrow if cannot navigate to future" time="0.006" classname="Chrome 32.0.1700 (Mac OS X 10.9.1).kendo_ui_Calendar API"/>
    <testcase name="navigate method should disable._prevArrow if cannot navigate to past (year)" time="0.005" classname="Chrome 32.0.1700 (Mac OS X 10.9.1).kendo_ui_Calendar API"/>
    <testcase name="navigate method should disable._nextArrow if cannot navigate to future (year)" time="0.004" classname="Chrome 32.0.1700 (Mac OS X 10.9.1).kendo_ui_Calendar API"/>
    <testcase name="navigate method should disable._prevArrow if cannot navigate to past (decade)" time="0.004" classname="Chrome 32.0.1700 (Mac OS X 10.9.1).kendo_ui_Calendar API"/>
    <testcase name="navigate method should disable._nextArrow if cannot navigate to future (decade)" time="0.004" classname="Chrome 32.0.1700 (Mac OS X 10.9.1).kendo_ui_Calendar API"/>
    <testcase name="navigate method should disable._prevArrow if cannot navigate to past (century)" time="0.004" classname="Chrome 32.0.1700 (Mac OS X 10.9.1).kendo_ui_Calendar API"/>
    <testcase name="navigate method should disable._nextArrow if cannot navigate to future (century)" time="0.004" classname="Chrome 32.0.1700 (Mac OS X 10.9.1).kendo_ui_Calendar API"/>
    <testcase name="navigate should select date equal to _value" time="0.024" classname="Chrome 32.0.1700 (Mac OS X 10.9.1).kendo_ui_Calendar API"/>
    <testcase name="navigateToPast should navigate to previous month when month view" time="0.013" classname="Chrome 32.0.1700 (Mac OS X 10.9.1).kendo_ui_Calendar API"/>
    <testcase name="navigateToPast should navigate to previous year when year view" time="0.012" classname="Chrome 32.0.1700 (Mac OS X 10.9.1).kendo_ui_Calendar API"/>
    <testcase name="navigateToPast should navigate to previous decade when decade view" time="0.008" classname="Chrome 32.0.1700 (Mac OS X 10.9.1).kendo_ui_Calendar API"/>
    <testcase name="navigateToPast should navigate to previous century when century view" time="0.009" classname="Chrome 32.0.1700 (Mac OS X 10.9.1).kendo_ui_Calendar API"/>
    <testcase name="navigateToFuture should navigate to next month when month view" time="0.008" classname="Chrome 32.0.1700 (Mac OS X 10.9.1).kendo_ui_Calendar API"/>
    <testcase name="navigateToFuture should navigate to next year when year view" time="0.008" classname="Chrome 32.0.1700 (Mac OS X 10.9.1).kendo_ui_Calendar API"/>
    <testcase name="navigateToFuture should navigate to next decade when decade view" time="0.007" classname="Chrome 32.0.1700 (Mac OS X 10.9.1).kendo_ui_Calendar API"/>
    <testcase name="navigateToFuture should navigate to next century when century view" time="0.008" classname="Chrome 32.0.1700 (Mac OS X 10.9.1).kendo_ui_Calendar API"/>
    <testcase name="navigateUp should navigate upper view (year)" time="0.007" classname="Chrome 32.0.1700 (Mac OS X 10.9.1).kendo_ui_Calendar API"/>
    <testcase name="navigateUp should navigate upper view (decade)" time="0.007" classname="Chrome 32.0.1700 (Mac OS X 10.9.1).kendo_ui_Calendar API"/>
    <testcase name="navigateUp should navigate upper view (century)" time="0.007" classname="Chrome 32.0.1700 (Mac OS X 10.9.1).kendo_ui_Calendar API"/>
    <testcase name="navigateDown should navigate lower view (decade)" time="0.007" classname="Chrome 32.0.1700 (Mac OS X 10.9.1).kendo_ui_Calendar API"/>
    <testcase name="navigateDown should navigate lower view (year)" time="0.007" classname="Chrome 32.0.1700 (Mac OS X 10.9.1).kendo_ui_Calendar API"/>
    <testcase name="navigateDown should navigate lower view (month)" time="0.007" classname="Chrome 32.0.1700 (Mac OS X 10.9.1).kendo_ui_Calendar API"/>
    <testcase name="navigateDown should navigate lower view (month)" time="0.008" classname="Chrome 32.0.1700 (Mac OS X 10.9.1).kendo_ui_Calendar API"/>
    <testcase name="navigateDown with date navigate to cell&apos;s date" time="0.004" classname="Chrome 32.0.1700 (Mac OS X 10.9.1).kendo_ui_Calendar API"/>
    <testcase name="navigateDown should call value method if _index === options.depth" time="0.004" classname="Chrome 32.0.1700 (Mac OS X 10.9.1).kendo_ui_Calendar API"/>
    <testcase name="navigate should put in range passed date" time="0.008" classname="Chrome 32.0.1700 (Mac OS X 10.9.1).kendo_ui_Calendar API"/>
    <testcase name="value should select set selectedValue property" time="0.011" classname="Chrome 32.0.1700 (Mac OS X 10.9.1).kendo_ui_Calendar API"/>
    <testcase name="value should return selectedValue" time="0.004" classname="Chrome 32.0.1700 (Mac OS X 10.9.1).kendo_ui_Calendar API"/>
    <testcase name="value method should call navigate method with correct date" time="0.004" classname="Chrome 32.0.1700 (Mac OS X 10.9.1).kendo_ui_Calendar API"/>
    <testcase name="value method should update selection of the view" time="0.005" classname="Chrome 32.0.1700 (Mac OS X 10.9.1).kendo_ui_Calendar API"/>
    <testcase name="value should clear _value if null" time="0.005" classname="Chrome 32.0.1700 (Mac OS X 10.9.1).kendo_ui_Calendar API"/>
    <testcase name="value should not accept value lower than min" time="0.004" classname="Chrome 32.0.1700 (Mac OS X 10.9.1).kendo_ui_Calendar API"/>
    <testcase name="value should not accept value bigger than max" time="0.003" classname="Chrome 32.0.1700 (Mac OS X 10.9.1).kendo_ui_Calendar API"/>
    <testcase name="value should not accept invalid date" time="0.004" classname="Chrome 32.0.1700 (Mac OS X 10.9.1).kendo_ui_Calendar API"/>
    <testcase name="focus date depending on given value" time="0.023" classname="Chrome 32.0.1700 (Mac OS X 10.9.1).kendo_ui_Calendar API"/>
    <testcase name="focus date in current view without navigating" time="0.012" classname="Chrome 32.0.1700 (Mac OS X 10.9.1).kendo_ui_Calendar API"/>
    <testcase name="focus should not call navigate if need to focus next cell in current decade view" time="0.008" classname="Chrome 32.0.1700 (Mac OS X 10.9.1).kendo_ui_Calendar API"/>
    <testcase name="navigate should not re-render view if it was not changed" time="0.004" classname="Chrome 32.0.1700 (Mac OS X 10.9.1).kendo_ui_Calendar API"/>
    <testcase name="min() returns current min value" time="0.004" classname="Chrome 32.0.1700 (Mac OS X 10.9.1).kendo_ui_Calendar API"/>
    <testcase name="min() should set min value value of the calendar" time="0.014" classname="Chrome 32.0.1700 (Mac OS X 10.9.1).kendo_ui_Calendar API"/>
    <testcase name="min() should set min value value of the calendar" time="0.013" classname="Chrome 32.0.1700 (Mac OS X 10.9.1).kendo_ui_Calendar API"/>
    <testcase name="min method navigates when custom template is defined" time="0.014" classname="Chrome 32.0.1700 (Mac OS X 10.9.1).kendo_ui_Calendar API"/>
    <testcase name="max method persists selected value when max is in current month" time="0.012" classname="Chrome 32.0.1700 (Mac OS X 10.9.1).kendo_ui_Calendar API"/>
    <testcase name="Should navigate if min is bigger then _current" time="0.014" classname="Chrome 32.0.1700 (Mac OS X 10.9.1).kendo_ui_Calendar API"/>
    <testcase name="Navigates widget when set min value bigger than selected date" time="0.013" classname="Chrome 32.0.1700 (Mac OS X 10.9.1).kendo_ui_Calendar API"/>
    <testcase name="Should clear _value if less then min" time="0.013" classname="Chrome 32.0.1700 (Mac OS X 10.9.1).kendo_ui_Calendar API"/>
    <testcase name="max() returns current max value" time="0.004" classname="Chrome 32.0.1700 (Mac OS X 10.9.1).kendo_ui_Calendar API"/>
    <testcase name="max() should set max value value of the calendar" time="0.014" classname="Chrome 32.0.1700 (Mac OS X 10.9.1).kendo_ui_Calendar API"/>
    <testcase name="Should navigate if max is less then _current" time="0.017" classname="Chrome 32.0.1700 (Mac OS X 10.9.1).kendo_ui_Calendar API"/>
    <testcase name="Should clear _value if bigger then max" time="0.013" classname="Chrome 32.0.1700 (Mac OS X 10.9.1).kendo_ui_Calendar API"/>
    <testcase name="_navigate should set correct date if month has 30 days" time="0.004" classname="Chrome 32.0.1700 (Mac OS X 10.9.1).kendo_ui_Calendar API"/>
    <testcase name="today link should be disabled when min() with bigger then today" time="0.014" classname="Chrome 32.0.1700 (Mac OS X 10.9.1).kendo_ui_Calendar API"/>
    <testcase name="today link should be disabled when max() with less then today" time="0.014" classname="Chrome 32.0.1700 (Mac OS X 10.9.1).kendo_ui_Calendar API"/>
    <testcase name="today link should be enabled on _footer(true)" time="0.005" classname="Chrome 32.0.1700 (Mac OS X 10.9.1).kendo_ui_Calendar API"/>
    <testcase name="value method honors options.culture" time="0.015" classname="Chrome 32.0.1700 (Mac OS X 10.9.1).kendo_ui_Calendar API"/>
    <testcase name="calendar is not focused when value changed with API" time="0.005" classname="Chrome 32.0.1700 (Mac OS X 10.9.1).kendo_ui_Calendar API"/>
    <testcase name="min method enables prev link" time="0.013" classname="Chrome 32.0.1700 (Mac OS X 10.9.1).kendo_ui_Calendar API"/>
    <testcase name="min method navigates if selected date is null and current date is equal to min" time="0.013" classname="Chrome 32.0.1700 (Mac OS X 10.9.1).kendo_ui_Calendar API"/>
    <testcase name="max method enables prev link" time="0.013" classname="Chrome 32.0.1700 (Mac OS X 10.9.1).kendo_ui_Calendar API"/>
    <testcase name="current method returns currently focused date" time="0.004" classname="Chrome 32.0.1700 (Mac OS X 10.9.1).kendo_ui_Calendar API"/>
    <testcase name="view method returns current view" time="0.004" classname="Chrome 32.0.1700 (Mac OS X 10.9.1).kendo_ui_Calendar API"/>
    <testcase name="setOptions re-renders current view" time="0.012" classname="Chrome 32.0.1700 (Mac OS X 10.9.1).kendo_ui_Calendar API"/>
    <testcase name="setOptions updates footer" time="0.017" classname="Chrome 32.0.1700 (Mac OS X 10.9.1).kendo_ui_Calendar API"/>
    <testcase name="Calendar adds roles to the left and right arrow" time="0.004" classname="Chrome 32.0.1700 (Mac OS X 10.9.1).kendo_ui_Calendar ARIA"/>
    <testcase name="Calendar adds role to the title button" time="0.004" classname="Chrome 32.0.1700 (Mac OS X 10.9.1).kendo_ui_Calendar ARIA"/>
    <testcase name="Calendar adds live aria attributes" time="0.004" classname="Chrome 32.0.1700 (Mac OS X 10.9.1).kendo_ui_Calendar ARIA"/>
    <testcase name="Calendar adds grid role to MONTH view" time="0.004" classname="Chrome 32.0.1700 (Mac OS X 10.9.1).kendo_ui_Calendar ARIA"/>
    <testcase name="Calendar adds row role to MONTH view&apos;s rows" time="0.005" classname="Chrome 32.0.1700 (Mac OS X 10.9.1).kendo_ui_Calendar ARIA"/>
    <testcase name="Calendar adds gridcell role to MONTH view&apos;s cells" time="0.005" classname="Chrome 32.0.1700 (Mac OS X 10.9.1).kendo_ui_Calendar ARIA"/>
    <testcase name="Calendar adds grid role to YEAR view" time="0.01" classname="Chrome 32.0.1700 (Mac OS X 10.9.1).kendo_ui_Calendar ARIA"/>
    <testcase name="Calendar adds row role to YEAR view&apos;s rows" time="0.01" classname="Chrome 32.0.1700 (Mac OS X 10.9.1).kendo_ui_Calendar ARIA"/>
    <testcase name="Calendar adds gridcell role to YEAR view&apos;s cells" time="0.01" classname="Chrome 32.0.1700 (Mac OS X 10.9.1).kendo_ui_Calendar ARIA"/>
    <testcase name="Calendar adds aria-disabled to the prev arrow" time="0.017" classname="Chrome 32.0.1700 (Mac OS X 10.9.1).kendo_ui_Calendar ARIA"/>
    <testcase name="Calendar adds aria-disabled to the next arrow" time="0.014" classname="Chrome 32.0.1700 (Mac OS X 10.9.1).kendo_ui_Calendar ARIA"/>
    <testcase name="Calendar adds aria-disabled to the up nav" time="0.01" classname="Chrome 32.0.1700 (Mac OS X 10.9.1).kendo_ui_Calendar ARIA"/>
    <testcase name="Calendar adds aria-selected to the selected cell" time="0.004" classname="Chrome 32.0.1700 (Mac OS X 10.9.1).kendo_ui_Calendar ARIA"/>
    <testcase name="Calendar adds only one aria-selected=true" time="0.014" classname="Chrome 32.0.1700 (Mac OS X 10.9.1).kendo_ui_Calendar ARIA"/>
    <testcase name="Calendar sets id to the selected cell" time="0.014" classname="Chrome 32.0.1700 (Mac OS X 10.9.1).kendo_ui_Calendar ARIA"/>
    <testcase name="Calendar has only one cell with id" time="0.015" classname="Chrome 32.0.1700 (Mac OS X 10.9.1).kendo_ui_Calendar ARIA"/>
    <testcase name="Calendar sets aria-activedescendant" time="0.013" classname="Chrome 32.0.1700 (Mac OS X 10.9.1).kendo_ui_Calendar ARIA"/>
    <testcase name="click on cell raise change event" time="0.005" classname="Chrome 32.0.1700 (Mac OS X 10.9.1).kendo_ui_Calendar events"/>
    <testcase name="click on selected cell does not raise change event" time="0.005" classname="Chrome 32.0.1700 (Mac OS X 10.9.1).kendo_ui_Calendar events"/>
    <testcase name="click on empty cell does not raise change event" time="0.005" classname="Chrome 32.0.1700 (Mac OS X 10.9.1).kendo_ui_Calendar events"/>
    <testcase name="click on cell put in range" time="0.004" classname="Chrome 32.0.1700 (Mac OS X 10.9.1).kendo_ui_Calendar events"/>
    <testcase name="navigate event should raise navigate event when change view" time="0.022" classname="Chrome 32.0.1700 (Mac OS X 10.9.1).kendo_ui_Calendar events"/>
    <testcase name="click on cell should persist _viewedValue" time="0.035" classname="Chrome 32.0.1700 (Mac OS X 10.9.1).kendo_ui_Calendar events"/>
    <testcase name="if format is {0: format} should strip it" time="0.004" classname="Chrome 32.0.1700 (Mac OS X 10.9.1).kendo_ui_Calendar initialization"/>
    <testcase name="if start is not correct should set MONTH view" time="0.005" classname="Chrome 32.0.1700 (Mac OS X 10.9.1).kendo_ui_Calendar initialization"/>
    <testcase name="if depth is bigger then start set it to MONTH view" time="0.004" classname="Chrome 32.0.1700 (Mac OS X 10.9.1).kendo_ui_Calendar initialization"/>
    <testcase name="define current" time="0.004" classname="Chrome 32.0.1700 (Mac OS X 10.9.1).kendo_ui_Calendar initialization"/>
    <testcase name="render the header" time="0.004" classname="Chrome 32.0.1700 (Mac OS X 10.9.1).kendo_ui_Calendar initialization"/>
    <testcase name="render table after header" time="0.004" classname="Chrome 32.0.1700 (Mac OS X 10.9.1).kendo_ui_Calendar initialization"/>
    <testcase name="render month view when init" time="0.02" classname="Chrome 32.0.1700 (Mac OS X 10.9.1).kendo_ui_Calendar initialization"/>
    <testcase name="render year view when init" time="0.003" classname="Chrome 32.0.1700 (Mac OS X 10.9.1).kendo_ui_Calendar initialization"/>
    <testcase name="render decade view when init" time="0.004" classname="Chrome 32.0.1700 (Mac OS X 10.9.1).kendo_ui_Calendar initialization"/>
    <testcase name="render century view when init" time="0.003" classname="Chrome 32.0.1700 (Mac OS X 10.9.1).kendo_ui_Calendar initialization"/>
    <testcase name="calendar should wire TD click event" time="0.01" classname="Chrome 32.0.1700 (Mac OS X 10.9.1).kendo_ui_Calendar initialization"/>
    <testcase name="calendar should wire header buttons" time="0.047" classname="Chrome 32.0.1700 (Mac OS X 10.9.1).kendo_ui_Calendar initialization"/>
    <testcase name="calendar should show hover state when hover TD" time="0.005" classname="Chrome 32.0.1700 (Mac OS X 10.9.1).kendo_ui_Calendar initialization"/>
    <testcase name="calendar should remove hover state from TD" time="0.005" classname="Chrome 32.0.1700 (Mac OS X 10.9.1).kendo_ui_Calendar initialization"/>
    <testcase name="calendar should show hover state to the header elements" time="0.004" classname="Chrome 32.0.1700 (Mac OS X 10.9.1).kendo_ui_Calendar initialization"/>
    <testcase name="calendar should remove hover state to the header elements" time="0.006" classname="Chrome 32.0.1700 (Mac OS X 10.9.1).kendo_ui_Calendar initialization"/>
    <testcase name="today link should have k-nav-today" time="0.004" classname="Chrome 32.0.1700 (Mac OS X 10.9.1).kendo_ui_Calendar initialization"/>
    <testcase name="today link should not have k-nav-today" time="0.004" classname="Chrome 32.0.1700 (Mac OS X 10.9.1).kendo_ui_Calendar initialization"/>
    <testcase name="today link sets today not now" time="0.005" classname="Chrome 32.0.1700 (Mac OS X 10.9.1).kendo_ui_Calendar initialization"/>
    <testcase name="footer:false should not render footer" time="0.004" classname="Chrome 32.0.1700 (Mac OS X 10.9.1).kendo_ui_Calendar initialization"/>
    <testcase name="_footer(false) should hide the footer" time="0.005" classname="Chrome 32.0.1700 (Mac OS X 10.9.1).kendo_ui_Calendar initialization"/>
    <testcase name="Calendar uses culture settings specified through culture option" time="0.004" classname="Chrome 32.0.1700 (Mac OS X 10.9.1).kendo_ui_Calendar initialization"/>
    <testcase name="footer honours culture option" time="0.005" classname="Chrome 32.0.1700 (Mac OS X 10.9.1).kendo_ui_Calendar initialization"/>
    <testcase name="Calendar removes focused style on initial rendering" time="0.004" classname="Chrome 32.0.1700 (Mac OS X 10.9.1).kendo_ui_Calendar initialization"/>
    <testcase name="Calendar adds  focused on focus" time="0.009" classname="Chrome 32.0.1700 (Mac OS X 10.9.1).kendo_ui_Calendar initialization"/>
    <testcase name="Calendar removes  focused on blur" time="0.01" classname="Chrome 32.0.1700 (Mac OS X 10.9.1).kendo_ui_Calendar initialization"/>
    <testcase name="Widget does not fall into infinitive loop" time="0.004" classname="Chrome 32.0.1700 (Mac OS X 10.9.1).kendo_ui_Calendar initialization"/>
    <testcase name="initializes a calendar when data role is calendar" time="0.005" classname="Chrome 32.0.1700 (Mac OS X 10.9.1).kendo_ui_Calendar MVVM"/>
    <testcase name="initializes a options from data attributes" time="0.003" classname="Chrome 32.0.1700 (Mac OS X 10.9.1).kendo_ui_Calendar MVVM"/>
    <testcase name="initializes value from view model" time="0.005" classname="Chrome 32.0.1700 (Mac OS X 10.9.1).kendo_ui_Calendar MVVM"/>
    <testcase name="initializes a options from data attributes after init of the widget" time="0.005" classname="Chrome 32.0.1700 (Mac OS X 10.9.1).kendo_ui_Calendar MVVM"/>
    <testcase name="changing a value updates the view model" time="0.006" classname="Chrome 32.0.1700 (Mac OS X 10.9.1).kendo_ui_Calendar MVVM"/>
    <testcase name="binding calendar initialized before binding" time="0.007" classname="Chrome 32.0.1700 (Mac OS X 10.9.1).kendo_ui_Calendar MVVM"/>
    <testcase name="binding calendar initialized after binding" time="0.009" classname="Chrome 32.0.1700 (Mac OS X 10.9.1).kendo_ui_Calendar MVVM"/>
    <testcase name="updating model value updates the UI" time="0.01" classname="Chrome 32.0.1700 (Mac OS X 10.9.1).kendo_ui_Calendar MVVM"/>
    <testcase name="bindings are removed if element is rebind" time="0.015" classname="Chrome 32.0.1700 (Mac OS X 10.9.1).kendo_ui_Calendar MVVM"/>
    <testcase name="binding target is destroyed" time="0.011" classname="Chrome 32.0.1700 (Mac OS X 10.9.1).kendo_ui_Calendar MVVM"/>
    <testcase name="change event is raised if attached as option" time="0.006" classname="Chrome 32.0.1700 (Mac OS X 10.9.1).kendo_ui_Calendar MVVM"/>
    <testcase name="change event is raised if attached as option to a already initialized calendar" time="0.006" classname="Chrome 32.0.1700 (Mac OS X 10.9.1).kendo_ui_Calendar MVVM"/>
    <testcase name="binding visible to true shows the calendar" time="0.005" classname="Chrome 32.0.1700 (Mac OS X 10.9.1).kendo_ui_Calendar MVVM"/>
    <testcase name="binding visible to false hides the calendar" time="0.004" classname="Chrome 32.0.1700 (Mac OS X 10.9.1).kendo_ui_Calendar MVVM"/>
    <testcase name="binding invisible to true hides the calendar" time="0.005" classname="Chrome 32.0.1700 (Mac OS X 10.9.1).kendo_ui_Calendar MVVM"/>
    <testcase name="binding invisible to false shows the calendar" time="0.004" classname="Chrome 32.0.1700 (Mac OS X 10.9.1).kendo_ui_Calendar MVVM"/>
    <testcase name="navigate down should persist current viewedValue" time="0.059" classname="Chrome 32.0.1700 (Mac OS X 10.9.1).kendo_ui_Calendar navigation"/>
    <testcase name="navigate should not _move selection if value is bigger than max" time="0.025" classname="Chrome 32.0.1700 (Mac OS X 10.9.1).kendo_ui_Calendar navigation"/>
    <testcase name="navigate should not _move selection if value is less than min" time="0.039" classname="Chrome 32.0.1700 (Mac OS X 10.9.1).kendo_ui_Calendar navigation"/>
    <testcase name="navigate should focus next day in month view" time="0.023" classname="Chrome 32.0.1700 (Mac OS X 10.9.1).kendo_ui_Calendar navigation"/>
    <testcase name="navigate should focus previous day in month view" time="0.009" classname="Chrome 32.0.1700 (Mac OS X 10.9.1).kendo_ui_Calendar navigation"/>
    <testcase name="navigate should focus day on previous row in month view" time="0.009" classname="Chrome 32.0.1700 (Mac OS X 10.9.1).kendo_ui_Calendar navigation"/>
    <testcase name="navigate should focus day on next row in month view" time="0.022" classname="Chrome 32.0.1700 (Mac OS X 10.9.1).kendo_ui_Calendar navigation"/>
    <testcase name="navigate should focus next month in year view" time="0.014" classname="Chrome 32.0.1700 (Mac OS X 10.9.1).kendo_ui_Calendar navigation"/>
    <testcase name="navigate should focus previous month in year view" time="0.02" classname="Chrome 32.0.1700 (Mac OS X 10.9.1).kendo_ui_Calendar navigation"/>
    <testcase name="navigate should focus month on previous row in year view" time="0.019" classname="Chrome 32.0.1700 (Mac OS X 10.9.1).kendo_ui_Calendar navigation"/>
    <testcase name="navigate should focus month on next row in year view" time="0.014" classname="Chrome 32.0.1700 (Mac OS X 10.9.1).kendo_ui_Calendar navigation"/>
    <testcase name="navigate should focus next year in decade view" time="0.013" classname="Chrome 32.0.1700 (Mac OS X 10.9.1).kendo_ui_Calendar navigation"/>
    <testcase name="navigate should focus previous year in decade view" time="0.019" classname="Chrome 32.0.1700 (Mac OS X 10.9.1).kendo_ui_Calendar navigation"/>
    <testcase name="navigate should focus year on previous row in decade view" time="0.015" classname="Chrome 32.0.1700 (Mac OS X 10.9.1).kendo_ui_Calendar navigation"/>
    <testcase name="navigate should focus year on next row in decade view" time="0.015" classname="Chrome 32.0.1700 (Mac OS X 10.9.1).kendo_ui_Calendar navigation"/>
    <testcase name="navigate should focus next decade in century view" time="0.015" classname="Chrome 32.0.1700 (Mac OS X 10.9.1).kendo_ui_Calendar navigation"/>
    <testcase name="navigate should focus previous decade in century view" time="0.015" classname="Chrome 32.0.1700 (Mac OS X 10.9.1).kendo_ui_Calendar navigation"/>
    <testcase name="navigate should focus decade on previous row in century view" time="0.022" classname="Chrome 32.0.1700 (Mac OS X 10.9.1).kendo_ui_Calendar navigation"/>
    <testcase name="navigate should focus decade on next row in century view" time="0.015" classname="Chrome 32.0.1700 (Mac OS X 10.9.1).kendo_ui_Calendar navigation"/>
    <testcase name="navigate down" time="0.023" classname="Chrome 32.0.1700 (Mac OS X 10.9.1).kendo_ui_Calendar navigation"/>
    <testcase name="navigate up" time="0.009" classname="Chrome 32.0.1700 (Mac OS X 10.9.1).kendo_ui_Calendar navigation"/>
    <testcase name="navigate down selects date" time="0.022" classname="Chrome 32.0.1700 (Mac OS X 10.9.1).kendo_ui_Calendar navigation"/>
    <testcase name="navigate left" time="0.009" classname="Chrome 32.0.1700 (Mac OS X 10.9.1).kendo_ui_Calendar navigation"/>
    <testcase name="navigate right" time="0.008" classname="Chrome 32.0.1700 (Mac OS X 10.9.1).kendo_ui_Calendar navigation"/>
    <testcase name="Home should focus first day of current month" time="0.009" classname="Chrome 32.0.1700 (Mac OS X 10.9.1).kendo_ui_Calendar navigation"/>
    <testcase name="End should focus last day of current month" time="0.008" classname="Chrome 32.0.1700 (Mac OS X 10.9.1).kendo_ui_Calendar navigation"/>
    <testcase name="PageUp should focus same day in previous month" time="0.021" classname="Chrome 32.0.1700 (Mac OS X 10.9.1).kendo_ui_Calendar navigation"/>
    <testcase name="PageDown should focus same day in next month" time="0.021" classname="Chrome 32.0.1700 (Mac OS X 10.9.1).kendo_ui_Calendar navigation"/>
    <testcase name="Enter should focus viewedDate" time="0.023" classname="Chrome 32.0.1700 (Mac OS X 10.9.1).kendo_ui_Calendar navigation"/>
    <testcase name="Enter should select date" time="0.022" classname="Chrome 32.0.1700 (Mac OS X 10.9.1).kendo_ui_Calendar navigation"/>
    <testcase name="Enter should navigate down" time="0.024" classname="Chrome 32.0.1700 (Mac OS X 10.9.1).kendo_ui_Calendar navigation"/>
    <testcase name="Click on cell persists the time portion" time="0.023" classname="Chrome 32.0.1700 (Mac OS X 10.9.1).kendo_ui_Calendar navigation"/>
    <testcase name="Click on cell from other month persists the time portion" time="0.036" classname="Chrome 32.0.1700 (Mac OS X 10.9.1).kendo_ui_Calendar navigation"/>
    <testcase name="Calendar persits time portion when select date with navigation" time="0.027" classname="Chrome 32.0.1700 (Mac OS X 10.9.1).kendo_ui_Calendar navigation"/>
    <testcase name="Calendar persits time portion when select first day of the month" time="0.025" classname="Chrome 32.0.1700 (Mac OS X 10.9.1).kendo_ui_Calendar navigation"/>
    <testcase name="Calendar persits time portion when select last day of the month" time="0.024" classname="Chrome 32.0.1700 (Mac OS X 10.9.1).kendo_ui_Calendar navigation"/>
    <testcase name="click to change view" time="0.045" classname="Chrome 32.0.1700 (Mac OS X 10.9.1).kendo_ui_Calendar focus persistance"/>
    <testcase name="mouseup on calendar will focus the table" time="0.009" classname="Chrome 32.0.1700 (Mac OS X 10.9.1).kendo_ui_Calendar focus persistance"/>
    <testcase name="click on title focuses the table" time="0.015" classname="Chrome 32.0.1700 (Mac OS X 10.9.1).kendo_ui_Calendar focus persistance"/>
    <testcase name="click on prev arrow focuses the table" time="0.025" classname="Chrome 32.0.1700 (Mac OS X 10.9.1).kendo_ui_Calendar focus persistance"/>
    <testcase name="click on next arrow focuses the table" time="0.023" classname="Chrome 32.0.1700 (Mac OS X 10.9.1).kendo_ui_Calendar focus persistance"/>
    <testcase name="_move focuses the table" time="0.023" classname="Chrome 32.0.1700 (Mac OS X 10.9.1).kendo_ui_Calendar focus persistance"/>
    <testcase name="firstDayOfMonth returns correct date" time="0.005" classname="Chrome 32.0.1700 (Mac OS X 10.9.1).kendo_ui_Calendar rendering"/>
    <testcase name="firstVisibleDay returns correct date" time="0.004" classname="Chrome 32.0.1700 (Mac OS X 10.9.1).kendo_ui_Calendar rendering"/>
    <testcase name="month.setDate modify day" time="0.004" classname="Chrome 32.0.1700 (Mac OS X 10.9.1).kendo_ui_Calendar rendering"/>
    <testcase name="month.setDate updates even the second param is date" time="0.005" classname="Chrome 32.0.1700 (Mac OS X 10.9.1).kendo_ui_Calendar rendering"/>
    <testcase name="year.setDate modify month" time="0.004" classname="Chrome 32.0.1700 (Mac OS X 10.9.1).kendo_ui_Calendar rendering"/>
    <testcase name="year.setDate should honer end day of month" time="0.005" classname="Chrome 32.0.1700 (Mac OS X 10.9.1).kendo_ui_Calendar rendering"/>
    <testcase name="year.setDate should work correctly when date is Jan and value is -1 " time="0.004" classname="Chrome 32.0.1700 (Mac OS X 10.9.1).kendo_ui_Calendar rendering"/>
    <testcase name="year.setDate updates even the second param is date" time="0.004" classname="Chrome 32.0.1700 (Mac OS X 10.9.1).kendo_ui_Calendar rendering"/>
    <testcase name="decade.setDate modify year" time="0.004" classname="Chrome 32.0.1700 (Mac OS X 10.9.1).kendo_ui_Calendar rendering"/>
    <testcase name="decade.setDate updates even the second param is date" time="0.004" classname="Chrome 32.0.1700 (Mac OS X 10.9.1).kendo_ui_Calendar rendering"/>
    <testcase name="century.setDate modify decade" time="0.004" classname="Chrome 32.0.1700 (Mac OS X 10.9.1).kendo_ui_Calendar rendering"/>
    <testcase name="decade.setDate updates even the second param is date" time="0.005" classname="Chrome 32.0.1700 (Mac OS X 10.9.1).kendo_ui_Calendar rendering"/>
    <testcase name="Month view return title" time="0.004" classname="Chrome 32.0.1700 (Mac OS X 10.9.1).kendo_ui_Calendar rendering"/>
    <testcase name="Month view title honors options.culture" time="0.003" classname="Chrome 32.0.1700 (Mac OS X 10.9.1).kendo_ui_Calendar rendering"/>
    <testcase name="month view renders days" time="0.005" classname="Chrome 32.0.1700 (Mac OS X 10.9.1).kendo_ui_Calendar rendering"/>
    <testcase name="month view&apos;s content method honors culture" time="0.005" classname="Chrome 32.0.1700 (Mac OS X 10.9.1).kendo_ui_Calendar rendering"/>
    <testcase name="month view renderer honors firstDayOfWeek property" time="0.006" classname="Chrome 32.0.1700 (Mac OS X 10.9.1).kendo_ui_Calendar rendering"/>
    <testcase name="month view honors firstVisibleDay" time="0.009" classname="Chrome 32.0.1700 (Mac OS X 10.9.1).kendo_ui_Calendar rendering"/>
    <testcase name="month view renders anchor in td with title" time="0.006" classname="Chrome 32.0.1700 (Mac OS X 10.9.1).kendo_ui_Calendar rendering"/>
    <testcase name="month view renders anchor in td with title depending on the options.culture" time="0.005" classname="Chrome 32.0.1700 (Mac OS X 10.9.1).kendo_ui_Calendar rendering"/>
    <testcase name="month view renders empty string if date is not in range" time="0.005" classname="Chrome 32.0.1700 (Mac OS X 10.9.1).kendo_ui_Calendar rendering"/>
    <testcase name="month view should render data-val attribute" time="0.007" classname="Chrome 32.0.1700 (Mac OS X 10.9.1).kendo_ui_Calendar rendering"/>
    <testcase name="month view should render k-other-month style" time="0.006" classname="Chrome 32.0.1700 (Mac OS X 10.9.1).kendo_ui_Calendar rendering"/>
    <testcase name="month view should not render k-other-month to last day of month" time="0.007" classname="Chrome 32.0.1700 (Mac OS X 10.9.1).kendo_ui_Calendar rendering"/>
    <testcase name="month view do not apply k-other-month to the first day of the month" time="0.006" classname="Chrome 32.0.1700 (Mac OS X 10.9.1).kendo_ui_Calendar rendering"/>
    <testcase name="month view renders k-today if today is in the current view" time="0.005" classname="Chrome 32.0.1700 (Mac OS X 10.9.1).kendo_ui_Calendar rendering"/>
    <testcase name="month view renders k-weekend" time="0.005" classname="Chrome 32.0.1700 (Mac OS X 10.9.1).kendo_ui_Calendar rendering"/>
    <testcase name="month view passes dates array" time="0.004" classname="Chrome 32.0.1700 (Mac OS X 10.9.1).kendo_ui_Calendar rendering"/>
    <testcase name="month view renders URL if current date is in dates" time="0.006" classname="Chrome 32.0.1700 (Mac OS X 10.9.1).kendo_ui_Calendar rendering"/>
    <testcase name="month view honors culture when renders URL" time="0.006" classname="Chrome 32.0.1700 (Mac OS X 10.9.1).kendo_ui_Calendar rendering"/>
    <testcase name="year view renders title" time="0.005" classname="Chrome 32.0.1700 (Mac OS X 10.9.1).kendo_ui_Calendar rendering"/>
    <testcase name="year view renders meta view  4x3 cells" time="0.005" classname="Chrome 32.0.1700 (Mac OS X 10.9.1).kendo_ui_Calendar rendering"/>
    <testcase name="year view&apos;s content method honors culture" time="0.005" classname="Chrome 32.0.1700 (Mac OS X 10.9.1).kendo_ui_Calendar rendering"/>
    <testcase name="year view renders does not render months not in range" time="0.004" classname="Chrome 32.0.1700 (Mac OS X 10.9.1).kendo_ui_Calendar rendering"/>
    <testcase name="year view renders cells with data-val" time="0.005" classname="Chrome 32.0.1700 (Mac OS X 10.9.1).kendo_ui_Calendar rendering"/>
    <testcase name="decade title renders decade range title" time="0.004" classname="Chrome 32.0.1700 (Mac OS X 10.9.1).kendo_ui_Calendar rendering"/>
    <testcase name="decade title renders decade range within min/max values" time="0.005" classname="Chrome 32.0.1700 (Mac OS X 10.9.1).kendo_ui_Calendar rendering"/>
    <testcase name="decade view renders meta view  4x3 cells" time="0.005" classname="Chrome 32.0.1700 (Mac OS X 10.9.1).kendo_ui_Calendar rendering"/>
    <testcase name="decade view renders only years in range" time="0.004" classname="Chrome 32.0.1700 (Mac OS X 10.9.1).kendo_ui_Calendar rendering"/>
    <testcase name="decade view renders cells with data-val" time="0.004" classname="Chrome 32.0.1700 (Mac OS X 10.9.1).kendo_ui_Calendar rendering"/>
    <testcase name="decade renders k-other-month to the first and last cell of the view" time="0.004" classname="Chrome 32.0.1700 (Mac OS X 10.9.1).kendo_ui_Calendar rendering"/>
    <testcase name="century title renders century title" time="0.004" classname="Chrome 32.0.1700 (Mac OS X 10.9.1).kendo_ui_Calendar rendering"/>
    <testcase name="century title renders century title within min/max values" time="0.003" classname="Chrome 32.0.1700 (Mac OS X 10.9.1).kendo_ui_Calendar rendering"/>
    <testcase name="century view renders meta view  4x3 cells" time="0.005" classname="Chrome 32.0.1700 (Mac OS X 10.9.1).kendo_ui_Calendar rendering"/>
    <testcase name="century view renders only years in range" time="0.004" classname="Chrome 32.0.1700 (Mac OS X 10.9.1).kendo_ui_Calendar rendering"/>
    <testcase name="century view does not render decades less then min" time="0.005" classname="Chrome 32.0.1700 (Mac OS X 10.9.1).kendo_ui_Calendar rendering"/>
    <testcase name="century view renders cells with data-val" time="0.004" classname="Chrome 32.0.1700 (Mac OS X 10.9.1).kendo_ui_Calendar rendering"/>
    <testcase name="century renders k-other-month to the first and last cell of the view" time="0.004" classname="Chrome 32.0.1700 (Mac OS X 10.9.1).kendo_ui_Calendar rendering"/>
    <testcase name="_footer should render footer link" time="0.012" classname="Chrome 32.0.1700 (Mac OS X 10.9.1).kendo_ui_Calendar rendering"/>
    <testcase name="if no options.month then build template without WITH block" time="0.008" classname="Chrome 32.0.1700 (Mac OS X 10.9.1).kendo_ui_Calendar rendering"/>
    <testcase name="set options.month build template with WITH block" time="0.009" classname="Chrome 32.0.1700 (Mac OS X 10.9.1).kendo_ui_Calendar rendering"/>
    <testcase name="set options.month should be used as template" time="0.018" classname="Chrome 32.0.1700 (Mac OS X 10.9.1).kendo_ui_Calendar rendering"/>
    <testcase name="renders aria-label for each color" time="0.005" classname="Chrome 32.0.1700 (Mac OS X 10.9.1).colorpalette"/>
    <testcase name="maintains aria-selected attribute consistent with selection" time="0.005" classname="Chrome 32.0.1700 (Mac OS X 10.9.1).colorpalette"/>
    <testcase name="sets aria-activedescendant based on selection" time="0.004" classname="Chrome 32.0.1700 (Mac OS X 10.9.1).colorpalette"/>
    <testcase name="renders role=&apos;row&apos; for each tr" time="0.004" classname="Chrome 32.0.1700 (Mac OS X 10.9.1).colorpalette"/>
    <testcase name="renders role=&apos;gridcell&apos; for each td" time="0.001" classname="Chrome 32.0.1700 (Mac OS X 10.9.1).colorpalette"/>
    <testcase name="renders role=&apos;textbox&apos; to the wrapper" time="0.004" classname="Chrome 32.0.1700 (Mac OS X 10.9.1).color picker"/>
    <testcase name="renders aria-haspopup=&apos;true&apos; to the wrapper" time="0.003" classname="Chrome 32.0.1700 (Mac OS X 10.9.1).color picker"/>
    <testcase name="render popup with id" time="0.039" classname="Chrome 32.0.1700 (Mac OS X 10.9.1).color picker"/>
    <testcase name="render aria-owns to the wrapper" time="0.027" classname="Chrome 32.0.1700 (Mac OS X 10.9.1).color picker"/>
    <testcase name="renders aria-disabled=false" time="0.003" classname="Chrome 32.0.1700 (Mac OS X 10.9.1).color picker"/>
    <testcase name="renders aria-disabled=true" time="0.004" classname="Chrome 32.0.1700 (Mac OS X 10.9.1).color picker"/>
    <testcase name="renders aria-label to the wrapper" time="0.003" classname="Chrome 32.0.1700 (Mac OS X 10.9.1).color picker"/>
    <testcase name="input: false does not show input" time="0.014" classname="Chrome 32.0.1700 (Mac OS X 10.9.1).FlatColorPicker"/>
    <testcase name="initialization from input nests it into wrapper" time="0.004" classname="Chrome 32.0.1700 (Mac OS X 10.9.1).FlatColorPicker"/>
    <testcase name="Initialize a ColorPicker when the data-role is colorpicker" time="0.003" classname="Chrome 32.0.1700 (Mac OS X 10.9.1).colorpicker mvvm"/>
    <testcase name="Initialize value from view model" time="0.003" classname="Chrome 32.0.1700 (Mac OS X 10.9.1).colorpicker mvvm"/>
    <testcase name="Changing a value updates the model" time="0.002" classname="Chrome 32.0.1700 (Mac OS X 10.9.1).colorpicker mvvm"/>
    <testcase name="Binding color picker initialized before binding" time="0.004" classname="Chrome 32.0.1700 (Mac OS X 10.9.1).colorpicker mvvm"/>
    <testcase name="Binding color picker initialized after binding" time="0.004" classname="Chrome 32.0.1700 (Mac OS X 10.9.1).colorpicker mvvm"/>
    <testcase name="Updating model value changes the UI" time="0.004" classname="Chrome 32.0.1700 (Mac OS X 10.9.1).colorpicker mvvm"/>
    <testcase name="Binding enabled to false disables the widget" time="0.003" classname="Chrome 32.0.1700 (Mac OS X 10.9.1).colorpicker mvvm"/>
    <testcase name="Binding enabled to true enables the widget" time="0.004" classname="Chrome 32.0.1700 (Mac OS X 10.9.1).colorpicker mvvm"/>
    <testcase name="Binding disabled to true disables the widget" time="0.003" classname="Chrome 32.0.1700 (Mac OS X 10.9.1).colorpicker mvvm"/>
    <testcase name="Binding disabled to false enables the widget" time="0.004" classname="Chrome 32.0.1700 (Mac OS X 10.9.1).colorpicker mvvm"/>
    <testcase name="Binding visible to false hides the widget" time="0.002" classname="Chrome 32.0.1700 (Mac OS X 10.9.1).colorpicker mvvm"/>
    <testcase name="Binding visible to true shows the widget" time="0.003" classname="Chrome 32.0.1700 (Mac OS X 10.9.1).colorpicker mvvm"/>
    <testcase name="Changing visible to false hides the widget" time="0.003" classname="Chrome 32.0.1700 (Mac OS X 10.9.1).colorpicker mvvm"/>
    <testcase name="Changing visible to true shows the widget" time="0.003" classname="Chrome 32.0.1700 (Mac OS X 10.9.1).colorpicker mvvm"/>
    <testcase name="Binding invisible to true hides the widget" time="0.003" classname="Chrome 32.0.1700 (Mac OS X 10.9.1).colorpicker mvvm"/>
    <testcase name="Binding invisible to false shows the widget" time="0.004" classname="Chrome 32.0.1700 (Mac OS X 10.9.1).colorpicker mvvm"/>
    <testcase name="Changing invisible to true hides the widget" time="0.004" classname="Chrome 32.0.1700 (Mac OS X 10.9.1).colorpicker mvvm"/>
    <testcase name="Changing invisible to false shows the widget" time="0.003" classname="Chrome 32.0.1700 (Mac OS X 10.9.1).colorpicker mvvm"/>
    <testcase name="Change event reflects value modifications" time="0.005" classname="Chrome 32.0.1700 (Mac OS X 10.9.1).colorpicker mvvm"/>
    <testcase name="Convert desaturated color to HSV" time="0.001" classname="Chrome 32.0.1700 (Mac OS X 10.9.1).colorpicker mvvm"/>
    <testcase name="Short hex notation" time="0" classname="Chrome 32.0.1700 (Mac OS X 10.9.1).colorpicker mvvm"/>
    <testcase name="Long hex notation" time="0.001" classname="Chrome 32.0.1700 (Mac OS X 10.9.1).colorpicker mvvm"/>
    <testcase name="RGB notation" time="0" classname="Chrome 32.0.1700 (Mac OS X 10.9.1).colorpicker mvvm"/>
    <testcase name="RGBA notation" time="0.001" classname="Chrome 32.0.1700 (Mac OS X 10.9.1).colorpicker mvvm"/>
    <testcase name="open() method should open popup {autobind: true}" time="0.024" classname="Chrome 32.0.1700 (Mac OS X 10.9.1).kendo_ui_ComboBox selection"/>
    <testcase name="open() method should bind and open popup {autobind: false}" time="0.028" classname="Chrome 32.0.1700 (Mac OS X 10.9.1).kendo_ui_ComboBox selection"/>
    <testcase name="open() does not initiate second Ajax request" time="0.017" classname="Chrome 32.0.1700 (Mac OS X 10.9.1).kendo_ui_ComboBox selection"/>
    <testcase name="value(&apos;2&apos;) set selectedIndex" time="0.027" classname="Chrome 32.0.1700 (Mac OS X 10.9.1).kendo_ui_ComboBox selection"/>
    <testcase name="value method should select item if exists" time="0.024" classname="Chrome 32.0.1700 (Mac OS X 10.9.1).kendo_ui_ComboBox selection"/>
    <testcase name="value(&apos;&apos;) clear selection" time="0.025" classname="Chrome 32.0.1700 (Mac OS X 10.9.1).kendo_ui_ComboBox selection"/>
    <testcase name="should select jquery object" time="0.026" classname="Chrome 32.0.1700 (Mac OS X 10.9.1).kendo_ui_ComboBox selection"/>
    <testcase name="should select dom element" time="0.025" classname="Chrome 32.0.1700 (Mac OS X 10.9.1).kendo_ui_ComboBox selection"/>
    <testcase name="value method should select item with 0 value" time="0.026" classname="Chrome 32.0.1700 (Mac OS X 10.9.1).kendo_ui_ComboBox selection"/>
    <testcase name="select item with index -1 should not select anything" time="0.024" classname="Chrome 32.0.1700 (Mac OS X 10.9.1).kendo_ui_ComboBox selection"/>
    <testcase name="select should select item by predicate" time="0.031" classname="Chrome 32.0.1700 (Mac OS X 10.9.1).kendo_ui_ComboBox selection"/>
    <testcase name="select(li) set selectedIndex" time="0.026" classname="Chrome 32.0.1700 (Mac OS X 10.9.1).kendo_ui_ComboBox selection"/>
    <testcase name="select() returns selectedIndex" time="0.025" classname="Chrome 32.0.1700 (Mac OS X 10.9.1).kendo_ui_ComboBox selection"/>
    <testcase name="select method does not trigger change event" time="0.026" classname="Chrome 32.0.1700 (Mac OS X 10.9.1).kendo_ui_ComboBox selection"/>
    <testcase name="open should call _scroll method" time="0.139" classname="Chrome 32.0.1700 (Mac OS X 10.9.1).kendo_ui_ComboBox selection"/>
    <testcase name="open should open popup" time="0.117" classname="Chrome 32.0.1700 (Mac OS X 10.9.1).kendo_ui_ComboBox selection"/>
    <testcase name="open should bind and open after this if no items" time="0.036" classname="Chrome 32.0.1700 (Mac OS X 10.9.1).kendo_ui_ComboBox selection"/>
    <testcase name="close should close popup" time="0.129" classname="Chrome 32.0.1700 (Mac OS X 10.9.1).kendo_ui_ComboBox selection"/>
    <testcase name="value should select custom option if element is select" time="0.012" classname="Chrome 32.0.1700 (Mac OS X 10.9.1).kendo_ui_ComboBox selection"/>
    <testcase name="text method should select item if exists" time="0.025" classname="Chrome 32.0.1700 (Mac OS X 10.9.1).kendo_ui_ComboBox selection"/>
    <testcase name="text should set custom value" time="0.026" classname="Chrome 32.0.1700 (Mac OS X 10.9.1).kendo_ui_ComboBox selection"/>
    <testcase name="text method selects item depending on ignoreCase option" time="0.025" classname="Chrome 32.0.1700 (Mac OS X 10.9.1).kendo_ui_ComboBox selection"/>
    <testcase name="text method does not throw expection if set to null" time="0.025" classname="Chrome 32.0.1700 (Mac OS X 10.9.1).kendo_ui_ComboBox selection"/>
    <testcase name="text should not change selection if selected item is equal to input.value" time="0.033" classname="Chrome 32.0.1700 (Mac OS X 10.9.1).kendo_ui_ComboBox selection"/>
    <testcase name="text should set empty text to the combobox" time="0.018" classname="Chrome 32.0.1700 (Mac OS X 10.9.1).kendo_ui_ComboBox selection"/>
    <testcase name="enable(false) should disable combobox" time="0.009" classname="Chrome 32.0.1700 (Mac OS X 10.9.1).kendo_ui_ComboBox selection"/>
    <testcase name="after enable(false) should not open popup" time="0.01" classname="Chrome 32.0.1700 (Mac OS X 10.9.1).kendo_ui_ComboBox selection"/>
    <testcase name="enable(true) removes k-state-disabled class" time="0.011" classname="Chrome 32.0.1700 (Mac OS X 10.9.1).kendo_ui_ComboBox selection"/>
    <testcase name="readonly() makes  input element readonly" time="0.01" classname="Chrome 32.0.1700 (Mac OS X 10.9.1).kendo_ui_ComboBox selection"/>
    <testcase name="readonly() unbinds icon click" time="0.011" classname="Chrome 32.0.1700 (Mac OS X 10.9.1).kendo_ui_ComboBox selection"/>
    <testcase name="readonly(false) removes readonly attribute" time="0.011" classname="Chrome 32.0.1700 (Mac OS X 10.9.1).kendo_ui_ComboBox selection"/>
    <testcase name="readonly() removes disabled attribute and disabled class" time="0.009" classname="Chrome 32.0.1700 (Mac OS X 10.9.1).kendo_ui_ComboBox selection"/>
    <testcase name="enable(false) removes readonly attribute and default class" time="0.009" classname="Chrome 32.0.1700 (Mac OS X 10.9.1).kendo_ui_ComboBox selection"/>
    <testcase name="enable() enables widget after readonly()" time="0.009" classname="Chrome 32.0.1700 (Mac OS X 10.9.1).kendo_ui_ComboBox selection"/>
    <testcase name="dataItem() returns null if no item is selected" time="0.01" classname="Chrome 32.0.1700 (Mac OS X 10.9.1).kendo_ui_ComboBox selection"/>
    <testcase name="dataItem() returns dataItem of the selected LI element" time="0.011" classname="Chrome 32.0.1700 (Mac OS X 10.9.1).kendo_ui_ComboBox selection"/>
    <testcase name="dataItem() returns dataItem depending on passed index" time="0.047" classname="Chrome 32.0.1700 (Mac OS X 10.9.1).kendo_ui_ComboBox selection"/>
    <testcase name="value(value) calls dataSource.fetch if no data" time="0.009" classname="Chrome 32.0.1700 (Mac OS X 10.9.1).kendo_ui_ComboBox selection"/>
    <testcase name="value method with 0 argument calls dataSource.fetch if no data" time="0.005" classname="Chrome 32.0.1700 (Mac OS X 10.9.1).kendo_ui_ComboBox selection"/>
    <testcase name="value(value) does not initiate second Ajax request" time="0.005" classname="Chrome 32.0.1700 (Mac OS X 10.9.1).kendo_ui_ComboBox selection"/>
    <testcase name="value(&apos;&apos;) clears selection and do not fetch" time="0.005" classname="Chrome 32.0.1700 (Mac OS X 10.9.1).kendo_ui_ComboBox selection"/>
    <testcase name="ComboBox does not select correct item after filter() and value()" time="0.018" classname="Chrome 32.0.1700 (Mac OS X 10.9.1).kendo_ui_ComboBox selection"/>
    <testcase name="ComboBox filter after value method is used" time="0.066" classname="Chrome 32.0.1700 (Mac OS X 10.9.1).kendo_ui_ComboBox selection"/>
    <testcase name="ComboBox does not change text if custom value is equal to options.value" time="0.021" classname="Chrome 32.0.1700 (Mac OS X 10.9.1).kendo_ui_ComboBox selection"/>
    <testcase name="ComboBox adds role to the input" time="0.009" classname="Chrome 32.0.1700 (Mac OS X 10.9.1).kendo_ui_ComboBox ARIA"/>
    <testcase name="ComboBox adds aria-autocomplete=&apos;list&apos;" time="0.01" classname="Chrome 32.0.1700 (Mac OS X 10.9.1).kendo_ui_ComboBox ARIA"/>
    <testcase name="ComboBox adds aria-autocomplete=&apos;both&apos; if suggestion is enabled" time="0.009" classname="Chrome 32.0.1700 (Mac OS X 10.9.1).kendo_ui_ComboBox ARIA"/>
    <testcase name="ComboBox adds aria-owns" time="0.01" classname="Chrome 32.0.1700 (Mac OS X 10.9.1).kendo_ui_ComboBox ARIA"/>
    <testcase name="ComboBox adds aria-activedescentant" time="0.021" classname="Chrome 32.0.1700 (Mac OS X 10.9.1).kendo_ui_ComboBox ARIA"/>
    <testcase name="ComboBox adds aria-disabled=&apos;true&apos;" time="0.009" classname="Chrome 32.0.1700 (Mac OS X 10.9.1).kendo_ui_ComboBox ARIA"/>
    <testcase name="ComboBox adds aria-disabled=&apos;false&apos;" time="0.009" classname="Chrome 32.0.1700 (Mac OS X 10.9.1).kendo_ui_ComboBox ARIA"/>
    <testcase name="ComboBox adds aria-expanded=&apos;false&apos;" time="0.009" classname="Chrome 32.0.1700 (Mac OS X 10.9.1).kendo_ui_ComboBox ARIA"/>
    <testcase name="ComboBox adds aria-expanded=&apos;true&apos;" time="0.097" classname="Chrome 32.0.1700 (Mac OS X 10.9.1).kendo_ui_ComboBox ARIA"/>
    <testcase name="ComboBox sets aria-expanded to false on close" time="0.109" classname="Chrome 32.0.1700 (Mac OS X 10.9.1).kendo_ui_ComboBox ARIA"/>
    <testcase name="ComboBox makes down arrow ARIA accessible" time="0.009" classname="Chrome 32.0.1700 (Mac OS X 10.9.1).kendo_ui_ComboBox ARIA"/>
    <testcase name="ComboBox adds role=&apos;listbox&apos; to list element" time="0.009" classname="Chrome 32.0.1700 (Mac OS X 10.9.1).kendo_ui_ComboBox ARIA"/>
    <testcase name="ComboBox adds role to the popup element" time="0.009" classname="Chrome 32.0.1700 (Mac OS X 10.9.1).kendo_ui_ComboBox ARIA"/>
    <testcase name="ComboBox adds aria-hidden to the popup element" time="0.103" classname="Chrome 32.0.1700 (Mac OS X 10.9.1).kendo_ui_ComboBox ARIA"/>
    <testcase name="ComboBox adds aria-live=off if no filter" time="0.021" classname="Chrome 32.0.1700 (Mac OS X 10.9.1).kendo_ui_ComboBox ARIA"/>
    <testcase name="ComboBox adds aria-live=polite if filter is set" time="0.02" classname="Chrome 32.0.1700 (Mac OS X 10.9.1).kendo_ui_ComboBox ARIA"/>
    <testcase name="ComboBox adds aria-busy=true when loader is shown" time="0.185" classname="Chrome 32.0.1700 (Mac OS X 10.9.1).kendo_ui_ComboBox ARIA"/>
    <testcase name="ComboBox adds aria-busy=false when loader is hidden" time="0.02" classname="Chrome 32.0.1700 (Mac OS X 10.9.1).kendo_ui_ComboBox ARIA"/>
    <testcase name="ComboBox does not have aria-activedescendant if no item is selected on load" time="0.02" classname="Chrome 32.0.1700 (Mac OS X 10.9.1).kendo_ui_ComboBox ARIA"/>
    <testcase name="ComboBox remove aria-activedescendant if no item is selected" time="0.021" classname="Chrome 32.0.1700 (Mac OS X 10.9.1).kendo_ui_ComboBox ARIA"/>
    <testcase name="ComboBox adds aria-selected to the selected item" time="0.021" classname="Chrome 32.0.1700 (Mac OS X 10.9.1).kendo_ui_ComboBox ARIA"/>
    <testcase name="ComboBox removes aria-selected from unselected item" time="0.02" classname="Chrome 32.0.1700 (Mac OS X 10.9.1).kendo_ui_ComboBox ARIA"/>
    <testcase name="Set autoBind option to false" time="0.025" classname="Chrome 32.0.1700 (Mac OS X 10.9.1).kendo_ui_ComboBox Cascading ComboBoxes"/>
    <testcase name="Parent filter child on change" time="0.047" classname="Chrome 32.0.1700 (Mac OS X 10.9.1).kendo_ui_ComboBox Cascading ComboBoxes"/>
    <testcase name="Parent with empty value deactivates child" time="0.047" classname="Chrome 32.0.1700 (Mac OS X 10.9.1).kendo_ui_ComboBox Cascading ComboBoxes"/>
    <testcase name="Parent with custom value deactivates child" time="0.047" classname="Chrome 32.0.1700 (Mac OS X 10.9.1).kendo_ui_ComboBox Cascading ComboBoxes"/>
    <testcase name="Child clear selection if not items left after filtering" time="0.038" classname="Chrome 32.0.1700 (Mac OS X 10.9.1).kendo_ui_ComboBox Cascading ComboBoxes"/>
    <testcase name="Use index if no value" time="0.054" classname="Chrome 32.0.1700 (Mac OS X 10.9.1).kendo_ui_ComboBox Cascading ComboBoxes"/>
    <testcase name="Parent selects element in child on load" time="0.041" classname="Chrome 32.0.1700 (Mac OS X 10.9.1).kendo_ui_ComboBox Cascading ComboBoxes"/>
    <testcase name="When the parent is not bound do not clear value of child" time="0.008" classname="Chrome 32.0.1700 (Mac OS X 10.9.1).kendo_ui_ComboBox Cascading ComboBoxes"/>
    <testcase name="Parent with autoBind:false selects element in the child combo" time="0.047" classname="Chrome 32.0.1700 (Mac OS X 10.9.1).kendo_ui_ComboBox Cascading ComboBoxes"/>
    <testcase name="Child on third level is disabled" time="0.027" classname="Chrome 32.0.1700 (Mac OS X 10.9.1).kendo_ui_ComboBox Cascading ComboBoxes"/>
    <testcase name="Preserve filter expressions of the child combo" time="0.046" classname="Chrome 32.0.1700 (Mac OS X 10.9.1).kendo_ui_ComboBox Cascading ComboBoxes"/>
    <testcase name="Clear child combo if no data after filtration" time="0.057" classname="Chrome 32.0.1700 (Mac OS X 10.9.1).kendo_ui_ComboBox Cascading ComboBoxes"/>
    <testcase name="Parent trigger cascade when enter value with text method" time="0.02" classname="Chrome 32.0.1700 (Mac OS X 10.9.1).kendo_ui_ComboBox Cascading ComboBoxes"/>
    <testcase name="Support for cascadeFromField option" time="0.046" classname="Chrome 32.0.1700 (Mac OS X 10.9.1).kendo_ui_ComboBox Cascading ComboBoxes"/>
    <testcase name="_blur calls _change" time="0.02" classname="Chrome 32.0.1700 (Mac OS X 10.9.1).kendo_ui_ComboBox events"/>
    <testcase name="_blur calls popup close" time="0.113" classname="Chrome 32.0.1700 (Mac OS X 10.9.1).kendo_ui_ComboBox events"/>
    <testcase name="_change raises the change event if value has changed" time="0.021" classname="Chrome 32.0.1700 (Mac OS X 10.9.1).kendo_ui_ComboBox events"/>
    <testcase name="_change raises the input change event" time="0.02" classname="Chrome 32.0.1700 (Mac OS X 10.9.1).kendo_ui_ComboBox events"/>
    <testcase name="_change is not raised initially" time="0.01" classname="Chrome 32.0.1700 (Mac OS X 10.9.1).kendo_ui_ComboBox events"/>
    <testcase name="_change does not raise change event if value has&apos;t changed" time="0.02" classname="Chrome 32.0.1700 (Mac OS X 10.9.1).kendo_ui_ComboBox events"/>
    <testcase name="_old is initialzed on refresh" time="0.01" classname="Chrome 32.0.1700 (Mac OS X 10.9.1).kendo_ui_ComboBox events"/>
    <testcase name="select does not raise the change event" time="0.023" classname="Chrome 32.0.1700 (Mac OS X 10.9.1).kendo_ui_ComboBox events"/>
    <testcase name="clicking an item raises the change event" time="0.029" classname="Chrome 32.0.1700 (Mac OS X 10.9.1).kendo_ui_ComboBox events"/>
    <testcase name="change should be raised on enter" time="0.022" classname="Chrome 32.0.1700 (Mac OS X 10.9.1).kendo_ui_ComboBox events"/>
    <testcase name="change should not be raised on enter if input is empty" time="0.022" classname="Chrome 32.0.1700 (Mac OS X 10.9.1).kendo_ui_ComboBox events"/>
    <testcase name="change should be raised on tab" time="0.03" classname="Chrome 32.0.1700 (Mac OS X 10.9.1).kendo_ui_ComboBox events"/>
    <testcase name="_change raises change event if selectedIndex has changed" time="0.021" classname="Chrome 32.0.1700 (Mac OS X 10.9.1).kendo_ui_ComboBox events"/>
    <testcase name="clicking an item raises the change event of HTML select" time="0.011" classname="Chrome 32.0.1700 (Mac OS X 10.9.1).kendo_ui_ComboBox events"/>
    <testcase name="raise change on custom value" time="0.013" classname="Chrome 32.0.1700 (Mac OS X 10.9.1).kendo_ui_ComboBox events"/>
    <testcase name="raise change on custom value if element is select" time="0.005" classname="Chrome 32.0.1700 (Mac OS X 10.9.1).kendo_ui_ComboBox events"/>
    <testcase name="raise change if empty input after selection" time="0.006" classname="Chrome 32.0.1700 (Mac OS X 10.9.1).kendo_ui_ComboBox events"/>
    <testcase name="change on custom value and ENTER" time="0.005" classname="Chrome 32.0.1700 (Mac OS X 10.9.1).kendo_ui_ComboBox events"/>
    <testcase name="open event when click _arrow" time="0.012" classname="Chrome 32.0.1700 (Mac OS X 10.9.1).kendo_ui_ComboBox events"/>
    <testcase name="open event should be cancellable" time="0.023" classname="Chrome 32.0.1700 (Mac OS X 10.9.1).kendo_ui_ComboBox events"/>
    <testcase name="open event should not raise twice on initial binding" time="0.016" classname="Chrome 32.0.1700 (Mac OS X 10.9.1).kendo_ui_ComboBox events"/>
    <testcase name="open event when ALT + down _arrow" time="0.027" classname="Chrome 32.0.1700 (Mac OS X 10.9.1).kendo_ui_ComboBox events"/>
    <testcase name="close event when click _arrow" time="0.099" classname="Chrome 32.0.1700 (Mac OS X 10.9.1).kendo_ui_ComboBox events"/>
    <testcase name="close event should be cancellable" time="0.098" classname="Chrome 32.0.1700 (Mac OS X 10.9.1).kendo_ui_ComboBox events"/>
    <testcase name="close should not raise if no data" time="0.011" classname="Chrome 32.0.1700 (Mac OS X 10.9.1).kendo_ui_ComboBox events"/>
    <testcase name="close event when ALT + up _arrow" time="0.098" classname="Chrome 32.0.1700 (Mac OS X 10.9.1).kendo_ui_ComboBox events"/>
    <testcase name="click item raises select event" time="0.108" classname="Chrome 32.0.1700 (Mac OS X 10.9.1).kendo_ui_ComboBox events"/>
    <testcase name="prevent select event should only close the popup" time="0.107" classname="Chrome 32.0.1700 (Mac OS X 10.9.1).kendo_ui_ComboBox events"/>
    <testcase name="ComboBox trigger blur of the hidden input" time="0.009" classname="Chrome 32.0.1700 (Mac OS X 10.9.1).kendo_ui_ComboBox events"/>
    <testcase name="ComboBox trigger cascade on TAB" time="0.103" classname="Chrome 32.0.1700 (Mac OS X 10.9.1).kendo_ui_ComboBox events"/>
    <testcase name="ComboBox trigger change on blur after filtration" time="0.045" classname="Chrome 32.0.1700 (Mac OS X 10.9.1).kendo_ui_ComboBox events"/>
    <testcase name="kendoComboBox attaches a combobox object to target" time="0.004" classname="Chrome 32.0.1700 (Mac OS X 10.9.1).kendo_ui_ComboBox initialization"/>
    <testcase name="kendoComboBox extends passed options" time="0.004" classname="Chrome 32.0.1700 (Mac OS X 10.9.1).kendo_ui_ComboBox initialization"/>
    <testcase name="wraps element if no wrapper span.k-widget and hide element" time="0.006" classname="Chrome 32.0.1700 (Mac OS X 10.9.1).kendo_ui_ComboBox initialization"/>
    <testcase name="create text input" time="0.004" classname="Chrome 32.0.1700 (Mac OS X 10.9.1).kendo_ui_ComboBox initialization"/>
    <testcase name="text input should be wrapped with span" time="0.004" classname="Chrome 32.0.1700 (Mac OS X 10.9.1).kendo_ui_ComboBox initialization"/>
    <testcase name="include arrow after input.k-input" time="0.004" classname="Chrome 32.0.1700 (Mac OS X 10.9.1).kendo_ui_ComboBox initialization"/>
    <testcase name="text input should copy value of the hidden input on create" time="0.004" classname="Chrome 32.0.1700 (Mac OS X 10.9.1).kendo_ui_ComboBox initialization"/>
    <testcase name="data source is when pass DataSource" time="0.006" classname="Chrome 32.0.1700 (Mac OS X 10.9.1).kendo_ui_ComboBox initialization"/>
    <testcase name="data source is initialized from options when it is an array" time="0.006" classname="Chrome 32.0.1700 (Mac OS X 10.9.1).kendo_ui_ComboBox initialization"/>
    <testcase name="data source is initialized from options.dataSource when array is passed" time="0.005" classname="Chrome 32.0.1700 (Mac OS X 10.9.1).kendo_ui_ComboBox initialization"/>
    <testcase name="data source is initialized from options.dataSource" time="0.006" classname="Chrome 32.0.1700 (Mac OS X 10.9.1).kendo_ui_ComboBox initialization"/>
    <testcase name="data source is initialized from OPTION items + one custom OPTION" time="0.004" classname="Chrome 32.0.1700 (Mac OS X 10.9.1).kendo_ui_ComboBox initialization"/>
    <testcase name="ComboBox persists custom value after re-bind" time="0.007" classname="Chrome 32.0.1700 (Mac OS X 10.9.1).kendo_ui_ComboBox initialization"/>
    <testcase name="selected index is get from select element" time="0.005" classname="Chrome 32.0.1700 (Mac OS X 10.9.1).kendo_ui_ComboBox initialization"/>
    <testcase name="set text if select and not autoBind" time="0.003" classname="Chrome 32.0.1700 (Mac OS X 10.9.1).kendo_ui_ComboBox initialization"/>
    <testcase name="retrived data from OPTIONS does not override options.dataSource" time="0.01" classname="Chrome 32.0.1700 (Mac OS X 10.9.1).kendo_ui_ComboBox initialization"/>
    <testcase name="combobox does not select first item if initialized from empty select" time="0.005" classname="Chrome 32.0.1700 (Mac OS X 10.9.1).kendo_ui_ComboBox initialization"/>
    <testcase name="combobox initializes an UL for its items" time="0.004" classname="Chrome 32.0.1700 (Mac OS X 10.9.1).kendo_ui_ComboBox initialization"/>
    <testcase name="combobox initializes a popup for its items" time="0.004" classname="Chrome 32.0.1700 (Mac OS X 10.9.1).kendo_ui_ComboBox initialization"/>
    <testcase name="combobox shrink ul if the height of the items is more then options.height" time="0.007" classname="Chrome 32.0.1700 (Mac OS X 10.9.1).kendo_ui_ComboBox initialization"/>
    <testcase name="combobox substracts height of header from list" time="0.019" classname="Chrome 32.0.1700 (Mac OS X 10.9.1).kendo_ui_ComboBox initialization"/>
    <testcase name="combobox populates its list when the datasource changes" time="0.006" classname="Chrome 32.0.1700 (Mac OS X 10.9.1).kendo_ui_ComboBox initialization"/>
    <testcase name="dataAccessors are get from data attributes" time="0.003" classname="Chrome 32.0.1700 (Mac OS X 10.9.1).kendo_ui_ComboBox initialization"/>
    <testcase name="template should render item directly if datatextField is empty string" time="0.004" classname="Chrome 32.0.1700 (Mac OS X 10.9.1).kendo_ui_ComboBox initialization"/>
    <testcase name="template should use defined datatextField" time="0.004" classname="Chrome 32.0.1700 (Mac OS X 10.9.1).kendo_ui_ComboBox initialization"/>
    <testcase name="changing the template" time="0.004" classname="Chrome 32.0.1700 (Mac OS X 10.9.1).kendo_ui_ComboBox initialization"/>
    <testcase name="defining header template" time="0.004" classname="Chrome 32.0.1700 (Mac OS X 10.9.1).kendo_ui_ComboBox initialization"/>
    <testcase name="should populate text and value if items" time="0.006" classname="Chrome 32.0.1700 (Mac OS X 10.9.1).kendo_ui_ComboBox initialization"/>
    <testcase name="disabled input rendered with wrapper.k-state-disabled" time="0.004" classname="Chrome 32.0.1700 (Mac OS X 10.9.1).kendo_ui_ComboBox initialization"/>
    <testcase name="ComboBox disables on init" time="0.004" classname="Chrome 32.0.1700 (Mac OS X 10.9.1).kendo_ui_ComboBox initialization"/>
    <testcase name="rebuild select options if data" time="0.005" classname="Chrome 32.0.1700 (Mac OS X 10.9.1).kendo_ui_ComboBox initialization"/>
    <testcase name="Encodes the text value of the option element" time="0.006" classname="Chrome 32.0.1700 (Mac OS X 10.9.1).kendo_ui_ComboBox initialization"/>
    <testcase name="value with space should be added to option" time="0.006" classname="Chrome 32.0.1700 (Mac OS X 10.9.1).kendo_ui_ComboBox initialization"/>
    <testcase name="copy input styles to the visible input" time="0.004" classname="Chrome 32.0.1700 (Mac OS X 10.9.1).kendo_ui_ComboBox initialization"/>
    <testcase name="copy input className to the visible input" time="0.004" classname="Chrome 32.0.1700 (Mac OS X 10.9.1).kendo_ui_ComboBox initialization"/>
    <testcase name="copy input className to the wrapper" time="0.004" classname="Chrome 32.0.1700 (Mac OS X 10.9.1).kendo_ui_ComboBox initialization"/>
    <testcase name="set height if items height is bigger than options.height" time="0.044" classname="Chrome 32.0.1700 (Mac OS X 10.9.1).kendo_ui_ComboBox initialization"/>
    <testcase name="pointer over widget should add hover state" time="0.01" classname="Chrome 32.0.1700 (Mac OS X 10.9.1).kendo_ui_ComboBox initialization"/>
    <testcase name="leaving widget should remove hover state" time="0.017" classname="Chrome 32.0.1700 (Mac OS X 10.9.1).kendo_ui_ComboBox initialization"/>
    <testcase name="set selectedIndex" time="0.005" classname="Chrome 32.0.1700 (Mac OS X 10.9.1).kendo_ui_ComboBox initialization"/>
    <testcase name="set selectedIndex when autoBind: false" time="0.003" classname="Chrome 32.0.1700 (Mac OS X 10.9.1).kendo_ui_ComboBox initialization"/>
    <testcase name="do not suggest on init" time="0.004" classname="Chrome 32.0.1700 (Mac OS X 10.9.1).kendo_ui_ComboBox initialization"/>
    <testcase name="list.mousedown should focus input" time="0.016" classname="Chrome 32.0.1700 (Mac OS X 10.9.1).kendo_ui_ComboBox initialization"/>
    <testcase name="Calling triggerHandler(&apos;focus&apos;) focuses visible one" time="0.021" classname="Chrome 32.0.1700 (Mac OS X 10.9.1).kendo_ui_ComboBox initialization"/>
    <testcase name="resetting dataSource detaches the previouse events" time="0.004" classname="Chrome 32.0.1700 (Mac OS X 10.9.1).kendo_ui_ComboBox initialization"/>
    <testcase name="resetting DataSource rebinds the widget" time="0.006" classname="Chrome 32.0.1700 (Mac OS X 10.9.1).kendo_ui_ComboBox initialization"/>
    <testcase name="Set data source does not change selected index" time="0.013" classname="Chrome 32.0.1700 (Mac OS X 10.9.1).kendo_ui_ComboBox initialization"/>
    <testcase name="persist tabIndex of the original element" time="0.004" classname="Chrome 32.0.1700 (Mac OS X 10.9.1).kendo_ui_ComboBox initialization"/>
    <testcase name="move accesskey to the visible input" time="0.007" classname="Chrome 32.0.1700 (Mac OS X 10.9.1).kendo_ui_ComboBox initialization"/>
    <testcase name="ComboBox sets element value if option.value is defined" time="0.02" classname="Chrome 32.0.1700 (Mac OS X 10.9.1).kendo_ui_ComboBox initialization"/>
    <testcase name="ComboBox sets element value if option.value is defined (select)" time="0.011" classname="Chrome 32.0.1700 (Mac OS X 10.9.1).kendo_ui_ComboBox initialization"/>
    <testcase name="ComboBox displays text if autoBind false" time="0.003" classname="Chrome 32.0.1700 (Mac OS X 10.9.1).kendo_ui_ComboBox initialization"/>
    <testcase name="ComboBox copies maxlength attr to the fake input" time="0.009" classname="Chrome 32.0.1700 (Mac OS X 10.9.1).kendo_ui_ComboBox initialization"/>
    <testcase name="ComboBox set value on refresh" time="0.02" classname="Chrome 32.0.1700 (Mac OS X 10.9.1).kendo_ui_ComboBox initialization"/>
    <testcase name="ComboBox does not suggest on load" time="0.02" classname="Chrome 32.0.1700 (Mac OS X 10.9.1).kendo_ui_ComboBox initialization"/>
    <testcase name="ComboBox fetches only once on open and not data is returned" time="0.226" classname="Chrome 32.0.1700 (Mac OS X 10.9.1).kendo_ui_ComboBox initialization"/>
    <testcase name="form reset support" time="0.189" classname="Chrome 32.0.1700 (Mac OS X 10.9.1).kendo_ui_ComboBox initialization"/>
    <testcase name="ComboBox honors readonly attribute" time="0.009" classname="Chrome 32.0.1700 (Mac OS X 10.9.1).kendo_ui_ComboBox initialization"/>
    <testcase name="ComboBox uses disabled attr over the readonly" time="0.009" classname="Chrome 32.0.1700 (Mac OS X 10.9.1).kendo_ui_ComboBox initialization"/>
    <testcase name="ComboBox hides loading image on error" time="0.225" classname="Chrome 32.0.1700 (Mac OS X 10.9.1).kendo_ui_ComboBox initialization"/>
    <testcase name="ComboBox sets options.value to input value on init" time="0.01" classname="Chrome 32.0.1700 (Mac OS X 10.9.1).kendo_ui_ComboBox initialization"/>
    <testcase name="initializes a combobox when data role is combobox" time="0.005" classname="Chrome 32.0.1700 (Mac OS X 10.9.1).autocomplete mvvm"/>
    <testcase name="initializes options from data attributes" time="0.003" classname="Chrome 32.0.1700 (Mac OS X 10.9.1).autocomplete mvvm"/>
    <testcase name="initalizes data source" time="0.004" classname="Chrome 32.0.1700 (Mac OS X 10.9.1).autocomplete mvvm"/>
    <testcase name="initalizes value from view model" time="0.005" classname="Chrome 32.0.1700 (Mac OS X 10.9.1).autocomplete mvvm"/>
    <testcase name="initalizes complex value from view model" time="0.005" classname="Chrome 32.0.1700 (Mac OS X 10.9.1).autocomplete mvvm"/>
    <testcase name="changing a value updates the view model" time="0.006" classname="Chrome 32.0.1700 (Mac OS X 10.9.1).autocomplete mvvm"/>
    <testcase name="uses data value field if data-value-primitive is set to true" time="0.006" classname="Chrome 32.0.1700 (Mac OS X 10.9.1).autocomplete mvvm"/>
    <testcase name="changing value to a custom one updates the view model" time="0.005" classname="Chrome 32.0.1700 (Mac OS X 10.9.1).autocomplete mvvm"/>
    <testcase name="custom view model value" time="0.005" classname="Chrome 32.0.1700 (Mac OS X 10.9.1).autocomplete mvvm"/>
    <testcase name="binding combobox initialized before binding" time="0.005" classname="Chrome 32.0.1700 (Mac OS X 10.9.1).autocomplete mvvm"/>
    <testcase name="binding combobox initialized after binding" time="0.007" classname="Chrome 32.0.1700 (Mac OS X 10.9.1).autocomplete mvvm"/>
    <testcase name="binding template" time="0.005" classname="Chrome 32.0.1700 (Mac OS X 10.9.1).autocomplete mvvm"/>
    <testcase name="binding template containing binding attributes" time="0.005" classname="Chrome 32.0.1700 (Mac OS X 10.9.1).autocomplete mvvm"/>
    <testcase name="updating an item from the data source updates the corresponding combobox item" time="0.007" classname="Chrome 32.0.1700 (Mac OS X 10.9.1).autocomplete mvvm"/>
    <testcase name="destroying binding targets when the datasource changes" time="0.005" classname="Chrome 32.0.1700 (Mac OS X 10.9.1).autocomplete mvvm"/>
    <testcase name="binding header template" time="0.006" classname="Chrome 32.0.1700 (Mac OS X 10.9.1).autocomplete mvvm"/>
    <testcase name="removing items from the model updates the UI" time="0.008" classname="Chrome 32.0.1700 (Mac OS X 10.9.1).autocomplete mvvm"/>
    <testcase name="binding are removed if element is rebind" time="0.006" classname="Chrome 32.0.1700 (Mac OS X 10.9.1).autocomplete mvvm"/>
    <testcase name="expressions are destroyed" time="0.007" classname="Chrome 32.0.1700 (Mac OS X 10.9.1).autocomplete mvvm"/>
    <testcase name="destroys detaches the events to widget" time="0.005" classname="Chrome 32.0.1700 (Mac OS X 10.9.1).autocomplete mvvm"/>
    <testcase name="dataBound event is raised if attached as option" time="0.005" classname="Chrome 32.0.1700 (Mac OS X 10.9.1).autocomplete mvvm"/>
    <testcase name="dataBound event is raised if attached as option to a already initialized combobox" time="0.004" classname="Chrome 32.0.1700 (Mac OS X 10.9.1).autocomplete mvvm"/>
    <testcase name="binding enabled to false disables the widget" time="0.006" classname="Chrome 32.0.1700 (Mac OS X 10.9.1).autocomplete mvvm"/>
    <testcase name="binding enabled to true enables the widget" time="0.004" classname="Chrome 32.0.1700 (Mac OS X 10.9.1).autocomplete mvvm"/>
    <testcase name="binding disable to true disables the widget" time="0.004" classname="Chrome 32.0.1700 (Mac OS X 10.9.1).autocomplete mvvm"/>
    <testcase name="binding disabled to false enables the widget" time="0.009" classname="Chrome 32.0.1700 (Mac OS X 10.9.1).autocomplete mvvm"/>
    <testcase name="binding invisible to true hides the widget" time="0.005" classname="Chrome 32.0.1700 (Mac OS X 10.9.1).autocomplete mvvm"/>
    <testcase name="binding invisible to false shows the widget" time="0.004" classname="Chrome 32.0.1700 (Mac OS X 10.9.1).autocomplete mvvm"/>
    <testcase name="changing invisible to true hides the widget" time="0.003" classname="Chrome 32.0.1700 (Mac OS X 10.9.1).autocomplete mvvm"/>
    <testcase name="changing invisible to false shows the widget" time="0.004" classname="Chrome 32.0.1700 (Mac OS X 10.9.1).autocomplete mvvm"/>
    <testcase name="binding enabled to false disables the widget" time="0.004" classname="Chrome 32.0.1700 (Mac OS X 10.9.1).autocomplete mvvm"/>
    <testcase name="binding visible to false hides the widget" time="0.005" classname="Chrome 32.0.1700 (Mac OS X 10.9.1).autocomplete mvvm"/>
    <testcase name="binding visible to true shows the widget" time="0.003" classname="Chrome 32.0.1700 (Mac OS X 10.9.1).autocomplete mvvm"/>
    <testcase name="changing visible to false hides the widget" time="0.004" classname="Chrome 32.0.1700 (Mac OS X 10.9.1).autocomplete mvvm"/>
    <testcase name="changing visible to true shows the widget" time="0.004" classname="Chrome 32.0.1700 (Mac OS X 10.9.1).autocomplete mvvm"/>
    <testcase name="assign to DataSource as ViewModel field" time="0.005" classname="Chrome 32.0.1700 (Mac OS X 10.9.1).autocomplete mvvm"/>
    <testcase name="Enter custom value after re bind" time="0.008" classname="Chrome 32.0.1700 (Mac OS X 10.9.1).autocomplete mvvm"/>
    <testcase name="pressing alt + down should open popup" time="0.027" classname="Chrome 32.0.1700 (Mac OS X 10.9.1).kendo_ui_ComboBox selection"/>
    <testcase name="pressing alt + up should close popup" time="0.099" classname="Chrome 32.0.1700 (Mac OS X 10.9.1).kendo_ui_ComboBox selection"/>
    <testcase name="click _arrow should input" time="0.026" classname="Chrome 32.0.1700 (Mac OS X 10.9.1).kendo_ui_ComboBox selection"/>
    <testcase name="select item depending on the options.index" time="0.033" classname="Chrome 32.0.1700 (Mac OS X 10.9.1).kendo_ui_ComboBox selection"/>
    <testcase name="click first li should update text and value" time="0.125" classname="Chrome 32.0.1700 (Mac OS X 10.9.1).kendo_ui_ComboBox selection"/>
    <testcase name="click li should remove readonly css" time="0.134" classname="Chrome 32.0.1700 (Mac OS X 10.9.1).kendo_ui_ComboBox selection"/>
    <testcase name="value should be set to item.text if no item.value" time="0.032" classname="Chrome 32.0.1700 (Mac OS X 10.9.1).kendo_ui_ComboBox selection"/>
    <testcase name="select li should update text and value" time="0.03" classname="Chrome 32.0.1700 (Mac OS X 10.9.1).kendo_ui_ComboBox selection"/>
    <testcase name="click li should close popup" time="0.112" classname="Chrome 32.0.1700 (Mac OS X 10.9.1).kendo_ui_ComboBox selection"/>
    <testcase name="select should select li by index" time="0.03" classname="Chrome 32.0.1700 (Mac OS X 10.9.1).kendo_ui_ComboBox selection"/>
    <testcase name="selected should be persisted" time="0.041" classname="Chrome 32.0.1700 (Mac OS X 10.9.1).kendo_ui_ComboBox selection"/>
    <testcase name="only one li should be selected at a time" time="0.046" classname="Chrome 32.0.1700 (Mac OS X 10.9.1).kendo_ui_ComboBox selection"/>
    <testcase name="press down _arrow should focus next item and update text and value" time="0.038" classname="Chrome 32.0.1700 (Mac OS X 10.9.1).kendo_ui_ComboBox selection"/>
    <testcase name="press down _arrow when last item is selected should not do anything" time="0.051" classname="Chrome 32.0.1700 (Mac OS X 10.9.1).kendo_ui_ComboBox selection"/>
    <testcase name="press up _arrow should focus prev item and update text and value" time="0.037" classname="Chrome 32.0.1700 (Mac OS X 10.9.1).kendo_ui_ComboBox selection"/>
    <testcase name="press up _arrow when first item is selected should not do anything" time="0.036" classname="Chrome 32.0.1700 (Mac OS X 10.9.1).kendo_ui_ComboBox selection"/>
    <testcase name="press down selects only LI which is focused" time="0.052" classname="Chrome 32.0.1700 (Mac OS X 10.9.1).kendo_ui_ComboBox selection"/>
    <testcase name="press enter should close popup when no change in selection" time="0.105" classname="Chrome 32.0.1700 (Mac OS X 10.9.1).kendo_ui_ComboBox selection"/>
    <testcase name="press enter should call preventDefault when popup is visible" time="0.108" classname="Chrome 32.0.1700 (Mac OS X 10.9.1).kendo_ui_ComboBox selection"/>
    <testcase name="press enter accepts user value before the filtration has been completed" time="0.021" classname="Chrome 32.0.1700 (Mac OS X 10.9.1).kendo_ui_ComboBox selection"/>
    <testcase name="press esc should close popup when no change in selection" time="0.103" classname="Chrome 32.0.1700 (Mac OS X 10.9.1).kendo_ui_ComboBox selection"/>
    <testcase name="pressing enter calls _blur" time="0.11" classname="Chrome 32.0.1700 (Mac OS X 10.9.1).kendo_ui_ComboBox selection"/>
    <testcase name="empty input should clear focused item" time="0.044" classname="Chrome 32.0.1700 (Mac OS X 10.9.1).kendo_ui_ComboBox selection"/>
    <testcase name="ComboBox does not set value if autoBind:false and text property" time="0.027" classname="Chrome 32.0.1700 (Mac OS X 10.9.1).kendo_ui_ComboBox selection"/>
    <testcase name="ComboBox selects first item on down arrow even when it is highlighted" time="0.034" classname="Chrome 32.0.1700 (Mac OS X 10.9.1).kendo_ui_ComboBox selection"/>
    <testcase name="ComboBox selects next after search" time="0.11" classname="Chrome 32.0.1700 (Mac OS X 10.9.1).kendo_ui_ComboBox selection"/>
    <testcase name="ComboBox bind widget on DOWN arrow" time="0.024" classname="Chrome 32.0.1700 (Mac OS X 10.9.1).kendo_ui_ComboBox selection"/>
    <testcase name="ComboBox selects first item on DOWN arrow and autoBind: false" time="0.024" classname="Chrome 32.0.1700 (Mac OS X 10.9.1).kendo_ui_ComboBox selection"/>
    <testcase name="ComboBox bind widget on UP arrow" time="0.026" classname="Chrome 32.0.1700 (Mac OS X 10.9.1).kendo_ui_ComboBox selection"/>
    <testcase name="Empty comboBox does not raise exception on navigate" time="0.028" classname="Chrome 32.0.1700 (Mac OS X 10.9.1).kendo_ui_ComboBox selection"/>
    <testcase name="clearing custom value does not re-enter the old value" time="0.062" classname="Chrome 32.0.1700 (Mac OS X 10.9.1).kendo_ui_ComboBox selection"/>
    <testcase name="clearing custom value does not re-enter the old value (SELECT)" time="0.082" classname="Chrome 32.0.1700 (Mac OS X 10.9.1).kendo_ui_ComboBox selection"/>
    <testcase name="add placeholder attr to the visible input" time="0.01" classname="Chrome 32.0.1700 (Mac OS X 10.9.1).kendo_ui_ComboBox placeholder"/>
    <testcase name="get text from element.placeholder" time="0.009" classname="Chrome 32.0.1700 (Mac OS X 10.9.1).kendo_ui_ComboBox placeholder"/>
    <testcase name="do not set k-readonly class" time="0.009" classname="Chrome 32.0.1700 (Mac OS X 10.9.1).kendo_ui_ComboBox placeholder"/>
    <testcase name="search focus first match" time="0.118" classname="Chrome 32.0.1700 (Mac OS X 10.9.1).kendo_ui_ComboBox searching"/>
    <testcase name="open popup on search and any items" time="0.104" classname="Chrome 32.0.1700 (Mac OS X 10.9.1).kendo_ui_ComboBox searching"/>
    <testcase name="open popup with all items if empty input" time="0.055" classname="Chrome 32.0.1700 (Mac OS X 10.9.1).kendo_ui_ComboBox searching"/>
    <testcase name="open() does not rebind popup if server filtering" time="0.111" classname="Chrome 32.0.1700 (Mac OS X 10.9.1).kendo_ui_ComboBox searching"/>
    <testcase name="search focus item if text number" time="0.115" classname="Chrome 32.0.1700 (Mac OS X 10.9.1).kendo_ui_ComboBox searching"/>
    <testcase name="search focus item if text is 0" time="0.119" classname="Chrome 32.0.1700 (Mac OS X 10.9.1).kendo_ui_ComboBox searching"/>
    <testcase name="focused item does not update text input value" time="0.103" classname="Chrome 32.0.1700 (Mac OS X 10.9.1).kendo_ui_ComboBox searching"/>
    <testcase name="current item is not cleared on search with filter none" time="0.116" classname="Chrome 32.0.1700 (Mac OS X 10.9.1).kendo_ui_ComboBox searching"/>
    <testcase name="search should raise error if word is null" time="0.02" classname="Chrome 32.0.1700 (Mac OS X 10.9.1).kendo_ui_ComboBox searching"/>
    <testcase name="search with no filter should open popup if any match" time="0.132" classname="Chrome 32.0.1700 (Mac OS X 10.9.1).kendo_ui_ComboBox searching"/>
    <testcase name="search with no filter should not open if no match" time="0.04" classname="Chrome 32.0.1700 (Mac OS X 10.9.1).kendo_ui_ComboBox searching"/>
    <testcase name="search with no filter indicates that the filtering is started" time="0.025" classname="Chrome 32.0.1700 (Mac OS X 10.9.1).kendo_ui_ComboBox searching"/>
    <testcase name="ComboBox announces end of filtration on item selection" time="0.034" classname="Chrome 32.0.1700 (Mac OS X 10.9.1).kendo_ui_ComboBox searching"/>
    <testcase name="ComboBox announces end of filtration custom value" time="0.035" classname="Chrome 32.0.1700 (Mac OS X 10.9.1).kendo_ui_ComboBox searching"/>
    <testcase name="search with startswith rebind items" time="0.044" classname="Chrome 32.0.1700 (Mac OS X 10.9.1).kendo_ui_ComboBox searching"/>
    <testcase name="search with filter opens drop down if any items" time="0.042" classname="Chrome 32.0.1700 (Mac OS X 10.9.1).kendo_ui_ComboBox searching"/>
    <testcase name="rebound list should use correct dataItem to update text and value" time="0.045" classname="Chrome 32.0.1700 (Mac OS X 10.9.1).kendo_ui_ComboBox searching"/>
    <testcase name="reopen ul after filter should show all data" time="0.052" classname="Chrome 32.0.1700 (Mac OS X 10.9.1).kendo_ui_ComboBox searching"/>
    <testcase name="rebound ul should has item selected" time="0.128" classname="Chrome 32.0.1700 (Mac OS X 10.9.1).kendo_ui_ComboBox searching"/>
    <testcase name="typing should trigger search" time="0.026" classname="Chrome 32.0.1700 (Mac OS X 10.9.1).kendo_ui_ComboBox searching"/>
    <testcase name="dataSource.read triggered by typing does not update input value with dataItem.text" time="0.058" classname="Chrome 32.0.1700 (Mac OS X 10.9.1).kendo_ui_ComboBox searching"/>
    <testcase name="should not trigger search on TAB" time="0.021" classname="Chrome 32.0.1700 (Mac OS X 10.9.1).kendo_ui_ComboBox searching"/>
    <testcase name="should not trigger search on ESC" time="0.026" classname="Chrome 32.0.1700 (Mac OS X 10.9.1).kendo_ui_ComboBox searching"/>
    <testcase name="allow custom value" time="0.025" classname="Chrome 32.0.1700 (Mac OS X 10.9.1).kendo_ui_ComboBox searching"/>
    <testcase name="do not search if text does not changed" time="0.026" classname="Chrome 32.0.1700 (Mac OS X 10.9.1).kendo_ui_ComboBox searching"/>
    <testcase name="highlight first item on refresh" time="0.059" classname="Chrome 32.0.1700 (Mac OS X 10.9.1).kendo_ui_ComboBox searching"/>
    <testcase name="refresh method highlights first item if options.highlightFirst is true" time="0.06" classname="Chrome 32.0.1700 (Mac OS X 10.9.1).kendo_ui_ComboBox searching"/>
    <testcase name="no filter and highlightFirst should always focus first item" time="0.022" classname="Chrome 32.0.1700 (Mac OS X 10.9.1).kendo_ui_ComboBox searching"/>
    <testcase name="no filter and highlightFirst=false should not focus first item" time="0.04" classname="Chrome 32.0.1700 (Mac OS X 10.9.1).kendo_ui_ComboBox searching"/>
    <testcase name="failed filter should not focus first item" time="0.11" classname="Chrome 32.0.1700 (Mac OS X 10.9.1).kendo_ui_ComboBox searching"/>
    <testcase name="startswith filter and highlightFirst should always focus first item" time="0.052" classname="Chrome 32.0.1700 (Mac OS X 10.9.1).kendo_ui_ComboBox searching"/>
    <testcase name="startswith filter and highlightFirst=false should not focus first item" time="0.066" classname="Chrome 32.0.1700 (Mac OS X 10.9.1).kendo_ui_ComboBox searching"/>
    <testcase name="search method uses ignoreCase option" time="0.051" classname="Chrome 32.0.1700 (Mac OS X 10.9.1).kendo_ui_ComboBox searching"/>
    <testcase name="search method lowers case of the filter value when ignoreCase true" time="0.025" classname="Chrome 32.0.1700 (Mac OS X 10.9.1).kendo_ui_ComboBox searching"/>
    <testcase name="do not remove default filter expression" time="0.026" classname="Chrome 32.0.1700 (Mac OS X 10.9.1).kendo_ui_ComboBox searching"/>
    <testcase name="append combobox filter expression ot the default one" time="0.025" classname="Chrome 32.0.1700 (Mac OS X 10.9.1).kendo_ui_ComboBox searching"/>
    <testcase name="do not append combobox filter twice" time="0.025" classname="Chrome 32.0.1700 (Mac OS X 10.9.1).kendo_ui_ComboBox searching"/>
    <testcase name="remove only combobox filter expression on rebind" time="0.026" classname="Chrome 32.0.1700 (Mac OS X 10.9.1).kendo_ui_ComboBox searching"/>
    <testcase name="refresh suggests on every dataSource change" time="0.063" classname="Chrome 32.0.1700 (Mac OS X 10.9.1).kendo_ui_ComboBox searching"/>
    <testcase name="ComboBox ignores case when filter is disabled" time="0.119" classname="Chrome 32.0.1700 (Mac OS X 10.9.1).kendo_ui_ComboBox searching"/>
    <testcase name="ComboBox honors casing when filter is disabled" time="0.119" classname="Chrome 32.0.1700 (Mac OS X 10.9.1).kendo_ui_ComboBox searching"/>
    <testcase name="ComboBox sets value of the select element on rebind" time="0.074" classname="Chrome 32.0.1700 (Mac OS X 10.9.1).kendo_ui_ComboBox searching"/>
    <testcase name="ComboBox does not throw exception when try to search empty DS" time="0.025" classname="Chrome 32.0.1700 (Mac OS X 10.9.1).kendo_ui_ComboBox searching"/>
    <testcase name="ComboBox does not open popup if not active element" time="0.036" classname="Chrome 32.0.1700 (Mac OS X 10.9.1).kendo_ui_ComboBox searching"/>
    <testcase name="ComboBox opens popup on search" time="0.047" classname="Chrome 32.0.1700 (Mac OS X 10.9.1).kendo_ui_ComboBox searching"/>
    <testcase name="ComboBox rebinds if after search value method is called" time="0.059" classname="Chrome 32.0.1700 (Mac OS X 10.9.1).kendo_ui_ComboBox searching"/>
    <testcase name="ComboBox does not trigger search on SHIFT" time="0.145" classname="Chrome 32.0.1700 (Mac OS X 10.9.1).kendo_ui_ComboBox searching"/>
    <testcase name="ComboBox does not trigger filtering when value is set with API" time="0.156" classname="Chrome 32.0.1700 (Mac OS X 10.9.1).kendo_ui_ComboBox searching"/>
    <testcase name="ComboBox does not trigger filtering when set custom value" time="0.161" classname="Chrome 32.0.1700 (Mac OS X 10.9.1).kendo_ui_ComboBox searching"/>
    <testcase name="current popup item completes the value of the input if suggest is enabled" time="0.034" classname="Chrome 32.0.1700 (Mac OS X 10.9.1).kendo_ui_ComboBox suggestion"/>
    <testcase name="suggestion selects the remainder of the word" time="0.026" classname="Chrome 32.0.1700 (Mac OS X 10.9.1).kendo_ui_ComboBox suggestion"/>
    <testcase name="suggest with empty string clears selection" time="0.026" classname="Chrome 32.0.1700 (Mac OS X 10.9.1).kendo_ui_ComboBox suggestion"/>
    <testcase name="suggest(text) should add text if input is empty" time="0.021" classname="Chrome 32.0.1700 (Mac OS X 10.9.1).kendo_ui_ComboBox suggestion"/>
    <testcase name="suggest(text) does not suggest on backspace" time="0.02" classname="Chrome 32.0.1700 (Mac OS X 10.9.1).kendo_ui_ComboBox suggestion"/>
    <testcase name="suggest(text) does not suggest on delete" time="0.02" classname="Chrome 32.0.1700 (Mac OS X 10.9.1).kendo_ui_ComboBox suggestion"/>
    <testcase name="suggest(text) should use dataItem.text instead of li.text()" time="0.02" classname="Chrome 32.0.1700 (Mac OS X 10.9.1).kendo_ui_ComboBox suggestion"/>
    <testcase name="suggest() should suggest correctly" time="0.027" classname="Chrome 32.0.1700 (Mac OS X 10.9.1).kendo_ui_ComboBox suggestion"/>
    <testcase name="suggest method appends text only" time="0.025" classname="Chrome 32.0.1700 (Mac OS X 10.9.1).kendo_ui_ComboBox suggestion"/>
    <testcase name="suggest method modifes text and appends suggestion" time="0.027" classname="Chrome 32.0.1700 (Mac OS X 10.9.1).kendo_ui_ComboBox suggestion"/>
    <testcase name="suggest(text) should only append the rest of the text (filter:contains)" time="0.047" classname="Chrome 32.0.1700 (Mac OS X 10.9.1).kendo_ui_ComboBox suggestion"/>
    <testcase name="refresh method suggests if no item is highlighted" time="0.046" classname="Chrome 32.0.1700 (Mac OS X 10.9.1).kendo_ui_ComboBox suggestion"/>
    <testcase name="getter access property" time="0.001" classname="Chrome 32.0.1700 (Mac OS X 10.9.1).kendo_ui_ComboBox suggestion"/>
    <testcase name="getter access property of complex object" time="0.001" classname="Chrome 32.0.1700 (Mac OS X 10.9.1).kendo_ui_ComboBox suggestion"/>
    <testcase name="getter access object by indexer" time="0.001" classname="Chrome 32.0.1700 (Mac OS X 10.9.1).kendo_ui_ComboBox suggestion"/>
    <testcase name="getter access property of array type by indexer" time="0.001" classname="Chrome 32.0.1700 (Mac OS X 10.9.1).kendo_ui_ComboBox suggestion"/>
    <testcase name="getter access array" time="0" classname="Chrome 32.0.1700 (Mac OS X 10.9.1).kendo_ui_ComboBox suggestion"/>
    <testcase name="getter returns undefined for nonexisting property when in safe mode" time="0" classname="Chrome 32.0.1700 (Mac OS X 10.9.1).kendo_ui_ComboBox suggestion"/>
    <testcase name="getter access property with safe option" time="0.001" classname="Chrome 32.0.1700 (Mac OS X 10.9.1).kendo_ui_ComboBox suggestion"/>
    <testcase name="getter access property of complex object with safe option" time="0.001" classname="Chrome 32.0.1700 (Mac OS X 10.9.1).kendo_ui_ComboBox suggestion"/>
    <testcase name="getter access object by indexer with safe option" time="0.001" classname="Chrome 32.0.1700 (Mac OS X 10.9.1).kendo_ui_ComboBox suggestion"/>
    <testcase name="getter access nullable object by indexer with safe option" time="0" classname="Chrome 32.0.1700 (Mac OS X 10.9.1).kendo_ui_ComboBox suggestion"/>
    <testcase name="getter access nullable object property deeper nesting with safe option" time="0.001" classname="Chrome 32.0.1700 (Mac OS X 10.9.1).kendo_ui_ComboBox suggestion"/>
    <testcase name="getter access nullable object property with safe option" time="0.001" classname="Chrome 32.0.1700 (Mac OS X 10.9.1).kendo_ui_ComboBox suggestion"/>
    <testcase name="getter access property of array type by indexer with safe option" time="0.001" classname="Chrome 32.0.1700 (Mac OS X 10.9.1).kendo_ui_ComboBox suggestion"/>
    <testcase name="getter access property of index in complex object with safe option" time="0.001" classname="Chrome 32.0.1700 (Mac OS X 10.9.1).kendo_ui_ComboBox suggestion"/>
    <testcase name="getter access property of index in complex object with safe option and space" time="0.001" classname="Chrome 32.0.1700 (Mac OS X 10.9.1).kendo_ui_ComboBox suggestion"/>
    <testcase name="getter access array with safe option" time="0.001" classname="Chrome 32.0.1700 (Mac OS X 10.9.1).kendo_ui_ComboBox suggestion"/>
    <testcase name="getter access with array access and double-quoted index" time="0" classname="Chrome 32.0.1700 (Mac OS X 10.9.1).kendo_ui_ComboBox suggestion"/>
    <testcase name="getter access with array access and single-quoted index" time="0" classname="Chrome 32.0.1700 (Mac OS X 10.9.1).kendo_ui_ComboBox suggestion"/>
    <testcase name="getter access property with safe options type is correct" time="0.001" classname="Chrome 32.0.1700 (Mac OS X 10.9.1).kendo_ui_ComboBox suggestion"/>
    <testcase name="setter creates function which sets the specified expression" time="0.001" classname="Chrome 32.0.1700 (Mac OS X 10.9.1).kendo_ui_ComboBox suggestion"/>
    <testcase name="setter and nested expressions" time="0.001" classname="Chrome 32.0.1700 (Mac OS X 10.9.1).kendo_ui_ComboBox suggestion"/>
    <testcase name="setter and array access expressions" time="0.001" classname="Chrome 32.0.1700 (Mac OS X 10.9.1).kendo_ui_ComboBox suggestion"/>
    <testcase name="expr with custom parameter name" time="0" classname="Chrome 32.0.1700 (Mac OS X 10.9.1).kendo_ui_ComboBox suggestion"/>
    <testcase name="safe expr with custom parameter name" time="0.001" classname="Chrome 32.0.1700 (Mac OS X 10.9.1).kendo_ui_ComboBox suggestion"/>
    <testcase name="animate with effect which does not exist calls the callback imeadiately" time="0.002" classname="Chrome 32.0.1700 (Mac OS X 10.9.1).animate"/>
    <testcase name="animate calls the callback when the effect finishes" time="0.015" classname="Chrome 32.0.1700 (Mac OS X 10.9.1).animate"/>
    <testcase name="element is shown every time" time="0.007" classname="Chrome 32.0.1700 (Mac OS X 10.9.1).animate"/>
    <testcase name="element is hidden when hide is true" time="0.001" classname="Chrome 32.0.1700 (Mac OS X 10.9.1).animate"/>
    <testcase name="executes provided command" time="0.014" classname="Chrome 32.0.1700 (Mac OS X 10.9.1).animate"/>
    <testcase name="keeps commands in order" time="0.015" classname="Chrome 32.0.1700 (Mac OS X 10.9.1).animate"/>
    <testcase name="default ns is empty" time="0" classname="Chrome 32.0.1700 (Mac OS X 10.9.1).kendo attr"/>
    <testcase name="attr returns a data attribute" time="0.001" classname="Chrome 32.0.1700 (Mac OS X 10.9.1).kendo attr"/>
    <testcase name="attr handles empty ns" time="0" classname="Chrome 32.0.1700 (Mac OS X 10.9.1).kendo attr"/>
    <testcase name="extend copies the supplied prototype" time="0.001" classname="Chrome 32.0.1700 (Mac OS X 10.9.1).kendo attr"/>
    <testcase name="extend merges object members" time="0" classname="Chrome 32.0.1700 (Mac OS X 10.9.1).kendo attr"/>
    <testcase name="extend copies object members" time="0.001" classname="Chrome 32.0.1700 (Mac OS X 10.9.1).kendo attr"/>
    <testcase name="extend aliases the prototype as fn" time="0" classname="Chrome 32.0.1700 (Mac OS X 10.9.1).kendo attr"/>
    <testcase name="the constructor of the subclass is the subclass itself" time="0.001" classname="Chrome 32.0.1700 (Mac OS X 10.9.1).kendo attr"/>
    <testcase name="subclass is instance of the grand parent class" time="0" classname="Chrome 32.0.1700 (Mac OS X 10.9.1).kendo attr"/>
    <testcase name="subclass can be extended" time="0" classname="Chrome 32.0.1700 (Mac OS X 10.9.1).kendo attr"/>
    <testcase name="init is called during subclass instantiation" time="0" classname="Chrome 32.0.1700 (Mac OS X 10.9.1).kendo attr"/>
    <testcase name="init is called with the constructor arguments during instantiation" time="0" classname="Chrome 32.0.1700 (Mac OS X 10.9.1).kendo attr"/>
    <testcase name="copies array from prototype" time="0.001" classname="Chrome 32.0.1700 (Mac OS X 10.9.1).kendo attr"/>
    <testcase name="default culture should be en-US" time="0" classname="Chrome 32.0.1700 (Mac OS X 10.9.1).kendo_culture"/>
    <testcase name="culture should set cultures.current" time="0.001" classname="Chrome 32.0.1700 (Mac OS X 10.9.1).kendo_culture"/>
    <testcase name="additional cultures can be added to kendo.cultures" time="0" classname="Chrome 32.0.1700 (Mac OS X 10.9.1).kendo_culture"/>
    <testcase name="if no culture set en-US" time="0.001" classname="Chrome 32.0.1700 (Mac OS X 10.9.1).kendo_culture"/>
    <testcase name="culture() should return cultures.current" time="0" classname="Chrome 32.0.1700 (Mac OS X 10.9.1).kendo_culture"/>
    <testcase name="culture method fallbacks to more general culture indentifier" time="0.001" classname="Chrome 32.0.1700 (Mac OS X 10.9.1).kendo_culture"/>
    <testcase name="findCulture method returns culture" time="0" classname="Chrome 32.0.1700 (Mac OS X 10.9.1).kendo_culture"/>
    <testcase name="findCulture method returns closest culture" time="0" classname="Chrome 32.0.1700 (Mac OS X 10.9.1).kendo_culture"/>
    <testcase name="findCulture method returns null" time="0" classname="Chrome 32.0.1700 (Mac OS X 10.9.1).kendo_culture"/>
    <testcase name="findCulture method returns argument if it is a culture object" time="0" classname="Chrome 32.0.1700 (Mac OS X 10.9.1).kendo_culture"/>
    <testcase name="date formatting supports short date toString" time="0.001" classname="Chrome 32.0.1700 (Mac OS X 10.9.1).kendo_culture"/>
    <testcase name="date formatting supports long time pattern" time="0" classname="Chrome 32.0.1700 (Mac OS X 10.9.1).kendo_culture"/>
    <testcase name="date formatting supports short time pattern" time="0.001" classname="Chrome 32.0.1700 (Mac OS X 10.9.1).kendo_culture"/>
    <testcase name="date formatting supports long date toString" time="0" classname="Chrome 32.0.1700 (Mac OS X 10.9.1).kendo_culture"/>
    <testcase name="date formatting supports full date long time toString" time="0" classname="Chrome 32.0.1700 (Mac OS X 10.9.1).kendo_culture"/>
    <testcase name="date formatting supports zero padded days" time="0.001" classname="Chrome 32.0.1700 (Mac OS X 10.9.1).kendo_culture"/>
    <testcase name="date formatting supports zero padded months" time="0" classname="Chrome 32.0.1700 (Mac OS X 10.9.1).kendo_culture"/>
    <testcase name="date formatting supports abbr day names" time="0.001" classname="Chrome 32.0.1700 (Mac OS X 10.9.1).kendo_culture"/>
    <testcase name="date formatting supports day names" time="0" classname="Chrome 32.0.1700 (Mac OS X 10.9.1).kendo_culture"/>
    <testcase name="date formatting supports abbr month names" time="0.001" classname="Chrome 32.0.1700 (Mac OS X 10.9.1).kendo_culture"/>
    <testcase name="date formatting supports month names" time="0" classname="Chrome 32.0.1700 (Mac OS X 10.9.1).kendo_culture"/>
    <testcase name="date formatting supports yy" time="0" classname="Chrome 32.0.1700 (Mac OS X 10.9.1).kendo_culture"/>
    <testcase name="date formatting supports h before 12" time="0" classname="Chrome 32.0.1700 (Mac OS X 10.9.1).kendo_culture"/>
    <testcase name="date formatting supports h after 12" time="0" classname="Chrome 32.0.1700 (Mac OS X 10.9.1).kendo_culture"/>
    <testcase name="date formatting supports hh before 12" time="0.001" classname="Chrome 32.0.1700 (Mac OS X 10.9.1).kendo_culture"/>
    <testcase name="date formatting supports hh after 12" time="0.001" classname="Chrome 32.0.1700 (Mac OS X 10.9.1).kendo_culture"/>
    <testcase name="date formatting supports minutes" time="0" classname="Chrome 32.0.1700 (Mac OS X 10.9.1).kendo_culture"/>
    <testcase name="date formatting supports zero padded minutes" time="0" classname="Chrome 32.0.1700 (Mac OS X 10.9.1).kendo_culture"/>
    <testcase name="date formatting supports seconds" time="0.001" classname="Chrome 32.0.1700 (Mac OS X 10.9.1).kendo_culture"/>
    <testcase name="date formatting supports zero padded seconds" time="0" classname="Chrome 32.0.1700 (Mac OS X 10.9.1).kendo_culture"/>
    <testcase name="date formatting supports tt before 12" time="0.001" classname="Chrome 32.0.1700 (Mac OS X 10.9.1).kendo_culture"/>
    <testcase name="date formatting supports tt after 12" time="0" classname="Chrome 32.0.1700 (Mac OS X 10.9.1).kendo_culture"/>
    <testcase name="date formatting supports f more than 99" time="0.001" classname="Chrome 32.0.1700 (Mac OS X 10.9.1).kendo_culture"/>
    <testcase name="date formatting supports f less than 100" time="0" classname="Chrome 32.0.1700 (Mac OS X 10.9.1).kendo_culture"/>
    <testcase name="date formatting supports ff" time="0" classname="Chrome 32.0.1700 (Mac OS X 10.9.1).kendo_culture"/>
    <testcase name="date formatting supports fff" time="0.001" classname="Chrome 32.0.1700 (Mac OS X 10.9.1).kendo_culture"/>
    <testcase name="date formatting supports H" time="0" classname="Chrome 32.0.1700 (Mac OS X 10.9.1).kendo_culture"/>
    <testcase name="date formatting supports HH less than 10" time="0.001" classname="Chrome 32.0.1700 (Mac OS X 10.9.1).kendo_culture"/>
    <testcase name="date formatting supports single quote literals" time="0" classname="Chrome 32.0.1700 (Mac OS X 10.9.1).kendo_culture"/>
    <testcase name="date formatting supports quote literals" time="0" classname="Chrome 32.0.1700 (Mac OS X 10.9.1).kendo_culture"/>
    <testcase name="date formatting supports g toString" time="0" classname="Chrome 32.0.1700 (Mac OS X 10.9.1).kendo_culture"/>
    <testcase name="date formatting supports G toString" time="0" classname="Chrome 32.0.1700 (Mac OS X 10.9.1).kendo_culture"/>
    <testcase name="date formatting supports m toString" time="0.001" classname="Chrome 32.0.1700 (Mac OS X 10.9.1).kendo_culture"/>
    <testcase name="date formatting supports M toString" time="0" classname="Chrome 32.0.1700 (Mac OS X 10.9.1).kendo_culture"/>
    <testcase name="date formatting supports s toString" time="0.001" classname="Chrome 32.0.1700 (Mac OS X 10.9.1).kendo_culture"/>
    <testcase name="date formatting supports u toString" time="0" classname="Chrome 32.0.1700 (Mac OS X 10.9.1).kendo_culture"/>
    <testcase name="date formatting supports y toString" time="0" classname="Chrome 32.0.1700 (Mac OS X 10.9.1).kendo_culture"/>
    <testcase name="date formatting supports Y toString" time="0" classname="Chrome 32.0.1700 (Mac OS X 10.9.1).kendo_culture"/>
    <testcase name="date formatting honors specific culture" time="0.001" classname="Chrome 32.0.1700 (Mac OS X 10.9.1).kendo_culture"/>
    <testcase name="date formatting supports small year with four digits" time="0" classname="Chrome 32.0.1700 (Mac OS X 10.9.1).kendo_culture"/>
    <testcase name="parse should use calendar.patterns if no format is provided" time="0.001" classname="Chrome 32.0.1700 (Mac OS X 10.9.1).kendo_culture"/>
    <testcase name="parse method returns null if not value" time="0" classname="Chrome 32.0.1700 (Mac OS X 10.9.1).kendo_culture"/>
    <testcase name="parse d date format" time="0.001" classname="Chrome 32.0.1700 (Mac OS X 10.9.1).kendo_culture"/>
    <testcase name="parse G date format" time="0" classname="Chrome 32.0.1700 (Mac OS X 10.9.1).kendo_culture"/>
    <testcase name="parse short year 11 should return year 2011" time="0.001" classname="Chrome 32.0.1700 (Mac OS X 10.9.1).kendo_culture"/>
    <testcase name="parse short year 31 should return year 1931" time="0" classname="Chrome 32.0.1700 (Mac OS X 10.9.1).kendo_culture"/>
    <testcase name="parse short year 29 should return year 2029" time="0.001" classname="Chrome 32.0.1700 (Mac OS X 10.9.1).kendo_culture"/>
    <testcase name="parse gets shortYearCutOff from culture" time="0.001" classname="Chrome 32.0.1700 (Mac OS X 10.9.1).kendo_culture"/>
    <testcase name="parse supports shortYearCutOff as string" time="0" classname="Chrome 32.0.1700 (Mac OS X 10.9.1).kendo_culture"/>
    <testcase name="parse G date format time parsing" time="0.001" classname="Chrome 32.0.1700 (Mac OS X 10.9.1).kendo_culture"/>
    <testcase name="parse G date time at midnight" time="0" classname="Chrome 32.0.1700 (Mac OS X 10.9.1).kendo_culture"/>
    <testcase name="parse G date time at noon" time="0.001" classname="Chrome 32.0.1700 (Mac OS X 10.9.1).kendo_culture"/>
    <testcase name="parse ISO date format" time="0" classname="Chrome 32.0.1700 (Mac OS X 10.9.1).kendo_culture"/>
    <testcase name="parse Invariant Language date format" time="0" classname="Chrome 32.0.1700 (Mac OS X 10.9.1).kendo_culture"/>
    <testcase name="parse Arabic date format" time="0" classname="Chrome 32.0.1700 (Mac OS X 10.9.1).kendo_culture"/>
    <testcase name="parse Bulgarian Language date format" time="0" classname="Chrome 32.0.1700 (Mac OS X 10.9.1).kendo_culture"/>
    <testcase name="parse Bulgarian Language with literal date format" time="0.001" classname="Chrome 32.0.1700 (Mac OS X 10.9.1).kendo_culture"/>
    <testcase name="parse Catalan Language date format" time="0" classname="Chrome 32.0.1700 (Mac OS X 10.9.1).kendo_culture"/>
    <testcase name="parse Chinese Language date format" time="0.001" classname="Chrome 32.0.1700 (Mac OS X 10.9.1).kendo_culture"/>
    <testcase name="parse Czech Language date format" time="0" classname="Chrome 32.0.1700 (Mac OS X 10.9.1).kendo_culture"/>
    <testcase name="parse Danish Language date format" time="0" classname="Chrome 32.0.1700 (Mac OS X 10.9.1).kendo_culture"/>
    <testcase name="parse German Language date format" time="0.001" classname="Chrome 32.0.1700 (Mac OS X 10.9.1).kendo_culture"/>
    <testcase name="parse Greek Language date format" time="0" classname="Chrome 32.0.1700 (Mac OS X 10.9.1).kendo_culture"/>
    <testcase name="parse English Language date format" time="0.001" classname="Chrome 32.0.1700 (Mac OS X 10.9.1).kendo_culture"/>
    <testcase name="parse Finnish Language date format" time="0" classname="Chrome 32.0.1700 (Mac OS X 10.9.1).kendo_culture"/>
    <testcase name="parse French Language date format" time="0.001" classname="Chrome 32.0.1700 (Mac OS X 10.9.1).kendo_culture"/>
    <testcase name="parse Hungarian Language date format" time="0.001" classname="Chrome 32.0.1700 (Mac OS X 10.9.1).kendo_culture"/>
    <testcase name="parse Japanese Language date format" time="0" classname="Chrome 32.0.1700 (Mac OS X 10.9.1).kendo_culture"/>
    <testcase name="parse Korean Language date format" time="0" classname="Chrome 32.0.1700 (Mac OS X 10.9.1).kendo_culture"/>
    <testcase name="parse Dutch Language date format" time="0.001" classname="Chrome 32.0.1700 (Mac OS X 10.9.1).kendo_culture"/>
    <testcase name="parse Norwegian Language date format" time="0.001" classname="Chrome 32.0.1700 (Mac OS X 10.9.1).kendo_culture"/>
    <testcase name="parse Slovak Language date format" time="0" classname="Chrome 32.0.1700 (Mac OS X 10.9.1).kendo_culture"/>
    <testcase name="parse Estonian Language date format" time="0.001" classname="Chrome 32.0.1700 (Mac OS X 10.9.1).kendo_culture"/>
    <testcase name="parse Latvian Language date format" time="0.001" classname="Chrome 32.0.1700 (Mac OS X 10.9.1).kendo_culture"/>
    <testcase name="parse Lithuanian Language date format" time="0" classname="Chrome 32.0.1700 (Mac OS X 10.9.1).kendo_culture"/>
    <testcase name="parse Kyrgyz Language date format" time="0" classname="Chrome 32.0.1700 (Mac OS X 10.9.1).kendo_culture"/>
    <testcase name="parse Uzbek Language date format" time="0.001" classname="Chrome 32.0.1700 (Mac OS X 10.9.1).kendo_culture"/>
    <testcase name="parse Punjabi Language date format" time="0.001" classname="Chrome 32.0.1700 (Mac OS X 10.9.1).kendo_culture"/>
    <testcase name="parse Mongolian Language date format" time="0" classname="Chrome 32.0.1700 (Mac OS X 10.9.1).kendo_culture"/>
    <testcase name="parse Belgium Language date format" time="0" classname="Chrome 32.0.1700 (Mac OS X 10.9.1).kendo_culture"/>
    <testcase name="parse Yakut Language date format" time="0.001" classname="Chrome 32.0.1700 (Mac OS X 10.9.1).kendo_culture"/>
    <testcase name="parse Croatian Language date format" time="0" classname="Chrome 32.0.1700 (Mac OS X 10.9.1).kendo_culture"/>
    <testcase name="parse Invariant Language long date format" time="0.001" classname="Chrome 32.0.1700 (Mac OS X 10.9.1).kendo_culture"/>
    <testcase name="parse Arabic long date format" time="0" classname="Chrome 32.0.1700 (Mac OS X 10.9.1).kendo_culture"/>
    <testcase name="parse Bulgarian long date format" time="0.001" classname="Chrome 32.0.1700 (Mac OS X 10.9.1).kendo_culture"/>
    <testcase name="parse Catalan long date format" time="0" classname="Chrome 32.0.1700 (Mac OS X 10.9.1).kendo_culture"/>
    <testcase name="parse Chinese long date format" time="0.001" classname="Chrome 32.0.1700 (Mac OS X 10.9.1).kendo_culture"/>
    <testcase name="parse Czech long date format" time="0" classname="Chrome 32.0.1700 (Mac OS X 10.9.1).kendo_culture"/>
    <testcase name="parse German long date format" time="0.005" classname="Chrome 32.0.1700 (Mac OS X 10.9.1).kendo_culture"/>
    <testcase name="parse Greek long date format" time="0.001" classname="Chrome 32.0.1700 (Mac OS X 10.9.1).kendo_culture"/>
    <testcase name="parse English long date format" time="0" classname="Chrome 32.0.1700 (Mac OS X 10.9.1).kendo_culture"/>
    <testcase name="parse Finnish long date format" time="0.032" classname="Chrome 32.0.1700 (Mac OS X 10.9.1).kendo_culture"/>
    <testcase name="parse France long date format" time="0.001" classname="Chrome 32.0.1700 (Mac OS X 10.9.1).kendo_culture"/>
    <testcase name="parse Hebrew long date format" time="0" classname="Chrome 32.0.1700 (Mac OS X 10.9.1).kendo_culture"/>
    <testcase name="parse Hungarian long date format" time="0" classname="Chrome 32.0.1700 (Mac OS X 10.9.1).kendo_culture"/>
    <testcase name="parse Icelandic long date format" time="0.001" classname="Chrome 32.0.1700 (Mac OS X 10.9.1).kendo_culture"/>
    <testcase name="parse Italian long date format" time="0" classname="Chrome 32.0.1700 (Mac OS X 10.9.1).kendo_culture"/>
    <testcase name="parse Japanese long date format" time="0" classname="Chrome 32.0.1700 (Mac OS X 10.9.1).kendo_culture"/>
    <testcase name="parse Norwegian long date format" time="0" classname="Chrome 32.0.1700 (Mac OS X 10.9.1).kendo_culture"/>
    <testcase name="parse Brazil long date format" time="0" classname="Chrome 32.0.1700 (Mac OS X 10.9.1).kendo_culture"/>
    <testcase name="parse Polish long date format" time="0.001" classname="Chrome 32.0.1700 (Mac OS X 10.9.1).kendo_culture"/>
    <testcase name="parse Russian long date format" time="0" classname="Chrome 32.0.1700 (Mac OS X 10.9.1).kendo_culture"/>
    <testcase name="parse Croatian long date format" time="0" classname="Chrome 32.0.1700 (Mac OS X 10.9.1).kendo_culture"/>
    <testcase name="parse Albanian long date format" time="0.001" classname="Chrome 32.0.1700 (Mac OS X 10.9.1).kendo_culture"/>
    <testcase name="parse Swedish long date format" time="0" classname="Chrome 32.0.1700 (Mac OS X 10.9.1).kendo_culture"/>
    <testcase name="parse Ukrainian long date format" time="0" classname="Chrome 32.0.1700 (Mac OS X 10.9.1).kendo_culture"/>
    <testcase name="parse Estonian long date format" time="0.001" classname="Chrome 32.0.1700 (Mac OS X 10.9.1).kendo_culture"/>
    <testcase name="parse Latvian long date format" time="0" classname="Chrome 32.0.1700 (Mac OS X 10.9.1).kendo_culture"/>
    <testcase name="parse Lithuanian long date format" time="0.001" classname="Chrome 32.0.1700 (Mac OS X 10.9.1).kendo_culture"/>
    <testcase name="parse Basque long date format" time="0" classname="Chrome 32.0.1700 (Mac OS X 10.9.1).kendo_culture"/>
    <testcase name="parse Tibetian long date format" time="0.001" classname="Chrome 32.0.1700 (Mac OS X 10.9.1).kendo_culture"/>
    <testcase name="parse date time format" time="0" classname="Chrome 32.0.1700 (Mac OS X 10.9.1).kendo_culture"/>
    <testcase name="parse invalid date should return null" time="0" classname="Chrome 32.0.1700 (Mac OS X 10.9.1).kendo_culture"/>
    <testcase name="parse MMMM yyyy date format" time="0.001" classname="Chrome 32.0.1700 (Mac OS X 10.9.1).kendo_culture"/>
    <testcase name="parse should return null if only year is passed" time="0" classname="Chrome 32.0.1700 (Mac OS X 10.9.1).kendo_culture"/>
    <testcase name="parse should be able to parse using multiple formats" time="0" classname="Chrome 32.0.1700 (Mac OS X 10.9.1).kendo_culture"/>
    <testcase name="parse() should parse string using predefined patters" time="0.001" classname="Chrome 32.0.1700 (Mac OS X 10.9.1).kendo_culture"/>
    <testcase name="parseExact method does not parse if time does not have AM designator" time="0" classname="Chrome 32.0.1700 (Mac OS X 10.9.1).kendo_culture"/>
    <testcase name="parseExact method supports single &apos;t&apos; format specifier (P)" time="0.001" classname="Chrome 32.0.1700 (Mac OS X 10.9.1).kendo_culture"/>
    <testcase name="parseExact method supports single &apos;t&apos; format specifier (A)" time="0" classname="Chrome 32.0.1700 (Mac OS X 10.9.1).kendo_culture"/>
    <testcase name="parseExact method parses UTC iso8601" time="0.001" classname="Chrome 32.0.1700 (Mac OS X 10.9.1).kendo_culture"/>
    <testcase name="parseExact method returns if string is not valid ISO8601" time="0" classname="Chrome 32.0.1700 (Mac OS X 10.9.1).kendo_culture"/>
    <testcase name="parseExact method parses UTC iso8601" time="0" classname="Chrome 32.0.1700 (Mac OS X 10.9.1).kendo_culture"/>
    <testcase name="parseExact method parses UTC milliseconds correctly" time="0.001" classname="Chrome 32.0.1700 (Mac OS X 10.9.1).kendo_culture"/>
    <testcase name="parseExact method parses UTC milliseconds correctly (no specific format)" time="0.001" classname="Chrome 32.0.1700 (Mac OS X 10.9.1).kendo_culture"/>
    <testcase name="parseExact method parses  iso8601 with timezone" time="0" classname="Chrome 32.0.1700 (Mac OS X 10.9.1).kendo_culture"/>
    <testcase name="parseExact method parses datetime with timezone offset (hours)" time="0.001" classname="Chrome 32.0.1700 (Mac OS X 10.9.1).kendo_culture"/>
    <testcase name="parseExact method parses datetime with timezone offset (hours and minutes)" time="0" classname="Chrome 32.0.1700 (Mac OS X 10.9.1).kendo_culture"/>
    <testcase name="parseExact method returns null if short timezone is incorrect" time="0" classname="Chrome 32.0.1700 (Mac OS X 10.9.1).kendo_culture"/>
    <testcase name="parseExact method returns null if long timezone is incorrect" time="0.001" classname="Chrome 32.0.1700 (Mac OS X 10.9.1).kendo_culture"/>
    <testcase name="parseExact method returns null if not valid timezone" time="0" classname="Chrome 32.0.1700 (Mac OS X 10.9.1).kendo_culture"/>
    <testcase name="parseExact method honors DST start date" time="0.001" classname="Chrome 32.0.1700 (Mac OS X 10.9.1).kendo_culture"/>
    <testcase name="parseExact method honors DST end date" time="0" classname="Chrome 32.0.1700 (Mac OS X 10.9.1).kendo_culture"/>
    <testcase name="parseDate parses result from kendo.stringify" time="0.001" classname="Chrome 32.0.1700 (Mac OS X 10.9.1).kendo_culture"/>
    <testcase name="parseDate parses result from kendo.stringify &apos;Z&apos;" time="0" classname="Chrome 32.0.1700 (Mac OS X 10.9.1).kendo_culture"/>
    <testcase name="parseDate parses ISO format without need of format" time="0.001" classname="Chrome 32.0.1700 (Mac OS X 10.9.1).kendo_culture"/>
    <testcase name="parseDate parses /Date(milliseconds)/ string" time="0" classname="Chrome 32.0.1700 (Mac OS X 10.9.1).kendo_culture"/>
    <testcase name="parseDate parses /Date(-milliseconds)/ string" time="0.002" classname="Chrome 32.0.1700 (Mac OS X 10.9.1).kendo_culture">
      <failure type="">Expected: Fri Jan 01 1965 00:00:00 GMT+0200 (EET)
Actual: Invalid Date
    at Object.&lt;anonymous&gt; (/Users/pivanov/Work/kendoui-core/tests/core/dateparsing.js:678:5)
    at Object.Test.run (/Users/pivanov/Work/kendoui-core/node_modules/qunitjs/qunit/qunit.js:203:18)
    at /Users/pivanov/Work/kendoui-core/node_modules/qunitjs/qunit/qunit.js:361:10
    at process (/Users/pivanov/Work/kendoui-core/node_modules/qunitjs/qunit/qunit.js:1453:24)
    at /Users/pivanov/Work/kendoui-core/node_modules/qunitjs/qunit/qunit.js:479:5

</failure>
    </testcase>
    <testcase name="parseDate parses /Date(milliseconds+offset)/ string" time="0" classname="Chrome 32.0.1700 (Mac OS X 10.9.1).kendo_culture"/>
    <testcase name="parseDate does not parse ISO8601 with format dd.MM.yyyy" time="0" classname="Chrome 32.0.1700 (Mac OS X 10.9.1).kendo_culture"/>
    <testcase name="parseDate returns null if input does not meet format" time="0" classname="Chrome 32.0.1700 (Mac OS X 10.9.1).kendo_culture"/>
    <testcase name="parseDate parses yyy date" time="0.001" classname="Chrome 32.0.1700 (Mac OS X 10.9.1).kendo_culture"/>
    <testcase name="parseDate does not expand date if yyy format" time="0" classname="Chrome 32.0.1700 (Mac OS X 10.9.1).kendo_culture"/>
    <testcase name="parseDate parses yy date" time="0" classname="Chrome 32.0.1700 (Mac OS X 10.9.1).kendo_culture"/>
    <testcase name="parseDate returns null if &apos;yyy&apos; and four digit year" time="0.001" classname="Chrome 32.0.1700 (Mac OS X 10.9.1).kendo_culture"/>
    <testcase name="parseDate returns null if &apos;yyyy&apos; and three digit year" time="0" classname="Chrome 32.0.1700 (Mac OS X 10.9.1).kendo_culture"/>
    <testcase name="parseDate uses current year if no &apos;y&apos;" time="0" classname="Chrome 32.0.1700 (Mac OS X 10.9.1).kendo_culture"/>
    <testcase name="parseDate does not expand year if digits are 4" time="0.001" classname="Chrome 32.0.1700 (Mac OS X 10.9.1).kendo_culture"/>
    <testcase name="parseDate returns null if yyyy and bigger date" time="0" classname="Chrome 32.0.1700 (Mac OS X 10.9.1).kendo_culture"/>
    <testcase name="parseDate returns null if year is negative" time="0" classname="Chrome 32.0.1700 (Mac OS X 10.9.1).kendo_culture"/>
    <testcase name="parseDate supports 5 digit year" time="0.001" classname="Chrome 32.0.1700 (Mac OS X 10.9.1).kendo_culture"/>
    <testcase name="parseDate expands year if digits are 2" time="0" classname="Chrome 32.0.1700 (Mac OS X 10.9.1).kendo_culture"/>
    <testcase name="parseDate supports milliseconds length depending on the &apos;f&apos; count" time="0.001" classname="Chrome 32.0.1700 (Mac OS X 10.9.1).kendo_culture"/>
    <testcase name="parseDate supports JSON.NET format" time="0" classname="Chrome 32.0.1700 (Mac OS X 10.9.1).kendo_culture"/>
    <testcase name="parseDate ISO8601 using local time if no time zone specified" time="0" classname="Chrome 32.0.1700 (Mac OS X 10.9.1).kendo_culture"/>
    <testcase name="adjustDate adjusts Brasil date with DST" time="0.001" classname="Chrome 32.0.1700 (Mac OS X 10.9.1).kendo_culture"/>
    <testcase name="parseDate return null if entered day is bigger then the possible in the current month" time="0" classname="Chrome 32.0.1700 (Mac OS X 10.9.1).kendo_culture"/>
    <testcase name="parseDate parses correctly ISO8601 with negative timezone" time="0" classname="Chrome 32.0.1700 (Mac OS X 10.9.1).kendo_culture"/>
    <testcase name="parseDate returns null if format expects milliseconds" time="0.001" classname="Chrome 32.0.1700 (Mac OS X 10.9.1).kendo_culture"/>
    <testcase name="parseDate parses correctly ISO8601 with Z" time="0" classname="Chrome 32.0.1700 (Mac OS X 10.9.1).kendo_culture"/>
    <testcase name="parseDate parses month names case insensitive" time="0.001" classname="Chrome 32.0.1700 (Mac OS X 10.9.1).kendo_culture"/>
    <testcase name="parseDate parses &apos;yyyy-MM-dd HH:mm:ss&apos; format" time="0" classname="Chrome 32.0.1700 (Mac OS X 10.9.1).kendo_culture"/>
    <testcase name="parseDate parses &apos;yyyy-MM-dd HH:mm&apos; format" time="0.001" classname="Chrome 32.0.1700 (Mac OS X 10.9.1).kendo_culture"/>
    <testcase name="parseDate parses &apos;yyyy-MM-dd&apos; format" time="0" classname="Chrome 32.0.1700 (Mac OS X 10.9.1).kendo_culture"/>
    <testcase name="parseDate parses &apos;yyyy/MM/dd HH:mm:ss&apos; format" time="0.001" classname="Chrome 32.0.1700 (Mac OS X 10.9.1).kendo_culture"/>
    <testcase name="parseDate parses &apos;yyyy/MM/dd HH:mm&apos; format" time="0.002" classname="Chrome 32.0.1700 (Mac OS X 10.9.1).kendo_culture"/>
    <testcase name="parseDate parses &apos;yyyy/MM/dd&apos; format" time="0" classname="Chrome 32.0.1700 (Mac OS X 10.9.1).kendo_culture"/>
    <testcase name="parseDate uses today&apos;s date when parse only time portion" time="0.001" classname="Chrome 32.0.1700 (Mac OS X 10.9.1).kendo_culture"/>
    <testcase name="Overwrites arrays" time="0" classname="Chrome 32.0.1700 (Mac OS X 10.9.1).deepExtend"/>
    <testcase name="Does not copy undefined values" time="0.001" classname="Chrome 32.0.1700 (Mac OS X 10.9.1).deepExtend"/>
    <testcase name="Overwrites fields containing primitive types" time="0" classname="Chrome 32.0.1700 (Mac OS X 10.9.1).deepExtend"/>
    <testcase name="Clones dates" time="0.001" classname="Chrome 32.0.1700 (Mac OS X 10.9.1).deepExtend"/>
    <testcase name="Clones objects with clone method" time="0" classname="Chrome 32.0.1700 (Mac OS X 10.9.1).deepExtend"/>
    <testcase name="destroy the widget in the root DOM element" time="0.003" classname="Chrome 32.0.1700 (Mac OS X 10.9.1).kendo_destroy"/>
    <testcase name="destroy a widget which also calls destroy internally" time="0.001" classname="Chrome 32.0.1700 (Mac OS X 10.9.1).kendo_destroy"/>
    <testcase name="destroy child widgets" time="0.002" classname="Chrome 32.0.1700 (Mac OS X 10.9.1).kendo_destroy"/>
    <testcase name="invokes a widget method via the jQuery plugin" time="0.001" classname="Chrome 32.0.1700 (Mac OS X 10.9.1).dispatch"/>
    <testcase name="passes arguments to method" time="0.001" classname="Chrome 32.0.1700 (Mac OS X 10.9.1).dispatch"/>
    <testcase name="invokes the method for all widgets matching the selector" time="0" classname="Chrome 32.0.1700 (Mac OS X 10.9.1).dispatch"/>
    <testcase name="the jQuery object is returned after invocation" time="0" classname="Chrome 32.0.1700 (Mac OS X 10.9.1).dispatch"/>
    <testcase name="returns the result of the method if there is any" time="0.001" classname="Chrome 32.0.1700 (Mac OS X 10.9.1).dispatch"/>
    <testcase name="calls the method of the first widget only if it returns a result" time="0" classname="Chrome 32.0.1700 (Mac OS X 10.9.1).dispatch"/>
    <testcase name="throws error if method is invoked before the widget is initialized" time="0.001" classname="Chrome 32.0.1700 (Mac OS X 10.9.1).dispatch"/>
    <testcase name="throws error if the method does not exist" time="0.001" classname="Chrome 32.0.1700 (Mac OS X 10.9.1).dispatch"/>
    <testcase name="throws error if trying to invoke a field" time="0" classname="Chrome 32.0.1700 (Mac OS X 10.9.1).dispatch"/>
    <testcase name="format replaces the placeholder with the specified value" time="0.001" classname="Chrome 32.0.1700 (Mac OS X 10.9.1).dispatch"/>
    <testcase name="format replaces all instances of the placeholder" time="0" classname="Chrome 32.0.1700 (Mac OS X 10.9.1).dispatch"/>
    <testcase name="format replaces multiple placeholders" time="0.001" classname="Chrome 32.0.1700 (Mac OS X 10.9.1).dispatch"/>
    <testcase name="format replaces multiple placeholders when there are missing arguments" time="0" classname="Chrome 32.0.1700 (Mac OS X 10.9.1).dispatch"/>
    <testcase name="format with null arguments" time="0" classname="Chrome 32.0.1700 (Mac OS X 10.9.1).dispatch"/>
    <testcase name="format with reverse order of placeholders" time="0.001" classname="Chrome 32.0.1700 (Mac OS X 10.9.1).dispatch"/>
    <testcase name="format with nonnumeric placeholders" time="0" classname="Chrome 32.0.1700 (Mac OS X 10.9.1).dispatch"/>
    <testcase name="format ignores invalid numeric placeholders" time="0.001" classname="Chrome 32.0.1700 (Mac OS X 10.9.1).dispatch"/>
    <testcase name="initializes a new testwidget based on its role" time="0.001" classname="Chrome 32.0.1700 (Mac OS X 10.9.1).kendo_init"/>
    <testcase name="accepts a full name as a role" time="0.001" classname="Chrome 32.0.1700 (Mac OS X 10.9.1).kendo_init"/>
    <testcase name="kendo.destroy destroys a widget initialized with full name role" time="0.001" classname="Chrome 32.0.1700 (Mac OS X 10.9.1).kendo_init"/>
    <testcase name="initializes multiple widgets based on their role" time="0.001" classname="Chrome 32.0.1700 (Mac OS X 10.9.1).kendo_init"/>
    <testcase name="initializes a new testwidget from dom element" time="0.001" classname="Chrome 32.0.1700 (Mac OS X 10.9.1).kendo_init"/>
    <testcase name="initializes widgets in dom tree" time="0.001" classname="Chrome 32.0.1700 (Mac OS X 10.9.1).kendo_init"/>
    <testcase name="role respects the namespace" time="0.001" classname="Chrome 32.0.1700 (Mac OS X 10.9.1).kendo_init"/>
    <testcase name="parses options from data attributes" time="0" classname="Chrome 32.0.1700 (Mac OS X 10.9.1).kendo_init"/>
    <testcase name="parses number options from data attributes" time="0" classname="Chrome 32.0.1700 (Mac OS X 10.9.1).kendo_init"/>
    <testcase name="parses signed number options from data attributes" time="0" classname="Chrome 32.0.1700 (Mac OS X 10.9.1).kendo_init"/>
    <testcase name="parses float options from data attributes" time="0.001" classname="Chrome 32.0.1700 (Mac OS X 10.9.1).kendo_init"/>
    <testcase name="parses percentage options from data attributes" time="0.001" classname="Chrome 32.0.1700 (Mac OS X 10.9.1).kendo_init"/>
    <testcase name="parses options which start with data" time="0.001" classname="Chrome 32.0.1700 (Mac OS X 10.9.1).kendo_init"/>
    <testcase name="parses camel case options that start with data" time="0.001" classname="Chrome 32.0.1700 (Mac OS X 10.9.1).kendo_init"/>
    <testcase name="options respect the namespace" time="0.001" classname="Chrome 32.0.1700 (Mac OS X 10.9.1).kendo_init"/>
    <testcase name="parses events from data attributes" time="0.001" classname="Chrome 32.0.1700 (Mac OS X 10.9.1).kendo_init"/>
    <testcase name="parses nested events from data attributes" time="0.001" classname="Chrome 32.0.1700 (Mac OS X 10.9.1).kendo_init"/>
    <testcase name="parses templates from data attributes" time="0.001" classname="Chrome 32.0.1700 (Mac OS X 10.9.1).kendo_init"/>
    <testcase name="parses template options" time="0.001" classname="Chrome 32.0.1700 (Mac OS X 10.9.1).kendo_init"/>
    <testcase name="initializes data source by field name" time="0.001" classname="Chrome 32.0.1700 (Mac OS X 10.9.1).kendo_init"/>
    <testcase name="initializes data source by configuration" time="0.001" classname="Chrome 32.0.1700 (Mac OS X 10.9.1).kendo_init"/>
    <testcase name="initializes multiline array field in JSON format" time="0.001" classname="Chrome 32.0.1700 (Mac OS X 10.9.1).kendo_init"/>
    <testcase name="initializes multiline object field in JSON format" time="0.001" classname="Chrome 32.0.1700 (Mac OS X 10.9.1).kendo_init"/>
    <testcase name="initializes multiline object field which starts with a new line" time="0.001" classname="Chrome 32.0.1700 (Mac OS X 10.9.1).kendo_init"/>
    <testcase name="initializes multiline object field which ends with a new line" time="0.001" classname="Chrome 32.0.1700 (Mac OS X 10.9.1).kendo_init"/>
    <testcase name="initializes functions from parameters" time="0.001" classname="Chrome 32.0.1700 (Mac OS X 10.9.1).kendo_init"/>
    <testcase name="does not treat format strings as JSON" time="0.001" classname="Chrome 32.0.1700 (Mac OS X 10.9.1).kendo_init"/>
    <testcase name="skip format as property of complex object" time="0.001" classname="Chrome 32.0.1700 (Mac OS X 10.9.1).kendo_init"/>
    <testcase name="accepts multiple suites" time="0.001" classname="Chrome 32.0.1700 (Mac OS X 10.9.1).kendo_init"/>
    <testcase name="multiple init calls bind unbind previous widget event handlers" time="0.001" classname="Chrome 32.0.1700 (Mac OS X 10.9.1).kendo_init"/>
    <testcase name="init unbinds events from options only " time="0.001" classname="Chrome 32.0.1700 (Mac OS X 10.9.1).kendo_init"/>
    <testcase name="JSON should be able to serialize object" time="0.001" classname="Chrome 32.0.1700 (Mac OS X 10.9.1).kendo_init"/>
    <testcase name="stringified object should be deserializable " time="0" classname="Chrome 32.0.1700 (Mac OS X 10.9.1).kendo_init"/>
    <testcase name="Executes listener event handler" time="0.001" classname="Chrome 32.0.1700 (Mac OS X 10.9.1).kendo jQuery"/>
    <testcase name="Unbinds all listeners" time="0.001" classname="Chrome 32.0.1700 (Mac OS X 10.9.1).kendo jQuery"/>
    <testcase name="Recognizes event aliases" time="0.001" classname="Chrome 32.0.1700 (Mac OS X 10.9.1).kendo jQuery"/>
    <testcase name="Skips synthetic mouse events" time="0.011" classname="Chrome 32.0.1700 (Mac OS X 10.9.1).kendo jQuery"/>
    <testcase name="Registers real mouse events" time="0.516" classname="Chrome 32.0.1700 (Mac OS X 10.9.1).kendo jQuery"/>
    <testcase name="Is instance of jQuery" time="0" classname="Chrome 32.0.1700 (Mac OS X 10.9.1).kendo jQuery"/>
    <testcase name="Creates instances of kendo.jQuery" time="0" classname="Chrome 32.0.1700 (Mac OS X 10.9.1).kendo jQuery"/>
    <testcase name="find returns instances of kendo.jQuery" time="0.001" classname="Chrome 32.0.1700 (Mac OS X 10.9.1).kendo jQuery"/>
    <testcase name="detect IE11 as IE" time="0" classname="Chrome 32.0.1700 (Mac OS X 10.9.1).detect"/>
    <testcase name="detects Kindle Fire and as a tablet" time="0.001" classname="Chrome 32.0.1700 (Mac OS X 10.9.1).detect"/>
    <testcase name="detects Android 2.x (Nexus S) and as a phone" time="0.001" classname="Chrome 32.0.1700 (Mac OS X 10.9.1).detect"/>
    <testcase name="detects Android 3.x (Motorola Xoom) and as a tablet" time="0.001" classname="Chrome 32.0.1700 (Mac OS X 10.9.1).detect"/>
    <testcase name="detects Android 4.x (Galaxy Nexus) and as a phone" time="0" classname="Chrome 32.0.1700 (Mac OS X 10.9.1).detect"/>
    <testcase name="detects iOS 3.x (iPhone) and as a phone" time="0.001" classname="Chrome 32.0.1700 (Mac OS X 10.9.1).detect"/>
    <testcase name="detects iOS 4.x (iPad) and as a tablet" time="0" classname="Chrome 32.0.1700 (Mac OS X 10.9.1).detect"/>
    <testcase name="detects iOS 5.x (iPhone) and as a phone" time="0.001" classname="Chrome 32.0.1700 (Mac OS X 10.9.1).detect"/>
    <testcase name="detects BlackBerry PlayBook 2.x and as a tablet" time="0" classname="Chrome 32.0.1700 (Mac OS X 10.9.1).detect"/>
    <testcase name="detects BlackBerry Torch 9860 and as a phone" time="0.001" classname="Chrome 32.0.1700 (Mac OS X 10.9.1).detect"/>
    <testcase name="detects Nokia N9 and as a phone" time="0" classname="Chrome 32.0.1700 (Mac OS X 10.9.1).detect"/>
    <testcase name="detects Windows Phone 7.5 and as a phone" time="0.001" classname="Chrome 32.0.1700 (Mac OS X 10.9.1).detect"/>
    <testcase name="detects Windows Phone 8 and as a phone" time="0" classname="Chrome 32.0.1700 (Mac OS X 10.9.1).detect"/>
    <testcase name="detects Opera Mobile" time="0.001" classname="Chrome 32.0.1700 (Mac OS X 10.9.1).detect"/>
    <testcase name="detects Opera Mini" time="0" classname="Chrome 32.0.1700 (Mac OS X 10.9.1).detect"/>
    <testcase name="detects Firefox Mobile 9" time="0" classname="Chrome 32.0.1700 (Mac OS X 10.9.1).detect"/>
    <testcase name="detects Firefox Mobile 12" time="0.001" classname="Chrome 32.0.1700 (Mac OS X 10.9.1).detect"/>
    <testcase name="detects Nexus 7 and as a tablet" time="0" classname="Chrome 32.0.1700 (Mac OS X 10.9.1).detect"/>
    <testcase name="detects Nexus 10 and as a tablet" time="0.001" classname="Chrome 32.0.1700 (Mac OS X 10.9.1).detect"/>
    <testcase name="detects Acer A100 and as a tablet" time="0" classname="Chrome 32.0.1700 (Mac OS X 10.9.1).detect"/>
    <testcase name="detects Asus Padfone 2 and as a phone" time="0.001" classname="Chrome 32.0.1700 (Mac OS X 10.9.1).detect"/>
    <testcase name="detects Motorola Droid DNA and as a phone" time="0" classname="Chrome 32.0.1700 (Mac OS X 10.9.1).detect"/>
    <testcase name="detects Kindle Fire HD and as a tablet" time="0" classname="Chrome 32.0.1700 (Mac OS X 10.9.1).detect"/>
    <testcase name="detects Transformer Pad Infinity and as a tablet" time="0" classname="Chrome 32.0.1700 (Mac OS X 10.9.1).detect"/>
    <testcase name="toString should return empty string if no number" time="0" classname="Chrome 32.0.1700 (Mac OS X 10.9.1).number formatting"/>
    <testcase name="if not toString should return number.toString()" time="0.001" classname="Chrome 32.0.1700 (Mac OS X 10.9.1).number formatting"/>
    <testcase name="replace toString with whole part of the number" time="0.001" classname="Chrome 32.0.1700 (Mac OS X 10.9.1).number formatting"/>
    <testcase name="replace # after 0 with 0" time="0" classname="Chrome 32.0.1700 (Mac OS X 10.9.1).number formatting"/>
    <testcase name="remove # from toString after replace" time="0" classname="Chrome 32.0.1700 (Mac OS X 10.9.1).number formatting"/>
    <testcase name="apply thousand separator if &apos;,&apos;" time="0" classname="Chrome 32.0.1700 (Mac OS X 10.9.1).number formatting"/>
    <testcase name="do not apply thousand separator if no enough digits" time="0" classname="Chrome 32.0.1700 (Mac OS X 10.9.1).number formatting"/>
    <testcase name="replace number in decimal part" time="0.001" classname="Chrome 32.0.1700 (Mac OS X 10.9.1).number formatting"/>
    <testcase name="replace # before 0 with 0 in decimal part" time="0" classname="Chrome 32.0.1700 (Mac OS X 10.9.1).number formatting"/>
    <testcase name="replace # from decimal part" time="0" classname="Chrome 32.0.1700 (Mac OS X 10.9.1).number formatting"/>
    <testcase name="replace # correctly when exponential number" time="0.001" classname="Chrome 32.0.1700 (Mac OS X 10.9.1).number formatting"/>
    <testcase name="integer if no 0 in decimal part of the toString" time="0" classname="Chrome 32.0.1700 (Mac OS X 10.9.1).number formatting"/>
    <testcase name="negative integer if no 0 in decimal part of the toString" time="0.001" classname="Chrome 32.0.1700 (Mac OS X 10.9.1).number formatting"/>
    <testcase name="decimal if 0 in the decimal part of toString" time="0" classname="Chrome 32.0.1700 (Mac OS X 10.9.1).number formatting"/>
    <testcase name="decimal does not round number to the last 0 if # follows" time="0" classname="Chrome 32.0.1700 (Mac OS X 10.9.1).number formatting"/>
    <testcase name="one digit after decimal point" time="0.001" classname="Chrome 32.0.1700 (Mac OS X 10.9.1).number formatting"/>
    <testcase name="round number if last sigh in the toString is 0" time="0" classname="Chrome 32.0.1700 (Mac OS X 10.9.1).number formatting"/>
    <testcase name="toString decimal number 0.001" time="0" classname="Chrome 32.0.1700 (Mac OS X 10.9.1).number formatting"/>
    <testcase name="toString decimal number -0.001" time="0.001" classname="Chrome 32.0.1700 (Mac OS X 10.9.1).number formatting"/>
    <testcase name="custom toString with literals" time="0" classname="Chrome 32.0.1700 (Mac OS X 10.9.1).number formatting"/>
    <testcase name="toString with &apos;# %&apos;" time="0" classname="Chrome 32.0.1700 (Mac OS X 10.9.1).number formatting"/>
    <testcase name="toString with percent symbol as literal" time="0" classname="Chrome 32.0.1700 (Mac OS X 10.9.1).number formatting"/>
    <testcase name="toString with escaped percent symbol" time="0" classname="Chrome 32.0.1700 (Mac OS X 10.9.1).number formatting"/>
    <testcase name="toString with quote as literal" time="0.001" classname="Chrome 32.0.1700 (Mac OS X 10.9.1).number formatting"/>
    <testcase name="toString with escaped &apos; " time="0" classname="Chrome 32.0.1700 (Mac OS X 10.9.1).number formatting"/>
    <testcase name="toString does not crash when number placeholder is in literal" time="0" classname="Chrome 32.0.1700 (Mac OS X 10.9.1).number formatting"/>
    <testcase name="toString does not throw exception when format integer with 0.## format" time="0.001" classname="Chrome 32.0.1700 (Mac OS X 10.9.1).number formatting"/>
    <testcase name="toString formats correctly big integer using custom format" time="0" classname="Chrome 32.0.1700 (Mac OS X 10.9.1).number formatting"/>
    <testcase name="toString adds leading zero if number is shorter than format with group separator " time="0" classname="Chrome 32.0.1700 (Mac OS X 10.9.1).number formatting"/>
    <testcase name="toString method rounds the number if custom format" time="0.001" classname="Chrome 32.0.1700 (Mac OS X 10.9.1).number formatting"/>
    <testcase name="toString method removes decimal part if no number placeholder" time="0" classname="Chrome 32.0.1700 (Mac OS X 10.9.1).number formatting"/>
    <testcase name="toString method formats correctly negative number" time="0" classname="Chrome 32.0.1700 (Mac OS X 10.9.1).number formatting"/>
    <testcase name="toString decimal number -0.001 with negative format" time="0.001" classname="Chrome 32.0.1700 (Mac OS X 10.9.1).number formatting"/>
    <testcase name="toString decimal number -0.001 with negative format rounds number" time="0" classname="Chrome 32.0.1700 (Mac OS X 10.9.1).number formatting"/>
    <testcase name="toString decimal number -123" time="0" classname="Chrome 32.0.1700 (Mac OS X 10.9.1).number formatting"/>
    <testcase name="toString method clears negative sign if rounded number is positive" time="0.001" classname="Chrome 32.0.1700 (Mac OS X 10.9.1).number formatting"/>
    <testcase name="toString decimal number 0" time="0" classname="Chrome 32.0.1700 (Mac OS X 10.9.1).number formatting"/>
    <testcase name="toString with #.00 zero number" time="0" classname="Chrome 32.0.1700 (Mac OS X 10.9.1).number formatting"/>
    <testcase name="toString number with &apos;e&apos; toString" time="0" classname="Chrome 32.0.1700 (Mac OS X 10.9.1).number formatting"/>
    <testcase name="toString number with &apos;e10&apos; toString" time="0" classname="Chrome 32.0.1700 (Mac OS X 10.9.1).number formatting"/>
    <testcase name="toString 123.123 with &apos;e&apos; toString" time="0.001" classname="Chrome 32.0.1700 (Mac OS X 10.9.1).number formatting"/>
    <testcase name="toString one digit number with &apos;e&apos; toString" time="0" classname="Chrome 32.0.1700 (Mac OS X 10.9.1).number formatting"/>
    <testcase name="toString 0 with &apos;e&apos; toString" time="0" classname="Chrome 32.0.1700 (Mac OS X 10.9.1).number formatting"/>
    <testcase name="toString 0.001 with &apos;e&apos; toString" time="0.001" classname="Chrome 32.0.1700 (Mac OS X 10.9.1).number formatting"/>
    <testcase name="toString 0.0012 with &apos;e&apos; toString" time="0" classname="Chrome 32.0.1700 (Mac OS X 10.9.1).number formatting"/>
    <testcase name="toString 0.01243 with &apos;e&apos; toString" time="0.001" classname="Chrome 32.0.1700 (Mac OS X 10.9.1).number formatting"/>
    <testcase name="toString 0.01243 with &apos;e5&apos; toString" time="0" classname="Chrome 32.0.1700 (Mac OS X 10.9.1).number formatting"/>
    <testcase name="toString 0.010043 with &apos;e5&apos; toString" time="0" classname="Chrome 32.0.1700 (Mac OS X 10.9.1).number formatting"/>
    <testcase name="N toString big positive integer" time="0.001" classname="Chrome 32.0.1700 (Mac OS X 10.9.1).number formatting"/>
    <testcase name="N toString big negative integer" time="0" classname="Chrome 32.0.1700 (Mac OS X 10.9.1).number formatting"/>
    <testcase name="N toString small positive integer" time="0" classname="Chrome 32.0.1700 (Mac OS X 10.9.1).number formatting"/>
    <testcase name="N toString small negative integer" time="0" classname="Chrome 32.0.1700 (Mac OS X 10.9.1).number formatting"/>
    <testcase name="N3 toString" time="0" classname="Chrome 32.0.1700 (Mac OS X 10.9.1).number formatting"/>
    <testcase name="N0 toString" time="0.001" classname="Chrome 32.0.1700 (Mac OS X 10.9.1).number formatting"/>
    <testcase name="toString method clears sign if rounded number is zero" time="0" classname="Chrome 32.0.1700 (Mac OS X 10.9.1).number formatting"/>
    <testcase name="C toString" time="0" classname="Chrome 32.0.1700 (Mac OS X 10.9.1).number formatting"/>
    <testcase name="C0 toString" time="0.001" classname="Chrome 32.0.1700 (Mac OS X 10.9.1).number formatting"/>
    <testcase name="C3 negative toString" time="0" classname="Chrome 32.0.1700 (Mac OS X 10.9.1).number formatting"/>
    <testcase name="C7 negative exponential toString" time="0" classname="Chrome 32.0.1700 (Mac OS X 10.9.1).number formatting"/>
    <testcase name="group separators are not applied to numbers with less digits" time="0.001" classname="Chrome 32.0.1700 (Mac OS X 10.9.1).number formatting"/>
    <testcase name="group separators applied every n digits" time="0" classname="Chrome 32.0.1700 (Mac OS X 10.9.1).number formatting"/>
    <testcase name="P toString" time="0" classname="Chrome 32.0.1700 (Mac OS X 10.9.1).number formatting"/>
    <testcase name="P0 toString" time="0.001" classname="Chrome 32.0.1700 (Mac OS X 10.9.1).number formatting"/>
    <testcase name="P3 negative toString" time="0" classname="Chrome 32.0.1700 (Mac OS X 10.9.1).number formatting"/>
    <testcase name="apply globalized currency symbol" time="0" classname="Chrome 32.0.1700 (Mac OS X 10.9.1).number formatting"/>
    <testcase name="toString with escaped currency symbol" time="0.001" classname="Chrome 32.0.1700 (Mac OS X 10.9.1).number formatting"/>
    <testcase name="apply globalized percent symbol" time="0" classname="Chrome 32.0.1700 (Mac OS X 10.9.1).number formatting"/>
    <testcase name="globalized number" time="0.001" classname="Chrome 32.0.1700 (Mac OS X 10.9.1).number formatting"/>
    <testcase name="format number using specific culture" time="0" classname="Chrome 32.0.1700 (Mac OS X 10.9.1).number formatting"/>
    <testcase name="toString removes incorrect decimal separators" time="0" classname="Chrome 32.0.1700 (Mac OS X 10.9.1).number formatting"/>
    <testcase name="toString rounds up correctly" time="0.001" classname="Chrome 32.0.1700 (Mac OS X 10.9.1).number formatting"/>
    <testcase name="toString formats correctly big integer" time="0" classname="Chrome 32.0.1700 (Mac OS X 10.9.1).number formatting"/>
    <testcase name="Parse zero returns zero" time="0" classname="Chrome 32.0.1700 (Mac OS X 10.9.1).number parsing"/>
    <testcase name="Parse number and return number" time="0.002" classname="Chrome 32.0.1700 (Mac OS X 10.9.1).number parsing"/>
    <testcase name="Parse string and return number" time="0.001" classname="Chrome 32.0.1700 (Mac OS X 10.9.1).number parsing"/>
    <testcase name="Return null if incorrect value" time="0" classname="Chrome 32.0.1700 (Mac OS X 10.9.1).number parsing"/>
    <testcase name="Return null no value" time="0.001" classname="Chrome 32.0.1700 (Mac OS X 10.9.1).number parsing"/>
    <testcase name="Return null if incorrect number" time="0" classname="Chrome 32.0.1700 (Mac OS X 10.9.1).number parsing"/>
    <testcase name="parse globalized float number" time="0" classname="Chrome 32.0.1700 (Mac OS X 10.9.1).number parsing"/>
    <testcase name="parse globalized number with group separators" time="0" classname="Chrome 32.0.1700 (Mac OS X 10.9.1).number parsing"/>
    <testcase name="parse should parse currency number" time="0" classname="Chrome 32.0.1700 (Mac OS X 10.9.1).number parsing"/>
    <testcase name="parse should parse percent number" time="0.001" classname="Chrome 32.0.1700 (Mac OS X 10.9.1).number parsing"/>
    <testcase name="parseFloat should use decimal separator from currency object" time="0" classname="Chrome 32.0.1700 (Mac OS X 10.9.1).number parsing"/>
    <testcase name="parse should use decimal separator from percent object" time="0" classname="Chrome 32.0.1700 (Mac OS X 10.9.1).number parsing"/>
    <testcase name="parseF should parse negative number" time="0" classname="Chrome 32.0.1700 (Mac OS X 10.9.1).number parsing"/>
    <testcase name="parseF should parse negative currency number" time="0" classname="Chrome 32.0.1700 (Mac OS X 10.9.1).number parsing"/>
    <testcase name="parseF should parse negative currency number (not en-US) " time="0.001" classname="Chrome 32.0.1700 (Mac OS X 10.9.1).number parsing"/>
    <testcase name="parseF should parse negative percent number" time="0" classname="Chrome 32.0.1700 (Mac OS X 10.9.1).number parsing"/>
    <testcase name="parse exponential number" time="0" classname="Chrome 32.0.1700 (Mac OS X 10.9.1).number parsing"/>
    <testcase name="parse negative exponential number" time="0.001" classname="Chrome 32.0.1700 (Mac OS X 10.9.1).number parsing"/>
    <testcase name="parse exponential number (capital case)" time="0" classname="Chrome 32.0.1700 (Mac OS X 10.9.1).number parsing"/>
    <testcase name="parse localized exponential number" time="0.001" classname="Chrome 32.0.1700 (Mac OS X 10.9.1).number parsing"/>
    <testcase name="parseInt should return int number" time="0" classname="Chrome 32.0.1700 (Mac OS X 10.9.1).number parsing"/>
    <testcase name="parse Bulgarian number" time="0.001" classname="Chrome 32.0.1700 (Mac OS X 10.9.1).number parsing"/>
    <testcase name="parse en-ZA currency number" time="0" classname="Chrome 32.0.1700 (Mac OS X 10.9.1).number parsing"/>
    <testcase name="parse method returns null if negative sign is not in the begining" time="0" classname="Chrome 32.0.1700 (Mac OS X 10.9.1).number parsing"/>
    <testcase name="bind returns this" time="0.001" classname="Chrome 32.0.1700 (Mac OS X 10.9.1).number parsing"/>
    <testcase name="bind stores the handler to the events list" time="0" classname="Chrome 32.0.1700 (Mac OS X 10.9.1).number parsing"/>
    <testcase name="bind stores multiple events" time="0.001" classname="Chrome 32.0.1700 (Mac OS X 10.9.1).number parsing"/>
    <testcase name="trigger calls the handler" time="0" classname="Chrome 32.0.1700 (Mac OS X 10.9.1).number parsing"/>
    <testcase name="this in trigger is the observable" time="0" classname="Chrome 32.0.1700 (Mac OS X 10.9.1).number parsing"/>
    <testcase name="trigger calls all bound events" time="0.001" classname="Chrome 32.0.1700 (Mac OS X 10.9.1).number parsing"/>
    <testcase name="trigger passes the arguments to the handler" time="0" classname="Chrome 32.0.1700 (Mac OS X 10.9.1).number parsing"/>
    <testcase name="trigger returns true if event is prevented" time="0" classname="Chrome 32.0.1700 (Mac OS X 10.9.1).number parsing"/>
    <testcase name="trigger returns false if event is not prevented" time="0.001" classname="Chrome 32.0.1700 (Mac OS X 10.9.1).number parsing"/>
    <testcase name="unbind without handler removes all events" time="0" classname="Chrome 32.0.1700 (Mac OS X 10.9.1).number parsing"/>
    <testcase name="unbind without arguments removes all events" time="0.001" classname="Chrome 32.0.1700 (Mac OS X 10.9.1).number parsing"/>
    <testcase name="unbind returns this" time="0" classname="Chrome 32.0.1700 (Mac OS X 10.9.1).number parsing"/>
    <testcase name="unbind removes the specified handler" time="0" classname="Chrome 32.0.1700 (Mac OS X 10.9.1).number parsing"/>
    <testcase name="bind to array of events" time="0.001" classname="Chrome 32.0.1700 (Mac OS X 10.9.1).number parsing"/>
    <testcase name="bind to array of events with same event handler" time="0" classname="Chrome 32.0.1700 (Mac OS X 10.9.1).number parsing"/>
    <testcase name="bind to array of events skips missing handlers" time="0" classname="Chrome 32.0.1700 (Mac OS X 10.9.1).number parsing"/>
    <testcase name="one binds to a event" time="0.001" classname="Chrome 32.0.1700 (Mac OS X 10.9.1).number parsing"/>
    <testcase name="handler attached with one is called only once on multiple triggers" time="0" classname="Chrome 32.0.1700 (Mac OS X 10.9.1).number parsing"/>
    <testcase name="one binds to array of events with same event handler" time="0.001" classname="Chrome 32.0.1700 (Mac OS X 10.9.1).number parsing"/>
    <testcase name="this in trigger is the observable when attached through one" time="0" classname="Chrome 32.0.1700 (Mac OS X 10.9.1).number parsing"/>
    <testcase name="the observable is passed as sender in the event arguments" time="0" classname="Chrome 32.0.1700 (Mac OS X 10.9.1).number parsing"/>
    <testcase name="first adds handle first" time="0.001" classname="Chrome 32.0.1700 (Mac OS X 10.9.1).number parsing"/>
    <testcase name="triggering multiple handlers attached with the one method" time="0" classname="Chrome 32.0.1700 (Mac OS X 10.9.1).number parsing"/>
    <testcase name="can reatach a handler during event invocation" time="0.001" classname="Chrome 32.0.1700 (Mac OS X 10.9.1).number parsing"/>
    <testcase name="unbind detaches all instances of the event handler" time="0" classname="Chrome 32.0.1700 (Mac OS X 10.9.1).number parsing"/>
    <testcase name="kendo.dimensions reads the size of the passed element" time="0.006" classname="Chrome 32.0.1700 (Mac OS X 10.9.1).resizable widget"/>
    <testcase name="kendo.dimensions sets the size of the passed element" time="0.007" classname="Chrome 32.0.1700 (Mac OS X 10.9.1).resizable widget"/>
    <testcase name="by default, size will return null" time="0" classname="Chrome 32.0.1700 (Mac OS X 10.9.1).resizable widget"/>
    <testcase name="size reads the resizable container dimensions" time="0.005" classname="Chrome 32.0.1700 (Mac OS X 10.9.1).resizable widget"/>
    <testcase name="calling resize will execute setSize with getSize result" time="0.006" classname="Chrome 32.0.1700 (Mac OS X 10.9.1).resizable widget"/>
    <testcase name="resize caches the size value and ignores subsequent calls" time="0.006" classname="Chrome 32.0.1700 (Mac OS X 10.9.1).resizable widget"/>
    <testcase name="resize triggers resize event if needed" time="0.005" classname="Chrome 32.0.1700 (Mac OS X 10.9.1).resizable widget"/>
    <testcase name="changing dimensions invalidates the caching" time="0.011" classname="Chrome 32.0.1700 (Mac OS X 10.9.1).resizable widget"/>
    <testcase name="kendo.resize resizes the given widget" time="0.006" classname="Chrome 32.0.1700 (Mac OS X 10.9.1).resizable widget"/>
    <testcase name="kendo.resize skips hidden widgets" time="0.001" classname="Chrome 32.0.1700 (Mac OS X 10.9.1).resizable widget"/>
    <testcase name="kendo.resize resizes nested widgets" time="0.002" classname="Chrome 32.0.1700 (Mac OS X 10.9.1).resizable widget"/>
    <testcase name="kendo.support checks for placeholder attribute" time="0" classname="Chrome 32.0.1700 (Mac OS X 10.9.1).input support"/>
    <testcase name="kendo.support checks for number type" time="0" classname="Chrome 32.0.1700 (Mac OS X 10.9.1).input support"/>
    <testcase name="kendo.support checks for date type" time="0" classname="Chrome 32.0.1700 (Mac OS X 10.9.1).input support"/>
    <testcase name="kendo.support checks for time type" time="0.001" classname="Chrome 32.0.1700 (Mac OS X 10.9.1).input support"/>
    <testcase name="kendo.support checks for month type" time="0" classname="Chrome 32.0.1700 (Mac OS X 10.9.1).input support"/>
    <testcase name="kendo.support checks for week type" time="0.001" classname="Chrome 32.0.1700 (Mac OS X 10.9.1).input support"/>
    <testcase name="kendo.support checks for datetime type" time="0" classname="Chrome 32.0.1700 (Mac OS X 10.9.1).input support"/>
    <testcase name="kendo.support checks for datetime-local type" time="0.001" classname="Chrome 32.0.1700 (Mac OS X 10.9.1).input support"/>
    <testcase name="template evaluates value expressions" time="0" classname="Chrome 32.0.1700 (Mac OS X 10.9.1).Template"/>
    <testcase name="function template returns the same function" time="0.001" classname="Chrome 32.0.1700 (Mac OS X 10.9.1).Template"/>
    <testcase name="function with 2 parameters is treated as jQuery template" time="0.001" classname="Chrome 32.0.1700 (Mac OS X 10.9.1).Template"/>
    <testcase name="default paramName is &apos;data&apos;" time="0" classname="Chrome 32.0.1700 (Mac OS X 10.9.1).Template"/>
    <testcase name="template evaluates value expressions using with" time="0.001" classname="Chrome 32.0.1700 (Mac OS X 10.9.1).Template"/>
    <testcase name="template ignores escaped sharp symbols" time="0.001" classname="Chrome 32.0.1700 (Mac OS X 10.9.1).Template"/>
    <testcase name="template evaluates value expressions in single quotes" time="0" classname="Chrome 32.0.1700 (Mac OS X 10.9.1).Template"/>
    <testcase name="template with custom paramName" time="0.001" classname="Chrome 32.0.1700 (Mac OS X 10.9.1).Template"/>
    <testcase name="disabling with block generation" time="0" classname="Chrome 32.0.1700 (Mac OS X 10.9.1).Template"/>
    <testcase name="with block generation" time="0.001" classname="Chrome 32.0.1700 (Mac OS X 10.9.1).Template"/>
    <testcase name="can specify custom settings" time="0.001" classname="Chrome 32.0.1700 (Mac OS X 10.9.1).Template"/>
    <testcase name="allows for member usage as a context" time="0" classname="Chrome 32.0.1700 (Mac OS X 10.9.1).Template"/>
    <testcase name="allows for array accessor as a context" time="0.001" classname="Chrome 32.0.1700 (Mac OS X 10.9.1).Template"/>
    <testcase name="can execute code" time="0.001" classname="Chrome 32.0.1700 (Mac OS X 10.9.1).Template"/>
    <testcase name="using ${} escapes html entities" time="0" classname="Chrome 32.0.1700 (Mac OS X 10.9.1).Template"/>
    <testcase name="using #: escapes html entities" time="0.001" classname="Chrome 32.0.1700 (Mac OS X 10.9.1).Template"/>
    <testcase name="using ${} and non-string arguments" time="0" classname="Chrome 32.0.1700 (Mac OS X 10.9.1).Template"/>
    <testcase name="using #: and non-string arguments" time="0.001" classname="Chrome 32.0.1700 (Mac OS X 10.9.1).Template"/>
    <testcase name="allows nesting escaped } in {}" time="0.001" classname="Chrome 32.0.1700 (Mac OS X 10.9.1).Template"/>
    <testcase name="template defined in a script block" time="0" classname="Chrome 32.0.1700 (Mac OS X 10.9.1).Template"/>
    <testcase name="template preserves whitespace as is" time="0.001" classname="Chrome 32.0.1700 (Mac OS X 10.9.1).Template"/>
    <testcase name="template with raw expression defined in a script block" time="0.001" classname="Chrome 32.0.1700 (Mac OS X 10.9.1).Template"/>
    <testcase name="can execute code in template defined inside a script block" time="0" classname="Chrome 32.0.1700 (Mac OS X 10.9.1).Template"/>
    <testcase name="template executes multiline expression" time="0.001" classname="Chrome 32.0.1700 (Mac OS X 10.9.1).Template"/>
    <testcase name="template throws error on invalid template" time="0.001" classname="Chrome 32.0.1700 (Mac OS X 10.9.1).Template"/>
    <testcase name="slot count is 0 for template without expressions" time="0.001" classname="Chrome 32.0.1700 (Mac OS X 10.9.1).Template"/>
    <testcase name="slot count includes #= # expressions" time="0" classname="Chrome 32.0.1700 (Mac OS X 10.9.1).Template"/>
    <testcase name="slot count includes multiple expressions" time="0.001" classname="Chrome 32.0.1700 (Mac OS X 10.9.1).Template"/>
    <testcase name="slot count includes #: # expressions" time="0" classname="Chrome 32.0.1700 (Mac OS X 10.9.1).Template"/>
    <testcase name="slot count includes ${} expressions" time="0.001" classname="Chrome 32.0.1700 (Mac OS X 10.9.1).Template"/>
    <testcase name="offset throws exception if a timezone with the specified name cannot be found" time="0.001" classname="Chrome 32.0.1700 (Mac OS X 10.9.1).Template"/>
    <testcase name="offset returns 0 for Etc/UTC" time="0" classname="Chrome 32.0.1700 (Mac OS X 10.9.1).Template"/>
    <testcase name="offset returns 0 for Etc/GMT" time="0.001" classname="Chrome 32.0.1700 (Mac OS X 10.9.1).Template"/>
    <testcase name="offset adjusts for DST when rule is &apos;last[day]&apos;" time="0.001" classname="Chrome 32.0.1700 (Mac OS X 10.9.1).Template"/>
    <testcase name="offset adjusts for DST when rule is &apos;[day]&gt;=[date]&apos;" time="0.001" classname="Chrome 32.0.1700 (Mac OS X 10.9.1).Template"/>
    <testcase name="offset adjusts for DST when rule is a concrete date" time="0.001" classname="Chrome 32.0.1700 (Mac OS X 10.9.1).Template"/>
    <testcase name="offset adjusts for DST in zones like &apos;1:00&apos; instead of DST rule references" time="0" classname="Chrome 32.0.1700 (Mac OS X 10.9.1).Template"/>
    <testcase name="offset detects new DST rules for America/Chicago" time="0.002" classname="Chrome 32.0.1700 (Mac OS X 10.9.1).Template"/>
    <testcase name="offset detects DST for America/Sao_Paulo" time="0.001" classname="Chrome 32.0.1700 (Mac OS X 10.9.1).Template"/>
    <testcase name="offset detects DST for America/New_York" time="0" classname="Chrome 32.0.1700 (Mac OS X 10.9.1).Template"/>
    <testcase name="offset detects DST for Asia/Jerusalem" time="0.001" classname="Chrome 32.0.1700 (Mac OS X 10.9.1).Template"/>
    <testcase name="convert with fractional offset" time="0.001" classname="Chrome 32.0.1700 (Mac OS X 10.9.1).Template"/>
    <testcase name="convert changes the timezone from UTC to a timezone" time="0.001" classname="Chrome 32.0.1700 (Mac OS X 10.9.1).Template"/>
    <testcase name="convert changes the timezone from a timezone to UTC" time="0" classname="Chrome 32.0.1700 (Mac OS X 10.9.1).Template"/>
    <testcase name="convert changes the timezone from a timezone to UTC during DST" time="0.001" classname="Chrome 32.0.1700 (Mac OS X 10.9.1).Template"/>
    <testcase name="convert changes the timezone from one timezone to another" time="0" classname="Chrome 32.0.1700 (Mac OS X 10.9.1).Template"/>
    <testcase name="apply assumes browser timezone offset" time="0" classname="Chrome 32.0.1700 (Mac OS X 10.9.1).Template"/>
    <testcase name="abbr returs CET for central EU time" time="0.001" classname="Chrome 32.0.1700 (Mac OS X 10.9.1).Template"/>
    <testcase name="abbr returs CEST for central EU summer time" time="0" classname="Chrome 32.0.1700 (Mac OS X 10.9.1).Template"/>
    <testcase name="abbr returns GMT for London" time="0.001" classname="Chrome 32.0.1700 (Mac OS X 10.9.1).Template"/>
    <testcase name="abbr returns GMT for Isle of Man territory pointing to London timezone" time="0" classname="Chrome 32.0.1700 (Mac OS X 10.9.1).Template"/>
    <testcase name="abbr returns BST for summer time in London" time="0.001" classname="Chrome 32.0.1700 (Mac OS X 10.9.1).Template"/>
    <testcase name="true for functions" time="0" classname="Chrome 32.0.1700 (Mac OS X 10.9.1).Template"/>
    <testcase name="false for objects" time="0.001" classname="Chrome 32.0.1700 (Mac OS X 10.9.1).Template"/>
    <testcase name="false for null" time="0" classname="Chrome 32.0.1700 (Mac OS X 10.9.1).Template"/>
    <testcase name="false for undefined" time="0.001" classname="Chrome 32.0.1700 (Mac OS X 10.9.1).Template"/>
    <testcase name="replaces dashes with next letter in upper case" time="0" classname="Chrome 32.0.1700 (Mac OS X 10.9.1).Template"/>
    <testcase name="replaces ...-a... with ...A..." time="0.001" classname="Chrome 32.0.1700 (Mac OS X 10.9.1).Template"/>
    <testcase name="Widget.element is initialized from constructor" time="0.001" classname="Chrome 32.0.1700 (Mac OS X 10.9.1).Template"/>
    <testcase name="Widget.options is initialized from constructor" time="0" classname="Chrome 32.0.1700 (Mac OS X 10.9.1).Template"/>
    <testcase name="Widget.options is cloned from constructor" time="0.001" classname="Chrome 32.0.1700 (Mac OS X 10.9.1).Template"/>
    <testcase name="Widget.options is merged with default options" time="0" classname="Chrome 32.0.1700 (Mac OS X 10.9.1).Template"/>
    <testcase name="default options remain pristine" time="0.001" classname="Chrome 32.0.1700 (Mac OS X 10.9.1).Template"/>
    <testcase name="Widget is Observable" time="0.001" classname="Chrome 32.0.1700 (Mac OS X 10.9.1).Template"/>
    <testcase name="Widgets dont share events" time="0" classname="Chrome 32.0.1700 (Mac OS X 10.9.1).Template"/>
    <testcase name="plugin extends jQuery.fn" time="0.001" classname="Chrome 32.0.1700 (Mac OS X 10.9.1).Template"/>
    <testcase name="plugin provides get widget shortcut" time="0.001" classname="Chrome 32.0.1700 (Mac OS X 10.9.1).Template"/>
    <testcase name="destroy removes the instance of the widget" time="0" classname="Chrome 32.0.1700 (Mac OS X 10.9.1).Template"/>
    <testcase name="destroy removes any event handlers" time="0.001" classname="Chrome 32.0.1700 (Mac OS X 10.9.1).Template"/>
    <testcase name="container with pixel width produces wrapper with pixel width" time="0.007" classname="Chrome 32.0.1700 (Mac OS X 10.9.1).wrap"/>
    <testcase name="container with pixel height produces wrapper with pixel height" time="0.005" classname="Chrome 32.0.1700 (Mac OS X 10.9.1).wrap"/>
    <testcase name="updated container with pixel width updates wrapper pixel width" time="0.013" classname="Chrome 32.0.1700 (Mac OS X 10.9.1).wrap"/>
    <testcase name="container with percent height produces wrapper with percent height" time="0.006" classname="Chrome 32.0.1700 (Mac OS X 10.9.1).wrap"/>
    <testcase name="container with percent width produces wrapper with percent width" time="0.006" classname="Chrome 32.0.1700 (Mac OS X 10.9.1).wrap"/>
    <testcase name="data returns the passed value by default" time="0" classname="Chrome 32.0.1700 (Mac OS X 10.9.1).wrap"/>
    <testcase name="groups returns the passed value by default" time="0.001" classname="Chrome 32.0.1700 (Mac OS X 10.9.1).wrap"/>
    <testcase name="members of the schema override the prototype members" time="0" classname="Chrome 32.0.1700 (Mac OS X 10.9.1).wrap"/>
    <testcase name="string members of the schema are treated as getters" time="0.001" classname="Chrome 32.0.1700 (Mac OS X 10.9.1).wrap"/>
    <testcase name="total returns the length by default" time="0" classname="Chrome 32.0.1700 (Mac OS X 10.9.1).wrap"/>
    <testcase name="aggregates returns an empty object default" time="0" classname="Chrome 32.0.1700 (Mac OS X 10.9.1).wrap"/>
    <testcase name="model is initialized if passed" time="0.001" classname="Chrome 32.0.1700 (Mac OS X 10.9.1).wrap"/>
    <testcase name="project fields to the one specified in the field definition" time="0.001" classname="Chrome 32.0.1700 (Mac OS X 10.9.1).wrap"/>
    <testcase name="project fields to the one specified in the field definition when definition is array" time="0" classname="Chrome 32.0.1700 (Mac OS X 10.9.1).wrap"/>
    <testcase name="project fields from the one specified in the from field definition" time="0.001" classname="Chrome 32.0.1700 (Mac OS X 10.9.1).wrap"/>
    <testcase name="project fields - from has greater priority" time="0.001" classname="Chrome 32.0.1700 (Mac OS X 10.9.1).wrap"/>
    <testcase name="project fields to the name specified as string" time="0" classname="Chrome 32.0.1700 (Mac OS X 10.9.1).wrap"/>
    <testcase name="groups project fields to the one specified in the field definition" time="0.001" classname="Chrome 32.0.1700 (Mac OS X 10.9.1).wrap"/>
    <testcase name="group field name is converted if projection is specified" time="0.001" classname="Chrome 32.0.1700 (Mac OS X 10.9.1).wrap"/>
    <testcase name="original field is deleted after the projection when set via field declaration" time="0" classname="Chrome 32.0.1700 (Mac OS X 10.9.1).wrap"/>
    <testcase name="original field is deleted after the projection" time="0.001" classname="Chrome 32.0.1700 (Mac OS X 10.9.1).wrap"/>
    <testcase name="original field is not deleted if not projected" time="0" classname="Chrome 32.0.1700 (Mac OS X 10.9.1).wrap"/>
    <testcase name="custom serialize is called instead of the default implementation" time="0.001" classname="Chrome 32.0.1700 (Mac OS X 10.9.1).wrap"/>
    <testcase name="data is not processed by the defualt serialize if custom one is set" time="0" classname="Chrome 32.0.1700 (Mac OS X 10.9.1).wrap"/>
    <testcase name="custom serialize is called event if field names matches" time="0" classname="Chrome 32.0.1700 (Mac OS X 10.9.1).wrap"/>
    <testcase name="serialize converts data to the original structure" time="0.001" classname="Chrome 32.0.1700 (Mac OS X 10.9.1).wrap"/>
    <testcase name="serialize converts data to the original structure with object as field declaration" time="0" classname="Chrome 32.0.1700 (Mac OS X 10.9.1).wrap"/>
    <testcase name="serialize converts data to the original structure with object as from declaration" time="0.001" classname="Chrome 32.0.1700 (Mac OS X 10.9.1).wrap"/>
    <testcase name="converts field values to the specifed type" time="0.001" classname="Chrome 32.0.1700 (Mac OS X 10.9.1).wrap"/>
    <testcase name="converts field values to the specifed type with server groups" time="0.001" classname="Chrome 32.0.1700 (Mac OS X 10.9.1).wrap"/>
    <testcase name="converts field values to the specifed type with external model definition" time="0" classname="Chrome 32.0.1700 (Mac OS X 10.9.1).wrap"/>
    <testcase name="converts field values to the specifed type with multiple nested server groups" time="0.001" classname="Chrome 32.0.1700 (Mac OS X 10.9.1).wrap"/>
    <testcase name="fields not in the model are persisted" time="0.001" classname="Chrome 32.0.1700 (Mac OS X 10.9.1).wrap"/>
    <testcase name="custom data function is called when model is defined" time="0" classname="Chrome 32.0.1700 (Mac OS X 10.9.1).wrap"/>
    <testcase name="data retuns empty observable array when such is passed and a model is declared" time="0.001" classname="Chrome 32.0.1700 (Mac OS X 10.9.1).wrap"/>
    <testcase name="returns correct dataSource item" time="0.002" classname="Chrome 32.0.1700 (Mac OS X 10.9.1).data buffer"/>
    <testcase name="returns correct offset of dataSource item" time="0.003" classname="Chrome 32.0.1700 (Mac OS X 10.9.1).data buffer"/>
    <testcase name="approaching the end of the range prefetches data" time="0.001" classname="Chrome 32.0.1700 (Mac OS X 10.9.1).data buffer"/>
    <testcase name="reaching the end of the range shifts range to mid state" time="0" classname="Chrome 32.0.1700 (Mac OS X 10.9.1).data buffer"/>
    <testcase name="pulling back from the mid range shifts range back to initial page" time="0.001" classname="Chrome 32.0.1700 (Mac OS X 10.9.1).data buffer"/>
    <testcase name="reaching the offset of the next range shifts to match the server-side paging" time="0.001" classname="Chrome 32.0.1700 (Mac OS X 10.9.1).data buffer"/>
    <testcase name="pulling back from next page restores the mid-range" time="0.001" classname="Chrome 32.0.1700 (Mac OS X 10.9.1).data buffer"/>
    <testcase name="requesting an out of range item shifts the buffer to the correct range" time="0.001" classname="Chrome 32.0.1700 (Mac OS X 10.9.1).data buffer"/>
    <testcase name="requesting the last item of a non-existent range switches to mid-range state" time="0.001" classname="Chrome 32.0.1700 (Mac OS X 10.9.1).data buffer"/>
    <testcase name="requesting the last item in the range triggers resize event" time="0.217" classname="Chrome 32.0.1700 (Mac OS X 10.9.1).buffer end/resize events "/>
    <testcase name="requesting an item from outside of the range triggers endreached event" time="0.001" classname="Chrome 32.0.1700 (Mac OS X 10.9.1).buffer end/resize events "/>
    <testcase name="re-reading the datasource causes reset" time="0.002" classname="Chrome 32.0.1700 (Mac OS X 10.9.1).buffer reset event"/>
    <testcase name="re-reading the datasource causes reset, even on the same page" time="0.001" classname="Chrome 32.0.1700 (Mac OS X 10.9.1).buffer reset event"/>
    <testcase name="re-reading the datasource at a distant location triggers reset while maintaining correct index" time="0.001" classname="Chrome 32.0.1700 (Mac OS X 10.9.1).buffer reset event"/>
    <testcase name="approaching the end of the range does not prefetch data" time="0.001" classname="Chrome 32.0.1700 (Mac OS X 10.9.1).buffer disabled prefetch"/>
    <testcase name="reaching the end of the range does not shift" time="0" classname="Chrome 32.0.1700 (Mac OS X 10.9.1).buffer disabled prefetch"/>
    <testcase name="calling next shifts range to mid state" time="0.002" classname="Chrome 32.0.1700 (Mac OS X 10.9.1).buffer disabled prefetch"/>
    <testcase name="remote transport is initialized if data is not set" time="0" classname="Chrome 32.0.1700 (Mac OS X 10.9.1).buffer disabled prefetch"/>
    <testcase name="dataSource is initialized from the options" time="0.001" classname="Chrome 32.0.1700 (Mac OS X 10.9.1).buffer disabled prefetch"/>
    <testcase name="dataSource is initialized if array is passed as options.data" time="0.005" classname="Chrome 32.0.1700 (Mac OS X 10.9.1).buffer disabled prefetch"/>
    <testcase name="model is created during dataSource initialization from field definition" time="0.005" classname="Chrome 32.0.1700 (Mac OS X 10.9.1).buffer disabled prefetch"/>
    <testcase name="model is created during dataSource initialization from field definition" time="0.003" classname="Chrome 32.0.1700 (Mac OS X 10.9.1).buffer disabled prefetch"/>
    <testcase name="model is not overridden durring dataSource initialization" time="0.001" classname="Chrome 32.0.1700 (Mac OS X 10.9.1).buffer disabled prefetch"/>
    <testcase name="page is set to 1 if pageSize is defined but no page" time="0.001" classname="Chrome 32.0.1700 (Mac OS X 10.9.1).buffer disabled prefetch"/>
    <testcase name="page" time="0" classname="Chrome 32.0.1700 (Mac OS X 10.9.1).buffer disabled prefetch"/>
    <testcase name=" skips disabled optionsinfer from html table" time="0.002" classname="Chrome 32.0.1700 (Mac OS X 10.9.1).buffer disabled prefetch"/>
    <testcase name="infer from html table skips th" time="0.002" classname="Chrome 32.0.1700 (Mac OS X 10.9.1).buffer disabled prefetch"/>
    <testcase name="infer from html select" time="0.002" classname="Chrome 32.0.1700 (Mac OS X 10.9.1).buffer disabled prefetch"/>
    <testcase name="infer from html select skips disabled options" time="0.001" classname="Chrome 32.0.1700 (Mac OS X 10.9.1).buffer disabled prefetch"/>
    <testcase name="initialize data source from array" time="0" classname="Chrome 32.0.1700 (Mac OS X 10.9.1).buffer disabled prefetch"/>
    <testcase name="XmlDataReader is initialized when the type of the schema is xml" time="0.001" classname="Chrome 32.0.1700 (Mac OS X 10.9.1).buffer disabled prefetch"/>
    <testcase name="get returns a model instance" time="0.001" classname="Chrome 32.0.1700 (Mac OS X 10.9.1).buffer disabled prefetch"/>
    <testcase name="get returns data record if original data is grouped" time="0.002" classname="Chrome 32.0.1700 (Mac OS X 10.9.1).buffer disabled prefetch"/>
    <testcase name="get data record is same as the original if original data is grouped" time="0.001" classname="Chrome 32.0.1700 (Mac OS X 10.9.1).buffer disabled prefetch"/>
    <testcase name="getByUid returns data record if data is grouped" time="0" classname="Chrome 32.0.1700 (Mac OS X 10.9.1).buffer disabled prefetch"/>
    <testcase name="getByUid returns data record if data is grouped with multiple group levels" time="0" classname="Chrome 32.0.1700 (Mac OS X 10.9.1).buffer disabled prefetch"/>
    <testcase name="model use model metadata" time="0.001" classname="Chrome 32.0.1700 (Mac OS X 10.9.1).buffer disabled prefetch"/>
    <testcase name="model method uses specified model from the configuration" time="0.001" classname="Chrome 32.0.1700 (Mac OS X 10.9.1).buffer disabled prefetch"/>
    <testcase name="sort as object is expanded to array" time="0.001" classname="Chrome 32.0.1700 (Mac OS X 10.9.1).buffer disabled prefetch"/>
    <testcase name="Data is converted to ObservableArray" time="0.001" classname="Chrome 32.0.1700 (Mac OS X 10.9.1).buffer disabled prefetch"/>
    <testcase name="Data initial value is ObservableArray" time="0.003" classname="Chrome 32.0.1700 (Mac OS X 10.9.1).buffer disabled prefetch"/>
    <testcase name="Group items are converted to the model type when server grouping is enabled" time="0.001" classname="Chrome 32.0.1700 (Mac OS X 10.9.1).buffer disabled prefetch"/>
    <testcase name="Nested group items are converted to the model type when server grouping is enabled" time="0.002" classname="Chrome 32.0.1700 (Mac OS X 10.9.1).buffer disabled prefetch"/>
    <testcase name="reseting data unbind change from the previous data" time="0" classname="Chrome 32.0.1700 (Mac OS X 10.9.1).buffer disabled prefetch"/>
    <testcase name="get returns undefined if no model exist with the specified id" time="0.005" classname="Chrome 32.0.1700 (Mac OS X 10.9.1).DataSource"/>
    <testcase name="get returns the model instance with the specified id" time="0.001" classname="Chrome 32.0.1700 (Mac OS X 10.9.1).DataSource"/>
    <testcase name="get returns the model instance with the specified id as string" time="0.001" classname="Chrome 32.0.1700 (Mac OS X 10.9.1).DataSource"/>
    <testcase name="add appends the specified values" time="0.001" classname="Chrome 32.0.1700 (Mac OS X 10.9.1).DataSource"/>
    <testcase name="add returns the new model istance" time="0.001" classname="Chrome 32.0.1700 (Mac OS X 10.9.1).DataSource"/>
    <testcase name="add appends specified model instance" time="0.001" classname="Chrome 32.0.1700 (Mac OS X 10.9.1).DataSource"/>
    <testcase name="inserts specified values at specified position" time="0.002" classname="Chrome 32.0.1700 (Mac OS X 10.9.1).DataSource"/>
    <testcase name="inserts the specified values at first position if index is not specified" time="0.002" classname="Chrome 32.0.1700 (Mac OS X 10.9.1).DataSource"/>
    <testcase name="insert returns the new model istance" time="0.001" classname="Chrome 32.0.1700 (Mac OS X 10.9.1).DataSource"/>
    <testcase name="removes the specified model" time="0.003" classname="Chrome 32.0.1700 (Mac OS X 10.9.1).DataSource"/>
    <testcase name="remove returns the removed model" time="0.002" classname="Chrome 32.0.1700 (Mac OS X 10.9.1).DataSource"/>
    <testcase name="cancelChanges restores removed model" time="0.001" classname="Chrome 32.0.1700 (Mac OS X 10.9.1).DataSource"/>
    <testcase name="cancelChanges restores removed model to its original state" time="0.001" classname="Chrome 32.0.1700 (Mac OS X 10.9.1).DataSource"/>
    <testcase name="cancelChanges removes inserted model" time="0" classname="Chrome 32.0.1700 (Mac OS X 10.9.1).DataSource"/>
    <testcase name="cancelChanges restores updated model to its original state" time="0.001" classname="Chrome 32.0.1700 (Mac OS X 10.9.1).DataSource"/>
    <testcase name="cancelChanges restores updated complex model to its original state" time="0" classname="Chrome 32.0.1700 (Mac OS X 10.9.1).DataSource"/>
    <testcase name="cancelChanges restores updated model to its original state only for povided model" time="0" classname="Chrome 32.0.1700 (Mac OS X 10.9.1).DataSource"/>
    <testcase name="cancelChanges removes inserted model passed as parameter" time="0.001" classname="Chrome 32.0.1700 (Mac OS X 10.9.1).DataSource"/>
    <testcase name="cancelChanges does not revert it passed model is removed" time="0.001" classname="Chrome 32.0.1700 (Mac OS X 10.9.1).DataSource"/>
    <testcase name="indexOf returns the index of model" time="0" classname="Chrome 32.0.1700 (Mac OS X 10.9.1).DataSource"/>
    <testcase name="indexOf returns -1 if model is undefined" time="0.001" classname="Chrome 32.0.1700 (Mac OS X 10.9.1).DataSource"/>
    <testcase name="indexOf returns -1 if model does is not contained in the data source" time="0" classname="Chrome 32.0.1700 (Mac OS X 10.9.1).DataSource"/>
    <testcase name="removes model from grouped data" time="0.002" classname="Chrome 32.0.1700 (Mac OS X 10.9.1).DataSource"/>
    <testcase name="removes model from nested grouped data" time="0.001" classname="Chrome 32.0.1700 (Mac OS X 10.9.1).DataSource"/>
    <testcase name="cancelChanges does revert changes if server grouping is enabled" time="0.001" classname="Chrome 32.0.1700 (Mac OS X 10.9.1).DataSource"/>
    <testcase name="cancelChanges does revert changes for given model if server grouping is enabled" time="0.002" classname="Chrome 32.0.1700 (Mac OS X 10.9.1).DataSource"/>
    <testcase name="adding items to array field sets the dirty flag to true" time="0.001" classname="Chrome 32.0.1700 (Mac OS X 10.9.1).DataSource"/>
    <testcase name="removing items from array field sets the dirty flag to true" time="0.002" classname="Chrome 32.0.1700 (Mac OS X 10.9.1).DataSource"/>
    <testcase name="accept does not wrap field with underscore" time="0.001" classname="Chrome 32.0.1700 (Mac OS X 10.9.1).DataSource"/>
    <testcase name="triggers change when observable array changes" time="0" classname="Chrome 32.0.1700 (Mac OS X 10.9.1).data source observable array"/>
    <testcase name="passes added items in the event parameter" time="0.002" classname="Chrome 32.0.1700 (Mac OS X 10.9.1).data source observable array"/>
    <testcase name="creates observale array which contains model instances if model is specified" time="0" classname="Chrome 32.0.1700 (Mac OS X 10.9.1).data source observable array"/>
    <testcase name="ObservableObject are converted to Model if such is set" time="0.001" classname="Chrome 32.0.1700 (Mac OS X 10.9.1).data source observable array"/>
    <testcase name="field is not assigned if is undefined" time="0.001" classname="Chrome 32.0.1700 (Mac OS X 10.9.1).data source observable array"/>
    <testcase name="data parent field is assign if observable array is assign" time="0" classname="Chrome 32.0.1700 (Mac OS X 10.9.1).data source observable array"/>
    <testcase name="data parent field is assign if array is assign" time="0.001" classname="Chrome 32.0.1700 (Mac OS X 10.9.1).data source observable array"/>
    <testcase name="push is invoked when the data source is initialized" time="0" classname="Chrome 32.0.1700 (Mac OS X 10.9.1).data source push"/>
    <testcase name="push of custom transport is invoked" time="0.001" classname="Chrome 32.0.1700 (Mac OS X 10.9.1).data source push"/>
    <testcase name="pushCreate option is passed to the push method" time="0" classname="Chrome 32.0.1700 (Mac OS X 10.9.1).data source push"/>
    <testcase name="pushUpdate option is passed to the push method" time="0.001" classname="Chrome 32.0.1700 (Mac OS X 10.9.1).data source push"/>
    <testcase name="pushDestroy option is passed to the push method" time="0" classname="Chrome 32.0.1700 (Mac OS X 10.9.1).data source push"/>
    <testcase name="pushCreate option calls _pushCreate of the data source" time="0.001" classname="Chrome 32.0.1700 (Mac OS X 10.9.1).data source push"/>
    <testcase name="pushUpdate option calls _pushUpdate of the data source" time="0.001" classname="Chrome 32.0.1700 (Mac OS X 10.9.1).data source push"/>
    <testcase name="pushDestroy option calls _pushDestroy of the data source" time="0" classname="Chrome 32.0.1700 (Mac OS X 10.9.1).data source push"/>
    <testcase name="pushCreate inserts a new item in the data source" time="0.001" classname="Chrome 32.0.1700 (Mac OS X 10.9.1).data source push"/>
    <testcase name="hasChanges returns false after pushCreate" time="0.001" classname="Chrome 32.0.1700 (Mac OS X 10.9.1).data source push"/>
    <testcase name="isNew returns false after pushCreate" time="0" classname="Chrome 32.0.1700 (Mac OS X 10.9.1).data source push"/>
    <testcase name="pushCreate raises the change event" time="0.001" classname="Chrome 32.0.1700 (Mac OS X 10.9.1).data source push"/>
    <testcase name="pushCreate inserts an array of items in the data source" time="0" classname="Chrome 32.0.1700 (Mac OS X 10.9.1).data source push"/>
    <testcase name="pushUpdate updates an existing item" time="0.001" classname="Chrome 32.0.1700 (Mac OS X 10.9.1).data source push"/>
    <testcase name="hasChanges returns false after pushUpdate" time="0" classname="Chrome 32.0.1700 (Mac OS X 10.9.1).data source push"/>
    <testcase name="pushUpdate raises the change event" time="0.001" classname="Chrome 32.0.1700 (Mac OS X 10.9.1).data source push"/>
    <testcase name="pushUpdate updates an array of existing items" time="0.001" classname="Chrome 32.0.1700 (Mac OS X 10.9.1).data source push"/>
    <testcase name="pushDestroy removes an existing item" time="0.001" classname="Chrome 32.0.1700 (Mac OS X 10.9.1).data source push"/>
    <testcase name="hasChanges returns false after pushDestroy" time="0.001" classname="Chrome 32.0.1700 (Mac OS X 10.9.1).data source push">
      <failure type="">Expected: false
Actual: true
    at Object.&lt;anonymous&gt; (/Users/pivanov/Work/kendoui-core/tests/data/datasource/push.js:268:5)
    at Object.Test.run (/Users/pivanov/Work/kendoui-core/node_modules/qunitjs/qunit/qunit.js:203:18)
    at /Users/pivanov/Work/kendoui-core/node_modules/qunitjs/qunit/qunit.js:361:10
    at process (/Users/pivanov/Work/kendoui-core/node_modules/qunitjs/qunit/qunit.js:1453:24)
    at /Users/pivanov/Work/kendoui-core/node_modules/qunitjs/qunit/qunit.js:479:5

</failure>
    </testcase>
    <testcase name="pushDestroy raises the change event" time="0.001" classname="Chrome 32.0.1700 (Mac OS X 10.9.1).data source push"/>
    <testcase name="pushDestroy removes an array of existing items" time="0.001" classname="Chrome 32.0.1700 (Mac OS X 10.9.1).data source push"/>
    <testcase name="pushDestroy removes an existing from the pristine collection" time="0" classname="Chrome 32.0.1700 (Mac OS X 10.9.1).data source push"/>
    <testcase name="pushUpdate doesn&apos;t set the dirty flag" time="0.001" classname="Chrome 32.0.1700 (Mac OS X 10.9.1).data source push"/>
    <testcase name="pushUpdate with observable object instance as parameter" time="0.001" classname="Chrome 32.0.1700 (Mac OS X 10.9.1).data source push"/>
    <testcase name="pushUpdate with model instance as parameter" time="0.001" classname="Chrome 32.0.1700 (Mac OS X 10.9.1).data source push"/>
    <testcase name="pushCreate inserts the item in the pristine collection" time="0.001" classname="Chrome 32.0.1700 (Mac OS X 10.9.1).data source push"/>
    <testcase name="pushUpdate updates the model instance in the pristine collection" time="0.001" classname="Chrome 32.0.1700 (Mac OS X 10.9.1).data source push"/>
    <testcase name="items inserted via pushCreate remain in the data source after cancelChanges" time="0" classname="Chrome 32.0.1700 (Mac OS X 10.9.1).data source push"/>
    <testcase name="pushUpdate inserts the item if a model with corresponding id isn&apos;t found" time="0.001" classname="Chrome 32.0.1700 (Mac OS X 10.9.1).data source push"/>
    <testcase name="_pushCreate calls pushCreate for every item when data is returned according to the schema" time="0" classname="Chrome 32.0.1700 (Mac OS X 10.9.1).data source push"/>
    <testcase name="_pushUpdate calls pushUpdate for every item when data is returned according to the schema" time="0.001" classname="Chrome 32.0.1700 (Mac OS X 10.9.1).data source push"/>
    <testcase name="_pushDestroy calls pushDestroy for every item when data is returned according to the schema" time="0" classname="Chrome 32.0.1700 (Mac OS X 10.9.1).data source push"/>
    <testcase name="_push accepts array of items even if the schema expects an object" time="0.001" classname="Chrome 32.0.1700 (Mac OS X 10.9.1).data source push"/>
    <testcase name="_push accepts a single item even if the schema expects an object" time="0" classname="Chrome 32.0.1700 (Mac OS X 10.9.1).data source push"/>
    <testcase name="query raises the change event" time="0.001" classname="Chrome 32.0.1700 (Mac OS X 10.9.1).data source query"/>
    <testcase name="query sets the pageSize" time="0.001" classname="Chrome 32.0.1700 (Mac OS X 10.9.1).data source query"/>
    <testcase name="query sets page" time="0.001" classname="Chrome 32.0.1700 (Mac OS X 10.9.1).data source query"/>
    <testcase name="query sets sort" time="0.001" classname="Chrome 32.0.1700 (Mac OS X 10.9.1).data source query"/>
    <testcase name="query sets custom comparer" time="0" classname="Chrome 32.0.1700 (Mac OS X 10.9.1).data source query"/>
    <testcase name="query sets sort when array is passed" time="0.001" classname="Chrome 32.0.1700 (Mac OS X 10.9.1).data source query"/>
    <testcase name="paging" time="0.001" classname="Chrome 32.0.1700 (Mac OS X 10.9.1).data source query"/>
    <testcase name="sorting" time="0" classname="Chrome 32.0.1700 (Mac OS X 10.9.1).data source query"/>
    <testcase name="sorting sort expression are removed from the state if not passed" time="0.001" classname="Chrome 32.0.1700 (Mac OS X 10.9.1).data source query"/>
    <testcase name="sorting though sort method" time="0.001" classname="Chrome 32.0.1700 (Mac OS X 10.9.1).data source query"/>
    <testcase name="paging is after sorting" time="0" classname="Chrome 32.0.1700 (Mac OS X 10.9.1).data source query"/>
    <testcase name="original data is not modified" time="0.002" classname="Chrome 32.0.1700 (Mac OS X 10.9.1).data source query"/>
    <testcase name="data is not sorted if serverSorting = true" time="0.069" classname="Chrome 32.0.1700 (Mac OS X 10.9.1).data source query"/>
    <testcase name="data is not paged if serverPaging = true" time="0.066" classname="Chrome 32.0.1700 (Mac OS X 10.9.1).data source query"/>
    <testcase name="group original field name is used if projection with from is set" time="0.002" classname="Chrome 32.0.1700 (Mac OS X 10.9.1).data source query"/>
    <testcase name="group original field name is used if projection is set" time="0.001" classname="Chrome 32.0.1700 (Mac OS X 10.9.1).data source query"/>
    <testcase name="group with aggregates original field name is used if projection is set" time="0.001" classname="Chrome 32.0.1700 (Mac OS X 10.9.1).data source query"/>
    <testcase name="aggregates original field name is used if projection is set" time="0.002" classname="Chrome 32.0.1700 (Mac OS X 10.9.1).data source query"/>
    <testcase name="filter without model definition and serverFiltering" time="0.001" classname="Chrome 32.0.1700 (Mac OS X 10.9.1).data source query"/>
    <testcase name="filter original field name is used if projection is set" time="0.001" classname="Chrome 32.0.1700 (Mac OS X 10.9.1).data source query"/>
    <testcase name="filter with no descriptors persist filters property" time="0.001" classname="Chrome 32.0.1700 (Mac OS X 10.9.1).data source query"/>
    <testcase name="sort datasource state is not modified after original field is restored" time="0.001" classname="Chrome 32.0.1700 (Mac OS X 10.9.1).data source query"/>
    <testcase name="filter datasource state is not modified after original field is restored" time="0.001" classname="Chrome 32.0.1700 (Mac OS X 10.9.1).data source query"/>
    <testcase name="sort original field name is used if projection is set" time="0.001" classname="Chrome 32.0.1700 (Mac OS X 10.9.1).data source query"/>
    <testcase name="sort original field name is used if projection is set if xml is used" time="0.001" classname="Chrome 32.0.1700 (Mac OS X 10.9.1).data source query"/>
    <testcase name="sort original field name is used if projection is set via field definition" time="0.001" classname="Chrome 32.0.1700 (Mac OS X 10.9.1).data source query"/>
    <testcase name="sort original field name is used if projection is set field definiton without a field options" time="0.001" classname="Chrome 32.0.1700 (Mac OS X 10.9.1).data source query"/>
    <testcase name="sort original field name is used if complex field" time="0.001" classname="Chrome 32.0.1700 (Mac OS X 10.9.1).data source query"/>
    <testcase name="next method gets the subsequent page" time="0.001" classname="Chrome 32.0.1700 (Mac OS X 10.9.1).data source query"/>
    <testcase name="next method does nothing if no subsequent page" time="0.001" classname="Chrome 32.0.1700 (Mac OS X 10.9.1).data source query"/>
    <testcase name="next method gets the subsequent page from server" time="0" classname="Chrome 32.0.1700 (Mac OS X 10.9.1).data source query"/>
    <testcase name="next method does nothing if pageSize is not defined (remote transport)" time="0" classname="Chrome 32.0.1700 (Mac OS X 10.9.1).data source query"/>
    <testcase name="next method does nothing (local transport)" time="0" classname="Chrome 32.0.1700 (Mac OS X 10.9.1).data source query"/>
    <testcase name="next method honors total size" time="0.001" classname="Chrome 32.0.1700 (Mac OS X 10.9.1).data source query"/>
    <testcase name="next method accepts parameters" time="0.001" classname="Chrome 32.0.1700 (Mac OS X 10.9.1).data source query"/>
    <testcase name="next page overrides page property of the passed parameters" time="0.001" classname="Chrome 32.0.1700 (Mac OS X 10.9.1).data source query"/>
    <testcase name="prev method gets the previous page" time="0" classname="Chrome 32.0.1700 (Mac OS X 10.9.1).data source query"/>
    <testcase name="prev method does nothing if no previous page" time="0.001" classname="Chrome 32.0.1700 (Mac OS X 10.9.1).data source query"/>
    <testcase name="prev method gets the previous page from server" time="0.001" classname="Chrome 32.0.1700 (Mac OS X 10.9.1).data source query"/>
    <testcase name="prev method does nothing if pageSize is not defined (remote transport)" time="0" classname="Chrome 32.0.1700 (Mac OS X 10.9.1).data source query"/>
    <testcase name="prev method does nothing (local transport)" time="0.001" classname="Chrome 32.0.1700 (Mac OS X 10.9.1).data source query"/>
    <testcase name="prev does not page if no previous page (remote transport)" time="0" classname="Chrome 32.0.1700 (Mac OS X 10.9.1).data source query"/>
    <testcase name="prev method accepts parameters" time="0.001" classname="Chrome 32.0.1700 (Mac OS X 10.9.1).data source query"/>
    <testcase name="prev method overrides passed page parameter" time="0" classname="Chrome 32.0.1700 (Mac OS X 10.9.1).data source query"/>
    <testcase name="page should page and persist settings applied through the constructor" time="0.002" classname="Chrome 32.0.1700 (Mac OS X 10.9.1).data source query"/>
    <testcase name="page with no pageSize set should return all data" time="0" classname="Chrome 32.0.1700 (Mac OS X 10.9.1).data source query"/>
    <testcase name="page cannot be set to value greater than the totalPages" time="0.001" classname="Chrome 32.0.1700 (Mac OS X 10.9.1).data source query"/>
    <testcase name="page cannot be set to value lower than the first page" time="0" classname="Chrome 32.0.1700 (Mac OS X 10.9.1).data source query"/>
    <testcase name="pageSize should take given number of items" time="0.001" classname="Chrome 32.0.1700 (Mac OS X 10.9.1).data source query"/>
    <testcase name="data is populated if query is called without call to read" time="0" classname="Chrome 32.0.1700 (Mac OS X 10.9.1).data source query"/>
    <testcase name="query triggers change event when called without read" time="0.001" classname="Chrome 32.0.1700 (Mac OS X 10.9.1).data source query"/>
    <testcase name="total is populated if query is called without call to read" time="0" classname="Chrome 32.0.1700 (Mac OS X 10.9.1).data source query"/>
    <testcase name="query should filter if filter is set" time="0.001" classname="Chrome 32.0.1700 (Mac OS X 10.9.1).data source query"/>
    <testcase name="filter first page is shown" time="0.001" classname="Chrome 32.0.1700 (Mac OS X 10.9.1).data source query"/>
    <testcase name="filter operators are normalized" time="0" classname="Chrome 32.0.1700 (Mac OS X 10.9.1).data source query"/>
    <testcase name="query should update the total if filtering is enabled" time="0.001" classname="Chrome 32.0.1700 (Mac OS X 10.9.1).data source query"/>
    <testcase name="query does not filter data if serverFiltering = true" time="0.067" classname="Chrome 32.0.1700 (Mac OS X 10.9.1).data source query"/>
    <testcase name="cancelChanges refresh the total if serverpaging is enabled" time="0.001" classname="Chrome 32.0.1700 (Mac OS X 10.9.1).data source query"/>
    <testcase name="cancelChanges refresh the total if bound to an observablearray" time="0" classname="Chrome 32.0.1700 (Mac OS X 10.9.1).data source query"/>
    <testcase name="cancelChanges refresh the total if serverpaging is enabled and grouping is applied" time="0.001" classname="Chrome 32.0.1700 (Mac OS X 10.9.1).data source query"/>
    <testcase name="paging is after filtering" time="0.002" classname="Chrome 32.0.1700 (Mac OS X 10.9.1).data source query"/>
    <testcase name="query sets filter when array is passed" time="0.001" classname="Chrome 32.0.1700 (Mac OS X 10.9.1).data source query"/>
    <testcase name="query sets filter" time="0" classname="Chrome 32.0.1700 (Mac OS X 10.9.1).data source query"/>
    <testcase name="query removes filter expression from the state if not passed" time="0.001" classname="Chrome 32.0.1700 (Mac OS X 10.9.1).data source query"/>
    <testcase name="filtering though filter method" time="0" classname="Chrome 32.0.1700 (Mac OS X 10.9.1).data source query"/>
    <testcase name="query grouping should group data if set" time="0.001" classname="Chrome 32.0.1700 (Mac OS X 10.9.1).data source query"/>
    <testcase name="query does not group data if serverGrouping is true" time="0.067" classname="Chrome 32.0.1700 (Mac OS X 10.9.1).data source query"/>
    <testcase name="group with paging" time="0" classname="Chrome 32.0.1700 (Mac OS X 10.9.1).data source query"/>
    <testcase name="query sets group when single group is passed" time="0" classname="Chrome 32.0.1700 (Mac OS X 10.9.1).data source query"/>
    <testcase name="query removes group expression from the state if not passed" time="0.001" classname="Chrome 32.0.1700 (Mac OS X 10.9.1).data source query"/>
    <testcase name="group should group data if set" time="0" classname="Chrome 32.0.1700 (Mac OS X 10.9.1).data source query"/>
    <testcase name="group aggregates should be calcualted if paging is enabled" time="0.001" classname="Chrome 32.0.1700 (Mac OS X 10.9.1).data source query"/>
    <testcase name="group with sorting order is applied" time="0.001" classname="Chrome 32.0.1700 (Mac OS X 10.9.1).data source query"/>
    <testcase name="aggregate should be calculated if defined" time="0.001" classname="Chrome 32.0.1700 (Mac OS X 10.9.1).data source query"/>
    <testcase name="query aggregate should be calculated if defined" time="0" classname="Chrome 32.0.1700 (Mac OS X 10.9.1).data source query"/>
    <testcase name="query removes aggregates from the state if not passed" time="0.001" classname="Chrome 32.0.1700 (Mac OS X 10.9.1).data source query"/>
    <testcase name="query does not aggregate data if serverAggregate is true" time="0.067" classname="Chrome 32.0.1700 (Mac OS X 10.9.1).data source query"/>
    <testcase name="query does pass additional options to the transport" time="0.001" classname="Chrome 32.0.1700 (Mac OS X 10.9.1).data source query"/>
    <testcase name="query uses skip and take" time="0" classname="Chrome 32.0.1700 (Mac OS X 10.9.1).data source query"/>
    <testcase name="skip return skipped items for given page and pageSize" time="0.001" classname="Chrome 32.0.1700 (Mac OS X 10.9.1).data source query"/>
    <testcase name="skip return value set through query" time="0" classname="Chrome 32.0.1700 (Mac OS X 10.9.1).data source query"/>
    <testcase name="take return pageSize is not set" time="0.001" classname="Chrome 32.0.1700 (Mac OS X 10.9.1).data source query"/>
    <testcase name="take return take set through query" time="0.001" classname="Chrome 32.0.1700 (Mac OS X 10.9.1).data source query"/>
    <testcase name="query raised requestStart" time="0" classname="Chrome 32.0.1700 (Mac OS X 10.9.1).data source query"/>
    <testcase name="query raised progress event" time="0.001" classname="Chrome 32.0.1700 (Mac OS X 10.9.1).data source query"/>
    <testcase name="read raised requestStart" time="0" classname="Chrome 32.0.1700 (Mac OS X 10.9.1).data source query"/>
    <testcase name="read raised progress" time="0" classname="Chrome 32.0.1700 (Mac OS X 10.9.1).data source query"/>
    <testcase name="canceling requestStart prevents read" time="0.001" classname="Chrome 32.0.1700 (Mac OS X 10.9.1).data source query"/>
    <testcase name="canceling requestStart does not block subsequent reads" time="0" classname="Chrome 32.0.1700 (Mac OS X 10.9.1).data source query"/>
    <testcase name="canceling requestStart from read does not modify datasource state" time="0.001" classname="Chrome 32.0.1700 (Mac OS X 10.9.1).data source query"/>
    <testcase name="canceling requestStart prevents query" time="0" classname="Chrome 32.0.1700 (Mac OS X 10.9.1).data source query"/>
    <testcase name="canceling requestStart on query does not modify the datasource state" time="0.001" classname="Chrome 32.0.1700 (Mac OS X 10.9.1).data source query"/>
    <testcase name="query raised requestEnd" time="0" classname="Chrome 32.0.1700 (Mac OS X 10.9.1).data source query"/>
    <testcase name="fetch persists dataSource options" time="0" classname="Chrome 32.0.1700 (Mac OS X 10.9.1).data source query"/>
    <testcase name="fetch triggers change event" time="0.001" classname="Chrome 32.0.1700 (Mac OS X 10.9.1).data source query"/>
    <testcase name="fetch calls supplied callback only once on multiple fetches" time="0.001" classname="Chrome 32.0.1700 (Mac OS X 10.9.1).data source query"/>
    <testcase name="paging with custom schema" time="0" classname="Chrome 32.0.1700 (Mac OS X 10.9.1).data source query"/>
    <testcase name="removing model re-calculate the total" time="0.001" classname="Chrome 32.0.1700 (Mac OS X 10.9.1).data source query"/>
    <testcase name="adding model re-calculate the total" time="0.001" classname="Chrome 32.0.1700 (Mac OS X 10.9.1).data source query"/>
    <testcase name="pushing multiple records to the observable array updates the total" time="0" classname="Chrome 32.0.1700 (Mac OS X 10.9.1).data source query"/>
    <testcase name="pushing multiple records to the observable array updates the total - total is string" time="0.001" classname="Chrome 32.0.1700 (Mac OS X 10.9.1).data source query"/>
    <testcase name="adding multiple records to the observable array updates the total" time="0.001" classname="Chrome 32.0.1700 (Mac OS X 10.9.1).data source query"/>
    <testcase name="removing multiple records from the observable array updates the total" time="0.001" classname="Chrome 32.0.1700 (Mac OS X 10.9.1).data source query"/>
    <testcase name="total is calculated on initially empty DataSource" time="0" classname="Chrome 32.0.1700 (Mac OS X 10.9.1).data source query"/>
    <testcase name="modify model re-calculate the total" time="0.001" classname="Chrome 32.0.1700 (Mac OS X 10.9.1).data source query"/>
    <testcase name="cancelChanges re-calculates the total" time="0.001" classname="Chrome 32.0.1700 (Mac OS X 10.9.1).data source query"/>
    <testcase name="cancelChanges without arguments re-calculates the total" time="0.001" classname="Chrome 32.0.1700 (Mac OS X 10.9.1).data source query"/>
    <testcase name="sync with serverPaging re-calculates the total" time="0.004" classname="Chrome 32.0.1700 (Mac OS X 10.9.1).data source query"/>
    <testcase name="query with local transport calculates total" time="0.001" classname="Chrome 32.0.1700 (Mac OS X 10.9.1).data source query"/>
    <testcase name="sync after remove calculates total" time="0.001" classname="Chrome 32.0.1700 (Mac OS X 10.9.1).data source query"/>
    <testcase name="query does not call transport if all items are deleted and server operations are disabled" time="0" classname="Chrome 32.0.1700 (Mac OS X 10.9.1).data source query"/>
    <testcase name="query calls transport if all items are deleted and server operations are enabled" time="0.001" classname="Chrome 32.0.1700 (Mac OS X 10.9.1).data source query"/>
    <testcase name="fetch returns a promise" time="0.001" classname="Chrome 32.0.1700 (Mac OS X 10.9.1).data source query"/>
    <testcase name="change event resolves the promise when bound to local array" time="0.001" classname="Chrome 32.0.1700 (Mac OS X 10.9.1).data source query"/>
    <testcase name="custom transport resolves the promess when the success method is called" time="0.019" classname="Chrome 32.0.1700 (Mac OS X 10.9.1).data source query"/>
    <testcase name="custom transport fails the promess when the error method is called" time="0.018" classname="Chrome 32.0.1700 (Mac OS X 10.9.1).data source query"/>
    <testcase name="prefetch projects request parameters" time="0.001" classname="Chrome 32.0.1700 (Mac OS X 10.9.1).data source ranges"/>
    <testcase name="inrange returns true if available" time="0.001" classname="Chrome 32.0.1700 (Mac OS X 10.9.1).data source ranges"/>
    <testcase name="prefetch gets data for given range" time="0.001" classname="Chrome 32.0.1700 (Mac OS X 10.9.1).data source ranges"/>
    <testcase name="prefetched data is converted to ObservableArray" time="0" classname="Chrome 32.0.1700 (Mac OS X 10.9.1).data source ranges"/>
    <testcase name="prefetch multiple calls for same range does not retrieve data multiple times" time="0.001" classname="Chrome 32.0.1700 (Mac OS X 10.9.1).data source ranges"/>
    <testcase name="prefetch retrieves different ranges" time="0" classname="Chrome 32.0.1700 (Mac OS X 10.9.1).data source ranges"/>
    <testcase name="prefetch raises requestEnd" time="0.001" classname="Chrome 32.0.1700 (Mac OS X 10.9.1).data source ranges"/>
    <testcase name="prefetch raises requestStart" time="0" classname="Chrome 32.0.1700 (Mac OS X 10.9.1).data source ranges"/>
    <testcase name="prefetch cancelling requestStart does not block subsequent requests" time="0.001" classname="Chrome 32.0.1700 (Mac OS X 10.9.1).data source ranges"/>
    <testcase name="inRange returns true if skip is within range" time="0" classname="Chrome 32.0.1700 (Mac OS X 10.9.1).data source ranges"/>
    <testcase name="inRange returns true if start is more than one" time="0.001" classname="Chrome 32.0.1700 (Mac OS X 10.9.1).data source ranges"/>
    <testcase name="inRange returns false if skip is in range but take is not" time="0" classname="Chrome 32.0.1700 (Mac OS X 10.9.1).data source ranges"/>
    <testcase name="inRange returns false if skip and take are in range but prefetched data is missing" time="0.001" classname="Chrome 32.0.1700 (Mac OS X 10.9.1).data source ranges"/>
    <testcase name="ranges are sorted by start" time="0.001" classname="Chrome 32.0.1700 (Mac OS X 10.9.1).data source ranges"/>
    <testcase name="prefetch end of range is correctly set when returned data is less than page size" time="0.001" classname="Chrome 32.0.1700 (Mac OS X 10.9.1).data source ranges"/>
    <testcase name="prefetch does not create new range if existing sub range is requested" time="0.001" classname="Chrome 32.0.1700 (Mac OS X 10.9.1).data source ranges"/>
    <testcase name="range if range exists transport is not called" time="0.001" classname="Chrome 32.0.1700 (Mac OS X 10.9.1).data source ranges"/>
    <testcase name="range if range does not exist transport is called" time="0.001" classname="Chrome 32.0.1700 (Mac OS X 10.9.1).data source ranges"/>
    <testcase name="change is raised when range is prefetched" time="0" classname="Chrome 32.0.1700 (Mac OS X 10.9.1).data source ranges"/>
    <testcase name="change is raised when range is not" time="0.001" classname="Chrome 32.0.1700 (Mac OS X 10.9.1).data source ranges"/>
    <testcase name="inRange return false if skip is below available range" time="0.001" classname="Chrome 32.0.1700 (Mac OS X 10.9.1).data source ranges"/>
    <testcase name="range calls transport if skip is below available range" time="0.001" classname="Chrome 32.0.1700 (Mac OS X 10.9.1).data source ranges"/>
    <testcase name="range fetches range accross multiple prefech ranges" time="0.001" classname="Chrome 32.0.1700 (Mac OS X 10.9.1).data source ranges"/>
    <testcase name="range fetches range accross multiple overlapping prefech ranges" time="0.001" classname="Chrome 32.0.1700 (Mac OS X 10.9.1).data source ranges"/>
    <testcase name="range fetches range accross multiple overlapping prefech ranges 2" time="0.001" classname="Chrome 32.0.1700 (Mac OS X 10.9.1).data source ranges"/>
    <testcase name="range fetches range accross multiple overlapping not prefeched ranges transport is called two times" time="0.001" classname="Chrome 32.0.1700 (Mac OS X 10.9.1).data source ranges"/>
    <testcase name="inRange returns false if not the entire range is available" time="0.001" classname="Chrome 32.0.1700 (Mac OS X 10.9.1).data source ranges"/>
    <testcase name="read adds result as range" time="0.001" classname="Chrome 32.0.1700 (Mac OS X 10.9.1).data source ranges"/>
    <testcase name="data adds result as range" time="0" classname="Chrome 32.0.1700 (Mac OS X 10.9.1).data source ranges"/>
    <testcase name="read clear previous ranges" time="0.002" classname="Chrome 32.0.1700 (Mac OS X 10.9.1).data source ranges"/>
    <testcase name="range page given number of items from index" time="0.001" classname="Chrome 32.0.1700 (Mac OS X 10.9.1).data source ranges"/>
    <testcase name="range if index undefined set to zero" time="0.001" classname="Chrome 32.0.1700 (Mac OS X 10.9.1).data source ranges"/>
    <testcase name="range if count is undefined return all data" time="0.001" classname="Chrome 32.0.1700 (Mac OS X 10.9.1).data source ranges"/>
    <testcase name="range fetches range accross pages where last page is partial" time="0.001" classname="Chrome 32.0.1700 (Mac OS X 10.9.1).data source ranges"/>
    <testcase name="range fetch range accross multiple pages where second page is already fetched" time="0.002" classname="Chrome 32.0.1700 (Mac OS X 10.9.1).data source ranges"/>
    <testcase name="prefetch multiple request to the last not full page does not add multiple ranges" time="0" classname="Chrome 32.0.1700 (Mac OS X 10.9.1).data source ranges"/>
    <testcase name="range set skip to the beginning of the second requested page if multi page range is requested" time="0.003" classname="Chrome 32.0.1700 (Mac OS X 10.9.1).data source ranges"/>
    <testcase name="range set skip to the beginning of the first requested page if multi page range is requested and pages are before current page" time="0.003" classname="Chrome 32.0.1700 (Mac OS X 10.9.1).data source ranges"/>
    <testcase name="range set skip to requested page begining" time="0.002" classname="Chrome 32.0.1700 (Mac OS X 10.9.1).data source ranges"/>
    <testcase name="range set skip request for range starting on the last page and beyond" time="0.002" classname="Chrome 32.0.1700 (Mac OS X 10.9.1).data source ranges"/>
    <testcase name="range set skip request for the last page which is not full" time="0.001" classname="Chrome 32.0.1700 (Mac OS X 10.9.1).data source ranges"/>
    <testcase name="range set skip part of the first page and current page is before the end of the range" time="0.002" classname="Chrome 32.0.1700 (Mac OS X 10.9.1).data source ranges"/>
    <testcase name="range set skip part of the first page and current page is after" time="0.002" classname="Chrome 32.0.1700 (Mac OS X 10.9.1).data source ranges"/>
    <testcase name="range does not reset the actual dataSource data when local transport is used" time="0.001" classname="Chrome 32.0.1700 (Mac OS X 10.9.1).data source ranges"/>
    <testcase name="range set data and view when remote transport is used" time="0.001" classname="Chrome 32.0.1700 (Mac OS X 10.9.1).data source ranges"/>
    <testcase name="range from sorted local data is with the correct order" time="0.001" classname="Chrome 32.0.1700 (Mac OS X 10.9.1).data source ranges"/>
    <testcase name="range from grouped and sorted local data is with the correct order" time="0.001" classname="Chrome 32.0.1700 (Mac OS X 10.9.1).data source ranges"/>
    <testcase name="initial order is preserved after unsorting a range with local data" time="0.001" classname="Chrome 32.0.1700 (Mac OS X 10.9.1).data source ranges"/>
    <testcase name="range from filtered local data is with the correct" time="0.001" classname="Chrome 32.0.1700 (Mac OS X 10.9.1).data source ranges"/>
    <testcase name="range server return total less results" time="0.001" classname="Chrome 32.0.1700 (Mac OS X 10.9.1).data source ranges"/>
    <testcase name="range total is change during the request" time="0.001" classname="Chrome 32.0.1700 (Mac OS X 10.9.1).data source ranges"/>
    <testcase name="range total is updated" time="0.001" classname="Chrome 32.0.1700 (Mac OS X 10.9.1).data source ranges"/>
    <testcase name="range data is same as the range if remote paging is enabled" time="0.001" classname="Chrome 32.0.1700 (Mac OS X 10.9.1).data source ranges"/>
    <testcase name="getByUid returns the item after remote range from a diffrent page is retrieved" time="0" classname="Chrome 32.0.1700 (Mac OS X 10.9.1).data source ranges"/>
    <testcase name="getByUid returns the item after local range from a diffrent page is retrieved" time="0.001" classname="Chrome 32.0.1700 (Mac OS X 10.9.1).data source ranges"/>
    <testcase name="range with server grouping" time="0.002" classname="Chrome 32.0.1700 (Mac OS X 10.9.1).data source ranges"/>
    <testcase name="range with server grouping ranges are not modfied" time="0.002" classname="Chrome 32.0.1700 (Mac OS X 10.9.1).data source ranges"/>
    <testcase name="mergeGroup returns a subset of the data" time="0.001" classname="Chrome 32.0.1700 (Mac OS X 10.9.1).data source ranges"/>
    <testcase name="mergeGroup returns a subset of the data if range is of multiple groups skipping the last group data if not required" time="0.001" classname="Chrome 32.0.1700 (Mac OS X 10.9.1).data source ranges"/>
    <testcase name="mergeGroup skips more than one group" time="0.009" classname="Chrome 32.0.1700 (Mac OS X 10.9.1).data source ranges"/>
    <testcase name="mergeGroup returns a subset of the data if range is of multiple groups" time="0.001" classname="Chrome 32.0.1700 (Mac OS X 10.9.1).data source ranges"/>
    <testcase name="mergeGroup returns a subset of the data if range is of multiple groups skiping the first groups" time="0.001" classname="Chrome 32.0.1700 (Mac OS X 10.9.1).data source ranges"/>
    <testcase name="mergeGroup merges group with previous data" time="0" classname="Chrome 32.0.1700 (Mac OS X 10.9.1).data source ranges"/>
    <testcase name="mergeGroup merges group with previous data and skips" time="0.001" classname="Chrome 32.0.1700 (Mac OS X 10.9.1).data source ranges"/>
    <testcase name="mergeGroup merges group with previous data and skips" time="0.001" classname="Chrome 32.0.1700 (Mac OS X 10.9.1).data source ranges"/>
    <testcase name="mergeGroup merges group with previous data if from the same group" time="0" classname="Chrome 32.0.1700 (Mac OS X 10.9.1).data source ranges"/>
    <testcase name="mergeGroup merges group with previous data if from the same group with nested groups" time="0.001" classname="Chrome 32.0.1700 (Mac OS X 10.9.1).data source ranges"/>
    <testcase name="mergeGroup merges group with previous data if from the same group and multi group range" time="0.001" classname="Chrome 32.0.1700 (Mac OS X 10.9.1).data source ranges"/>
    <testcase name="mergeGroup merges group with nested groups" time="0" classname="Chrome 32.0.1700 (Mac OS X 10.9.1).data source ranges"/>
    <testcase name="mergeGroup merges group with two levels of nested groups" time="0.001" classname="Chrome 32.0.1700 (Mac OS X 10.9.1).data source ranges"/>
    <testcase name="range returns requested size when one group is in multiple ranges" time="0.001" classname="Chrome 32.0.1700 (Mac OS X 10.9.1).data source ranges"/>
    <testcase name="reads data through transport" time="0" classname="Chrome 32.0.1700 (Mac OS X 10.9.1).data source read"/>
    <testcase name="reads data" time="0.001" classname="Chrome 32.0.1700 (Mac OS X 10.9.1).data source read"/>
    <testcase name="read triggers load event" time="0.001" classname="Chrome 32.0.1700 (Mac OS X 10.9.1).data source read"/>
    <testcase name="Changes to the raw data in requestEnd event does take effect" time="0" classname="Chrome 32.0.1700 (Mac OS X 10.9.1).data source read"/>
    <testcase name="read triggers the requestEnd event passing the raw data" time="0" classname="Chrome 32.0.1700 (Mac OS X 10.9.1).data source read"/>
    <testcase name="read triggers the requestEnd event passing operation type" time="0.001" classname="Chrome 32.0.1700 (Mac OS X 10.9.1).data source read"/>
    <testcase name="read triggers the requestEnd event if custom error is present" time="0" classname="Chrome 32.0.1700 (Mac OS X 10.9.1).data source read"/>
    <testcase name="read triggers the requestEnd event if request errors" time="0.001" classname="Chrome 32.0.1700 (Mac OS X 10.9.1).data source read"/>
    <testcase name="read raises the change event" time="0" classname="Chrome 32.0.1700 (Mac OS X 10.9.1).data source read"/>
    <testcase name="data is initially empty" time="0" classname="Chrome 32.0.1700 (Mac OS X 10.9.1).data source read"/>
    <testcase name="view is initially empty" time="0" classname="Chrome 32.0.1700 (Mac OS X 10.9.1).data source read"/>
    <testcase name="read sorts if sort is set" time="0.001" classname="Chrome 32.0.1700 (Mac OS X 10.9.1).data source read"/>
    <testcase name="read pages if pageSize is set" time="0" classname="Chrome 32.0.1700 (Mac OS X 10.9.1).data source read"/>
    <testcase name="read does not page if pageSize is set and serverPaging = true" time="0.001" classname="Chrome 32.0.1700 (Mac OS X 10.9.1).data source read"/>
    <testcase name="read does not sort if sort is set and serverSorting = true" time="0" classname="Chrome 32.0.1700 (Mac OS X 10.9.1).data source read"/>
    <testcase name="read calls schema set through constructor" time="0.001" classname="Chrome 32.0.1700 (Mac OS X 10.9.1).data source read"/>
    <testcase name="read reads item total count" time="0" classname="Chrome 32.0.1700 (Mac OS X 10.9.1).data source read"/>
    <testcase name="read reads total through function passed in constructor" time="0.001" classname="Chrome 32.0.1700 (Mac OS X 10.9.1).data source read"/>
    <testcase name="error event is raised if transport fails loading data" time="0.066" classname="Chrome 32.0.1700 (Mac OS X 10.9.1).data source read"/>
    <testcase name="error event is raised if custom schema error returns non empty object" time="0.001" classname="Chrome 32.0.1700 (Mac OS X 10.9.1).data source read"/>
    <testcase name="request is executed after custom schema error is called" time="0" classname="Chrome 32.0.1700 (Mac OS X 10.9.1).data source read"/>
    <testcase name="error event is raised if custom schema error function returns non empty object" time="0.001" classname="Chrome 32.0.1700 (Mac OS X 10.9.1).data source read"/>
    <testcase name="error event is raised if schema error returns non empty object" time="0.001" classname="Chrome 32.0.1700 (Mac OS X 10.9.1).data source read"/>
    <testcase name="dequeue the request if transport fails to load data" time="0.065" classname="Chrome 32.0.1700 (Mac OS X 10.9.1).data source read"/>
    <testcase name="url as a function" time="0.001" classname="Chrome 32.0.1700 (Mac OS X 10.9.1).data source read"/>
    <testcase name="transport data is passed to url when it is a function" time="0.001" classname="Chrome 32.0.1700 (Mac OS X 10.9.1).data source read"/>
    <testcase name="read filters if filter is set" time="0" classname="Chrome 32.0.1700 (Mac OS X 10.9.1).data source read"/>
    <testcase name="read does not filter if filter is set and serverFiltering = true" time="0" classname="Chrome 32.0.1700 (Mac OS X 10.9.1).data source read"/>
    <testcase name="read does not read data through group if grouping is applied" time="0.001" classname="Chrome 32.0.1700 (Mac OS X 10.9.1).data source read"/>
    <testcase name="read group expression are passed to the transport" time="0" classname="Chrome 32.0.1700 (Mac OS X 10.9.1).data source read"/>
    <testcase name="read aggregates expression are passed to the transport" time="0.001" classname="Chrome 32.0.1700 (Mac OS X 10.9.1).data source read"/>
    <testcase name="mutiple simultaneous requests are queued" time="0" classname="Chrome 32.0.1700 (Mac OS X 10.9.1).data source read"/>
    <testcase name="mutiple simultaneous requests are queued and only last one is executed" time="0.001" classname="Chrome 32.0.1700 (Mac OS X 10.9.1).data source read"/>
    <testcase name="requests are dequeued after change event" time="0" classname="Chrome 32.0.1700 (Mac OS X 10.9.1).data source read"/>
    <testcase name="setting data should trigger change event" time="0.001" classname="Chrome 32.0.1700 (Mac OS X 10.9.1).data source read"/>
    <testcase name="setting data updates the total" time="0" classname="Chrome 32.0.1700 (Mac OS X 10.9.1).data source read"/>
    <testcase name="setting data persist the total after query" time="0.001" classname="Chrome 32.0.1700 (Mac OS X 10.9.1).data source read"/>
    <testcase name="setting data persist the total after query with initial data" time="0" classname="Chrome 32.0.1700 (Mac OS X 10.9.1).data source read"/>
    <testcase name="setting data should updates the dataSource data" time="0.001" classname="Chrome 32.0.1700 (Mac OS X 10.9.1).data source read"/>
    <testcase name="pristine data is not change if data is modified" time="0" classname="Chrome 32.0.1700 (Mac OS X 10.9.1).data source read"/>
    <testcase name="paging info is not passed to the transport if serverpaging is false" time="0.001" classname="Chrome 32.0.1700 (Mac OS X 10.9.1).data source read"/>
    <testcase name="filter info is not passed to the transport if serverfiltering is false" time="0" classname="Chrome 32.0.1700 (Mac OS X 10.9.1).data source read"/>
    <testcase name="sort info is not passed to the transport if serversorting is false" time="0.001" classname="Chrome 32.0.1700 (Mac OS X 10.9.1).data source read"/>
    <testcase name="aggregate info is not passed to the transport if serveraggregates is false" time="0" classname="Chrome 32.0.1700 (Mac OS X 10.9.1).data source read"/>
    <testcase name="group info is not passed to the transport if servergrouping is false" time="0.001" classname="Chrome 32.0.1700 (Mac OS X 10.9.1).data source read"/>
    <testcase name="sync updates the fields of created model from array server response" time="0.001" classname="Chrome 32.0.1700 (Mac OS X 10.9.1).data source sync response"/>
    <testcase name="sync updates the fields of updated model from array server response" time="0.001" classname="Chrome 32.0.1700 (Mac OS X 10.9.1).data source sync response"/>
    <testcase name="sync updates data from server response" time="0.001" classname="Chrome 32.0.1700 (Mac OS X 10.9.1).data source sync response"/>
    <testcase name="sync updates data if server response without content" time="0.001" classname="Chrome 32.0.1700 (Mac OS X 10.9.1).data source sync response"/>
    <testcase name="sync updates pristine data if server response is empty object" time="0.001" classname="Chrome 32.0.1700 (Mac OS X 10.9.1).data source sync response"/>
    <testcase name="sync updates pristine data for array property" time="0.002" classname="Chrome 32.0.1700 (Mac OS X 10.9.1).data source sync response"/>
    <testcase name="sync updates the fields of created model from single object server response" time="0.001" classname="Chrome 32.0.1700 (Mac OS X 10.9.1).data source sync response"/>
    <testcase name="sync updates the fields of updated model from single object server response" time="0.002" classname="Chrome 32.0.1700 (Mac OS X 10.9.1).data source sync response"/>
    <testcase name="sync merges created model data with server response" time="0" classname="Chrome 32.0.1700 (Mac OS X 10.9.1).data source sync response"/>
    <testcase name="sync merges updated model data with server response" time="0.001" classname="Chrome 32.0.1700 (Mac OS X 10.9.1).data source sync response"/>
    <testcase name="sync updates created model when response is empty" time="0.001" classname="Chrome 32.0.1700 (Mac OS X 10.9.1).data source sync response"/>
    <testcase name="sync updates the state of updated model when response is empty" time="0.001" classname="Chrome 32.0.1700 (Mac OS X 10.9.1).data source sync response"/>
    <testcase name="sync updates all created models with server response" time="0.001" classname="Chrome 32.0.1700 (Mac OS X 10.9.1).data source sync response"/>
    <testcase name="sync updates all updated models with server response" time="0.001" classname="Chrome 32.0.1700 (Mac OS X 10.9.1).data source sync response"/>
    <testcase name="sync updates all created models with server response when batch is true and incomplete response" time="0.001" classname="Chrome 32.0.1700 (Mac OS X 10.9.1).data source sync response"/>
    <testcase name="sync updates all created models with server response when batch is true" time="0.001" classname="Chrome 32.0.1700 (Mac OS X 10.9.1).data source sync response"/>
    <testcase name="sync updates all updated models with server response when batch is true" time="0.001" classname="Chrome 32.0.1700 (Mac OS X 10.9.1).data source sync response"/>
    <testcase name="created models are no longer new after sync" time="0" classname="Chrome 32.0.1700 (Mac OS X 10.9.1).data source sync response"/>
    <testcase name="created model has no changes after sync" time="0.001" classname="Chrome 32.0.1700 (Mac OS X 10.9.1).data source sync response"/>
    <testcase name="updated model has no changes after sync" time="0.001" classname="Chrome 32.0.1700 (Mac OS X 10.9.1).data source sync response"/>
    <testcase name="sync clears destroyed models" time="0.001" classname="Chrome 32.0.1700 (Mac OS X 10.9.1).data source sync response"/>
    <testcase name="sync uses the parse method of the reader" time="0.001" classname="Chrome 32.0.1700 (Mac OS X 10.9.1).data source sync response"/>
    <testcase name="sync uses the data method of the reader" time="0.001" classname="Chrome 32.0.1700 (Mac OS X 10.9.1).data source sync response"/>
    <testcase name="sync raises requestEnd event" time="0.001" classname="Chrome 32.0.1700 (Mac OS X 10.9.1).data source sync response"/>
    <testcase name="sync raises change event after delete" time="0.002" classname="Chrome 32.0.1700 (Mac OS X 10.9.1).data source sync response"/>
    <testcase name="sync raises sync event after delete attached through the constructor" time="0.001" classname="Chrome 32.0.1700 (Mac OS X 10.9.1).data source sync response"/>
    <testcase name="sync raises sync event after delete" time="0.001" classname="Chrome 32.0.1700 (Mac OS X 10.9.1).data source sync response"/>
    <testcase name="sync raises sync event after update attached through the constructor" time="0.002" classname="Chrome 32.0.1700 (Mac OS X 10.9.1).data source sync response"/>
    <testcase name="sync raises sync event after update" time="0.002" classname="Chrome 32.0.1700 (Mac OS X 10.9.1).data source sync response"/>
    <testcase name="sync raises sync event after create attached through the constructor" time="0.001" classname="Chrome 32.0.1700 (Mac OS X 10.9.1).data source sync response"/>
    <testcase name="sync raises sync event after create" time="0.002" classname="Chrome 32.0.1700 (Mac OS X 10.9.1).data source sync response"/>
    <testcase name="sync raises change event after create" time="0.001" classname="Chrome 32.0.1700 (Mac OS X 10.9.1).data source sync response"/>
    <testcase name="sync raises change event after update" time="0.001" classname="Chrome 32.0.1700 (Mac OS X 10.9.1).data source sync response"/>
    <testcase name="get returns new models after sync" time="0" classname="Chrome 32.0.1700 (Mac OS X 10.9.1).data source sync response"/>
    <testcase name="cancelChanges does not remove the added models after sync" time="0" classname="Chrome 32.0.1700 (Mac OS X 10.9.1).data source sync response"/>
    <testcase name="cancelChanges does not remove the added models after sync" time="0.001" classname="Chrome 32.0.1700 (Mac OS X 10.9.1).data source sync response"/>
    <testcase name="cancelChanges does not revert the updated models after sync when Model has fields defined" time="0.002" classname="Chrome 32.0.1700 (Mac OS X 10.9.1).data source sync response"/>
    <testcase name="cancelChanges does not revert the deleted models after sync" time="0.001" classname="Chrome 32.0.1700 (Mac OS X 10.9.1).data source sync response"/>
    <testcase name="sync response data as array is converted if model types are set" time="0.001" classname="Chrome 32.0.1700 (Mac OS X 10.9.1).data source sync response"/>
    <testcase name="sync response data as object is converted if model types are set" time="0.001" classname="Chrome 32.0.1700 (Mac OS X 10.9.1).data source sync response"/>
    <testcase name="destroy sync null response" time="0.002" classname="Chrome 32.0.1700 (Mac OS X 10.9.1).data source sync response"/>
    <testcase name="deleted items are not synced after changes are reverted" time="0" classname="Chrome 32.0.1700 (Mac OS X 10.9.1).data source sync response"/>
    <testcase name="deleted items are synced after other record changes are reverted" time="0.001" classname="Chrome 32.0.1700 (Mac OS X 10.9.1).data source sync response"/>
    <testcase name="error event is raised if custom errors are returned" time="0.002" classname="Chrome 32.0.1700 (Mac OS X 10.9.1).data source sync response"/>
    <testcase name="sync updates the pristine data with server grouping" time="0.001" classname="Chrome 32.0.1700 (Mac OS X 10.9.1).data source sync response"/>
    <testcase name="sync update the pristine data with created items if server grouping" time="0.002" classname="Chrome 32.0.1700 (Mac OS X 10.9.1).data source sync response"/>
    <testcase name="nested object are observable after sync" time="0.001" classname="Chrome 32.0.1700 (Mac OS X 10.9.1).data source sync response"/>
    <testcase name="sync updates the pristine data with plain objects" time="0.001" classname="Chrome 32.0.1700 (Mac OS X 10.9.1).data source sync response"/>
    <testcase name="sync model custom field mapping is persisted after sync with empty response" time="0.002" classname="Chrome 32.0.1700 (Mac OS X 10.9.1).data source sync response"/>
    <testcase name="change is raised after new model is added to the set" time="0" classname="Chrome 32.0.1700 (Mac OS X 10.9.1).data source sync"/>
    <testcase name="change is raised after model is deleted from the set" time="0" classname="Chrome 32.0.1700 (Mac OS X 10.9.1).data source sync"/>
    <testcase name="data is processed after model changes are reverted" time="0.001" classname="Chrome 32.0.1700 (Mac OS X 10.9.1).data source sync"/>
    <testcase name="data is processed after model is added" time="0.001" classname="Chrome 32.0.1700 (Mac OS X 10.9.1).data source sync"/>
    <testcase name="add syncs when autoSync is true" time="0.001" classname="Chrome 32.0.1700 (Mac OS X 10.9.1).data source sync"/>
    <testcase name="remove syncs when autoSync is true" time="0.001" classname="Chrome 32.0.1700 (Mac OS X 10.9.1).data source sync"/>
    <testcase name="update syncs when autoSync is true" time="0.001" classname="Chrome 32.0.1700 (Mac OS X 10.9.1).data source sync"/>
    <testcase name="add does not sync when autoSync is false" time="0" classname="Chrome 32.0.1700 (Mac OS X 10.9.1).data source sync"/>
    <testcase name="remove does not sync when autoSync is false" time="0.001" classname="Chrome 32.0.1700 (Mac OS X 10.9.1).data source sync"/>
    <testcase name="sync calls the create method of the transport" time="0.001" classname="Chrome 32.0.1700 (Mac OS X 10.9.1).data source sync"/>
    <testcase name="sync does not call the create method of the transport if there are no new models" time="0" classname="Chrome 32.0.1700 (Mac OS X 10.9.1).data source sync"/>
    <testcase name="sync sends the data of the created model to the create method of the transport" time="0.001" classname="Chrome 32.0.1700 (Mac OS X 10.9.1).data source sync"/>
    <testcase name="sync sends the data of all created models to the create method of the transport" time="0.001" classname="Chrome 32.0.1700 (Mac OS X 10.9.1).data source sync"/>
    <testcase name="sync calls the update method of the transport if there are updated models" time="0.001" classname="Chrome 32.0.1700 (Mac OS X 10.9.1).data source sync"/>
    <testcase name="sync does not call the update method of the transport if there are no updated models" time="0.001" classname="Chrome 32.0.1700 (Mac OS X 10.9.1).data source sync"/>
    <testcase name="sync sends all updated models to the create method of the transport" time="0.008" classname="Chrome 32.0.1700 (Mac OS X 10.9.1).data source sync"/>
    <testcase name="sync calls the destroy method of the transport if there are destroyed models" time="0.002" classname="Chrome 32.0.1700 (Mac OS X 10.9.1).data source sync"/>
    <testcase name="sync calls schange after destroy" time="0.001" classname="Chrome 32.0.1700 (Mac OS X 10.9.1).data source sync"/>
    <testcase name="sync does not call the destroy method of the transport if a new model is destroyed" time="0.001" classname="Chrome 32.0.1700 (Mac OS X 10.9.1).data source sync"/>
    <testcase name="sync sends all destroyed models to the destroy method of the transport" time="0.001" classname="Chrome 32.0.1700 (Mac OS X 10.9.1).data source sync"/>
    <testcase name="sync does not send the automatically generated id of new models" time="0" classname="Chrome 32.0.1700 (Mac OS X 10.9.1).data source sync"/>
    <testcase name="sync does not send the automatically generated id of updated models" time="0.001" classname="Chrome 32.0.1700 (Mac OS X 10.9.1).data source sync"/>
    <testcase name="sync does not send the automatically generated id of destroyed models" time="0.001" classname="Chrome 32.0.1700 (Mac OS X 10.9.1).data source sync"/>
    <testcase name="sync calls the create method of the transport only once when batch is true" time="0.001" classname="Chrome 32.0.1700 (Mac OS X 10.9.1).data source sync"/>
    <testcase name="sync passes array of created models to transport when batch is true" time="0.001" classname="Chrome 32.0.1700 (Mac OS X 10.9.1).data source sync"/>
    <testcase name="sync does not send the uid of new models when batch is true" time="0.001" classname="Chrome 32.0.1700 (Mac OS X 10.9.1).data source sync"/>
    <testcase name="sync calls the update method of the transport only once when batch is true" time="0.002" classname="Chrome 32.0.1700 (Mac OS X 10.9.1).data source sync"/>
    <testcase name="sync passes array of updated models to transport when batch is true" time="0.002" classname="Chrome 32.0.1700 (Mac OS X 10.9.1).data source sync"/>
    <testcase name="sync does not send the uid of updated models when batch is true" time="0.001" classname="Chrome 32.0.1700 (Mac OS X 10.9.1).data source sync"/>
    <testcase name="sync calls the destroy method of the transport only once when batch is true" time="0.001" classname="Chrome 32.0.1700 (Mac OS X 10.9.1).data source sync"/>
    <testcase name="sync passes array of destroyed models to transport when batch is true" time="0.001" classname="Chrome 32.0.1700 (Mac OS X 10.9.1).data source sync"/>
    <testcase name="sync does not send the uid of destroyed models when batch is true" time="0.001" classname="Chrome 32.0.1700 (Mac OS X 10.9.1).data source sync"/>
    <testcase name="the updated data records are send to the if server grouping is enabled" time="0.001" classname="Chrome 32.0.1700 (Mac OS X 10.9.1).data source sync"/>
    <testcase name="the created data records are send to the if server grouping is enabled" time="0.001" classname="Chrome 32.0.1700 (Mac OS X 10.9.1).data source sync"/>
    <testcase name="the destroyed data records are send to the if server grouping is enabled" time="0.001" classname="Chrome 32.0.1700 (Mac OS X 10.9.1).data source sync"/>
    <testcase name="hasChanges returns true if model is updated" time="0.001" classname="Chrome 32.0.1700 (Mac OS X 10.9.1).data source sync"/>
    <testcase name="hasChanges returns false if no changes are made" time="0.001" classname="Chrome 32.0.1700 (Mac OS X 10.9.1).data source sync"/>
    <testcase name="hasChanges returns true if new model is added" time="0.001" classname="Chrome 32.0.1700 (Mac OS X 10.9.1).data source sync"/>
    <testcase name="hasChanges returns true if record is deleted" time="0" classname="Chrome 32.0.1700 (Mac OS X 10.9.1).data source sync"/>
    <testcase name="requestStart is called for each sync request" time="0.002" classname="Chrome 32.0.1700 (Mac OS X 10.9.1).data source sync"/>
    <testcase name="requestStart contains request type for create request" time="0.001" classname="Chrome 32.0.1700 (Mac OS X 10.9.1).data source sync"/>
    <testcase name="requestStart contains request type for read request" time="0.001" classname="Chrome 32.0.1700 (Mac OS X 10.9.1).data source sync"/>
    <testcase name="requestStart contains request type for update request" time="0.001" classname="Chrome 32.0.1700 (Mac OS X 10.9.1).data source sync"/>
    <testcase name="requestStart contains request type for destroy request" time="0.001" classname="Chrome 32.0.1700 (Mac OS X 10.9.1).data source sync"/>
    <testcase name="Node inherits from Model" time="0" classname="Chrome 32.0.1700 (Mac OS X 10.9.1).HierarchicalDataSource"/>
    <testcase name="HierarchicalDataSource contains objects of Node type" time="0.001" classname="Chrome 32.0.1700 (Mac OS X 10.9.1).HierarchicalDataSource"/>
    <testcase name="the children field of a node is a HierarchicalDataSource" time="0.001" classname="Chrome 32.0.1700 (Mac OS X 10.9.1).HierarchicalDataSource"/>
    <testcase name="heterogeneous data source from local data" time="0.002" classname="Chrome 32.0.1700 (Mac OS X 10.9.1).HierarchicalDataSource"/>
    <testcase name="changes of the children are propagated to the parent data source" time="0.001" classname="Chrome 32.0.1700 (Mac OS X 10.9.1).HierarchicalDataSource"/>
    <testcase name="the event argument contains the node whose data source changed" time="0.001" classname="Chrome 32.0.1700 (Mac OS X 10.9.1).HierarchicalDataSource"/>
    <testcase name="the event argument contains the closest node" time="0.002" classname="Chrome 32.0.1700 (Mac OS X 10.9.1).HierarchicalDataSource"/>
    <testcase name="the event argument contains the index" time="0.001" classname="Chrome 32.0.1700 (Mac OS X 10.9.1).HierarchicalDataSource"/>
    <testcase name="adding a child node triggers the change event of the data source" time="0.001" classname="Chrome 32.0.1700 (Mac OS X 10.9.1).HierarchicalDataSource"/>
    <testcase name="removing a child node triggers the change event of the data source" time="0.001" classname="Chrome 32.0.1700 (Mac OS X 10.9.1).HierarchicalDataSource"/>
    <testcase name="reading a the children raises the change event" time="0.001" classname="Chrome 32.0.1700 (Mac OS X 10.9.1).HierarchicalDataSource"/>
    <testcase name="error event bubbles from child datasources" time="0.121" classname="Chrome 32.0.1700 (Mac OS X 10.9.1).HierarchicalDataSource"/>
    <testcase name="error event bubbles after setting the data through data()" time="0" classname="Chrome 32.0.1700 (Mac OS X 10.9.1).HierarchicalDataSource"/>
    <testcase name="subnodes can be loaded after erroring out" time="0.002" classname="Chrome 32.0.1700 (Mac OS X 10.9.1).HierarchicalDataSource"/>
    <testcase name="load fetches data from the children data source" time="0.001" classname="Chrome 32.0.1700 (Mac OS X 10.9.1).HierarchicalDataSource"/>
    <testcase name="load data from remote data source" time="0.001" classname="Chrome 32.0.1700 (Mac OS X 10.9.1).HierarchicalDataSource"/>
    <testcase name="the parent id is passed when reading children from remote service" time="0.001" classname="Chrome 32.0.1700 (Mac OS X 10.9.1).HierarchicalDataSource"/>
    <testcase name="getByUid is recursive" time="0.001" classname="Chrome 32.0.1700 (Mac OS X 10.9.1).HierarchicalDataSource"/>
    <testcase name="hasChildren returns the value of the specified field" time="0.001" classname="Chrome 32.0.1700 (Mac OS X 10.9.1).HierarchicalDataSource"/>
    <testcase name="hasChildren returns the false if the specified field is undefined" time="0.001" classname="Chrome 32.0.1700 (Mac OS X 10.9.1).HierarchicalDataSource"/>
    <testcase name="hasChildren returns false by default" time="0" classname="Chrome 32.0.1700 (Mac OS X 10.9.1).HierarchicalDataSource"/>
    <testcase name="hasChildren as function" time="0.001" classname="Chrome 32.0.1700 (Mac OS X 10.9.1).HierarchicalDataSource"/>
    <testcase name="hasChildren set as true" time="0.001" classname="Chrome 32.0.1700 (Mac OS X 10.9.1).HierarchicalDataSource"/>
    <testcase name="hasChildren set as false" time="0.001" classname="Chrome 32.0.1700 (Mac OS X 10.9.1).HierarchicalDataSource"/>
    <testcase name="the this context in hasChildren is the node itself" time="0" classname="Chrome 32.0.1700 (Mac OS X 10.9.1).HierarchicalDataSource"/>
    <testcase name="children as string and inline data source" time="0.001" classname="Chrome 32.0.1700 (Mac OS X 10.9.1).HierarchicalDataSource"/>
    <testcase name="hasChildren and inline defined data source" time="0" classname="Chrome 32.0.1700 (Mac OS X 10.9.1).HierarchicalDataSource"/>
    <testcase name="the default children field name is &apos;items&apos;" time="0" classname="Chrome 32.0.1700 (Mac OS X 10.9.1).HierarchicalDataSource"/>
    <testcase name="hasChildren propagates to child data sources" time="0.002" classname="Chrome 32.0.1700 (Mac OS X 10.9.1).HierarchicalDataSource"/>
    <testcase name="loaded returns false for nodes whose children are not loaded" time="0" classname="Chrome 32.0.1700 (Mac OS X 10.9.1).HierarchicalDataSource"/>
    <testcase name="loaded returns true for nodes whose children are loaded" time="0.001" classname="Chrome 32.0.1700 (Mac OS X 10.9.1).HierarchicalDataSource"/>
    <testcase name="setting loaded to false after a node is loaded returns false" time="0.003" classname="Chrome 32.0.1700 (Mac OS X 10.9.1).HierarchicalDataSource"/>
    <testcase name="load calls the read method of the transport after setting loaded to false" time="0.001" classname="Chrome 32.0.1700 (Mac OS X 10.9.1).HierarchicalDataSource"/>
    <testcase name="load calls the read method of the transport after setting loaded to false and items have been destroyed" time="0.002" classname="Chrome 32.0.1700 (Mac OS X 10.9.1).HierarchicalDataSource"/>
    <testcase name="parentNode returns the parent of a child node" time="0.002" classname="Chrome 32.0.1700 (Mac OS X 10.9.1).HierarchicalDataSource"/>
    <testcase name="remove is recursive" time="0.001" classname="Chrome 32.0.1700 (Mac OS X 10.9.1).HierarchicalDataSource"/>
    <testcase name="level returns the node level" time="0.001" classname="Chrome 32.0.1700 (Mac OS X 10.9.1).HierarchicalDataSource"/>
    <testcase name="removing and adding the same model does not add multiple change events" time="0.002" classname="Chrome 32.0.1700 (Mac OS X 10.9.1).HierarchicalDataSource"/>
    <testcase name="removing and adding the same model persists child dataSource" time="0.001" classname="Chrome 32.0.1700 (Mac OS X 10.9.1).HierarchicalDataSource"/>
    <testcase name="adding items to child dataSource modifies hasChildren state" time="0" classname="Chrome 32.0.1700 (Mac OS X 10.9.1).HierarchicalDataSource"/>
    <testcase name="removing items from child dataSource modifies hasChildren state" time="0.001" classname="Chrome 32.0.1700 (Mac OS X 10.9.1).HierarchicalDataSource"/>
    <testcase name="infer from list" time="0.002" classname="Chrome 32.0.1700 (Mac OS X 10.9.1).HierarchicalDataSource"/>
    <testcase name="infer from nested list" time="0.001" classname="Chrome 32.0.1700 (Mac OS X 10.9.1).HierarchicalDataSource"/>
    <testcase name="infer from nested list with text wrapper elements" time="0.002" classname="Chrome 32.0.1700 (Mac OS X 10.9.1).HierarchicalDataSource"/>
    <testcase name="infer of id field" time="0.001" classname="Chrome 32.0.1700 (Mac OS X 10.9.1).HierarchicalDataSource"/>
    <testcase name="infer of nested url / spriteCssClass / imageUrl fields" time="0.001" classname="Chrome 32.0.1700 (Mac OS X 10.9.1).HierarchicalDataSource"/>
    <testcase name="infer of plain url fields" time="0.001" classname="Chrome 32.0.1700 (Mac OS X 10.9.1).HierarchicalDataSource"/>
    <testcase name="infer with custom fields" time="0.001" classname="Chrome 32.0.1700 (Mac OS X 10.9.1).HierarchicalDataSource"/>
    <testcase name="infer of hasChildren property" time="0.001" classname="Chrome 32.0.1700 (Mac OS X 10.9.1).HierarchicalDataSource"/>
    <testcase name="loading items without children does not repopulate their datasource" time="0.001" classname="Chrome 32.0.1700 (Mac OS X 10.9.1).HierarchicalDataSource"/>
    <testcase name="added observable objects can be loaded" time="0.001" classname="Chrome 32.0.1700 (Mac OS X 10.9.1).HierarchicalDataSource"/>
    <testcase name="get method works with subitems" time="0.001" classname="Chrome 32.0.1700 (Mac OS X 10.9.1).HierarchicalDataSource"/>
    <testcase name="get method works for subitems and custom id field" time="0.001" classname="Chrome 32.0.1700 (Mac OS X 10.9.1).HierarchicalDataSource"/>
    <testcase name="sorting is used when loading child datasources" time="0.001" classname="Chrome 32.0.1700 (Mac OS X 10.9.1).HierarchicalDataSource"/>
    <testcase name="loading of child datasources updates items field of parent" time="0.001" classname="Chrome 32.0.1700 (Mac OS X 10.9.1).HierarchicalDataSource"/>
    <testcase name="parameterMap gets called when fetching root nodes" time="0.067" classname="Chrome 32.0.1700 (Mac OS X 10.9.1).HierarchicalDataSource : parameterMap"/>
    <testcase name="parameterMap gets called when fetching child nodes" time="0.118" classname="Chrome 32.0.1700 (Mac OS X 10.9.1).HierarchicalDataSource : parameterMap"/>
    <testcase name="child parameterMap gets called when fetching child nodes" time="0.119" classname="Chrome 32.0.1700 (Mac OS X 10.9.1).HierarchicalDataSource : parameterMap"/>
    <testcase name="find item with given key" time="0" classname="Chrome 32.0.1700 (Mac OS X 10.9.1).InMemoryCache"/>
    <testcase name="add item with given key" time="0.001" classname="Chrome 32.0.1700 (Mac OS X 10.9.1).InMemoryCache"/>
    <testcase name="clear removes all items" time="0" classname="Chrome 32.0.1700 (Mac OS X 10.9.1).InMemoryCache"/>
    <testcase name="add overrides previous item with same key" time="0.001" classname="Chrome 32.0.1700 (Mac OS X 10.9.1).InMemoryCache"/>
    <testcase name="find return undefined if item does not exists" time="0" classname="Chrome 32.0.1700 (Mac OS X 10.9.1).InMemoryCache"/>
    <testcase name="add does not add item if key is undefined" time="0" classname="Chrome 32.0.1700 (Mac OS X 10.9.1).InMemoryCache"/>
    <testcase name="remove item with given key" time="0.001" classname="Chrome 32.0.1700 (Mac OS X 10.9.1).InMemoryCache"/>
    <testcase name="length returns number of the items in the cache" time="0" classname="Chrome 32.0.1700 (Mac OS X 10.9.1).InMemoryCache"/>
    <testcase name="add key can be object" time="0" classname="Chrome 32.0.1700 (Mac OS X 10.9.1).InMemoryCache"/>
    <testcase name="datasource with type odata creates remote transport with parameterMap" time="0" classname="Chrome 32.0.1700 (Mac OS X 10.9.1).InMemoryCache"/>
    <testcase name="datasource with type odata creates remote transport and sets default values for read" time="0.001" classname="Chrome 32.0.1700 (Mac OS X 10.9.1).InMemoryCache"/>
    <testcase name="datasource with type odata creates remote transport and sets default values for update" time="0" classname="Chrome 32.0.1700 (Mac OS X 10.9.1).InMemoryCache"/>
    <testcase name="datasource with type odata creates remote transport and sets default values for create" time="0.001" classname="Chrome 32.0.1700 (Mac OS X 10.9.1).InMemoryCache"/>
    <testcase name="datasource with type odata creates remote transport and sets default values for destroy" time="0" classname="Chrome 32.0.1700 (Mac OS X 10.9.1).InMemoryCache"/>
    <testcase name="datasource with type odata initializes odata schema" time="0.001" classname="Chrome 32.0.1700 (Mac OS X 10.9.1).InMemoryCache"/>
    <testcase name="parameterMap adds $format and $inlinecount to the request" time="0" classname="Chrome 32.0.1700 (Mac OS X 10.9.1).InMemoryCache"/>
    <testcase name="$format is not set if dataType is json" time="0.001" classname="Chrome 32.0.1700 (Mac OS X 10.9.1).InMemoryCache"/>
    <testcase name="parameterMap adds $skip when skip is specified" time="0" classname="Chrome 32.0.1700 (Mac OS X 10.9.1).InMemoryCache"/>
    <testcase name="parameterMap does not add $skip when skip is not specified" time="0" classname="Chrome 32.0.1700 (Mac OS X 10.9.1).InMemoryCache"/>
    <testcase name="parameterMap adds $top when take is specified" time="0.001" classname="Chrome 32.0.1700 (Mac OS X 10.9.1).InMemoryCache"/>
    <testcase name="parameterMap does not add $top when take is not specified" time="0" classname="Chrome 32.0.1700 (Mac OS X 10.9.1).InMemoryCache"/>
    <testcase name="parameterMap adds $orderby when sort is specified" time="0.001" classname="Chrome 32.0.1700 (Mac OS X 10.9.1).InMemoryCache"/>
    <testcase name="$orderby with nested field" time="0" classname="Chrome 32.0.1700 (Mac OS X 10.9.1).InMemoryCache"/>
    <testcase name="parameterMap does not add $orderby if sort is not specified" time="0" classname="Chrome 32.0.1700 (Mac OS X 10.9.1).InMemoryCache"/>
    <testcase name="parameterMap does not add $orderby if sort is empty list" time="0.001" classname="Chrome 32.0.1700 (Mac OS X 10.9.1).InMemoryCache"/>
    <testcase name="$orderby when direction is descending" time="0" classname="Chrome 32.0.1700 (Mac OS X 10.9.1).InMemoryCache"/>
    <testcase name="$orderby when there are multiple order by expressions" time="0" classname="Chrome 32.0.1700 (Mac OS X 10.9.1).InMemoryCache"/>
    <testcase name="parametterMap does not add $filter if no filters is applied" time="0.001" classname="Chrome 32.0.1700 (Mac OS X 10.9.1).InMemoryCache"/>
    <testcase name="parameterMap adds $filter if filter is specified" time="0" classname="Chrome 32.0.1700 (Mac OS X 10.9.1).InMemoryCache"/>
    <testcase name="parameterMap adds tolower(field) if ignoreCase is true" time="0.001" classname="Chrome 32.0.1700 (Mac OS X 10.9.1).InMemoryCache"/>
    <testcase name="parameterMap does not add $filter if filter is not specified" time="0" classname="Chrome 32.0.1700 (Mac OS X 10.9.1).InMemoryCache"/>
    <testcase name="$filter and endswith operator" time="0" classname="Chrome 32.0.1700 (Mac OS X 10.9.1).InMemoryCache"/>
    <testcase name="$filter on string that contains &apos; symbol" time="0.001" classname="Chrome 32.0.1700 (Mac OS X 10.9.1).InMemoryCache"/>
    <testcase name="$filter and contains operator uses substringof" time="0" classname="Chrome 32.0.1700 (Mac OS X 10.9.1).InMemoryCache"/>
    <testcase name="$filter and doesnotcontain operator uses substringof" time="0.001" classname="Chrome 32.0.1700 (Mac OS X 10.9.1).InMemoryCache"/>
    <testcase name="$filter and neq operator" time="0" classname="Chrome 32.0.1700 (Mac OS X 10.9.1).InMemoryCache"/>
    <testcase name="$filter with nested field" time="0" classname="Chrome 32.0.1700 (Mac OS X 10.9.1).InMemoryCache"/>
    <testcase name="$filter does not quote apostrophe when numberic value is specifed" time="0.001" classname="Chrome 32.0.1700 (Mac OS X 10.9.1).InMemoryCache"/>
    <testcase name="$filter does not honour ignoreCase if value is number" time="0" classname="Chrome 32.0.1700 (Mac OS X 10.9.1).InMemoryCache"/>
    <testcase name="$filter and null value" time="0" classname="Chrome 32.0.1700 (Mac OS X 10.9.1).InMemoryCache"/>
    <testcase name="$filter or" time="0.001" classname="Chrome 32.0.1700 (Mac OS X 10.9.1).InMemoryCache"/>
    <testcase name="$filter and" time="0" classname="Chrome 32.0.1700 (Mac OS X 10.9.1).InMemoryCache"/>
    <testcase name="$filter and nested expressions" time="0.001" classname="Chrome 32.0.1700 (Mac OS X 10.9.1).InMemoryCache"/>
    <testcase name="$filter date encoding" time="0" classname="Chrome 32.0.1700 (Mac OS X 10.9.1).InMemoryCache"/>
    <testcase name="custom arguments are preserved" time="0" classname="Chrome 32.0.1700 (Mac OS X 10.9.1).InMemoryCache"/>
    <testcase name="model is stringified if type is update" time="0.001" classname="Chrome 32.0.1700 (Mac OS X 10.9.1).InMemoryCache"/>
    <testcase name="model is stringified if type is create" time="0" classname="Chrome 32.0.1700 (Mac OS X 10.9.1).InMemoryCache"/>
    <testcase name="does not proccess the arguments if type is destroy" time="0.001" classname="Chrome 32.0.1700 (Mac OS X 10.9.1).InMemoryCache"/>
    <testcase name="number values is serialized as string" time="0" classname="Chrome 32.0.1700 (Mac OS X 10.9.1).InMemoryCache"/>
    <testcase name="update with dataType set to jsonp throws an error" time="0" classname="Chrome 32.0.1700 (Mac OS X 10.9.1).InMemoryCache"/>
    <testcase name="create with dataType set to jsonp throws an error" time="0" classname="Chrome 32.0.1700 (Mac OS X 10.9.1).InMemoryCache"/>
    <testcase name="destroy with dataType set to jsonp throws an error" time="0.001" classname="Chrome 32.0.1700 (Mac OS X 10.9.1).InMemoryCache"/>
    <testcase name="and with one filter" time="0" classname="Chrome 32.0.1700 (Mac OS X 10.9.1).InMemoryCache"/>
    <testcase name="default operator is eq" time="0" classname="Chrome 32.0.1700 (Mac OS X 10.9.1).InMemoryCache"/>
    <testcase name="undefined value" time="0.001" classname="Chrome 32.0.1700 (Mac OS X 10.9.1).InMemoryCache"/>
    <testcase name="null value" time="0" classname="Chrome 32.0.1700 (Mac OS X 10.9.1).InMemoryCache"/>
    <testcase name="or with one filter" time="0" classname="Chrome 32.0.1700 (Mac OS X 10.9.1).InMemoryCache"/>
    <testcase name="and with two filters" time="0.001" classname="Chrome 32.0.1700 (Mac OS X 10.9.1).InMemoryCache"/>
    <testcase name="or with two filters" time="0" classname="Chrome 32.0.1700 (Mac OS X 10.9.1).InMemoryCache"/>
    <testcase name="or with nested filters" time="0.001" classname="Chrome 32.0.1700 (Mac OS X 10.9.1).InMemoryCache"/>
    <testcase name="and with nested filters" time="0" classname="Chrome 32.0.1700 (Mac OS X 10.9.1).InMemoryCache"/>
    <testcase name="uses field name" time="0" classname="Chrome 32.0.1700 (Mac OS X 10.9.1).InMemoryCache"/>
    <testcase name="gt" time="0" classname="Chrome 32.0.1700 (Mac OS X 10.9.1).InMemoryCache"/>
    <testcase name="gte" time="0.001" classname="Chrome 32.0.1700 (Mac OS X 10.9.1).InMemoryCache"/>
    <testcase name="lt" time="0" classname="Chrome 32.0.1700 (Mac OS X 10.9.1).InMemoryCache"/>
    <testcase name="lte" time="0.001" classname="Chrome 32.0.1700 (Mac OS X 10.9.1).InMemoryCache"/>
    <testcase name="==" time="0.006" classname="Chrome 32.0.1700 (Mac OS X 10.9.1).InMemoryCache"/>
    <testcase name="equals" time="0" classname="Chrome 32.0.1700 (Mac OS X 10.9.1).InMemoryCache"/>
    <testcase name="equal" time="0" classname="Chrome 32.0.1700 (Mac OS X 10.9.1).InMemoryCache"/>
    <testcase name="isequalto" time="0" classname="Chrome 32.0.1700 (Mac OS X 10.9.1).InMemoryCache"/>
    <testcase name="equalto" time="0.001" classname="Chrome 32.0.1700 (Mac OS X 10.9.1).InMemoryCache"/>
    <testcase name="operator ignores case" time="0" classname="Chrome 32.0.1700 (Mac OS X 10.9.1).InMemoryCache"/>
    <testcase name="neq" time="0.001" classname="Chrome 32.0.1700 (Mac OS X 10.9.1).InMemoryCache"/>
    <testcase name="!=" time="0" classname="Chrome 32.0.1700 (Mac OS X 10.9.1).InMemoryCache"/>
    <testcase name="isnotequalto" time="0.001" classname="Chrome 32.0.1700 (Mac OS X 10.9.1).InMemoryCache"/>
    <testcase name="notequals" time="0" classname="Chrome 32.0.1700 (Mac OS X 10.9.1).InMemoryCache"/>
    <testcase name="notequalto" time="0" classname="Chrome 32.0.1700 (Mac OS X 10.9.1).InMemoryCache"/>
    <testcase name="notequal" time="0.001" classname="Chrome 32.0.1700 (Mac OS X 10.9.1).InMemoryCache"/>
    <testcase name="ne" time="0" classname="Chrome 32.0.1700 (Mac OS X 10.9.1).InMemoryCache"/>
    <testcase name="&lt;" time="0" classname="Chrome 32.0.1700 (Mac OS X 10.9.1).InMemoryCache"/>
    <testcase name="islessthan" time="0.001" classname="Chrome 32.0.1700 (Mac OS X 10.9.1).InMemoryCache"/>
    <testcase name="lessthan" time="0" classname="Chrome 32.0.1700 (Mac OS X 10.9.1).InMemoryCache"/>
    <testcase name="less" time="0" classname="Chrome 32.0.1700 (Mac OS X 10.9.1).InMemoryCache"/>
    <testcase name="&lt;=" time="0.001" classname="Chrome 32.0.1700 (Mac OS X 10.9.1).InMemoryCache"/>
    <testcase name="islessthanorequalto" time="0" classname="Chrome 32.0.1700 (Mac OS X 10.9.1).InMemoryCache"/>
    <testcase name="lessthanequal" time="0" classname="Chrome 32.0.1700 (Mac OS X 10.9.1).InMemoryCache"/>
    <testcase name="le" time="0.001" classname="Chrome 32.0.1700 (Mac OS X 10.9.1).InMemoryCache"/>
    <testcase name="&gt;" time="0" classname="Chrome 32.0.1700 (Mac OS X 10.9.1).InMemoryCache"/>
    <testcase name="isgreaterthan" time="0" classname="Chrome 32.0.1700 (Mac OS X 10.9.1).InMemoryCache"/>
    <testcase name="greaterthan" time="0.001" classname="Chrome 32.0.1700 (Mac OS X 10.9.1).InMemoryCache"/>
    <testcase name="greater" time="0" classname="Chrome 32.0.1700 (Mac OS X 10.9.1).InMemoryCache"/>
    <testcase name="&gt;=" time="0" classname="Chrome 32.0.1700 (Mac OS X 10.9.1).InMemoryCache"/>
    <testcase name="isgreaterthanorequalto" time="0" classname="Chrome 32.0.1700 (Mac OS X 10.9.1).InMemoryCache"/>
    <testcase name="greaterthanequal" time="0" classname="Chrome 32.0.1700 (Mac OS X 10.9.1).InMemoryCache"/>
    <testcase name="ge" time="0" classname="Chrome 32.0.1700 (Mac OS X 10.9.1).InMemoryCache"/>
    <testcase name="startswith" time="0" classname="Chrome 32.0.1700 (Mac OS X 10.9.1).InMemoryCache"/>
    <testcase name="endswith" time="0" classname="Chrome 32.0.1700 (Mac OS X 10.9.1).InMemoryCache"/>
    <testcase name="contains" time="0.001" classname="Chrome 32.0.1700 (Mac OS X 10.9.1).InMemoryCache"/>
    <testcase name="contains with apostrophe" time="0" classname="Chrome 32.0.1700 (Mac OS X 10.9.1).InMemoryCache"/>
    <testcase name="using function as field" time="0.001" classname="Chrome 32.0.1700 (Mac OS X 10.9.1).InMemoryCache"/>
    <testcase name="using multiple fields as function" time="0" classname="Chrome 32.0.1700 (Mac OS X 10.9.1).InMemoryCache"/>
    <testcase name="using function as operator" time="0" classname="Chrome 32.0.1700 (Mac OS X 10.9.1).InMemoryCache"/>
    <testcase name="using function as operator and field" time="0.001" classname="Chrome 32.0.1700 (Mac OS X 10.9.1).InMemoryCache"/>
    <testcase name="using multiple operators as function" time="0" classname="Chrome 32.0.1700 (Mac OS X 10.9.1).InMemoryCache"/>
    <testcase name="or with nested filters and operators as functions" time="0.001" classname="Chrome 32.0.1700 (Mac OS X 10.9.1).InMemoryCache"/>
    <testcase name="or with nested filters and fields as functions" time="0" classname="Chrome 32.0.1700 (Mac OS X 10.9.1).InMemoryCache"/>
    <testcase name="deeply nested nested fields as functions" time="0.001" classname="Chrome 32.0.1700 (Mac OS X 10.9.1).InMemoryCache"/>
    <testcase name="date eq" time="0" classname="Chrome 32.0.1700 (Mac OS X 10.9.1).InMemoryCache"/>
    <testcase name="date neq" time="0.001" classname="Chrome 32.0.1700 (Mac OS X 10.9.1).InMemoryCache"/>
    <testcase name="date gt" time="0" classname="Chrome 32.0.1700 (Mac OS X 10.9.1).InMemoryCache"/>
    <testcase name="date gte" time="0" classname="Chrome 32.0.1700 (Mac OS X 10.9.1).InMemoryCache"/>
    <testcase name="date lt" time="0" classname="Chrome 32.0.1700 (Mac OS X 10.9.1).InMemoryCache"/>
    <testcase name="date lte" time="0" classname="Chrome 32.0.1700 (Mac OS X 10.9.1).InMemoryCache"/>
    <testcase name="string neq" time="0.001" classname="Chrome 32.0.1700 (Mac OS X 10.9.1).InMemoryCache"/>
    <testcase name="string filtering is case insensitive by default" time="0" classname="Chrome 32.0.1700 (Mac OS X 10.9.1).InMemoryCache"/>
    <testcase name="apostrophe in strings is escaped" time="0" classname="Chrome 32.0.1700 (Mac OS X 10.9.1).InMemoryCache"/>
    <testcase name="string filtering is case sensitive" time="0" classname="Chrome 32.0.1700 (Mac OS X 10.9.1).InMemoryCache"/>
    <testcase name="carriage return in strings is escaped" time="0" classname="Chrome 32.0.1700 (Mac OS X 10.9.1).InMemoryCache"/>
    <testcase name="take returns the specified number of records" time="0.001" classname="Chrome 32.0.1700 (Mac OS X 10.9.1).InMemoryCache"/>
    <testcase name="skip returns new array starting after the specified index" time="0" classname="Chrome 32.0.1700 (Mac OS X 10.9.1).InMemoryCache"/>
    <testcase name="skip and take returns a page of records" time="0" classname="Chrome 32.0.1700 (Mac OS X 10.9.1).InMemoryCache"/>
    <testcase name="range returns given number of items from specific index" time="0.001" classname="Chrome 32.0.1700 (Mac OS X 10.9.1).InMemoryCache"/>
    <testcase name="orderBy sorts numbers in ascending order" time="0" classname="Chrome 32.0.1700 (Mac OS X 10.9.1).InMemoryCache"/>
    <testcase name="orderBy sorts strings in ascending order" time="0.001" classname="Chrome 32.0.1700 (Mac OS X 10.9.1).InMemoryCache"/>
    <testcase name="orderBy ignores string casing" time="0" classname="Chrome 32.0.1700 (Mac OS X 10.9.1).InMemoryCache"/>
    <testcase name="ascending sort for grouping ignores string case" time="0.001" classname="Chrome 32.0.1700 (Mac OS X 10.9.1).InMemoryCache"/>
    <testcase name="descending sort for grouping ignores string case" time="0" classname="Chrome 32.0.1700 (Mac OS X 10.9.1).InMemoryCache"/>
    <testcase name="orderBy sorts dates in ascending order" time="0.001" classname="Chrome 32.0.1700 (Mac OS X 10.9.1).InMemoryCache"/>
    <testcase name="orderBy sorts dates earlier then 1970 and nulls" time="0" classname="Chrome 32.0.1700 (Mac OS X 10.9.1).InMemoryCache"/>
    <testcase name="orderByDescending sorts dates earlier then 1970 and multiple nulls" time="0.001" classname="Chrome 32.0.1700 (Mac OS X 10.9.1).InMemoryCache"/>
    <testcase name="orderBy sorts strings and nulls" time="0" classname="Chrome 32.0.1700 (Mac OS X 10.9.1).InMemoryCache"/>
    <testcase name="orderBy sorts negative numbers and zeros" time="0.001" classname="Chrome 32.0.1700 (Mac OS X 10.9.1).InMemoryCache"/>
    <testcase name="orderBy sorts multiple negative numbers and zeros" time="0" classname="Chrome 32.0.1700 (Mac OS X 10.9.1).InMemoryCache"/>
    <testcase name="orderBy sorts multiple negative numbers zeros and nulls" time="0" classname="Chrome 32.0.1700 (Mac OS X 10.9.1).InMemoryCache"/>
    <testcase name="orderBy sorts multiple negative numbers" time="0.001" classname="Chrome 32.0.1700 (Mac OS X 10.9.1).InMemoryCache"/>
    <testcase name="orderByDescending sorts numbers and nulls" time="0" classname="Chrome 32.0.1700 (Mac OS X 10.9.1).InMemoryCache"/>
    <testcase name="orderByDescending sorts negative numbers and zeros" time="0.001" classname="Chrome 32.0.1700 (Mac OS X 10.9.1).InMemoryCache"/>
    <testcase name="orderByDescending sorts multiple negative numbers and zeros" time="0" classname="Chrome 32.0.1700 (Mac OS X 10.9.1).InMemoryCache"/>
    <testcase name="orderByDescending sorts multiple negative numbers zeros and nulls" time="0" classname="Chrome 32.0.1700 (Mac OS X 10.9.1).InMemoryCache"/>
    <testcase name="orderByDescending sorts multiple negative numbers" time="0.001" classname="Chrome 32.0.1700 (Mac OS X 10.9.1).InMemoryCache"/>
    <testcase name="orderByDescending sorts numbers and nulls" time="0" classname="Chrome 32.0.1700 (Mac OS X 10.9.1).InMemoryCache"/>
    <testcase name="orderByDescending sorts strings and nulls" time="0" classname="Chrome 32.0.1700 (Mac OS X 10.9.1).InMemoryCache"/>
    <testcase name="orderByDescending sorts dates earlier then 1970 and nulls" time="0" classname="Chrome 32.0.1700 (Mac OS X 10.9.1).InMemoryCache"/>
    <testcase name="orderBy sorts booleans and nulls" time="0" classname="Chrome 32.0.1700 (Mac OS X 10.9.1).InMemoryCache"/>
    <testcase name="orderByDescending sorts booleans and nulls" time="0.001" classname="Chrome 32.0.1700 (Mac OS X 10.9.1).InMemoryCache"/>
    <testcase name="orderBy uses selector when sorting" time="0" classname="Chrome 32.0.1700 (Mac OS X 10.9.1).InMemoryCache"/>
    <testcase name="orderBy does not modify original" time="0.001" classname="Chrome 32.0.1700 (Mac OS X 10.9.1).InMemoryCache"/>
    <testcase name="orderby without parameters sorts array" time="0" classname="Chrome 32.0.1700 (Mac OS X 10.9.1).InMemoryCache"/>
    <testcase name="orderByDescending sorts numbers in descending order" time="0.001" classname="Chrome 32.0.1700 (Mac OS X 10.9.1).InMemoryCache"/>
    <testcase name="orderByDescending sorts strings in descending order" time="0" classname="Chrome 32.0.1700 (Mac OS X 10.9.1).InMemoryCache"/>
    <testcase name="orderByDescending sorts dates in descending order" time="0.001" classname="Chrome 32.0.1700 (Mac OS X 10.9.1).InMemoryCache"/>
    <testcase name="orderByDescending uses selector when sorting" time="0" classname="Chrome 32.0.1700 (Mac OS X 10.9.1).InMemoryCache"/>
    <testcase name="orderByDescending does not modify original" time="0" classname="Chrome 32.0.1700 (Mac OS X 10.9.1).InMemoryCache"/>
    <testcase name="sort using ascending descriptor" time="0.001" classname="Chrome 32.0.1700 (Mac OS X 10.9.1).InMemoryCache"/>
    <testcase name="sorting nested objects" time="0" classname="Chrome 32.0.1700 (Mac OS X 10.9.1).InMemoryCache"/>
    <testcase name="sort ignores direction case" time="0.001" classname="Chrome 32.0.1700 (Mac OS X 10.9.1).InMemoryCache"/>
    <testcase name="sort using descending descriptor" time="0" classname="Chrome 32.0.1700 (Mac OS X 10.9.1).InMemoryCache"/>
    <testcase name="orderBy using custom comparer" time="0.001" classname="Chrome 32.0.1700 (Mac OS X 10.9.1).InMemoryCache"/>
    <testcase name="ascending sort using custom comparer" time="0" classname="Chrome 32.0.1700 (Mac OS X 10.9.1).InMemoryCache"/>
    <testcase name="descending sort using custom comparer" time="0" classname="Chrome 32.0.1700 (Mac OS X 10.9.1).InMemoryCache"/>
    <testcase name="sort using multiple descriptors" time="0.001" classname="Chrome 32.0.1700 (Mac OS X 10.9.1).InMemoryCache"/>
    <testcase name="sort using two strings as arguments" time="0" classname="Chrome 32.0.1700 (Mac OS X 10.9.1).InMemoryCache"/>
    <testcase name="filter on null string" time="0.001" classname="Chrome 32.0.1700 (Mac OS X 10.9.1).InMemoryCache"/>
    <testcase name="filter on null string with startwith" time="0" classname="Chrome 32.0.1700 (Mac OS X 10.9.1).InMemoryCache"/>
    <testcase name="filter on null string with endswith" time="0.001" classname="Chrome 32.0.1700 (Mac OS X 10.9.1).InMemoryCache"/>
    <testcase name="filter with empty expression" time="0" classname="Chrome 32.0.1700 (Mac OS X 10.9.1).InMemoryCache"/>
    <testcase name="filter contains with apostrophe" time="0" classname="Chrome 32.0.1700 (Mac OS X 10.9.1).InMemoryCache"/>
    <testcase name="filter with slash" time="0" classname="Chrome 32.0.1700 (Mac OS X 10.9.1).InMemoryCache"/>
    <testcase name="filter with apostrophe" time="0" classname="Chrome 32.0.1700 (Mac OS X 10.9.1).InMemoryCache"/>
    <testcase name="filter with empty filters" time="0.001" classname="Chrome 32.0.1700 (Mac OS X 10.9.1).InMemoryCache"/>
    <testcase name="filter filters on numbers" time="0" classname="Chrome 32.0.1700 (Mac OS X 10.9.1).InMemoryCache"/>
    <testcase name="filter filters with field as a function" time="0.001" classname="Chrome 32.0.1700 (Mac OS X 10.9.1).InMemoryCache"/>
    <testcase name="filter filters with operator as a function" time="0" classname="Chrome 32.0.1700 (Mac OS X 10.9.1).InMemoryCache"/>
    <testcase name="filter filters on dates" time="0.001" classname="Chrome 32.0.1700 (Mac OS X 10.9.1).InMemoryCache"/>
    <testcase name="filter filters on nullable dates" time="0" classname="Chrome 32.0.1700 (Mac OS X 10.9.1).InMemoryCache"/>
    <testcase name="filter filters without passing operator defaults to eq" time="0.001" classname="Chrome 32.0.1700 (Mac OS X 10.9.1).InMemoryCache"/>
    <testcase name="filter filters if passing operator allias" time="0" classname="Chrome 32.0.1700 (Mac OS X 10.9.1).InMemoryCache"/>
    <testcase name="filter filters with neq" time="0.001" classname="Chrome 32.0.1700 (Mac OS X 10.9.1).InMemoryCache"/>
    <testcase name="filter filters with ne" time="0" classname="Chrome 32.0.1700 (Mac OS X 10.9.1).InMemoryCache"/>
    <testcase name="filter filters with lt" time="0" classname="Chrome 32.0.1700 (Mac OS X 10.9.1).InMemoryCache"/>
    <testcase name="filter filters with le" time="0.001" classname="Chrome 32.0.1700 (Mac OS X 10.9.1).InMemoryCache"/>
    <testcase name="filter filters with lte" time="0" classname="Chrome 32.0.1700 (Mac OS X 10.9.1).InMemoryCache"/>
    <testcase name="filter filters with gt" time="0.001" classname="Chrome 32.0.1700 (Mac OS X 10.9.1).InMemoryCache"/>
    <testcase name="filter filters with gte" time="0" classname="Chrome 32.0.1700 (Mac OS X 10.9.1).InMemoryCache"/>
    <testcase name="filter filters with ge" time="0.001" classname="Chrome 32.0.1700 (Mac OS X 10.9.1).InMemoryCache"/>
    <testcase name="filter filters with eq on string" time="0" classname="Chrome 32.0.1700 (Mac OS X 10.9.1).InMemoryCache"/>
    <testcase name="filter filters with startswith on string" time="0" classname="Chrome 32.0.1700 (Mac OS X 10.9.1).InMemoryCache"/>
    <testcase name="filter filters with endswith on undefined" time="0" classname="Chrome 32.0.1700 (Mac OS X 10.9.1).InMemoryCache"/>
    <testcase name="filter filters with endswith on string" time="0" classname="Chrome 32.0.1700 (Mac OS X 10.9.1).InMemoryCache"/>
    <testcase name="filter filters with endswith on multiple letters string" time="0.001" classname="Chrome 32.0.1700 (Mac OS X 10.9.1).InMemoryCache"/>
    <testcase name="filter filters with contains on string" time="0" classname="Chrome 32.0.1700 (Mac OS X 10.9.1).InMemoryCache"/>
    <testcase name="filter filters with doesnotcontain on string" time="0.001" classname="Chrome 32.0.1700 (Mac OS X 10.9.1).InMemoryCache"/>
    <testcase name="filter filters with notsubstringof on string" time="0" classname="Chrome 32.0.1700 (Mac OS X 10.9.1).InMemoryCache"/>
    <testcase name="filter filters with eq on string case sensitive" time="0.001" classname="Chrome 32.0.1700 (Mac OS X 10.9.1).InMemoryCache"/>
    <testcase name="filter filters with contains on string case sensitive" time="0" classname="Chrome 32.0.1700 (Mac OS X 10.9.1).InMemoryCache"/>
    <testcase name="filter with multiple expressions" time="0.001" classname="Chrome 32.0.1700 (Mac OS X 10.9.1).InMemoryCache"/>
    <testcase name="filter with and expression" time="0" classname="Chrome 32.0.1700 (Mac OS X 10.9.1).InMemoryCache"/>
    <testcase name="filter with or expression" time="0.001" classname="Chrome 32.0.1700 (Mac OS X 10.9.1).InMemoryCache"/>
    <testcase name="filter with nested expression" time="0" classname="Chrome 32.0.1700 (Mac OS X 10.9.1).InMemoryCache"/>
    <testcase name="filter with nested or expression" time="0" classname="Chrome 32.0.1700 (Mac OS X 10.9.1).InMemoryCache"/>
    <testcase name="filter with nested and expression" time="0" classname="Chrome 32.0.1700 (Mac OS X 10.9.1).InMemoryCache"/>
    <testcase name="filter without specifying field fields array" time="0" classname="Chrome 32.0.1700 (Mac OS X 10.9.1).InMemoryCache"/>
    <testcase name="filter on nested objects" time="0.001" classname="Chrome 32.0.1700 (Mac OS X 10.9.1).InMemoryCache"/>
    <testcase name="filter on dotnet date literals" time="0" classname="Chrome 32.0.1700 (Mac OS X 10.9.1).InMemoryCache"/>
    <testcase name="filter on nested nullable objects" time="0.001" classname="Chrome 32.0.1700 (Mac OS X 10.9.1).InMemoryCache"/>
    <testcase name="groupby groups data by field" time="0" classname="Chrome 32.0.1700 (Mac OS X 10.9.1).InMemoryCache"/>
    <testcase name="groupby should be stable" time="0.001" classname="Chrome 32.0.1700 (Mac OS X 10.9.1).InMemoryCache"/>
    <testcase name="descending groupby should be stable" time="0" classname="Chrome 32.0.1700 (Mac OS X 10.9.1).InMemoryCache"/>
    <testcase name="groupby on dates should be stable" time="0.001" classname="Chrome 32.0.1700 (Mac OS X 10.9.1).InMemoryCache"/>
    <testcase name="groupby on dates with descending sort should be stable" time="0.001" classname="Chrome 32.0.1700 (Mac OS X 10.9.1).InMemoryCache"/>
    <testcase name="groupby groups data by date" time="0" classname="Chrome 32.0.1700 (Mac OS X 10.9.1).InMemoryCache"/>
    <testcase name="groupby returns ungroup collection if no descriptors are provided" time="0" classname="Chrome 32.0.1700 (Mac OS X 10.9.1).InMemoryCache"/>
    <testcase name="groupby groups data by field and direction" time="0.001" classname="Chrome 32.0.1700 (Mac OS X 10.9.1).InMemoryCache"/>
    <testcase name="groupby groups data by multiple fields" time="0.001" classname="Chrome 32.0.1700 (Mac OS X 10.9.1).InMemoryCache"/>
    <testcase name="group by nullable string with more than 10 items" time="0" classname="Chrome 32.0.1700 (Mac OS X 10.9.1).InMemoryCache"/>
    <testcase name="group by nullable string with more than 10 items descending" time="0.001" classname="Chrome 32.0.1700 (Mac OS X 10.9.1).InMemoryCache"/>
    <testcase name="group by nullable boolean with more than 10 items" time="0.001" classname="Chrome 32.0.1700 (Mac OS X 10.9.1).InMemoryCache"/>
    <testcase name="group by nullable boolean with more than 10 items descending" time="0" classname="Chrome 32.0.1700 (Mac OS X 10.9.1).InMemoryCache"/>
    <testcase name="group by nullable int with more than 10 items" time="0.001" classname="Chrome 32.0.1700 (Mac OS X 10.9.1).InMemoryCache"/>
    <testcase name="group by nullable int with more than 10 items descending" time="0" classname="Chrome 32.0.1700 (Mac OS X 10.9.1).InMemoryCache"/>
    <testcase name="groupby groups data by multiple fields with 3 levels" time="0" classname="Chrome 32.0.1700 (Mac OS X 10.9.1).InMemoryCache"/>
    <testcase name="group by nullable boolean" time="0.001" classname="Chrome 32.0.1700 (Mac OS X 10.9.1).InMemoryCache"/>
    <testcase name="sort desc when group by nullable boolean" time="0" classname="Chrome 32.0.1700 (Mac OS X 10.9.1).InMemoryCache"/>
    <testcase name="sort asc when group by nullable boolean" time="0.001" classname="Chrome 32.0.1700 (Mac OS X 10.9.1).InMemoryCache"/>
    <testcase name="sort asc by nullable string with more than 10 items" time="0" classname="Chrome 32.0.1700 (Mac OS X 10.9.1).InMemoryCache"/>
    <testcase name="sort desc by nullable string with more than 10 items" time="0.001" classname="Chrome 32.0.1700 (Mac OS X 10.9.1).InMemoryCache"/>
    <testcase name="sort desc by nullable string with more than 10 items" time="0" classname="Chrome 32.0.1700 (Mac OS X 10.9.1).InMemoryCache"/>
    <testcase name="group aggregates are calculated if provided" time="0.001" classname="Chrome 32.0.1700 (Mac OS X 10.9.1).InMemoryCache"/>
    <testcase name="group aggregates are caseinsensitive" time="0" classname="Chrome 32.0.1700 (Mac OS X 10.9.1).InMemoryCache"/>
    <testcase name="group aggregates are calculated  for multiple fields if provided" time="0.001" classname="Chrome 32.0.1700 (Mac OS X 10.9.1).InMemoryCache"/>
    <testcase name="group aggregates are calculated for multiple group levels" time="0" classname="Chrome 32.0.1700 (Mac OS X 10.9.1).InMemoryCache"/>
    <testcase name="group aggregates with multiple group levels and paging original data is required" time="0.001" classname="Chrome 32.0.1700 (Mac OS X 10.9.1).InMemoryCache"/>
    <testcase name="aggregate calculates aggregates for a collection" time="0" classname="Chrome 32.0.1700 (Mac OS X 10.9.1).InMemoryCache"/>
    <testcase name="aggregate returns empty object if no descriptor are provided" time="0" classname="Chrome 32.0.1700 (Mac OS X 10.9.1).InMemoryCache"/>
    <testcase name="aggregate returns empty object if collection is empty" time="0.001" classname="Chrome 32.0.1700 (Mac OS X 10.9.1).InMemoryCache"/>
    <testcase name="aggregate max returns max value for a given field" time="0" classname="Chrome 32.0.1700 (Mac OS X 10.9.1).InMemoryCache"/>
    <testcase name="aggregate average for a given field" time="0.001" classname="Chrome 32.0.1700 (Mac OS X 10.9.1).InMemoryCache"/>
    <testcase name="aggregate function should be caseinsensitive" time="0" classname="Chrome 32.0.1700 (Mac OS X 10.9.1).InMemoryCache"/>
    <testcase name="aggregate min returns min value for a given field" time="0" classname="Chrome 32.0.1700 (Mac OS X 10.9.1).InMemoryCache"/>
    <testcase name="aggregate min returns min value for a given field with nulls" time="0.001" classname="Chrome 32.0.1700 (Mac OS X 10.9.1).InMemoryCache"/>
    <testcase name="aggregate min returns min value for a given field with 0" time="0" classname="Chrome 32.0.1700 (Mac OS X 10.9.1).InMemoryCache"/>
    <testcase name="aggregate min returns min value for a given field with undefined" time="0" classname="Chrome 32.0.1700 (Mac OS X 10.9.1).InMemoryCache"/>
    <testcase name="aggregate min returns min value for a given field with 0" time="0.001" classname="Chrome 32.0.1700 (Mac OS X 10.9.1).InMemoryCache"/>
    <testcase name="aggregate min returns min value for a given field with less than 0" time="0" classname="Chrome 32.0.1700 (Mac OS X 10.9.1).InMemoryCache"/>
    <testcase name="aggregate max returns min value for a given field with null" time="0" classname="Chrome 32.0.1700 (Mac OS X 10.9.1).InMemoryCache"/>
    <testcase name="aggregate max returns min value for a given field with undefined" time="0" classname="Chrome 32.0.1700 (Mac OS X 10.9.1).InMemoryCache"/>
    <testcase name="aggregate max returns min value for a given field with 0" time="0" classname="Chrome 32.0.1700 (Mac OS X 10.9.1).InMemoryCache"/>
    <testcase name="aggregate count with null" time="0.001" classname="Chrome 32.0.1700 (Mac OS X 10.9.1).InMemoryCache"/>
    <testcase name="group parent group should have hasSubgroups set to true" time="0" classname="Chrome 32.0.1700 (Mac OS X 10.9.1).InMemoryCache"/>
    <testcase name="group group should have hasSubgroups set to false" time="0" classname="Chrome 32.0.1700 (Mac OS X 10.9.1).InMemoryCache"/>
    <testcase name="aggregate return empty object if data is undefined" time="0.001" classname="Chrome 32.0.1700 (Mac OS X 10.9.1).InMemoryCache"/>
    <testcase name="group on empty array" time="0" classname="Chrome 32.0.1700 (Mac OS X 10.9.1).InMemoryCache"/>
    <testcase name="read calls $.ajax" time="0.067" classname="Chrome 32.0.1700 (Mac OS X 10.9.1).RemoteTransport"/>
    <testcase name="read passes its options to $.ajax" time="0.066" classname="Chrome 32.0.1700 (Mac OS X 10.9.1).RemoteTransport"/>
    <testcase name="read passes options.data to its parameterMap" time="0.066" classname="Chrome 32.0.1700 (Mac OS X 10.9.1).RemoteTransport"/>
    <testcase name="read passes constructor options.read.data to its parameterMap" time="0.066" classname="Chrome 32.0.1700 (Mac OS X 10.9.1).RemoteTransport"/>
    <testcase name="read passes constructor data function result to its parameterMap" time="0.067" classname="Chrome 32.0.1700 (Mac OS X 10.9.1).RemoteTransport"/>
    <testcase name="read constructor data function is persisted on multiple requests" time="0.068" classname="Chrome 32.0.1700 (Mac OS X 10.9.1).RemoteTransport"/>
    <testcase name="read constructor data has access to the data to be passed to parameterMap" time="0.066" classname="Chrome 32.0.1700 (Mac OS X 10.9.1).RemoteTransport"/>
    <testcase name="read original data is not contaminated when additional data is submitted" time="0.066" classname="Chrome 32.0.1700 (Mac OS X 10.9.1).RemoteTransport"/>
    <testcase name="update passes data options to parameterMap" time="0.066" classname="Chrome 32.0.1700 (Mac OS X 10.9.1).RemoteTransport"/>
    <testcase name="the type argument of the parameterMap is update during updating" time="0.066" classname="Chrome 32.0.1700 (Mac OS X 10.9.1).RemoteTransport"/>
    <testcase name="the type argument of the parameterMap is destroy during destroying" time="0.065" classname="Chrome 32.0.1700 (Mac OS X 10.9.1).RemoteTransport"/>
    <testcase name="the type argument of the parameterMap is create during creating" time="0.065" classname="Chrome 32.0.1700 (Mac OS X 10.9.1).RemoteTransport"/>
    <testcase name="the type argument of the parameterMap is read during reading" time="0.065" classname="Chrome 32.0.1700 (Mac OS X 10.9.1).RemoteTransport"/>
    <testcase name="parameterMap as plain object" time="0.001" classname="Chrome 32.0.1700 (Mac OS X 10.9.1).RemoteTransport"/>
    <testcase name="parameterMap as plain object copies unsuported fields" time="0" classname="Chrome 32.0.1700 (Mac OS X 10.9.1).RemoteTransport"/>
    <testcase name="parameterMap as plain object calls functions" time="0.001" classname="Chrome 32.0.1700 (Mac OS X 10.9.1).RemoteTransport"/>
    <testcase name="string options are treated as url" time="0.065" classname="Chrome 32.0.1700 (Mac OS X 10.9.1).RemoteTransport"/>
    <testcase name="read calls the success handler when the ajax response is returned" time="0.066" classname="Chrome 32.0.1700 (Mac OS X 10.9.1).RemoteTransport"/>
    <testcase name="read calls the error handler when the ajax request fails" time="0.066" classname="Chrome 32.0.1700 (Mac OS X 10.9.1).RemoteTransport"/>
    <testcase name="read check if result exists in cache passing the data argumets as key" time="0.066" classname="Chrome 32.0.1700 (Mac OS X 10.9.1).RemoteTransport"/>
    <testcase name="read does not send request if data exists in cache" time="0.014" classname="Chrome 32.0.1700 (Mac OS X 10.9.1).RemoteTransport"/>
    <testcase name="read adds item to the cache" time="0.066" classname="Chrome 32.0.1700 (Mac OS X 10.9.1).RemoteTransport"/>
    <testcase name="setting cache to true applies in memory cache" time="0.001" classname="Chrome 32.0.1700 (Mac OS X 10.9.1).RemoteTransport"/>
    <testcase name="setting cache to false disables caching" time="0" classname="Chrome 32.0.1700 (Mac OS X 10.9.1).RemoteTransport"/>
    <testcase name="setting cache to inmemory returns Cache" time="0.001" classname="Chrome 32.0.1700 (Mac OS X 10.9.1).RemoteTransport"/>
    <testcase name="update as string options are treated as url" time="0" classname="Chrome 32.0.1700 (Mac OS X 10.9.1).RemoteTransport"/>
    <testcase name="destroy as string option is treated as url" time="0" classname="Chrome 32.0.1700 (Mac OS X 10.9.1).RemoteTransport"/>
    <testcase name="create as string option is treated as url" time="0.001" classname="Chrome 32.0.1700 (Mac OS X 10.9.1).RemoteTransport"/>
    <testcase name="update calls $.ajax" time="0.066" classname="Chrome 32.0.1700 (Mac OS X 10.9.1).RemoteTransport"/>
    <testcase name="destroy calls $.ajax" time="0.065" classname="Chrome 32.0.1700 (Mac OS X 10.9.1).RemoteTransport"/>
    <testcase name="create calls $.ajax" time="0.065" classname="Chrome 32.0.1700 (Mac OS X 10.9.1).RemoteTransport"/>
    <testcase name="update passes its options to $.ajax" time="0.067" classname="Chrome 32.0.1700 (Mac OS X 10.9.1).RemoteTransport"/>
    <testcase name="destroy passes its options to $.ajax" time="0.066" classname="Chrome 32.0.1700 (Mac OS X 10.9.1).RemoteTransport"/>
    <testcase name="update calls the success handler when the ajax response is returned" time="0.071" classname="Chrome 32.0.1700 (Mac OS X 10.9.1).RemoteTransport"/>
    <testcase name="update calls the error handler when the ajax request fails" time="0.066" classname="Chrome 32.0.1700 (Mac OS X 10.9.1).RemoteTransport"/>
    <testcase name="update calls its parameterMap" time="0.066" classname="Chrome 32.0.1700 (Mac OS X 10.9.1).RemoteTransport"/>
    <testcase name="update passes constructor options.update.data to its parameterMap" time="0.066" classname="Chrome 32.0.1700 (Mac OS X 10.9.1).RemoteTransport"/>
    <testcase name="update passes constructor data function result to its parameterMap" time="0.065" classname="Chrome 32.0.1700 (Mac OS X 10.9.1).RemoteTransport"/>
    <testcase name="signalr transport inherits from remote transport" time="0" classname="Chrome 32.0.1700 (Mac OS X 10.9.1).SignalR"/>
    <testcase name="signalr transport requires the promise option to be set" time="0.001" classname="Chrome 32.0.1700 (Mac OS X 10.9.1).SignalR"/>
    <testcase name="the promise option must be a Promise" time="0.001" classname="Chrome 32.0.1700 (Mac OS X 10.9.1).SignalR"/>
    <testcase name="signalr transport requires the hub option to be set" time="0" classname="Chrome 32.0.1700 (Mac OS X 10.9.1).SignalR"/>
    <testcase name="the hub object must have on and invoke methods" time="0.001" classname="Chrome 32.0.1700 (Mac OS X 10.9.1).SignalR"/>
    <testcase name="the push method listens for create notifications from the hub" time="0" classname="Chrome 32.0.1700 (Mac OS X 10.9.1).SignalR"/>
    <testcase name="the push method listens for update notifications from the hub" time="0.001" classname="Chrome 32.0.1700 (Mac OS X 10.9.1).SignalR"/>
    <testcase name="the push method listens for destroy notifications from the hub" time="0.001" classname="Chrome 32.0.1700 (Mac OS X 10.9.1).SignalR"/>
    <testcase name="transport calls pushCreate when the create method is triggered by the hub" time="0" classname="Chrome 32.0.1700 (Mac OS X 10.9.1).SignalR"/>
    <testcase name="transport calls pushUpdate when the update method is triggered by the hub" time="0.001" classname="Chrome 32.0.1700 (Mac OS X 10.9.1).SignalR"/>
    <testcase name="transport calls pushDestroy when the destroy method is triggered by the hub" time="0.001" classname="Chrome 32.0.1700 (Mac OS X 10.9.1).SignalR"/>
    <testcase name="can override the push method from the options" time="0" classname="Chrome 32.0.1700 (Mac OS X 10.9.1).SignalR"/>
    <testcase name="the context of the custom push method is the transport itself" time="0.001" classname="Chrome 32.0.1700 (Mac OS X 10.9.1).SignalR"/>
    <testcase name="the read method invokes the read server method" time="0" classname="Chrome 32.0.1700 (Mac OS X 10.9.1).SignalR"/>
    <testcase name="the read method throws error if server configuration is not specified" time="0" classname="Chrome 32.0.1700 (Mac OS X 10.9.1).SignalR"/>
    <testcase name="the read method passes the data field of the options to the server read method" time="0.001" classname="Chrome 32.0.1700 (Mac OS X 10.9.1).SignalR"/>
    <testcase name="the read method invokes the parameterMap" time="0" classname="Chrome 32.0.1700 (Mac OS X 10.9.1).SignalR"/>
    <testcase name="the read method passes options.data to the parameterMap" time="0.001" classname="Chrome 32.0.1700 (Mac OS X 10.9.1).SignalR"/>
    <testcase name="the read method invokes parameterMap and passes &apos;read&apos; as the type of operation" time="0" classname="Chrome 32.0.1700 (Mac OS X 10.9.1).SignalR"/>
    <testcase name="read calls options.success when invoke is done" time="0.001" classname="Chrome 32.0.1700 (Mac OS X 10.9.1).SignalR"/>
    <testcase name="read calls options.error when invoke fails" time="0" classname="Chrome 32.0.1700 (Mac OS X 10.9.1).SignalR"/>
    <testcase name="the create method invokes the create server method" time="0.001" classname="Chrome 32.0.1700 (Mac OS X 10.9.1).SignalR"/>
    <testcase name="the create method throws error if server configuration is not specified" time="0.001" classname="Chrome 32.0.1700 (Mac OS X 10.9.1).SignalR"/>
    <testcase name="the create method passes the data field of the options to the server create method" time="0" classname="Chrome 32.0.1700 (Mac OS X 10.9.1).SignalR"/>
    <testcase name="the create method invokes the parameterMap" time="0.001" classname="Chrome 32.0.1700 (Mac OS X 10.9.1).SignalR"/>
    <testcase name="the create method passes options.data to the parameterMap" time="0" classname="Chrome 32.0.1700 (Mac OS X 10.9.1).SignalR"/>
    <testcase name="the create method invokes parameterMap and passes &apos;create&apos; as the type of operation" time="0.001" classname="Chrome 32.0.1700 (Mac OS X 10.9.1).SignalR"/>
    <testcase name="create calls options.success when invoke is done" time="0" classname="Chrome 32.0.1700 (Mac OS X 10.9.1).SignalR"/>
    <testcase name="create calls options.error when invoke fails" time="0.001" classname="Chrome 32.0.1700 (Mac OS X 10.9.1).SignalR"/>
    <testcase name="the update method invokes the update server method" time="0" classname="Chrome 32.0.1700 (Mac OS X 10.9.1).SignalR"/>
    <testcase name="the update method throws error if server configuration is not specified" time="0" classname="Chrome 32.0.1700 (Mac OS X 10.9.1).SignalR"/>
    <testcase name="the update method passes the data field of the options to the server update method" time="0.001" classname="Chrome 32.0.1700 (Mac OS X 10.9.1).SignalR"/>
    <testcase name="the update method invokes the parameterMap" time="0" classname="Chrome 32.0.1700 (Mac OS X 10.9.1).SignalR"/>
    <testcase name="the update method passes options.data to the parameterMap" time="0.001" classname="Chrome 32.0.1700 (Mac OS X 10.9.1).SignalR"/>
    <testcase name="the update method invokes parameterMap and passes &apos;update&apos; as the type of operation" time="0" classname="Chrome 32.0.1700 (Mac OS X 10.9.1).SignalR"/>
    <testcase name="update calls options.success when invoke is done" time="0" classname="Chrome 32.0.1700 (Mac OS X 10.9.1).SignalR"/>
    <testcase name="update calls options.error when invoke fails" time="0" classname="Chrome 32.0.1700 (Mac OS X 10.9.1).SignalR"/>
    <testcase name="the destroy method invokes the destroy server method" time="0.001" classname="Chrome 32.0.1700 (Mac OS X 10.9.1).SignalR"/>
    <testcase name="the destroy method throws error if server configuration is not specified" time="0" classname="Chrome 32.0.1700 (Mac OS X 10.9.1).SignalR"/>
    <testcase name="the destroy method passes the data field of the options to the server destroy method" time="0.001" classname="Chrome 32.0.1700 (Mac OS X 10.9.1).SignalR"/>
    <testcase name="the destroy method invokes the parameterMap" time="0" classname="Chrome 32.0.1700 (Mac OS X 10.9.1).SignalR"/>
    <testcase name="the destroy method passes options.data to the parameterMap" time="0.001" classname="Chrome 32.0.1700 (Mac OS X 10.9.1).SignalR"/>
    <testcase name="the destroy method invokes parameterMap and passes &apos;destroy&apos; as the type of operation" time="0" classname="Chrome 32.0.1700 (Mac OS X 10.9.1).SignalR"/>
    <testcase name="destroy calls options.success when invoke is done" time="0" classname="Chrome 32.0.1700 (Mac OS X 10.9.1).SignalR"/>
    <testcase name="destroy calls options.error when invoke fails" time="0.001" classname="Chrome 32.0.1700 (Mac OS X 10.9.1).SignalR"/>
    <testcase name="parse of empty element" time="0" classname="Chrome 32.0.1700 (Mac OS X 10.9.1).XmlDataReader"/>
    <testcase name="parse with xml document" time="0" classname="Chrome 32.0.1700 (Mac OS X 10.9.1).XmlDataReader"/>
    <testcase name="parse as function" time="0.001" classname="Chrome 32.0.1700 (Mac OS X 10.9.1).XmlDataReader"/>
    <testcase name="parse sets the text field to be the contents of the result" time="0" classname="Chrome 32.0.1700 (Mac OS X 10.9.1).XmlDataReader"/>
    <testcase name="parse child element as a field" time="0.001" classname="Chrome 32.0.1700 (Mac OS X 10.9.1).XmlDataReader"/>
    <testcase name="parse grand child element as a field" time="0" classname="Chrome 32.0.1700 (Mac OS X 10.9.1).XmlDataReader"/>
    <testcase name="parse multiple children with same nodeName as array" time="0.001" classname="Chrome 32.0.1700 (Mac OS X 10.9.1).XmlDataReader"/>
    <testcase name="parse CDATA as #text" time="0" classname="Chrome 32.0.1700 (Mac OS X 10.9.1).XmlDataReader"/>
    <testcase name="parse attributes as @ fields" time="0" classname="Chrome 32.0.1700 (Mac OS X 10.9.1).XmlDataReader"/>
    <testcase name="xpathToMember with attribute" time="0" classname="Chrome 32.0.1700 (Mac OS X 10.9.1).XmlDataReader"/>
    <testcase name="xpathToMember with attribute only" time="0.001" classname="Chrome 32.0.1700 (Mac OS X 10.9.1).XmlDataReader"/>
    <testcase name="xpathToMember with text() only" time="0" classname="Chrome 32.0.1700 (Mac OS X 10.9.1).XmlDataReader"/>
    <testcase name="xpathToMember with attribute of nested element" time="0.001" classname="Chrome 32.0.1700 (Mac OS X 10.9.1).XmlDataReader"/>
    <testcase name="xpathToMember and text()" time="0" classname="Chrome 32.0.1700 (Mac OS X 10.9.1).XmlDataReader"/>
    <testcase name="xpathToMember and element only" time="0.001" classname="Chrome 32.0.1700 (Mac OS X 10.9.1).XmlDataReader"/>
    <testcase name="xpathToMember and nested elements " time="0" classname="Chrome 32.0.1700 (Mac OS X 10.9.1).XmlDataReader"/>
    <testcase name="xpathToMember text() of nested elements " time="0" classname="Chrome 32.0.1700 (Mac OS X 10.9.1).XmlDataReader"/>
    <testcase name="xpathToMember returns empty string when argument is null, undefined or empty string " time="0.001" classname="Chrome 32.0.1700 (Mac OS X 10.9.1).XmlDataReader"/>
    <testcase name="errors as a functon" time="0" classname="Chrome 32.0.1700 (Mac OS X 10.9.1).XmlDataReader"/>
    <testcase name="errors returns the errors tag content" time="0.001" classname="Chrome 32.0.1700 (Mac OS X 10.9.1).XmlDataReader"/>
    <testcase name="total returns a number" time="0.001" classname="Chrome 32.0.1700 (Mac OS X 10.9.1).XmlDataReader"/>
    <testcase name="total as function" time="0.001" classname="Chrome 32.0.1700 (Mac OS X 10.9.1).XmlDataReader"/>
    <testcase name="serialize as function" time="0" classname="Chrome 32.0.1700 (Mac OS X 10.9.1).XmlDataReader"/>
    <testcase name="data returns the records" time="0.001" classname="Chrome 32.0.1700 (Mac OS X 10.9.1).XmlDataReader"/>
    <testcase name="data as function" time="0" classname="Chrome 32.0.1700 (Mac OS X 10.9.1).XmlDataReader"/>
    <testcase name="data returns the records with nested elements on two levels" time="0.001" classname="Chrome 32.0.1700 (Mac OS X 10.9.1).XmlDataReader"/>
    <testcase name="data returns the records with nested elements on three levels" time="0" classname="Chrome 32.0.1700 (Mac OS X 10.9.1).XmlDataReader"/>
    <testcase name="data returns the records with nested elements on four levels" time="0" classname="Chrome 32.0.1700 (Mac OS X 10.9.1).XmlDataReader"/>
    <testcase name="data returns the records in right order" time="0" classname="Chrome 32.0.1700 (Mac OS X 10.9.1).XmlDataReader"/>
    <testcase name="data returns the records with mixed items" time="0.001" classname="Chrome 32.0.1700 (Mac OS X 10.9.1).XmlDataReader"/>
    <testcase name="model is initialized from options" time="0" classname="Chrome 32.0.1700 (Mac OS X 10.9.1).XmlDataReader"/>
    <testcase name="model is initialized from options modelBase" time="0.001" classname="Chrome 32.0.1700 (Mac OS X 10.9.1).XmlDataReader"/>
    <testcase name="parse model id" time="0.001" classname="Chrome 32.0.1700 (Mac OS X 10.9.1).XmlDataReader"/>
    <testcase name="model id is field from the processed data" time="0.001" classname="Chrome 32.0.1700 (Mac OS X 10.9.1).XmlDataReader"/>
    <testcase name="model fields as object is parsed" time="0.001" classname="Chrome 32.0.1700 (Mac OS X 10.9.1).XmlDataReader"/>
    <testcase name="model fields are parsed" time="0.001" classname="Chrome 32.0.1700 (Mac OS X 10.9.1).XmlDataReader"/>
    <testcase name="parse xml with nullable property" time="0" classname="Chrome 32.0.1700 (Mac OS X 10.9.1).XmlDataReader"/>
    <testcase name="data returns array if there is only one item" time="0.001" classname="Chrome 32.0.1700 (Mac OS X 10.9.1).XmlDataReader"/>
    <testcase name="model fields attrbiutes are preserved" time="0.001" classname="Chrome 32.0.1700 (Mac OS X 10.9.1).XmlDataReader"/>
    <testcase name="parse converts field values to the specifed type" time="0.001" classname="Chrome 32.0.1700 (Mac OS X 10.9.1).XmlDataReader"/>
    <testcase name="returns empty data if source is empty" time="0" classname="Chrome 32.0.1700 (Mac OS X 10.9.1).XmlDataReader"/>
    <testcase name="additional field is not added to the model if id is not defined" time="0.001" classname="Chrome 32.0.1700 (Mac OS X 10.9.1).XmlDataReader"/>
    <testcase name="value method should call calendar value and set dateView._value" time="0.018" classname="Chrome 32.0.1700 (Mac OS X 10.9.1).kendo_ui_DateView API"/>
    <testcase name="min() should set the options.min" time="0.003" classname="Chrome 32.0.1700 (Mac OS X 10.9.1).kendo_ui_DateView API"/>
    <testcase name="min method sets calendar min value" time="0.014" classname="Chrome 32.0.1700 (Mac OS X 10.9.1).kendo_ui_DateView API"/>
    <testcase name="max() should set the options.max" time="0.002" classname="Chrome 32.0.1700 (Mac OS X 10.9.1).kendo_ui_DateView API"/>
    <testcase name="max method sets calendar max value" time="0.013" classname="Chrome 32.0.1700 (Mac OS X 10.9.1).kendo_ui_DateView API"/>
    <testcase name="open method opens the dateView" time="0.055" classname="Chrome 32.0.1700 (Mac OS X 10.9.1).kendo_ui_DateView API"/>
    <testcase name="close method should closes the dateView" time="0.004" classname="Chrome 32.0.1700 (Mac OS X 10.9.1).kendo_ui_DateView API"/>
    <testcase name="value method should return value of the datepicker" time="0.004" classname="Chrome 32.0.1700 (Mac OS X 10.9.1).kendo_ui_DateView API"/>
    <testcase name="value method updates the input value" time="0.004" classname="Chrome 32.0.1700 (Mac OS X 10.9.1).kendo_ui_DateView API"/>
    <testcase name="value method uses options.parseFormats to parse passed value" time="0.003" classname="Chrome 32.0.1700 (Mac OS X 10.9.1).kendo_ui_DateView API"/>
    <testcase name="value method parse passed value using options.parseFormats" time="0.004" classname="Chrome 32.0.1700 (Mac OS X 10.9.1).kendo_ui_DateView API"/>
    <testcase name="value should not accept value bigger than max" time="0.003" classname="Chrome 32.0.1700 (Mac OS X 10.9.1).kendo_ui_DateView API"/>
    <testcase name="value should update input when select date from calendar" time="0.11" classname="Chrome 32.0.1700 (Mac OS X 10.9.1).kendo_ui_DateView API"/>
    <testcase name="empty input if set value ot null" time="0.003" classname="Chrome 32.0.1700 (Mac OS X 10.9.1).kendo_ui_DateView API"/>
    <testcase name="value method should call dateview.value()" time="0.004" classname="Chrome 32.0.1700 (Mac OS X 10.9.1).kendo_ui_DateView API"/>
    <testcase name="value method should parse value" time="0.003" classname="Chrome 32.0.1700 (Mac OS X 10.9.1).kendo_ui_DateView API"/>
    <testcase name="_change should set value if it was changed" time="0.003" classname="Chrome 32.0.1700 (Mac OS X 10.9.1).kendo_ui_DateView API"/>
    <testcase name="_change should not call value() if value was not changed" time="0.004" classname="Chrome 32.0.1700 (Mac OS X 10.9.1).kendo_ui_DateView API"/>
    <testcase name="min() should return min value" time="0.004" classname="Chrome 32.0.1700 (Mac OS X 10.9.1).kendo_ui_DateView API"/>
    <testcase name="min() should set the min value of the datepicker" time="0.003" classname="Chrome 32.0.1700 (Mac OS X 10.9.1).kendo_ui_DateView API"/>
    <testcase name="min method uses options.parseFormats" time="0.004" classname="Chrome 32.0.1700 (Mac OS X 10.9.1).kendo_ui_DateView API"/>
    <testcase name="min() should call dateView.min()" time="0.003" classname="Chrome 32.0.1700 (Mac OS X 10.9.1).kendo_ui_DateView API"/>
    <testcase name="max() should return max value" time="0.008" classname="Chrome 32.0.1700 (Mac OS X 10.9.1).kendo_ui_DateView API"/>
    <testcase name="max() should set the max value of the datepicker" time="0.004" classname="Chrome 32.0.1700 (Mac OS X 10.9.1).kendo_ui_DateView API"/>
    <testcase name="max() should call dateView.max()" time="0.003" classname="Chrome 32.0.1700 (Mac OS X 10.9.1).kendo_ui_DateView API"/>
    <testcase name="enable(false) should disable input element" time="0.004" classname="Chrome 32.0.1700 (Mac OS X 10.9.1).kendo_ui_DateView API"/>
    <testcase name="enable(false) should unbind icon click" time="0.009" classname="Chrome 32.0.1700 (Mac OS X 10.9.1).kendo_ui_DateView API"/>
    <testcase name="enable() should remove disable attribute" time="0.004" classname="Chrome 32.0.1700 (Mac OS X 10.9.1).kendo_ui_DateView API"/>
    <testcase name="readonly() makes  input element readonly" time="0.004" classname="Chrome 32.0.1700 (Mac OS X 10.9.1).kendo_ui_DateView API"/>
    <testcase name="readonly() unbinds icon click" time="0.01" classname="Chrome 32.0.1700 (Mac OS X 10.9.1).kendo_ui_DateView API"/>
    <testcase name="readonly(false) removes readonly attribute" time="0.004" classname="Chrome 32.0.1700 (Mac OS X 10.9.1).kendo_ui_DateView API"/>
    <testcase name="readonly() removes disabled attribute and disabled class" time="0.004" classname="Chrome 32.0.1700 (Mac OS X 10.9.1).kendo_ui_DateView API"/>
    <testcase name="enable(false) removes readonly attribute and default class" time="0.004" classname="Chrome 32.0.1700 (Mac OS X 10.9.1).kendo_ui_DateView API"/>
    <testcase name="enable() enables widget after readonly()" time="0.004" classname="Chrome 32.0.1700 (Mac OS X 10.9.1).kendo_ui_DateView API"/>
    <testcase name="value method honors options.culture" time="0.004" classname="Chrome 32.0.1700 (Mac OS X 10.9.1).kendo_ui_DateView API"/>
    <testcase name="value method restricts time of the value if it&apos;s date part is equal to min" time="0.003" classname="Chrome 32.0.1700 (Mac OS X 10.9.1).kendo_ui_DateView API"/>
    <testcase name="value method restricts time of the value if it&apos;s date part is equal to max" time="0.005" classname="Chrome 32.0.1700 (Mac OS X 10.9.1).kendo_ui_DateView API"/>
    <testcase name="value method does not show text representation of invalid value" time="0.003" classname="Chrome 32.0.1700 (Mac OS X 10.9.1).kendo_ui_DateView API"/>
    <testcase name="setOptions method updates calendar options" time="0.092" classname="Chrome 32.0.1700 (Mac OS X 10.9.1).kendo_ui_DateView API"/>
    <testcase name="setOptions method updates format" time="0.117" classname="Chrome 32.0.1700 (Mac OS X 10.9.1).kendo_ui_DateView API"/>
    <testcase name="DatePicker adds role to the input element" time="0.004" classname="Chrome 32.0.1700 (Mac OS X 10.9.1).kendo_ui_DatePicker ARIA"/>
    <testcase name="DatePicker adds aria-owns" time="0.003" classname="Chrome 32.0.1700 (Mac OS X 10.9.1).kendo_ui_DatePicker ARIA"/>
    <testcase name="DatePicker sets id to the popup element" time="0.004" classname="Chrome 32.0.1700 (Mac OS X 10.9.1).kendo_ui_DatePicker ARIA"/>
    <testcase name="DatePicker adds aria-expanded" time="0.003" classname="Chrome 32.0.1700 (Mac OS X 10.9.1).kendo_ui_DatePicker ARIA"/>
    <testcase name="DatePicker sets aria-expanded to true" time="0.069" classname="Chrome 32.0.1700 (Mac OS X 10.9.1).kendo_ui_DatePicker ARIA"/>
    <testcase name="DatePicker sets aria-hidden=false to the popup element" time="0.069" classname="Chrome 32.0.1700 (Mac OS X 10.9.1).kendo_ui_DatePicker ARIA"/>
    <testcase name="DatePicker sets aria-hidden=true to the popup element" time="0.08" classname="Chrome 32.0.1700 (Mac OS X 10.9.1).kendo_ui_DatePicker ARIA"/>
    <testcase name="DatePicker adds aria-disabled=false" time="0.004" classname="Chrome 32.0.1700 (Mac OS X 10.9.1).kendo_ui_DatePicker ARIA"/>
    <testcase name="DatePicker sets aria-disabled=true" time="0.003" classname="Chrome 32.0.1700 (Mac OS X 10.9.1).kendo_ui_DatePicker ARIA"/>
    <testcase name="DatePicker adds role to the toggle button" time="0.003" classname="Chrome 32.0.1700 (Mac OS X 10.9.1).kendo_ui_DatePicker ARIA"/>
    <testcase name="DatePicker adds aria-controls to the toggle button" time="0.003" classname="Chrome 32.0.1700 (Mac OS X 10.9.1).kendo_ui_DatePicker ARIA"/>
    <testcase name="DatePicker sets id to the calendar" time="0.02" classname="Chrome 32.0.1700 (Mac OS X 10.9.1).kendo_ui_DatePicker ARIA"/>
    <testcase name="DatePicker sets aria-activedescendant after navigation" time="0.089" classname="Chrome 32.0.1700 (Mac OS X 10.9.1).kendo_ui_DatePicker ARIA"/>
    <testcase name="DatePicker sets aria-label to focused cell" time="0.084" classname="Chrome 32.0.1700 (Mac OS X 10.9.1).kendo_ui_DatePicker ARIA"/>
    <testcase name="DatePicker removes aria-label from previous cell" time="0.089" classname="Chrome 32.0.1700 (Mac OS X 10.9.1).kendo_ui_DatePicker ARIA"/>
    <testcase name="blur should call _change event" time="0.01" classname="Chrome 32.0.1700 (Mac OS X 10.9.1).kendo_ui_DatePicker Events"/>
    <testcase name="raise change event" time="0.004" classname="Chrome 32.0.1700 (Mac OS X 10.9.1).kendo_ui_DatePicker Events"/>
    <testcase name="raise DOM change event" time="0.003" classname="Chrome 32.0.1700 (Mac OS X 10.9.1).kendo_ui_DatePicker Events"/>
    <testcase name="do not raise change event when use API" time="0.005" classname="Chrome 32.0.1700 (Mac OS X 10.9.1).kendo_ui_DatePicker Events"/>
    <testcase name="raise open event" time="0.034" classname="Chrome 32.0.1700 (Mac OS X 10.9.1).kendo_ui_DatePicker Events"/>
    <testcase name="raise close event" time="0.102" classname="Chrome 32.0.1700 (Mac OS X 10.9.1).kendo_ui_DatePicker Events"/>
    <testcase name="raise close event document click" time="0.11" classname="Chrome 32.0.1700 (Mac OS X 10.9.1).kendo_ui_DatePicker Events"/>
    <testcase name="DateView should create popup instance" time="0.003" classname="Chrome 32.0.1700 (Mac OS X 10.9.1).kendo_ui_DateView initialization"/>
    <testcase name="DateView does not create calendar on init" time="0.001" classname="Chrome 32.0.1700 (Mac OS X 10.9.1).kendo_ui_DateView initialization"/>
    <testcase name="DateView creates calendar on first open" time="0.024" classname="Chrome 32.0.1700 (Mac OS X 10.9.1).kendo_ui_DateView initialization"/>
    <testcase name="DateView persist focused value when calendar navigate" time="0.015" classname="Chrome 32.0.1700 (Mac OS X 10.9.1).kendo_ui_DateView initialization"/>
    <testcase name="DatePicker should not create footer template" time="0.006" classname="Chrome 32.0.1700 (Mac OS X 10.9.1).kendo_ui_DatePicker initialization"/>
    <testcase name="get value of the input if" time="0.005" classname="Chrome 32.0.1700 (Mac OS X 10.9.1).kendo_ui_DatePicker initialization"/>
    <testcase name="_wrapper() wraps input element" time="0.005" classname="Chrome 32.0.1700 (Mac OS X 10.9.1).kendo_ui_DatePicker initialization"/>
    <testcase name="_input should add k-input to the element" time="0.004" classname="Chrome 32.0.1700 (Mac OS X 10.9.1).kendo_ui_DatePicker initialization"/>
    <testcase name="_input create calendar button" time="0.005" classname="Chrome 32.0.1700 (Mac OS X 10.9.1).kendo_ui_DatePicker initialization"/>
    <testcase name="create dateview" time="0.01" classname="Chrome 32.0.1700 (Mac OS X 10.9.1).kendo_ui_DatePicker initialization"/>
    <testcase name="dateView should have correct options" time="0.006" classname="Chrome 32.0.1700 (Mac OS X 10.9.1).kendo_ui_DatePicker initialization"/>
    <testcase name="dateview updates datepicker on calendar change" time="0.124" classname="Chrome 32.0.1700 (Mac OS X 10.9.1).kendo_ui_DatePicker initialization"/>
    <testcase name="DatePicker wire icon click" time="0.089" classname="Chrome 32.0.1700 (Mac OS X 10.9.1).kendo_ui_DatePicker initialization"/>
    <testcase name="form reset support" time="0.351" classname="Chrome 32.0.1700 (Mac OS X 10.9.1).kendo_ui_DatePicker initialization"/>
    <testcase name="support for form defined by attribute" time="0.37" classname="Chrome 32.0.1700 (Mac OS X 10.9.1).kendo_ui_DatePicker initialization"/>
    <testcase name="extend popup options if datepicker.options.popup" time="0.005" classname="Chrome 32.0.1700 (Mac OS X 10.9.1).kendo_ui_DatePicker initialization"/>
    <testcase name="DatePicker adds format to parseFormats array" time="0.003" classname="Chrome 32.0.1700 (Mac OS X 10.9.1).kendo_ui_DatePicker initialization"/>
    <testcase name="DatePicker does not modify parseFormats if format exists in the array" time="0.002" classname="Chrome 32.0.1700 (Mac OS X 10.9.1).kendo_ui_DatePicker initialization"/>
    <testcase name="DatePicker copies input&apos;s className to the wrapper" time="0.003" classname="Chrome 32.0.1700 (Mac OS X 10.9.1).kendo_ui_DatePicker initialization"/>
    <testcase name="DatePicker updates calendar if empty input element on open" time="0.035" classname="Chrome 32.0.1700 (Mac OS X 10.9.1).kendo_ui_DatePicker initialization"/>
    <testcase name="DatePicker updates calendar&apos;s focused date" time="0.033" classname="Chrome 32.0.1700 (Mac OS X 10.9.1).kendo_ui_DatePicker initialization"/>
    <testcase name="DatePickers changes the type of the input" time="0.009" classname="Chrome 32.0.1700 (Mac OS X 10.9.1).kendo_ui_DatePicker initialization"/>
    <testcase name="DatePicker sets dates property of the calendar" time="0.068" classname="Chrome 32.0.1700 (Mac OS X 10.9.1).kendo_ui_DatePicker initialization"/>
    <testcase name="DatePicker honors readonly attribute" time="0.008" classname="Chrome 32.0.1700 (Mac OS X 10.9.1).kendo_ui_DatePicker initialization"/>
    <testcase name="DatePicker uses disabled attr over the readonly" time="0.003" classname="Chrome 32.0.1700 (Mac OS X 10.9.1).kendo_ui_DatePicker initialization"/>
    <testcase name="DatePicker does not remove input text on initialization if not valid value" time="0.002" classname="Chrome 32.0.1700 (Mac OS X 10.9.1).kendo_ui_DatePicker initialization"/>
    <testcase name="initializes a datepicker when data role is datepicker" time="0.003" classname="Chrome 32.0.1700 (Mac OS X 10.9.1).kendo_ui_Calendar MVVM"/>
    <testcase name="initializes a options from data attributes" time="0.003" classname="Chrome 32.0.1700 (Mac OS X 10.9.1).kendo_ui_Calendar MVVM"/>
    <testcase name="Preserve options after widget init" time="0.003" classname="Chrome 32.0.1700 (Mac OS X 10.9.1).kendo_ui_Calendar MVVM"/>
    <testcase name="initializes options from data attributes after init of the widget" time="0.003" classname="Chrome 32.0.1700 (Mac OS X 10.9.1).kendo_ui_Calendar MVVM"/>
    <testcase name="initializes a parseFormats option from data attributes" time="0.003" classname="Chrome 32.0.1700 (Mac OS X 10.9.1).kendo_ui_Calendar MVVM"/>
    <testcase name="initializes a parseFormats option from data attribute with array value" time="0.003" classname="Chrome 32.0.1700 (Mac OS X 10.9.1).kendo_ui_Calendar MVVM"/>
    <testcase name="initializes value from view model" time="0.003" classname="Chrome 32.0.1700 (Mac OS X 10.9.1).kendo_ui_Calendar MVVM"/>
    <testcase name="changing a value updates the view model" time="0.003" classname="Chrome 32.0.1700 (Mac OS X 10.9.1).kendo_ui_Calendar MVVM"/>
    <testcase name="changing to invalid value does not clear widget" time="0.01" classname="Chrome 32.0.1700 (Mac OS X 10.9.1).kendo_ui_Calendar MVVM"/>
    <testcase name="binding datepicker initialized before binding" time="0.003" classname="Chrome 32.0.1700 (Mac OS X 10.9.1).kendo_ui_Calendar MVVM"/>
    <testcase name="binding datepicker initialized after binding" time="0.004" classname="Chrome 32.0.1700 (Mac OS X 10.9.1).kendo_ui_Calendar MVVM"/>
    <testcase name="updating model value updates the UI" time="0.003" classname="Chrome 32.0.1700 (Mac OS X 10.9.1).kendo_ui_Calendar MVVM"/>
    <testcase name="bindings are removed if element is rebind" time="0.003" classname="Chrome 32.0.1700 (Mac OS X 10.9.1).kendo_ui_Calendar MVVM"/>
    <testcase name="binding target is destroyed" time="0.003" classname="Chrome 32.0.1700 (Mac OS X 10.9.1).kendo_ui_Calendar MVVM"/>
    <testcase name="dataBound event is raised if attached as option" time="0.003" classname="Chrome 32.0.1700 (Mac OS X 10.9.1).kendo_ui_Calendar MVVM"/>
    <testcase name="dataBound event is raised if attached as option to a already initialized datepicker" time="0.002" classname="Chrome 32.0.1700 (Mac OS X 10.9.1).kendo_ui_Calendar MVVM"/>
    <testcase name="binding enabled to false disables the widget" time="0.004" classname="Chrome 32.0.1700 (Mac OS X 10.9.1).kendo_ui_Calendar MVVM"/>
    <testcase name="binding enabled to true enables the widget" time="0.003" classname="Chrome 32.0.1700 (Mac OS X 10.9.1).kendo_ui_Calendar MVVM"/>
    <testcase name="binding disable to true disables the widget" time="0.003" classname="Chrome 32.0.1700 (Mac OS X 10.9.1).kendo_ui_Calendar MVVM"/>
    <testcase name="binding disabled to false enables the widget" time="0.003" classname="Chrome 32.0.1700 (Mac OS X 10.9.1).kendo_ui_Calendar MVVM"/>
    <testcase name="binding visible to false hides the widget" time="0.003" classname="Chrome 32.0.1700 (Mac OS X 10.9.1).kendo_ui_Calendar MVVM"/>
    <testcase name="binding visible to true shows the widget" time="0.004" classname="Chrome 32.0.1700 (Mac OS X 10.9.1).kendo_ui_Calendar MVVM"/>
    <testcase name="changing visible to false hides the widget" time="0.003" classname="Chrome 32.0.1700 (Mac OS X 10.9.1).kendo_ui_Calendar MVVM"/>
    <testcase name="changing visible to true shows the widget" time="0.004" classname="Chrome 32.0.1700 (Mac OS X 10.9.1).kendo_ui_Calendar MVVM"/>
    <testcase name="binding invisible to true hides the widget" time="0.003" classname="Chrome 32.0.1700 (Mac OS X 10.9.1).kendo_ui_Calendar MVVM"/>
    <testcase name="binding invisible to false shows the widget" time="0.003" classname="Chrome 32.0.1700 (Mac OS X 10.9.1).kendo_ui_Calendar MVVM"/>
    <testcase name="changing invisible to true hides the widget" time="0.003" classname="Chrome 32.0.1700 (Mac OS X 10.9.1).kendo_ui_Calendar MVVM"/>
    <testcase name="changing invisible to false shows the widget" time="0.004" classname="Chrome 32.0.1700 (Mac OS X 10.9.1).kendo_ui_Calendar MVVM"/>
    <testcase name="binding datepicker initialized before binding does not override change event handler of calendar" time="0.049" classname="Chrome 32.0.1700 (Mac OS X 10.9.1).kendo_ui_Calendar MVVM"/>
    <testcase name="click enter should raise change event if dateview is closed" time="0.006" classname="Chrome 32.0.1700 (Mac OS X 10.9.1).kendo_ui_DatePicker API"/>
    <testcase name="navigate down should persist current viewedateviewalue" time="0.056" classname="Chrome 32.0.1700 (Mac OS X 10.9.1).kendo_ui_DatePicker API"/>
    <testcase name="navigate should not move selection if value is bigger than max" time="0.023" classname="Chrome 32.0.1700 (Mac OS X 10.9.1).kendo_ui_DatePicker API"/>
    <testcase name="navigate should not move selection if value is less than min" time="0.025" classname="Chrome 32.0.1700 (Mac OS X 10.9.1).kendo_ui_DatePicker API"/>
    <testcase name="navigate should focus next day in month view" time="0.035" classname="Chrome 32.0.1700 (Mac OS X 10.9.1).kendo_ui_DatePicker API"/>
    <testcase name="navigate should focus previous day in month view" time="0.025" classname="Chrome 32.0.1700 (Mac OS X 10.9.1).kendo_ui_DatePicker API"/>
    <testcase name="navigate should focus day on previous row in month view" time="0.024" classname="Chrome 32.0.1700 (Mac OS X 10.9.1).kendo_ui_DatePicker API"/>
    <testcase name="navigate should focus day on next row in month view" time="0.035" classname="Chrome 32.0.1700 (Mac OS X 10.9.1).kendo_ui_DatePicker API"/>
    <testcase name="navigate should focus next month in year view" time="0.03" classname="Chrome 32.0.1700 (Mac OS X 10.9.1).kendo_ui_DatePicker API"/>
    <testcase name="navigate should focus previous month in year view" time="0.03" classname="Chrome 32.0.1700 (Mac OS X 10.9.1).kendo_ui_DatePicker API"/>
    <testcase name="navigate should focus month on previous row in year view" time="0.033" classname="Chrome 32.0.1700 (Mac OS X 10.9.1).kendo_ui_DatePicker API"/>
    <testcase name="navigate should focus month on next row in year view" time="0.036" classname="Chrome 32.0.1700 (Mac OS X 10.9.1).kendo_ui_DatePicker API"/>
    <testcase name="navigate should focus next year in decade view" time="0.029" classname="Chrome 32.0.1700 (Mac OS X 10.9.1).kendo_ui_DatePicker API"/>
    <testcase name="navigate should focus previous year in decade view" time="0.034" classname="Chrome 32.0.1700 (Mac OS X 10.9.1).kendo_ui_DatePicker API"/>
    <testcase name="navigate should focus year on previous row in decade view" time="0.034" classname="Chrome 32.0.1700 (Mac OS X 10.9.1).kendo_ui_DatePicker API"/>
    <testcase name="navigate should focus year on next row in decade view" time="0.03" classname="Chrome 32.0.1700 (Mac OS X 10.9.1).kendo_ui_DatePicker API"/>
    <testcase name="navigate should focus next decade in century view" time="0.03" classname="Chrome 32.0.1700 (Mac OS X 10.9.1).kendo_ui_DatePicker API"/>
    <testcase name="navigate should focus previous decade in century view" time="0.034" classname="Chrome 32.0.1700 (Mac OS X 10.9.1).kendo_ui_DatePicker API"/>
    <testcase name="navigate should focus decade on previous row in century view" time="0.033" classname="Chrome 32.0.1700 (Mac OS X 10.9.1).kendo_ui_DatePicker API"/>
    <testcase name="navigate should focus decade on next row in century view" time="0.03" classname="Chrome 32.0.1700 (Mac OS X 10.9.1).kendo_ui_DatePicker API"/>
    <testcase name="navigate down" time="0.042" classname="Chrome 32.0.1700 (Mac OS X 10.9.1).kendo_ui_DatePicker API"/>
    <testcase name="navigate up" time="0.04" classname="Chrome 32.0.1700 (Mac OS X 10.9.1).kendo_ui_DatePicker API"/>
    <testcase name="navigate down selects date" time="0.031" classname="Chrome 32.0.1700 (Mac OS X 10.9.1).kendo_ui_DatePicker API"/>
    <testcase name="navigate left" time="0.026" classname="Chrome 32.0.1700 (Mac OS X 10.9.1).kendo_ui_DatePicker API"/>
    <testcase name="navigate right" time="0.024" classname="Chrome 32.0.1700 (Mac OS X 10.9.1).kendo_ui_DatePicker API"/>
    <testcase name="Home should focus first day of current month" time="0.024" classname="Chrome 32.0.1700 (Mac OS X 10.9.1).kendo_ui_DatePicker API"/>
    <testcase name="End should focus last day of current month" time="0.025" classname="Chrome 32.0.1700 (Mac OS X 10.9.1).kendo_ui_DatePicker API"/>
    <testcase name="PageUp should focus same day in previous month" time="0.036" classname="Chrome 32.0.1700 (Mac OS X 10.9.1).kendo_ui_DatePicker API"/>
    <testcase name="PageDown should focus same day in next month" time="0.038" classname="Chrome 32.0.1700 (Mac OS X 10.9.1).kendo_ui_DatePicker API"/>
    <testcase name="Enter should close date if select date" time="0.027" classname="Chrome 32.0.1700 (Mac OS X 10.9.1).kendo_ui_DatePicker API"/>
    <testcase name="Enter should focus viewedDate" time="0.044" classname="Chrome 32.0.1700 (Mac OS X 10.9.1).kendo_ui_DatePicker API"/>
    <testcase name="Enter should select date" time="0.026" classname="Chrome 32.0.1700 (Mac OS X 10.9.1).kendo_ui_DatePicker API"/>
    <testcase name="Enter should navigate down" time="0.043" classname="Chrome 32.0.1700 (Mac OS X 10.9.1).kendo_ui_DatePicker API"/>
    <testcase name="Esc should close dateView" time="0.027" classname="Chrome 32.0.1700 (Mac OS X 10.9.1).kendo_ui_DatePicker API"/>
    <testcase name="type invalide date does not clear input" time="0.01" classname="Chrome 32.0.1700 (Mac OS X 10.9.1).kendo_ui_DatePicker API"/>
    <testcase name="click on selected date should close the dateView" time="0.026" classname="Chrome 32.0.1700 (Mac OS X 10.9.1).kendo_ui_DatePicker API"/>
    <testcase name="Alt + Down should open the calendar" time="0.004" classname="Chrome 32.0.1700 (Mac OS X 10.9.1).kendo_ui_DatePicker API"/>
    <testcase name="Alt + UP should close the calendar" time="0.004" classname="Chrome 32.0.1700 (Mac OS X 10.9.1).kendo_ui_DatePicker API"/>
    <testcase name="DatePicker does not update the input if the entered value is the same but in diff format" time="0.003" classname="Chrome 32.0.1700 (Mac OS X 10.9.1).kendo_ui_DatePicker API"/>
    <testcase name="DatePicker does not call change on blur if no text change" time="0.004" classname="Chrome 32.0.1700 (Mac OS X 10.9.1).kendo_ui_DatePicker API"/>
    <testcase name="DatePicker does not call change on ENTER if no text change" time="0.005" classname="Chrome 32.0.1700 (Mac OS X 10.9.1).kendo_ui_DatePicker API"/>
    <testcase name="DatePicker does set focused date of calendar if no text change" time="0.032" classname="Chrome 32.0.1700 (Mac OS X 10.9.1).kendo_ui_DatePicker API"/>
    <testcase name="click enter should raise change event if dateview is closed" time="0.038" classname="Chrome 32.0.1700 (Mac OS X 10.9.1).kendo_ui_DatePicker API"/>
    <testcase name="open method with &apos;date&apos; param opens DateView" time="0.078" classname="Chrome 32.0.1700 (Mac OS X 10.9.1).kendo_ui_DateTimePicker api"/>
    <testcase name="open method with &apos;time&apos; param opens TimeView" time="0.094" classname="Chrome 32.0.1700 (Mac OS X 10.9.1).kendo_ui_DateTimePicker api"/>
    <testcase name="close method with &apos;date&apos; param closes DateView" time="0.087" classname="Chrome 32.0.1700 (Mac OS X 10.9.1).kendo_ui_DateTimePicker api"/>
    <testcase name="close method with &apos;time&apos; param closes TimeView" time="0.103" classname="Chrome 32.0.1700 (Mac OS X 10.9.1).kendo_ui_DateTimePicker api"/>
    <testcase name="toggle method toggles DateView" time="0.085" classname="Chrome 32.0.1700 (Mac OS X 10.9.1).kendo_ui_DateTimePicker api"/>
    <testcase name="toggle method toggles TimeView" time="0.118" classname="Chrome 32.0.1700 (Mac OS X 10.9.1).kendo_ui_DateTimePicker api"/>
    <testcase name="toggle method closes TimeView when DateView is about to open" time="0.173" classname="Chrome 32.0.1700 (Mac OS X 10.9.1).kendo_ui_DateTimePicker api"/>
    <testcase name="toggle method closes DateView when TimeView is about to open" time="0.175" classname="Chrome 32.0.1700 (Mac OS X 10.9.1).kendo_ui_DateTimePicker api"/>
    <testcase name="value method sets input value" time="0.006" classname="Chrome 32.0.1700 (Mac OS X 10.9.1).kendo_ui_DateTimePicker api"/>
    <testcase name="value method sets DateView&apos;s value" time="0.004" classname="Chrome 32.0.1700 (Mac OS X 10.9.1).kendo_ui_DateTimePicker api"/>
    <testcase name="value method sets TimeView&apos;s value" time="0.017" classname="Chrome 32.0.1700 (Mac OS X 10.9.1).kendo_ui_DateTimePicker api"/>
    <testcase name="value method returns value of the datetimepicker" time="0.005" classname="Chrome 32.0.1700 (Mac OS X 10.9.1).kendo_ui_DateTimePicker api"/>
    <testcase name="value method sets null if date is out of range" time="0.005" classname="Chrome 32.0.1700 (Mac OS X 10.9.1).kendo_ui_DateTimePicker api"/>
    <testcase name="value method uses options.parseFormats to parse passed value" time="0.005" classname="Chrome 32.0.1700 (Mac OS X 10.9.1).kendo_ui_DateTimePicker api"/>
    <testcase name="value method parse passed value using options.parseFormats" time="0.005" classname="Chrome 32.0.1700 (Mac OS X 10.9.1).kendo_ui_DateTimePicker api"/>
    <testcase name="value method sets timeView&apos;s min date" time="0.017" classname="Chrome 32.0.1700 (Mac OS X 10.9.1).kendo_ui_DateTimePicker api"/>
    <testcase name="enable method with false value disables the widget" time="0.005" classname="Chrome 32.0.1700 (Mac OS X 10.9.1).kendo_ui_DateTimePicker api"/>
    <testcase name="enable method with false unbind click event of date icon" time="0.01" classname="Chrome 32.0.1700 (Mac OS X 10.9.1).kendo_ui_DateTimePicker api"/>
    <testcase name="enable method with false unbind click event of clock icon" time="0.01" classname="Chrome 32.0.1700 (Mac OS X 10.9.1).kendo_ui_DateTimePicker api"/>
    <testcase name="enable method with false adds disabled state class to the wrapper" time="0.005" classname="Chrome 32.0.1700 (Mac OS X 10.9.1).kendo_ui_DateTimePicker api"/>
    <testcase name="enable method with true remove disabled attribute" time="0.006" classname="Chrome 32.0.1700 (Mac OS X 10.9.1).kendo_ui_DateTimePicker api"/>
    <testcase name="enable method with true remove disabled class from wrapper" time="0.005" classname="Chrome 32.0.1700 (Mac OS X 10.9.1).kendo_ui_DateTimePicker api"/>
    <testcase name="readonly() makes  input element readonly" time="0.004" classname="Chrome 32.0.1700 (Mac OS X 10.9.1).kendo_ui_DateTimePicker api"/>
    <testcase name="readonly() unbinds date icon click" time="0.01" classname="Chrome 32.0.1700 (Mac OS X 10.9.1).kendo_ui_DateTimePicker api"/>
    <testcase name="readonly() unbinds time icon click" time="0.011" classname="Chrome 32.0.1700 (Mac OS X 10.9.1).kendo_ui_DateTimePicker api"/>
    <testcase name="readonly(false) removes readonly attribute" time="0.005" classname="Chrome 32.0.1700 (Mac OS X 10.9.1).kendo_ui_DateTimePicker api"/>
    <testcase name="readonly() removes disabled attribute and disabled class" time="0.005" classname="Chrome 32.0.1700 (Mac OS X 10.9.1).kendo_ui_DateTimePicker api"/>
    <testcase name="enable(false) removes readonly attribute and default class" time="0.004" classname="Chrome 32.0.1700 (Mac OS X 10.9.1).kendo_ui_DateTimePicker api"/>
    <testcase name="enable() enables widget after readonly()" time="0.005" classname="Chrome 32.0.1700 (Mac OS X 10.9.1).kendo_ui_DateTimePicker api"/>
    <testcase name="min method returns min value" time="0.004" classname="Chrome 32.0.1700 (Mac OS X 10.9.1).kendo_ui_DateTimePicker api"/>
    <testcase name="min() sets the min value of the datetimepicker" time="0.012" classname="Chrome 32.0.1700 (Mac OS X 10.9.1).kendo_ui_DateTimePicker api"/>
    <testcase name="min() calls min method of the DateView" time="0.011" classname="Chrome 32.0.1700 (Mac OS X 10.9.1).kendo_ui_DateTimePicker api"/>
    <testcase name="min method does not set TimeView.options.min" time="0.017" classname="Chrome 32.0.1700 (Mac OS X 10.9.1).kendo_ui_DateTimePicker api"/>
    <testcase name="max() returns max value" time="0.005" classname="Chrome 32.0.1700 (Mac OS X 10.9.1).kendo_ui_DateTimePicker api"/>
    <testcase name="max() sets the max value of the datetimepicker" time="0.011" classname="Chrome 32.0.1700 (Mac OS X 10.9.1).kendo_ui_DateTimePicker api"/>
    <testcase name="max() calls max methods of DateView" time="0.012" classname="Chrome 32.0.1700 (Mac OS X 10.9.1).kendo_ui_DateTimePicker api"/>
    <testcase name="max method does not set TimeView.options.max" time="0.018" classname="Chrome 32.0.1700 (Mac OS X 10.9.1).kendo_ui_DateTimePicker api"/>
    <testcase name="change max date shows all hours" time="0.029" classname="Chrome 32.0.1700 (Mac OS X 10.9.1).kendo_ui_DateTimePicker api"/>
    <testcase name="max method limits start hours if current value is equal to min" time="0.031" classname="Chrome 32.0.1700 (Mac OS X 10.9.1).kendo_ui_DateTimePicker api"/>
    <testcase name="max method rebinds list if min and max are in the same day" time="0.026" classname="Chrome 32.0.1700 (Mac OS X 10.9.1).kendo_ui_DateTimePicker api"/>
    <testcase name="min method shows all hours in timeView if not edge date" time="0.016" classname="Chrome 32.0.1700 (Mac OS X 10.9.1).kendo_ui_DateTimePicker api"/>
    <testcase name="max method shows only hour from max date if current is edge" time="0.016" classname="Chrome 32.0.1700 (Mac OS X 10.9.1).kendo_ui_DateTimePicker api"/>
    <testcase name="min method rebinds timeView to honor min value if current value is min" time="0.011" classname="Chrome 32.0.1700 (Mac OS X 10.9.1).kendo_ui_DateTimePicker api"/>
    <testcase name="max method rebinds timeView to honor max value if current value is max" time="0.016" classname="Chrome 32.0.1700 (Mac OS X 10.9.1).kendo_ui_DateTimePicker api"/>
    <testcase name="min method shows all hours if current value is null" time="0.011" classname="Chrome 32.0.1700 (Mac OS X 10.9.1).kendo_ui_DateTimePicker api"/>
    <testcase name="value method do not rebind timeView if date is not edge" time="0.004" classname="Chrome 32.0.1700 (Mac OS X 10.9.1).kendo_ui_DateTimePicker api"/>
    <testcase name="value method rebinds timeView if current is equal to min" time="0.016" classname="Chrome 32.0.1700 (Mac OS X 10.9.1).kendo_ui_DateTimePicker api"/>
    <testcase name="value method rebinds timeView if current is equal to max" time="0.017" classname="Chrome 32.0.1700 (Mac OS X 10.9.1).kendo_ui_DateTimePicker api"/>
    <testcase name="value method shows only one hour when max is midnight" time="0.015" classname="Chrome 32.0.1700 (Mac OS X 10.9.1).kendo_ui_DateTimePicker api"/>
    <testcase name="value method shows all hours when set diff then edge" time="0.032" classname="Chrome 32.0.1700 (Mac OS X 10.9.1).kendo_ui_DateTimePicker api"/>
    <testcase name="value method do nothing if set to same value as current" time="0.005" classname="Chrome 32.0.1700 (Mac OS X 10.9.1).kendo_ui_DateTimePicker api"/>
    <testcase name="value method do nothing if argument is null" time="0.004" classname="Chrome 32.0.1700 (Mac OS X 10.9.1).kendo_ui_DateTimePicker api"/>
    <testcase name="value method shows only one date if min and max are in same day" time="0.015" classname="Chrome 32.0.1700 (Mac OS X 10.9.1).kendo_ui_DateTimePicker api"/>
    <testcase name="value method should rebind timeView if select min after max was selected" time="0.033" classname="Chrome 32.0.1700 (Mac OS X 10.9.1).kendo_ui_DateTimePicker api"/>
    <testcase name="value method persist min and max range in timeview" time="0.016" classname="Chrome 32.0.1700 (Mac OS X 10.9.1).kendo_ui_DateTimePicker api"/>
    <testcase name="value method updates input element when select max date" time="0.015" classname="Chrome 32.0.1700 (Mac OS X 10.9.1).kendo_ui_DateTimePicker api"/>
    <testcase name="value method restricts time of the value if it&apos;s date part is equal to min" time="0.021" classname="Chrome 32.0.1700 (Mac OS X 10.9.1).kendo_ui_DateTimePicker api"/>
    <testcase name="value method restricts time of the value if it&apos;s date part is equal to max" time="0.022" classname="Chrome 32.0.1700 (Mac OS X 10.9.1).kendo_ui_DateTimePicker api"/>
    <testcase name="value method does not show text representation of invalid value" time="0.004" classname="Chrome 32.0.1700 (Mac OS X 10.9.1).kendo_ui_DateTimePicker api"/>
    <testcase name="setOptions method sets correct timeView min/max values" time="0.017" classname="Chrome 32.0.1700 (Mac OS X 10.9.1).kendo_ui_DateTimePicker api"/>
    <testcase name="setOptions rebinds time options" time="0.026" classname="Chrome 32.0.1700 (Mac OS X 10.9.1).kendo_ui_DateTimePicker api"/>
    <testcase name="setOptions supports dynamically format change" time="0.013" classname="Chrome 32.0.1700 (Mac OS X 10.9.1).kendo_ui_DateTimePicker api"/>
    <testcase name="setOptions method updates calendar options" time="0.101" classname="Chrome 32.0.1700 (Mac OS X 10.9.1).kendo_ui_DateTimePicker api"/>
    <testcase name="setOptions method updates format" time="0.141" classname="Chrome 32.0.1700 (Mac OS X 10.9.1).kendo_ui_DateTimePicker api"/>
    <testcase name="DateTimePicker adds role to the input element" time="0.005" classname="Chrome 32.0.1700 (Mac OS X 10.9.1).kendo_ui_DateTimePicker ARIA"/>
    <testcase name="DateTimePicker adds aria-expanded" time="0.005" classname="Chrome 32.0.1700 (Mac OS X 10.9.1).kendo_ui_DateTimePicker ARIA"/>
    <testcase name="DateTimePicker sets aria-expanded=true" time="0.071" classname="Chrome 32.0.1700 (Mac OS X 10.9.1).kendo_ui_DateTimePicker ARIA"/>
    <testcase name="DateTimePicker sets aria-expanded=false" time="0.082" classname="Chrome 32.0.1700 (Mac OS X 10.9.1).kendo_ui_DateTimePicker ARIA"/>
    <testcase name="DateTimePicker adds role to the toggle button" time="0.005" classname="Chrome 32.0.1700 (Mac OS X 10.9.1).kendo_ui_DateTimePicker ARIA"/>
    <testcase name="DateTimePicker adds aria-controls to the toggle button" time="0.004" classname="Chrome 32.0.1700 (Mac OS X 10.9.1).kendo_ui_DateTimePicker ARIA"/>
    <testcase name="DateTimePicker sets id to the ul element" time="0.005" classname="Chrome 32.0.1700 (Mac OS X 10.9.1).kendo_ui_DateTimePicker ARIA"/>
    <testcase name="DateTimePicker sets id to the div element of the dateView" time="0.004" classname="Chrome 32.0.1700 (Mac OS X 10.9.1).kendo_ui_DateTimePicker ARIA"/>
    <testcase name="DateTimePicker sets aria-selected to the selected option" time="0.093" classname="Chrome 32.0.1700 (Mac OS X 10.9.1).kendo_ui_DateTimePicker ARIA"/>
    <testcase name="DateTimePicker sets aria-owns to the DateView id" time="0.074" classname="Chrome 32.0.1700 (Mac OS X 10.9.1).kendo_ui_DateTimePicker ARIA"/>
    <testcase name="DateTimePicker removes aria-owns to the DateView id" time="0.091" classname="Chrome 32.0.1700 (Mac OS X 10.9.1).kendo_ui_DateTimePicker ARIA"/>
    <testcase name="DateTimePicker sets aria-owns to the DateView id" time="0.163" classname="Chrome 32.0.1700 (Mac OS X 10.9.1).kendo_ui_DateTimePicker ARIA"/>
    <testcase name="DateTimePicker removes aria-owns to the DateView id" time="0.104" classname="Chrome 32.0.1700 (Mac OS X 10.9.1).kendo_ui_DateTimePicker ARIA"/>
    <testcase name="DateTimePicker sets aria-activedescendant" time="0.112" classname="Chrome 32.0.1700 (Mac OS X 10.9.1).kendo_ui_DateTimePicker ARIA"/>
    <testcase name="DateTimePicker sets aria-activedescendant after navigation" time="0.141" classname="Chrome 32.0.1700 (Mac OS X 10.9.1).kendo_ui_DateTimePicker ARIA"/>
    <testcase name="DateTimePicker sets aria-label to focused cell" time="0.072" classname="Chrome 32.0.1700 (Mac OS X 10.9.1).kendo_ui_DateTimePicker ARIA"/>
    <testcase name="DateTimePicker removes aria-label from previous cell" time="0.089" classname="Chrome 32.0.1700 (Mac OS X 10.9.1).kendo_ui_DateTimePicker ARIA"/>
    <testcase name="DateTimePicker triggers change event on DateView change" time="0.023" classname="Chrome 32.0.1700 (Mac OS X 10.9.1).kendo_ui_DateTimePicker events"/>
    <testcase name="DateTimePicker triggers change event on TimeView click" time="0.024" classname="Chrome 32.0.1700 (Mac OS X 10.9.1).kendo_ui_DateTimePicker events"/>
    <testcase name="DateTimePicker triggers change on blur" time="0.011" classname="Chrome 32.0.1700 (Mac OS X 10.9.1).kendo_ui_DateTimePicker events"/>
    <testcase name="DateTimePicker raises change event on enter" time="0.006" classname="Chrome 32.0.1700 (Mac OS X 10.9.1).kendo_ui_DateTimePicker events"/>
    <testcase name="DateTimePicker does not raise change event on enter" time="0.011" classname="Chrome 32.0.1700 (Mac OS X 10.9.1).kendo_ui_DateTimePicker events"/>
    <testcase name="DateTimePicker does not raise change when navigate in TimeView" time="0.094" classname="Chrome 32.0.1700 (Mac OS X 10.9.1).kendo_ui_DateTimePicker events"/>
    <testcase name="DateTimePicker triggers open event when timeView is opened" time="0.071" classname="Chrome 32.0.1700 (Mac OS X 10.9.1).kendo_ui_DateTimePicker events"/>
    <testcase name="DateTimePicker triggers open event when dateView is opened" time="0.05" classname="Chrome 32.0.1700 (Mac OS X 10.9.1).kendo_ui_DateTimePicker events"/>
    <testcase name="DateTimePicker triggers close event when timeView is opened" time="0.082" classname="Chrome 32.0.1700 (Mac OS X 10.9.1).kendo_ui_DateTimePicker events"/>
    <testcase name="DateTimePicker triggers close event when dateView is opened" time="0.08" classname="Chrome 32.0.1700 (Mac OS X 10.9.1).kendo_ui_DateTimePicker events"/>
    <testcase name="_wrapper() wraps input element" time="0.004" classname="Chrome 32.0.1700 (Mac OS X 10.9.1).kendo_ui_DateTimePicker initialization"/>
    <testcase name="DateTimePicker adds k-input class to the element" time="0.004" classname="Chrome 32.0.1700 (Mac OS X 10.9.1).kendo_ui_DateTimePicker initialization"/>
    <testcase name="_icons method creates calendar and clock button" time="0.004" classname="Chrome 32.0.1700 (Mac OS X 10.9.1).kendo_ui_DateTimePicker initialization"/>
    <testcase name="DateTimePicker creates DateView" time="0.005" classname="Chrome 32.0.1700 (Mac OS X 10.9.1).kendo_ui_DateTimePicker initialization"/>
    <testcase name="DateTimePicker sets correct options to DateView" time="0.004" classname="Chrome 32.0.1700 (Mac OS X 10.9.1).kendo_ui_DateTimePicker initialization"/>
    <testcase name="DateTimePicker creates TimeView" time="0.004" classname="Chrome 32.0.1700 (Mac OS X 10.9.1).kendo_ui_DateTimePicker initialization"/>
    <testcase name="DateTimePicker sets correct options to TimeView" time="0.003" classname="Chrome 32.0.1700 (Mac OS X 10.9.1).kendo_ui_DateTimePicker initialization"/>
    <testcase name="datetimepicker wire date icon click" time="0.076" classname="Chrome 32.0.1700 (Mac OS X 10.9.1).kendo_ui_DateTimePicker initialization"/>
    <testcase name="datetimepicker wire clock icon click" time="0.098" classname="Chrome 32.0.1700 (Mac OS X 10.9.1).kendo_ui_DateTimePicker initialization"/>
    <testcase name="datetimepicker disables widget if input has disabled attribute" time="0.003" classname="Chrome 32.0.1700 (Mac OS X 10.9.1).kendo_ui_DateTimePicker initialization"/>
    <testcase name="form reset support" time="0.271" classname="Chrome 32.0.1700 (Mac OS X 10.9.1).kendo_ui_DateTimePicker initialization"/>
    <testcase name="support for form defined by attribute" time="0.274" classname="Chrome 32.0.1700 (Mac OS X 10.9.1).kendo_ui_DateTimePicker initialization"/>
    <testcase name="extend popup options if datetimepicker.options.popup" time="0.005" classname="Chrome 32.0.1700 (Mac OS X 10.9.1).kendo_ui_DateTimePicker initialization"/>
    <testcase name="DateTimePicker strips the format from {0:format}" time="0.004" classname="Chrome 32.0.1700 (Mac OS X 10.9.1).kendo_ui_DateTimePicker initialization"/>
    <testcase name="DateTimePicker adds format to the parseFormats array" time="0.004" classname="Chrome 32.0.1700 (Mac OS X 10.9.1).kendo_ui_DateTimePicker initialization"/>
    <testcase name="DateTimePicker does not modify parseFormats if format exists in the array" time="0.004" classname="Chrome 32.0.1700 (Mac OS X 10.9.1).kendo_ui_DateTimePicker initialization"/>
    <testcase name="DateTimePicker uses options.dates if today is in dates" time="0.078" classname="Chrome 32.0.1700 (Mac OS X 10.9.1).kendo_ui_DateTimePicker initialization"/>
    <testcase name="DateTimePicker does not use options.dates if today is not in dates" time="0.094" classname="Chrome 32.0.1700 (Mac OS X 10.9.1).kendo_ui_DateTimePicker initialization"/>
    <testcase name="DateTimePicker rebinds timeView if other day is selected" time="0.09" classname="Chrome 32.0.1700 (Mac OS X 10.9.1).kendo_ui_DateTimePicker initialization"/>
    <testcase name="DateTimePicker uses options.dates even when edge date is selected" time="0.077" classname="Chrome 32.0.1700 (Mac OS X 10.9.1).kendo_ui_DateTimePicker initialization"/>
    <testcase name="DateTimePicker copies input&apos;s className to the wrapper" time="0.004" classname="Chrome 32.0.1700 (Mac OS X 10.9.1).kendo_ui_DateTimePicker initialization"/>
    <testcase name="DateTimePicker updates calendar if empty input element on open" time="0.033" classname="Chrome 32.0.1700 (Mac OS X 10.9.1).kendo_ui_DateTimePicker initialization"/>
    <testcase name="DateTimePicker updates calendar&apos;s focused date" time="0.038" classname="Chrome 32.0.1700 (Mac OS X 10.9.1).kendo_ui_DateTimePicker initialization"/>
    <testcase name="DateTimePicker changes the type of the input" time="0.005" classname="Chrome 32.0.1700 (Mac OS X 10.9.1).kendo_ui_DateTimePicker initialization"/>
    <testcase name="DateTimePicker honors readonly attribute" time="0.009" classname="Chrome 32.0.1700 (Mac OS X 10.9.1).kendo_ui_DateTimePicker initialization"/>
    <testcase name="DateTimePicker uses disabled attr over the readonly" time="0.004" classname="Chrome 32.0.1700 (Mac OS X 10.9.1).kendo_ui_DateTimePicker initialization"/>
    <testcase name="DateTimePicker does not remove input text on initialization if not valid value" time="0.005" classname="Chrome 32.0.1700 (Mac OS X 10.9.1).kendo_ui_DateTimePicker initialization"/>
    <testcase name="DateTimePicker renders only one possible time option if min and max are equal" time="0.088" classname="Chrome 32.0.1700 (Mac OS X 10.9.1).kendo_ui_DateTimePicker initialization"/>
    <testcase name="initializes a datetimepicker when data role is datetimepicker" time="0.01" classname="Chrome 32.0.1700 (Mac OS X 10.9.1).DateTimePicker mvvm"/>
    <testcase name="initializes a options from data attributes" time="0.004" classname="Chrome 32.0.1700 (Mac OS X 10.9.1).DateTimePicker mvvm"/>
    <testcase name="Preserve options after widget init" time="0.006" classname="Chrome 32.0.1700 (Mac OS X 10.9.1).DateTimePicker mvvm"/>
    <testcase name="Preserve specific options of the views" time="0.006" classname="Chrome 32.0.1700 (Mac OS X 10.9.1).DateTimePicker mvvm"/>
    <testcase name="initializes a options from data attributes after init of the widget" time="0.008" classname="Chrome 32.0.1700 (Mac OS X 10.9.1).DateTimePicker mvvm"/>
    <testcase name="initializes a parseFormats option from data attribute with array value" time="0.006" classname="Chrome 32.0.1700 (Mac OS X 10.9.1).DateTimePicker mvvm"/>
    <testcase name="initializes value from view model" time="0.004" classname="Chrome 32.0.1700 (Mac OS X 10.9.1).DateTimePicker mvvm"/>
    <testcase name="changing a value updates the view model" time="0.005" classname="Chrome 32.0.1700 (Mac OS X 10.9.1).DateTimePicker mvvm"/>
    <testcase name="binding datetimepicker initialized before binding" time="0.006" classname="Chrome 32.0.1700 (Mac OS X 10.9.1).DateTimePicker mvvm"/>
    <testcase name="binding datetimepicker initialized after binding" time="0.007" classname="Chrome 32.0.1700 (Mac OS X 10.9.1).DateTimePicker mvvm"/>
    <testcase name="updating model value updates the UI" time="0.007" classname="Chrome 32.0.1700 (Mac OS X 10.9.1).DateTimePicker mvvm"/>
    <testcase name="bindings are removed if element is rebind" time="0.007" classname="Chrome 32.0.1700 (Mac OS X 10.9.1).DateTimePicker mvvm"/>
    <testcase name="binding target is destroyed" time="0.008" classname="Chrome 32.0.1700 (Mac OS X 10.9.1).DateTimePicker mvvm"/>
    <testcase name="change event is raised if attached as option" time="0.004" classname="Chrome 32.0.1700 (Mac OS X 10.9.1).DateTimePicker mvvm"/>
    <testcase name="change event is raised if attached as option to a already initialized datetimepicker" time="0.006" classname="Chrome 32.0.1700 (Mac OS X 10.9.1).DateTimePicker mvvm"/>
    <testcase name="binding enabled to false disables the widget" time="0.005" classname="Chrome 32.0.1700 (Mac OS X 10.9.1).DateTimePicker mvvm"/>
    <testcase name="binding enabled to true enables the widget" time="0.004" classname="Chrome 32.0.1700 (Mac OS X 10.9.1).DateTimePicker mvvm"/>
    <testcase name="binding disable to true disables the widget" time="0.005" classname="Chrome 32.0.1700 (Mac OS X 10.9.1).DateTimePicker mvvm"/>
    <testcase name="binding disabled to false enables the widget" time="0.004" classname="Chrome 32.0.1700 (Mac OS X 10.9.1).DateTimePicker mvvm"/>
    <testcase name="binding visible to false hides the widget" time="0.005" classname="Chrome 32.0.1700 (Mac OS X 10.9.1).DateTimePicker mvvm"/>
    <testcase name="binding visible to true shows the widget" time="0.005" classname="Chrome 32.0.1700 (Mac OS X 10.9.1).DateTimePicker mvvm"/>
    <testcase name="changing visible to false hides the widget" time="0.004" classname="Chrome 32.0.1700 (Mac OS X 10.9.1).DateTimePicker mvvm"/>
    <testcase name="changing visible to true shows the widget" time="0.004" classname="Chrome 32.0.1700 (Mac OS X 10.9.1).DateTimePicker mvvm"/>
    <testcase name="binding invisible to true hides the widget" time="0.005" classname="Chrome 32.0.1700 (Mac OS X 10.9.1).DateTimePicker mvvm"/>
    <testcase name="binding invisible to false shows the widget" time="0.004" classname="Chrome 32.0.1700 (Mac OS X 10.9.1).DateTimePicker mvvm"/>
    <testcase name="changing invisible to true hides the widget" time="0.005" classname="Chrome 32.0.1700 (Mac OS X 10.9.1).DateTimePicker mvvm"/>
    <testcase name="changing invisible to false shows the widget" time="0.005" classname="Chrome 32.0.1700 (Mac OS X 10.9.1).DateTimePicker mvvm"/>
    <testcase name="binding datetimepicker initialized before binding does not override change of calendar" time="0.035" classname="Chrome 32.0.1700 (Mac OS X 10.9.1).DateTimePicker mvvm"/>
    <testcase name="binding datetimepicker initialized before binding does not override change of timeView" time="0.027" classname="Chrome 32.0.1700 (Mac OS X 10.9.1).DateTimePicker mvvm"/>
    <testcase name="DateView sets the value on click" time="0.025" classname="Chrome 32.0.1700 (Mac OS X 10.9.1).kendo_ui_DateTimePicker navigation"/>
    <testcase name="DateView closes itself on click" time="0.09" classname="Chrome 32.0.1700 (Mac OS X 10.9.1).kendo_ui_DateTimePicker navigation"/>
    <testcase name="TimeView sets the value on click" time="0.024" classname="Chrome 32.0.1700 (Mac OS X 10.9.1).kendo_ui_DateTimePicker navigation"/>
    <testcase name="TimeView puts in range if max less than today" time="0.132" classname="Chrome 32.0.1700 (Mac OS X 10.9.1).kendo_ui_DateTimePicker navigation"/>
    <testcase name="TimeView puts in range if min bigger than today" time="0.115" classname="Chrome 32.0.1700 (Mac OS X 10.9.1).kendo_ui_DateTimePicker navigation"/>
    <testcase name="DateTimePicker closes all views on blur" time="0.159" classname="Chrome 32.0.1700 (Mac OS X 10.9.1).kendo_ui_DateTimePicker navigation"/>
    <testcase name="DateTimePicker add focus state to the wrapper on focus" time="0.006" classname="Chrome 32.0.1700 (Mac OS X 10.9.1).kendo_ui_DateTimePicker navigation"/>
    <testcase name="DateTimePicker remove focus state to the wrapper on blur" time="0.011" classname="Chrome 32.0.1700 (Mac OS X 10.9.1).kendo_ui_DateTimePicker navigation"/>
    <testcase name="DateTimePicker opens DateView when press ALT + DOWN" time="0.031" classname="Chrome 32.0.1700 (Mac OS X 10.9.1).kendo_ui_DateTimePicker navigation"/>
    <testcase name="DateTimePicker opens TimeView when press ALT + DOWN" time="0.097" classname="Chrome 32.0.1700 (Mac OS X 10.9.1).kendo_ui_DateTimePicker navigation"/>
    <testcase name="DateTimePicker closes DateView when press ALT + UP" time="0.08" classname="Chrome 32.0.1700 (Mac OS X 10.9.1).kendo_ui_DateTimePicker navigation"/>
    <testcase name="DateTimePicker closes TimeView when press ALT + UP" time="0.096" classname="Chrome 32.0.1700 (Mac OS X 10.9.1).kendo_ui_DateTimePicker navigation"/>
    <testcase name="DateTimePicker calls DateView move method if the view is opened" time="0.079" classname="Chrome 32.0.1700 (Mac OS X 10.9.1).kendo_ui_DateTimePicker navigation"/>
    <testcase name="DateTimePicker calls TimeView move method if the view is opened" time="0.099" classname="Chrome 32.0.1700 (Mac OS X 10.9.1).kendo_ui_DateTimePicker navigation"/>
    <testcase name="TimeView updates the input value on keyboard navigation" time="0.095" classname="Chrome 32.0.1700 (Mac OS X 10.9.1).kendo_ui_DateTimePicker navigation"/>
    <testcase name="DateTimePicker updates DateView when select time from TimeView" time="0.096" classname="Chrome 32.0.1700 (Mac OS X 10.9.1).kendo_ui_DateTimePicker navigation"/>
    <testcase name="DateTimePicker shows only one available hour in time dropdown list" time="0.134" classname="Chrome 32.0.1700 (Mac OS X 10.9.1).kendo_ui_DateTimePicker navigation"/>
    <testcase name="DateTimePicker limits the available times to the max date" time="0.099" classname="Chrome 32.0.1700 (Mac OS X 10.9.1).kendo_ui_DateTimePicker navigation"/>
    <testcase name="DateTimePicker shows all hours in TimeView when date is not max" time="0.117" classname="Chrome 32.0.1700 (Mac OS X 10.9.1).kendo_ui_DateTimePicker navigation"/>
    <testcase name="DateTimePicker updates TimeView when select min date" time="0.094" classname="Chrome 32.0.1700 (Mac OS X 10.9.1).kendo_ui_DateTimePicker navigation"/>
    <testcase name="DateTimePicker sets TimeView max date to 59 to midnight" time="0.015" classname="Chrome 32.0.1700 (Mac OS X 10.9.1).kendo_ui_DateTimePicker navigation"/>
    <testcase name="DateTimePicker shows all hours in TimeView when date is not min" time="0.106" classname="Chrome 32.0.1700 (Mac OS X 10.9.1).kendo_ui_DateTimePicker navigation"/>
    <testcase name="DateTimePicker does not update TimeView when selected date in range" time="0.106" classname="Chrome 32.0.1700 (Mac OS X 10.9.1).kendo_ui_DateTimePicker navigation"/>
    <testcase name="DateTimePicker does not update TimeView if select time from drop-down list" time="0.103" classname="Chrome 32.0.1700 (Mac OS X 10.9.1).kendo_ui_DateTimePicker navigation"/>
    <testcase name="DateTimePicker persist time when select min date from calendar" time="0.091" classname="Chrome 32.0.1700 (Mac OS X 10.9.1).kendo_ui_DateTimePicker navigation"/>
    <testcase name="DateTimePicker uses options.dates when rebind TimeView" time="0.112" classname="Chrome 32.0.1700 (Mac OS X 10.9.1).kendo_ui_DateTimePicker navigation"/>
    <testcase name="DateTimePicker does not update the input if the entered value is the same but in diff format" time="0.004" classname="Chrome 32.0.1700 (Mac OS X 10.9.1).kendo_ui_DateTimePicker navigation"/>
    <testcase name="DateTimePicker does not call change on blur if no text change" time="0.011" classname="Chrome 32.0.1700 (Mac OS X 10.9.1).kendo_ui_DateTimePicker navigation"/>
    <testcase name="DateTimePicker does not call change on ENTER if no text change" time="0.005" classname="Chrome 32.0.1700 (Mac OS X 10.9.1).kendo_ui_DateTimePicker navigation"/>
    <testcase name="DateTimePicker does set focused date of calendar if no text change" time="0.031" classname="Chrome 32.0.1700 (Mac OS X 10.9.1).kendo_ui_DateTimePicker navigation"/>
    <testcase name="moving the mouse beyond the allowed distance triggers the dragstart event" time="0.005" classname="Chrome 32.0.1700 (Mac OS X 10.9.1).kendo_ui_Draggable"/>
    <testcase name="moving the mouse within the allowed distance does not trigger the dragstart event" time="0.002" classname="Chrome 32.0.1700 (Mac OS X 10.9.1).kendo_ui_Draggable"/>
    <testcase name="prevent default from drag start event does not trigger drag event" time="0.005" classname="Chrome 32.0.1700 (Mac OS X 10.9.1).kendo_ui_Draggable"/>
    <testcase name="drag event is raised during dragging" time="0.003" classname="Chrome 32.0.1700 (Mac OS X 10.9.1).kendo_ui_Draggable"/>
    <testcase name="dragend event is raised" time="0.002" classname="Chrome 32.0.1700 (Mac OS X 10.9.1).kendo_ui_Draggable"/>
    <testcase name="dragend event is raised when pressing escape" time="0.002" classname="Chrome 32.0.1700 (Mac OS X 10.9.1).kendo_ui_Draggable"/>
    <testcase name="specifying filter" time="0.002" classname="Chrome 32.0.1700 (Mac OS X 10.9.1).kendo_ui_Draggable"/>
    <testcase name="with filter - the dragged element is currentTarget during the dragstart event" time="0.002" classname="Chrome 32.0.1700 (Mac OS X 10.9.1).kendo_ui_Draggable"/>
    <testcase name="with filter - the dragged element is currentTarget during the drag event" time="0.002" classname="Chrome 32.0.1700 (Mac OS X 10.9.1).kendo_ui_Draggable"/>
    <testcase name="with filter - the dragged element is currentTarget during the dragend event" time="0.002" classname="Chrome 32.0.1700 (Mac OS X 10.9.1).kendo_ui_Draggable"/>
    <testcase name="dom event argument is passed to the dragstart event" time="0.002" classname="Chrome 32.0.1700 (Mac OS X 10.9.1).kendo_ui_Draggable"/>
    <testcase name="dom event argument is passed to the dragend event" time="0.003" classname="Chrome 32.0.1700 (Mac OS X 10.9.1).kendo_ui_Draggable"/>
    <testcase name="dom event argument is passed to the drag event" time="0.002" classname="Chrome 32.0.1700 (Mac OS X 10.9.1).kendo_ui_Draggable"/>
    <testcase name="the hint is not active after destroy" time="0.019" classname="Chrome 32.0.1700 (Mac OS X 10.9.1).kendo_ui_Draggable"/>
    <testcase name="dragenter is raised, passing the draggable" time="0.008" classname="Chrome 32.0.1700 (Mac OS X 10.9.1).kendo_ui_DropTarget"/>
    <testcase name="dragleave is raised, passing the draggable" time="0.008" classname="Chrome 32.0.1700 (Mac OS X 10.9.1).kendo_ui_DropTarget"/>
    <testcase name="drop is raised" time="0.007" classname="Chrome 32.0.1700 (Mac OS X 10.9.1).kendo_ui_DropTarget"/>
    <testcase name="dragenter is not raised for draggable from a different group" time="0.007" classname="Chrome 32.0.1700 (Mac OS X 10.9.1).kendo_ui_DropTarget"/>
    <testcase name="dom event argument is passed to the drop event" time="0.008" classname="Chrome 32.0.1700 (Mac OS X 10.9.1).kendo_ui_DropTarget"/>
    <testcase name="droptarget marks the draggable as dropped" time="0.007" classname="Chrome 32.0.1700 (Mac OS X 10.9.1).kendo_ui_DropTarget"/>
    <testcase name="destroy removes droptarget from droptargets object" time="0.001" classname="Chrome 32.0.1700 (Mac OS X 10.9.1).kendo_ui_DropTarget"/>
    <testcase name="destroy removes only destroyed object from cache" time="0.001" classname="Chrome 32.0.1700 (Mac OS X 10.9.1).kendo_ui_DropTarget"/>
    <testcase name="destroyGroup removes complete group from cache" time="0.001" classname="Chrome 32.0.1700 (Mac OS X 10.9.1).kendo_ui_DropTarget"/>
    <testcase name="DropTarget destroy destroys the Target" time="0.001" classname="Chrome 32.0.1700 (Mac OS X 10.9.1).kendo_ui_DropTarget"/>
    <testcase name="dragenter is raised, passing the draggable and the dropTarget" time="0.003" classname="Chrome 32.0.1700 (Mac OS X 10.9.1).kendo_ui_DropTargetArea"/>
    <testcase name="dragleave is raised, passing the draggable and the dropTarget" time="0.003" classname="Chrome 32.0.1700 (Mac OS X 10.9.1).kendo_ui_DropTargetArea"/>
    <testcase name="drop is raised and the dropTarget" time="0.003" classname="Chrome 32.0.1700 (Mac OS X 10.9.1).kendo_ui_DropTargetArea"/>
    <testcase name="dragenter is not raised for draggable from a different group" time="0.002" classname="Chrome 32.0.1700 (Mac OS X 10.9.1).kendo_ui_DropTargetArea"/>
    <testcase name="dom event argument is passed to the drop event" time="0.003" classname="Chrome 32.0.1700 (Mac OS X 10.9.1).kendo_ui_DropTargetArea"/>
    <testcase name="DropTargetArea marks the draggable as dropped" time="0.003" classname="Chrome 32.0.1700 (Mac OS X 10.9.1).kendo_ui_DropTargetArea"/>
    <testcase name="DropTargetArea destroy destroys the Area" time="0.001" classname="Chrome 32.0.1700 (Mac OS X 10.9.1).kendo_ui_DropTargetArea"/>
    <testcase name="the hint is appended to the body" time="0.002" classname="Chrome 32.0.1700 (Mac OS X 10.9.1).kendo Draggable"/>
    <testcase name="the hint is made absolute" time="0.003" classname="Chrome 32.0.1700 (Mac OS X 10.9.1).kendo Draggable"/>
    <testcase name="the hint is removed from DOM after the draggable is destroyed" time="0.234" classname="Chrome 32.0.1700 (Mac OS X 10.9.1).kendo Draggable"/>
    <testcase name="the hint is auto-postioned when dragged" time="0.002" classname="Chrome 32.0.1700 (Mac OS X 10.9.1).kendo Draggable"/>
    <testcase name="the hint can be constrained horizontally" time="0.002" classname="Chrome 32.0.1700 (Mac OS X 10.9.1).kendo Draggable"/>
    <testcase name="the hint can be constrained vertically" time="0.002" classname="Chrome 32.0.1700 (Mac OS X 10.9.1).kendo Draggable"/>
    <testcase name="the hint is positioned using options.cursorOffset" time="0.002" classname="Chrome 32.0.1700 (Mac OS X 10.9.1).kendo Draggable"/>
    <testcase name="the hint is positioned using options.cursorOffset" time="0.002" classname="Chrome 32.0.1700 (Mac OS X 10.9.1).kendo Draggable"/>
    <testcase name="the hint is repositioned during dragging" time="0.002" classname="Chrome 32.0.1700 (Mac OS X 10.9.1).kendo Draggable"/>
    <testcase name="hint as a function" time="0.002" classname="Chrome 32.0.1700 (Mac OS X 10.9.1).kendo Draggable"/>
    <testcase name="hint as a function which returns a string" time="0.002" classname="Chrome 32.0.1700 (Mac OS X 10.9.1).kendo Draggable"/>
    <testcase name="sets x" time="0.001" classname="Chrome 32.0.1700 (Mac OS X 10.9.1).movable"/>
    <testcase name="sets y" time="0.001" classname="Chrome 32.0.1700 (Mac OS X 10.9.1).movable"/>
    <testcase name="rounds x" time="0" classname="Chrome 32.0.1700 (Mac OS X 10.9.1).movable"/>
    <testcase name="rounds y" time="0.001" classname="Chrome 32.0.1700 (Mac OS X 10.9.1).movable"/>
    <testcase name="sets x" time="0.001" classname="Chrome 32.0.1700 (Mac OS X 10.9.1).movable / IE legacy"/>
    <testcase name="sets y" time="0" classname="Chrome 32.0.1700 (Mac OS X 10.9.1).movable / IE legacy"/>
    <testcase name="sets position" time="0" classname="Chrome 32.0.1700 (Mac OS X 10.9.1).movable / IE legacy"/>
    <testcase name="calculates min scale" time="0.006" classname="Chrome 32.0.1700 (Mac OS X 10.9.1).pane dimensions"/>
    <testcase name="allows overriding min scale" time="0.006" classname="Chrome 32.0.1700 (Mac OS X 10.9.1).pane dimensions"/>
    <testcase name="zooms content" time="0.054" classname="Chrome 32.0.1700 (Mac OS X 10.9.1).pane"/>
    <testcase name="zooms content to maxScale" time="0.046" classname="Chrome 32.0.1700 (Mac OS X 10.9.1).pane"/>
    <testcase name="zooms to a given point" time="0.044" classname="Chrome 32.0.1700 (Mac OS X 10.9.1).pane"/>
    <testcase name="offsets zoom point" time="0.043" classname="Chrome 32.0.1700 (Mac OS X 10.9.1).pane"/>
    <testcase name="zooms to a given point after being offset" time="0.063" classname="Chrome 32.0.1700 (Mac OS X 10.9.1).pane"/>
    <testcase name="zooming out causes friction" time="0.044" classname="Chrome 32.0.1700 (Mac OS X 10.9.1).pane"/>
    <testcase name="value method should select item if exists" time="0.033" classname="Chrome 32.0.1700 (Mac OS X 10.9.1).kendo_ui_DropDownList API"/>
    <testcase name="value method should select first if no such value" time="0.035" classname="Chrome 32.0.1700 (Mac OS X 10.9.1).kendo_ui_DropDownList API"/>
    <testcase name="value method selects item with 0 value" time="0.044" classname="Chrome 32.0.1700 (Mac OS X 10.9.1).kendo_ui_DropDownList API"/>
    <testcase name="value(value) should call _accessor" time="0.03" classname="Chrome 32.0.1700 (Mac OS X 10.9.1).kendo_ui_DropDownList API"/>
    <testcase name="value should update the selectedIndex" time="0.03" classname="Chrome 32.0.1700 (Mac OS X 10.9.1).kendo_ui_DropDownList API"/>
    <testcase name="select should select item by predicate" time="0.03" classname="Chrome 32.0.1700 (Mac OS X 10.9.1).kendo_ui_DropDownList API"/>
    <testcase name="select(-1) should not select anything" time="0.024" classname="Chrome 32.0.1700 (Mac OS X 10.9.1).kendo_ui_DropDownList API"/>
    <testcase name="select(li) should prevent raising of change event" time="0.028" classname="Chrome 32.0.1700 (Mac OS X 10.9.1).kendo_ui_DropDownList API"/>
    <testcase name="select should call _accessor" time="0.03" classname="Chrome 32.0.1700 (Mac OS X 10.9.1).kendo_ui_DropDownList API"/>
    <testcase name="select() should return index" time="0.028" classname="Chrome 32.0.1700 (Mac OS X 10.9.1).kendo_ui_DropDownList API"/>
    <testcase name="open should call _scroll method" time="0.166" classname="Chrome 32.0.1700 (Mac OS X 10.9.1).kendo_ui_DropDownList API"/>
    <testcase name="open should open popup" time="0.137" classname="Chrome 32.0.1700 (Mac OS X 10.9.1).kendo_ui_DropDownList API"/>
    <testcase name="open method binds the widget and opens the popup" time="0.062" classname="Chrome 32.0.1700 (Mac OS X 10.9.1).kendo_ui_DropDownList API"/>
    <testcase name="open() does not initiate second Ajax request" time="0.011" classname="Chrome 32.0.1700 (Mac OS X 10.9.1).kendo_ui_DropDownList API"/>
    <testcase name="close should close popup" time="0.016" classname="Chrome 32.0.1700 (Mac OS X 10.9.1).kendo_ui_DropDownList API"/>
    <testcase name="text should set span html" time="0.01" classname="Chrome 32.0.1700 (Mac OS X 10.9.1).kendo_ui_DropDownList API"/>
    <testcase name="text with spaces should set span html" time="0.01" classname="Chrome 32.0.1700 (Mac OS X 10.9.1).kendo_ui_DropDownList API"/>
    <testcase name="set text to html should encode it" time="0.01" classname="Chrome 32.0.1700 (Mac OS X 10.9.1).kendo_ui_DropDownList API"/>
    <testcase name="text method selects correct item based on text value" time="0.01" classname="Chrome 32.0.1700 (Mac OS X 10.9.1).kendo_ui_DropDownList API"/>
    <testcase name="text method passes object to valueTemplate if no data" time="0.009" classname="Chrome 32.0.1700 (Mac OS X 10.9.1).kendo_ui_DropDownList API"/>
    <testcase name="enable(false) should disable dropDownList" time="0.008" classname="Chrome 32.0.1700 (Mac OS X 10.9.1).kendo_ui_DropDownList API"/>
    <testcase name="after enable(false) should not open popup" time="0.006" classname="Chrome 32.0.1700 (Mac OS X 10.9.1).kendo_ui_DropDownList API"/>
    <testcase name="Disabled dropdownlist removes tabIndex" time="0.008" classname="Chrome 32.0.1700 (Mac OS X 10.9.1).kendo_ui_DropDownList API"/>
    <testcase name="Disabled dropdownlist persists custom tabindex" time="0.009" classname="Chrome 32.0.1700 (Mac OS X 10.9.1).kendo_ui_DropDownList API"/>
    <testcase name="Disabled dropdownlist does not unbind client&apos;s event handlers" time="0.012" classname="Chrome 32.0.1700 (Mac OS X 10.9.1).kendo_ui_DropDownList API"/>
    <testcase name="enable(true) removes k-state-disabled class" time="0.009" classname="Chrome 32.0.1700 (Mac OS X 10.9.1).kendo_ui_DropDownList API"/>
    <testcase name="readonly() makes  input element readonly" time="0.008" classname="Chrome 32.0.1700 (Mac OS X 10.9.1).kendo_ui_DropDownList API"/>
    <testcase name="readonly() unbinds icon click" time="0.009" classname="Chrome 32.0.1700 (Mac OS X 10.9.1).kendo_ui_DropDownList API"/>
    <testcase name="readonly(false) removes readonly attribute" time="0.009" classname="Chrome 32.0.1700 (Mac OS X 10.9.1).kendo_ui_DropDownList API"/>
    <testcase name="readonly() removes disabled attribute and disabled class" time="0.008" classname="Chrome 32.0.1700 (Mac OS X 10.9.1).kendo_ui_DropDownList API"/>
    <testcase name="enable(false) removes readonly attribute and default class" time="0.009" classname="Chrome 32.0.1700 (Mac OS X 10.9.1).kendo_ui_DropDownList API"/>
    <testcase name="enable() enables widget after readonly()" time="0.008" classname="Chrome 32.0.1700 (Mac OS X 10.9.1).kendo_ui_DropDownList API"/>
    <testcase name="_accessor should return value of the INPUT" time="0.005" classname="Chrome 32.0.1700 (Mac OS X 10.9.1).kendo_ui_DropDownList API"/>
    <testcase name="_accessor should set value of the INPUT" time="0.006" classname="Chrome 32.0.1700 (Mac OS X 10.9.1).kendo_ui_DropDownList API"/>
    <testcase name="_accessor should return value of the SELECT" time="0.015" classname="Chrome 32.0.1700 (Mac OS X 10.9.1).kendo_ui_DropDownList API"/>
    <testcase name="_accessor should set value of the SELECT" time="0.01" classname="Chrome 32.0.1700 (Mac OS X 10.9.1).kendo_ui_DropDownList API"/>
    <testcase name="value method with empty string calls dataSource.fetch if no data" time="0.011" classname="Chrome 32.0.1700 (Mac OS X 10.9.1).kendo_ui_DropDownList API"/>
    <testcase name="value(value) calls dataSource.fetch if no data" time="0.009" classname="Chrome 32.0.1700 (Mac OS X 10.9.1).kendo_ui_DropDownList API"/>
    <testcase name="value method with 0 argument calls dataSource.fetch if no data" time="0.009" classname="Chrome 32.0.1700 (Mac OS X 10.9.1).kendo_ui_DropDownList API"/>
    <testcase name="value(value) does not initiate second Ajax request" time="0.009" classname="Chrome 32.0.1700 (Mac OS X 10.9.1).kendo_ui_DropDownList API"/>
    <testcase name="value method does not fetch if widget is disabled" time="0.01" classname="Chrome 32.0.1700 (Mac OS X 10.9.1).kendo_ui_DropDownList API"/>
    <testcase name="value method does not fetch if request is already started" time="0.008" classname="Chrome 32.0.1700 (Mac OS X 10.9.1).kendo_ui_DropDownList API"/>
    <testcase name="value method does not fetch widget cascades" time="0.008" classname="Chrome 32.0.1700 (Mac OS X 10.9.1).kendo_ui_DropDownList API"/>
    <testcase name="value() returns value of the OPTION element" time="0.009" classname="Chrome 32.0.1700 (Mac OS X 10.9.1).kendo_ui_DropDownList API"/>
    <testcase name="dataItem() returns dataItem of the selected LI on init" time="0.008" classname="Chrome 32.0.1700 (Mac OS X 10.9.1).kendo_ui_DropDownList API"/>
    <testcase name="dataItem() returns dataItem of the selected LI element" time="0.009" classname="Chrome 32.0.1700 (Mac OS X 10.9.1).kendo_ui_DropDownList API"/>
    <testcase name="dataItem() returns empty object if optionLabel" time="0.009" classname="Chrome 32.0.1700 (Mac OS X 10.9.1).kendo_ui_DropDownList API"/>
    <testcase name="dataItem() returns dataItem depending on passed index" time="0.009" classname="Chrome 32.0.1700 (Mac OS X 10.9.1).kendo_ui_DropDownList API"/>
    <testcase name="DropDownList re-binds on dataSource.data([])" time="0.01" classname="Chrome 32.0.1700 (Mac OS X 10.9.1).kendo_ui_DropDownList API"/>
    <testcase name="DropDownList re-binds on dataSource.data([])" time="0.008" classname="Chrome 32.0.1700 (Mac OS X 10.9.1).kendo_ui_DropDownList API"/>
    <testcase name="DropDownList selects correct item if element is select" time="0.01" classname="Chrome 32.0.1700 (Mac OS X 10.9.1).kendo_ui_DropDownList API"/>
    <testcase name="DropDownList is focused by focus method" time="0.007" classname="Chrome 32.0.1700 (Mac OS X 10.9.1).kendo_ui_DropDownList API"/>
    <testcase name="select value after datasource fetch" time="0.075" classname="Chrome 32.0.1700 (Mac OS X 10.9.1).kendo_ui_DropDownList API"/>
    <testcase name="DropDownList renders role=&apos;listbox&apos;" time="0.007" classname="Chrome 32.0.1700 (Mac OS X 10.9.1).kendo_ui_DropDownList Aria"/>
    <testcase name="DropDownList renders aria-haspopup" time="0.004" classname="Chrome 32.0.1700 (Mac OS X 10.9.1).kendo_ui_DropDownList Aria"/>
    <testcase name="DropDownList renders aria-expanded" time="0.005" classname="Chrome 32.0.1700 (Mac OS X 10.9.1).kendo_ui_DropDownList Aria"/>
    <testcase name="DropDownList renders aria-owns" time="0.011" classname="Chrome 32.0.1700 (Mac OS X 10.9.1).kendo_ui_DropDownList Aria"/>
    <testcase name="DropDownList renders aria-activedescendant" time="0.006" classname="Chrome 32.0.1700 (Mac OS X 10.9.1).kendo_ui_DropDownList Aria"/>
    <testcase name="DropDownList renders aria-selected" time="0.006" classname="Chrome 32.0.1700 (Mac OS X 10.9.1).kendo_ui_DropDownList Aria"/>
    <testcase name="Clear child ddl if no data after filtration" time="0.018" classname="Chrome 32.0.1700 (Mac OS X 10.9.1).kendo_ui_DropDownLists Cascading DropDownLists"/>
    <testcase name="Select optionLabel if no data" time="0.01" classname="Chrome 32.0.1700 (Mac OS X 10.9.1).kendo_ui_DropDownLists Cascading DropDownLists"/>
    <testcase name="Child widget selects first option after it was empty" time="0.019" classname="Chrome 32.0.1700 (Mac OS X 10.9.1).kendo_ui_DropDownLists Cascading DropDownLists"/>
    <testcase name="Cascading DDLs with initial values" time="0.033" classname="Chrome 32.0.1700 (Mac OS X 10.9.1).kendo_ui_DropDownLists Cascading DropDownLists"/>
    <testcase name="Cascading DDLs handles consecutive calls of value method" time="0.037" classname="Chrome 32.0.1700 (Mac OS X 10.9.1).kendo_ui_DropDownLists Cascading DropDownLists"/>
    <testcase name="DropDownList does not clear value if parent has value" time="0.044" classname="Chrome 32.0.1700 (Mac OS X 10.9.1).kendo_ui_DropDownLists Cascading DropDownLists"/>
    <testcase name="DropDownList clears value if parent has no value" time="0.024" classname="Chrome 32.0.1700 (Mac OS X 10.9.1).kendo_ui_DropDownLists Cascading DropDownLists"/>
    <testcase name="DropDownList clears value if parent has no value and child has no data" time="0.011" classname="Chrome 32.0.1700 (Mac OS X 10.9.1).kendo_ui_DropDownLists Cascading DropDownLists"/>
    <testcase name="Child cascade when parents value is 0" time="0.014" classname="Chrome 32.0.1700 (Mac OS X 10.9.1).kendo_ui_DropDownLists Cascading DropDownLists"/>
    <testcase name="child widget selects correct item when instantly bound" time="0.012" classname="Chrome 32.0.1700 (Mac OS X 10.9.1).kendo_ui_DropDownLists Cascading DropDownLists"/>
    <testcase name="Support for cascadeFromField option" time="0.012" classname="Chrome 32.0.1700 (Mac OS X 10.9.1).kendo_ui_DropDownLists Cascading DropDownLists"/>
    <testcase name="Clear selected values of the child widgets on user selection" time="0.016" classname="Chrome 32.0.1700 (Mac OS X 10.9.1).kendo_ui_DropDownLists Cascading DropDownLists"/>
    <testcase name="_blur calls _change" time="0.007" classname="Chrome 32.0.1700 (Mac OS X 10.9.1).kendo_ui_DropDownList events"/>
    <testcase name="_blur calls popup close" time="0.015" classname="Chrome 32.0.1700 (Mac OS X 10.9.1).kendo_ui_DropDownList events"/>
    <testcase name="_change raises the change event if value has changed" time="0.013" classname="Chrome 32.0.1700 (Mac OS X 10.9.1).kendo_ui_DropDownList events"/>
    <testcase name="_change raises the input change event" time="0.006" classname="Chrome 32.0.1700 (Mac OS X 10.9.1).kendo_ui_DropDownList events"/>
    <testcase name="_change is not raised initially" time="0.014" classname="Chrome 32.0.1700 (Mac OS X 10.9.1).kendo_ui_DropDownList events"/>
    <testcase name="_change does not raise change event if value has&apos;t changed" time="0.006" classname="Chrome 32.0.1700 (Mac OS X 10.9.1).kendo_ui_DropDownList events"/>
    <testcase name="_change raises change event if selectedIndex has changed" time="0.005" classname="Chrome 32.0.1700 (Mac OS X 10.9.1).kendo_ui_DropDownList events"/>
    <testcase name="support setting a value in change event handler" time="0.015" classname="Chrome 32.0.1700 (Mac OS X 10.9.1).kendo_ui_DropDownList events"/>
    <testcase name="select does not raise the change event" time="0.009" classname="Chrome 32.0.1700 (Mac OS X 10.9.1).kendo_ui_DropDownList events"/>
    <testcase name="clicking an item raises the change event" time="0.009" classname="Chrome 32.0.1700 (Mac OS X 10.9.1).kendo_ui_DropDownList events"/>
    <testcase name="change should be raised on enter" time="0.007" classname="Chrome 32.0.1700 (Mac OS X 10.9.1).kendo_ui_DropDownList events"/>
    <testcase name="change should be raised on tab" time="0.007" classname="Chrome 32.0.1700 (Mac OS X 10.9.1).kendo_ui_DropDownList events"/>
    <testcase name="clicking an item raises the change event of HTML select" time="0.006" classname="Chrome 32.0.1700 (Mac OS X 10.9.1).kendo_ui_DropDownList events"/>
    <testcase name="change should be raised on down arrow and closed popup" time="0.006" classname="Chrome 32.0.1700 (Mac OS X 10.9.1).kendo_ui_DropDownList events"/>
    <testcase name="open event when click arrow" time="0.016" classname="Chrome 32.0.1700 (Mac OS X 10.9.1).kendo_ui_DropDownList events"/>
    <testcase name="open event should be cancellable" time="0.226" classname="Chrome 32.0.1700 (Mac OS X 10.9.1).kendo_ui_DropDownList events"/>
    <testcase name="open event when ALT + down arrow" time="0.015" classname="Chrome 32.0.1700 (Mac OS X 10.9.1).kendo_ui_DropDownList events"/>
    <testcase name="close event when click arrow" time="0.017" classname="Chrome 32.0.1700 (Mac OS X 10.9.1).kendo_ui_DropDownList events"/>
    <testcase name="close event should be cancellable" time="0.234" classname="Chrome 32.0.1700 (Mac OS X 10.9.1).kendo_ui_DropDownList events"/>
    <testcase name="close event when ALT + up arrow" time="0.02" classname="Chrome 32.0.1700 (Mac OS X 10.9.1).kendo_ui_DropDownList events"/>
    <testcase name="close event when select item" time="0.019" classname="Chrome 32.0.1700 (Mac OS X 10.9.1).kendo_ui_DropDownList events"/>
    <testcase name="click item raises select event" time="0.018" classname="Chrome 32.0.1700 (Mac OS X 10.9.1).kendo_ui_DropDownList events"/>
    <testcase name="prevent select event should only close the popup" time="0.018" classname="Chrome 32.0.1700 (Mac OS X 10.9.1).kendo_ui_DropDownList events"/>
    <testcase name="DropDownList triggers cascade when item is selected" time="0.01" classname="Chrome 32.0.1700 (Mac OS X 10.9.1).kendo_ui_DropDownList events"/>
    <testcase name="DropDownList triggers cascade on initial load" time="0.008" classname="Chrome 32.0.1700 (Mac OS X 10.9.1).kendo_ui_DropDownList events"/>
    <testcase name="DropDownList triggers cascade when item is selected" time="0.02" classname="Chrome 32.0.1700 (Mac OS X 10.9.1).kendo_ui_DropDownList events"/>
    <testcase name="DropDownList triggers cascade value method is used" time="0.01" classname="Chrome 32.0.1700 (Mac OS X 10.9.1).kendo_ui_DropDownList events"/>
    <testcase name="DropDownList trigger cascade when change value using value method" time="0.014" classname="Chrome 32.0.1700 (Mac OS X 10.9.1).kendo_ui_DropDownList events"/>
    <testcase name="DropDownList trigger change on search if popup is closed" time="0.011" classname="Chrome 32.0.1700 (Mac OS X 10.9.1).kendo_ui_DropDownList events"/>
    <testcase name="DropDownList trigger change on loop" time="0.026" classname="Chrome 32.0.1700 (Mac OS X 10.9.1).kendo_ui_DropDownList events"/>
    <testcase name="DropDownList does not raise change if options.value and autoBind:false" time="0.007" classname="Chrome 32.0.1700 (Mac OS X 10.9.1).kendo_ui_DropDownList events"/>
    <testcase name="DropDownList from empty SELECT with autoBind:false does not raise change event" time="0.008" classname="Chrome 32.0.1700 (Mac OS X 10.9.1).kendo_ui_DropDownList events"/>
    <testcase name="kendoDropDownList attaches a dropdownlist object to target" time="0.01" classname="Chrome 32.0.1700 (Mac OS X 10.9.1).kendo_ui_DropDownList initialization"/>
    <testcase name="kendoDropDownList extends passed options" time="0.009" classname="Chrome 32.0.1700 (Mac OS X 10.9.1).kendo_ui_DropDownList initialization"/>
    <testcase name="wraps element if no wrapper span and hide element" time="0.009" classname="Chrome 32.0.1700 (Mac OS X 10.9.1).kendo_ui_DropDownList initialization"/>
    <testcase name="DropDownList creates span when input has k-input class" time="0.009" classname="Chrome 32.0.1700 (Mac OS X 10.9.1).kendo_ui_DropDownList initialization"/>
    <testcase name="set tabIndex to the wrapper" time="0.009" classname="Chrome 32.0.1700 (Mac OS X 10.9.1).kendo_ui_DropDownList initialization"/>
    <testcase name="persist tabIndex of the original element" time="0.009" classname="Chrome 32.0.1700 (Mac OS X 10.9.1).kendo_ui_DropDownList initialization"/>
    <testcase name="create text span" time="0.009" classname="Chrome 32.0.1700 (Mac OS X 10.9.1).kendo_ui_DropDownList initialization"/>
    <testcase name="text span should wrapped with span" time="0.009" classname="Chrome 32.0.1700 (Mac OS X 10.9.1).kendo_ui_DropDownList initialization"/>
    <testcase name="include arrow after span.k-input" time="0.009" classname="Chrome 32.0.1700 (Mac OS X 10.9.1).kendo_ui_DropDownList initialization"/>
    <testcase name="data source is when pass DataSource" time="0.01" classname="Chrome 32.0.1700 (Mac OS X 10.9.1).kendo_ui_DropDownList initialization"/>
    <testcase name="data source is initialized from options when it is an array" time="0.012" classname="Chrome 32.0.1700 (Mac OS X 10.9.1).kendo_ui_DropDownList initialization"/>
    <testcase name="data source is initialized from options.dataSource when array is passed" time="0.012" classname="Chrome 32.0.1700 (Mac OS X 10.9.1).kendo_ui_DropDownList initialization"/>
    <testcase name="data source is initialized from options.dataSource" time="0.013" classname="Chrome 32.0.1700 (Mac OS X 10.9.1).kendo_ui_DropDownList initialization"/>
    <testcase name="data source is initialized from OPTION items" time="0.011" classname="Chrome 32.0.1700 (Mac OS X 10.9.1).kendo_ui_DropDownList initialization"/>
    <testcase name="dataSource infer OPTION value correctly" time="0.011" classname="Chrome 32.0.1700 (Mac OS X 10.9.1).kendo_ui_DropDownList initialization"/>
    <testcase name="if no options, do not set index" time="0.009" classname="Chrome 32.0.1700 (Mac OS X 10.9.1).kendo_ui_DropDownList initialization"/>
    <testcase name="selected index is get from select element" time="0.01" classname="Chrome 32.0.1700 (Mac OS X 10.9.1).kendo_ui_DropDownList initialization"/>
    <testcase name="set selectedIndex when autoBind:false" time="0.007" classname="Chrome 32.0.1700 (Mac OS X 10.9.1).kendo_ui_DropDownList initialization"/>
    <testcase name="retrived data from OPTIONS does not override options.dataSource" time="0.013" classname="Chrome 32.0.1700 (Mac OS X 10.9.1).kendo_ui_DropDownList initialization"/>
    <testcase name="dropdownlist initializes an UL for its items" time="0.01" classname="Chrome 32.0.1700 (Mac OS X 10.9.1).kendo_ui_DropDownList initialization"/>
    <testcase name="dropdownlist initializes a popup for its items" time="0.008" classname="Chrome 32.0.1700 (Mac OS X 10.9.1).kendo_ui_DropDownList initialization"/>
    <testcase name="dropdownlist shrink ul if the height of the items is more then options.height" time="0.019" classname="Chrome 32.0.1700 (Mac OS X 10.9.1).kendo_ui_DropDownList initialization"/>
    <testcase name="dropdownlist populates its list when the datasource changes" time="0.012" classname="Chrome 32.0.1700 (Mac OS X 10.9.1).kendo_ui_DropDownList initialization"/>
    <testcase name="dataAccessors are get from data attributes" time="0.009" classname="Chrome 32.0.1700 (Mac OS X 10.9.1).kendo_ui_DropDownList initialization"/>
    <testcase name="template should render item directly if datatextField is empty string" time="0.007" classname="Chrome 32.0.1700 (Mac OS X 10.9.1).kendo_ui_DropDownList initialization"/>
    <testcase name="template should use defined datatextField" time="0.009" classname="Chrome 32.0.1700 (Mac OS X 10.9.1).kendo_ui_DropDownList initialization"/>
    <testcase name="setting dataTextField to array accessor" time="0.008" classname="Chrome 32.0.1700 (Mac OS X 10.9.1).kendo_ui_DropDownList initialization"/>
    <testcase name="changing the template" time="0.009" classname="Chrome 32.0.1700 (Mac OS X 10.9.1).kendo_ui_DropDownList initialization"/>
    <testcase name="defining header template" time="0.01" classname="Chrome 32.0.1700 (Mac OS X 10.9.1).kendo_ui_DropDownList initialization"/>
    <testcase name="defining input template" time="0.01" classname="Chrome 32.0.1700 (Mac OS X 10.9.1).kendo_ui_DropDownList initialization"/>
    <testcase name="should populate text and value if items" time="0.009" classname="Chrome 32.0.1700 (Mac OS X 10.9.1).kendo_ui_DropDownList initialization"/>
    <testcase name="disabled input rendered with wrapper.k-state-disabled" time="0.008" classname="Chrome 32.0.1700 (Mac OS X 10.9.1).kendo_ui_DropDownList initialization"/>
    <testcase name="DropDownList disables on init" time="0.008" classname="Chrome 32.0.1700 (Mac OS X 10.9.1).kendo_ui_DropDownList initialization"/>
    <testcase name="pointer over widget should add hover state" time="0.011" classname="Chrome 32.0.1700 (Mac OS X 10.9.1).kendo_ui_DropDownList initialization"/>
    <testcase name="leaving widget should remove hover state" time="0.01" classname="Chrome 32.0.1700 (Mac OS X 10.9.1).kendo_ui_DropDownList initialization"/>
    <testcase name="pointer over li should add hover state" time="0.01" classname="Chrome 32.0.1700 (Mac OS X 10.9.1).kendo_ui_DropDownList initialization"/>
    <testcase name="leave li should remove hover state" time="0.01" classname="Chrome 32.0.1700 (Mac OS X 10.9.1).kendo_ui_DropDownList initialization"/>
    <testcase name="add k-list class to the UL" time="0.01" classname="Chrome 32.0.1700 (Mac OS X 10.9.1).kendo_ui_DropDownList initialization"/>
    <testcase name="set height if items height is bigger than options.height" time="0.012" classname="Chrome 32.0.1700 (Mac OS X 10.9.1).kendo_ui_DropDownList initialization"/>
    <testcase name="persist selected index on rebind" time="0.013" classname="Chrome 32.0.1700 (Mac OS X 10.9.1).kendo_ui_DropDownList initialization"/>
    <testcase name="optionLabel should create empty item" time="0.011" classname="Chrome 32.0.1700 (Mac OS X 10.9.1).kendo_ui_DropDownList initialization"/>
    <testcase name="optionLabel is not lost when textField and valueField are equal" time="0.01" classname="Chrome 32.0.1700 (Mac OS X 10.9.1).kendo_ui_DropDownList initialization"/>
    <testcase name="optionLabel should create complex empty item" time="0.012" classname="Chrome 32.0.1700 (Mac OS X 10.9.1).kendo_ui_DropDownList initialization"/>
    <testcase name="Use optionLabel directly if object" time="0.01" classname="Chrome 32.0.1700 (Mac OS X 10.9.1).kendo_ui_DropDownList initialization"/>
    <testcase name="_options should render option with value if optionLabel" time="0.011" classname="Chrome 32.0.1700 (Mac OS X 10.9.1).kendo_ui_DropDownList initialization"/>
    <testcase name="_options uses optionLabel directly if object" time="0.018" classname="Chrome 32.0.1700 (Mac OS X 10.9.1).kendo_ui_DropDownList initialization"/>
    <testcase name="_options method escape value of the option" time="0.048" classname="Chrome 32.0.1700 (Mac OS X 10.9.1).kendo_ui_DropDownList initialization"/>
    <testcase name="should not set id to the popup if the input does not have" time="0.007" classname="Chrome 32.0.1700 (Mac OS X 10.9.1).kendo_ui_DropDownList initialization"/>
    <testcase name="binding to primitive types" time="0.005" classname="Chrome 32.0.1700 (Mac OS X 10.9.1).kendo_ui_DropDownList initialization"/>
    <testcase name="persist selectedIndex" time="0.004" classname="Chrome 32.0.1700 (Mac OS X 10.9.1).kendo_ui_DropDownList initialization"/>
    <testcase name="form reset support" time="0.224" classname="Chrome 32.0.1700 (Mac OS X 10.9.1).kendo_ui_DropDownList initialization"/>
    <testcase name="form reset support (select element)" time="0.225" classname="Chrome 32.0.1700 (Mac OS X 10.9.1).kendo_ui_DropDownList initialization"/>
    <testcase name="form defined by form attribute" time="0.225" classname="Chrome 32.0.1700 (Mac OS X 10.9.1).kendo_ui_DropDownList initialization"/>
    <testcase name="set selected text on init if autoBind:true (select)" time="0.007" classname="Chrome 32.0.1700 (Mac OS X 10.9.1).kendo_ui_DropDownList initialization"/>
    <testcase name="set selected text on init if autoBind:false (select)" time="0.005" classname="Chrome 32.0.1700 (Mac OS X 10.9.1).kendo_ui_DropDownList initialization"/>
    <testcase name="set optionLabel on init if autoBind:false (select)" time="0.004" classname="Chrome 32.0.1700 (Mac OS X 10.9.1).kendo_ui_DropDownList initialization"/>
    <testcase name="get text from optionLabel on init" time="0.004" classname="Chrome 32.0.1700 (Mac OS X 10.9.1).kendo_ui_DropDownList initialization"/>
    <testcase name="set optionLabel on init if autoBind:false (input)" time="0.005" classname="Chrome 32.0.1700 (Mac OS X 10.9.1).kendo_ui_DropDownList initialization"/>
    <testcase name="set empty text if autoBind:false and index = 1" time="0.004" classname="Chrome 32.0.1700 (Mac OS X 10.9.1).kendo_ui_DropDownList initialization"/>
    <testcase name="Add km-popup class to the animation container" time="0.008" classname="Chrome 32.0.1700 (Mac OS X 10.9.1).kendo_ui_DropDownList initialization"/>
    <testcase name="resetting dataSource detaches the previouse events" time="0.006" classname="Chrome 32.0.1700 (Mac OS X 10.9.1).kendo_ui_DropDownList initialization"/>
    <testcase name="resetting DataSource rebinds the widget" time="0.008" classname="Chrome 32.0.1700 (Mac OS X 10.9.1).kendo_ui_DropDownList initialization"/>
    <testcase name="extend popup options if dropdownlist.options.popup" time="0.005" classname="Chrome 32.0.1700 (Mac OS X 10.9.1).kendo_ui_DropDownList initialization"/>
    <testcase name="dropdownlist initializes a touch scroller when in mobile" time="0.01" classname="Chrome 32.0.1700 (Mac OS X 10.9.1).kendo_ui_DropDownList initialization"/>
    <testcase name="dropdownlist can be initialized in hidden container" time="0.013" classname="Chrome 32.0.1700 (Mac OS X 10.9.1).kendo_ui_DropDownList initialization"/>
    <testcase name="DropDownList does not set width if list has style.width" time="0.012" classname="Chrome 32.0.1700 (Mac OS X 10.9.1).kendo_ui_DropDownList initialization"/>
    <testcase name="DropDownList clears the id of the timeout on hideBusy" time="0.004" classname="Chrome 32.0.1700 (Mac OS X 10.9.1).kendo_ui_DropDownList initialization"/>
    <testcase name="DropDownList displays text if autoBind false" time="0.004" classname="Chrome 32.0.1700 (Mac OS X 10.9.1).kendo_ui_DropDownList initialization"/>
    <testcase name="DropDownList sets element value if option.value is defined" time="0.006" classname="Chrome 32.0.1700 (Mac OS X 10.9.1).kendo_ui_DropDownList initialization"/>
    <testcase name="DropDownList sets element value if option.value is defined (select)" time="0.006" classname="Chrome 32.0.1700 (Mac OS X 10.9.1).kendo_ui_DropDownList initialization"/>
    <testcase name="Using triggerHandler(&apos;focus&apos;) focuses the wrapper" time="0.007" classname="Chrome 32.0.1700 (Mac OS X 10.9.1).kendo_ui_DropDownList initialization"/>
    <testcase name="DropDownList sets value of the element if options.value and autoBind set to false" time="0.004" classname="Chrome 32.0.1700 (Mac OS X 10.9.1).kendo_ui_DropDownList initialization"/>
    <testcase name="DropDownList set height on first open" time="0.019" classname="Chrome 32.0.1700 (Mac OS X 10.9.1).kendo_ui_DropDownList initialization"/>
    <testcase name="DropDownList honors readonly attribute" time="0.005" classname="Chrome 32.0.1700 (Mac OS X 10.9.1).kendo_ui_DropDownList initialization"/>
    <testcase name="DropDownList uses disabled attr over the readonly" time="0.005" classname="Chrome 32.0.1700 (Mac OS X 10.9.1).kendo_ui_DropDownList initialization"/>
    <testcase name="DropDownList selects option label even when it is initially available" time="0.006" classname="Chrome 32.0.1700 (Mac OS X 10.9.1).kendo_ui_DropDownList initialization"/>
    <testcase name="kendoDropDownList clears selected value and text when bind to empty array" time="0.005" classname="Chrome 32.0.1700 (Mac OS X 10.9.1).kendo_ui_DropDownList initialization"/>
    <testcase name="Widget uses options.index if value was not defined" time="0.006" classname="Chrome 32.0.1700 (Mac OS X 10.9.1).kendo_ui_DropDownList initialization"/>
    <testcase name="ValueTemplate supports complex model" time="0.004" classname="Chrome 32.0.1700 (Mac OS X 10.9.1).kendo_ui_DropDownList initialization"/>
    <testcase name="DropDownList triggers change event on click" time="0.028" classname="Chrome 32.0.1700 (Mac OS X 10.9.1).kendo_ui_DropDownList integration"/>
    <testcase name="DropDownList triggers change event on click of optionLabel" time="0.02" classname="Chrome 32.0.1700 (Mac OS X 10.9.1).kendo_ui_DropDownList integration"/>
    <testcase name="initializes a dropdownlist when data role is dropdownlist" time="0.005" classname="Chrome 32.0.1700 (Mac OS X 10.9.1).dropdownlist MVVM"/>
    <testcase name="initializes options from data attributes" time="0.004" classname="Chrome 32.0.1700 (Mac OS X 10.9.1).dropdownlist MVVM"/>
    <testcase name="initializes data source" time="0.01" classname="Chrome 32.0.1700 (Mac OS X 10.9.1).dropdownlist MVVM"/>
    <testcase name="initializes value from view model" time="0.006" classname="Chrome 32.0.1700 (Mac OS X 10.9.1).dropdownlist MVVM"/>
    <testcase name="selects first item on source binding" time="0.005" classname="Chrome 32.0.1700 (Mac OS X 10.9.1).dropdownlist MVVM"/>
    <testcase name="initializes complex value from view model" time="0.006" classname="Chrome 32.0.1700 (Mac OS X 10.9.1).dropdownlist MVVM"/>
    <testcase name="changing a value updates the view model" time="0.006" classname="Chrome 32.0.1700 (Mac OS X 10.9.1).dropdownlist MVVM"/>
    <testcase name="uses data value field if data-value-primitive is set to true" time="0.005" classname="Chrome 32.0.1700 (Mac OS X 10.9.1).dropdownlist MVVM"/>
    <testcase name="widget datasource is use if source binding is not set" time="0.006" classname="Chrome 32.0.1700 (Mac OS X 10.9.1).dropdownlist MVVM"/>
    <testcase name="changing a value updates the view model if bound to simple value" time="0.006" classname="Chrome 32.0.1700 (Mac OS X 10.9.1).dropdownlist MVVM"/>
    <testcase name="binding dropdownlist initialized before binding" time="0.006" classname="Chrome 32.0.1700 (Mac OS X 10.9.1).dropdownlist MVVM"/>
    <testcase name="binding dropdownlist initialized after binding" time="0.008" classname="Chrome 32.0.1700 (Mac OS X 10.9.1).dropdownlist MVVM"/>
    <testcase name="binding template" time="0.007" classname="Chrome 32.0.1700 (Mac OS X 10.9.1).dropdownlist MVVM"/>
    <testcase name="binding template containing binding attributes" time="0.007" classname="Chrome 32.0.1700 (Mac OS X 10.9.1).dropdownlist MVVM"/>
    <testcase name="updating an item from the data source updates the corresponding dropdownlist item" time="0.011" classname="Chrome 32.0.1700 (Mac OS X 10.9.1).dropdownlist MVVM"/>
    <testcase name="destroying binding targets when the datasource changes" time="0.008" classname="Chrome 32.0.1700 (Mac OS X 10.9.1).dropdownlist MVVM"/>
    <testcase name="DropDownList is not replaced" time="0.007" classname="Chrome 32.0.1700 (Mac OS X 10.9.1).dropdownlist MVVM"/>
    <testcase name="removing items from the model updates the UI" time="0.009" classname="Chrome 32.0.1700 (Mac OS X 10.9.1).dropdownlist MVVM"/>
    <testcase name="destroys detaches the events to widget" time="0.006" classname="Chrome 32.0.1700 (Mac OS X 10.9.1).dropdownlist MVVM"/>
    <testcase name="dataBound event is raised if attached as option" time="0.005" classname="Chrome 32.0.1700 (Mac OS X 10.9.1).dropdownlist MVVM"/>
    <testcase name="dataBound event is raised if attached as option to a already initialized dropdownlist" time="0.005" classname="Chrome 32.0.1700 (Mac OS X 10.9.1).dropdownlist MVVM"/>
    <testcase name="binding enabled to false disables the widget" time="0.005" classname="Chrome 32.0.1700 (Mac OS X 10.9.1).dropdownlist MVVM"/>
    <testcase name="binding enabled to true enables the widget" time="0.004" classname="Chrome 32.0.1700 (Mac OS X 10.9.1).dropdownlist MVVM"/>
    <testcase name="binding disable to true disables the widget" time="0.004" classname="Chrome 32.0.1700 (Mac OS X 10.9.1).dropdownlist MVVM"/>
    <testcase name="binding disabled to false enables the widget" time="0.005" classname="Chrome 32.0.1700 (Mac OS X 10.9.1).dropdownlist MVVM"/>
    <testcase name="assign to DataSource as ViewModel field" time="0.008" classname="Chrome 32.0.1700 (Mac OS X 10.9.1).dropdownlist MVVM"/>
    <testcase name="ViewModel is updated when source is DataSource" time="0.007" classname="Chrome 32.0.1700 (Mac OS X 10.9.1).dropdownlist MVVM"/>
    <testcase name="binding invisible to true hides the widget" time="0.008" classname="Chrome 32.0.1700 (Mac OS X 10.9.1).dropdownlist MVVM"/>
    <testcase name="binding invisible to false shows the widget" time="0.004" classname="Chrome 32.0.1700 (Mac OS X 10.9.1).dropdownlist MVVM"/>
    <testcase name="changing invisible to true hides the widget" time="0.004" classname="Chrome 32.0.1700 (Mac OS X 10.9.1).dropdownlist MVVM"/>
    <testcase name="changing invisible to false shows the widget" time="0.004" classname="Chrome 32.0.1700 (Mac OS X 10.9.1).dropdownlist MVVM"/>
    <testcase name="binding visible to false hides the widget" time="0.004" classname="Chrome 32.0.1700 (Mac OS X 10.9.1).dropdownlist MVVM"/>
    <testcase name="binding visible to true shows the widget" time="0.004" classname="Chrome 32.0.1700 (Mac OS X 10.9.1).dropdownlist MVVM"/>
    <testcase name="changing visible to false hides the widget" time="0.005" classname="Chrome 32.0.1700 (Mac OS X 10.9.1).dropdownlist MVVM"/>
    <testcase name="changing visible to true shows the widget" time="0.004" classname="Chrome 32.0.1700 (Mac OS X 10.9.1).dropdownlist MVVM"/>
    <testcase name="selecting the default value sets the view model field to null" time="0.014" classname="Chrome 32.0.1700 (Mac OS X 10.9.1).dropdownlist MVVM"/>
    <testcase name="selecting the default value sets the view model field to emtpy string" time="0.006" classname="Chrome 32.0.1700 (Mac OS X 10.9.1).dropdownlist MVVM"/>
    <testcase name="assign to DataSource as ViewModel field" time="0.004" classname="Chrome 32.0.1700 (Mac OS X 10.9.1).dropdownlist MVVM"/>
    <testcase name="Widget sets optionLabel when source binding is used" time="0.006" classname="Chrome 32.0.1700 (Mac OS X 10.9.1).dropdownlist MVVM"/>
    <testcase name="always select first item on dataSource change" time="0.006" classname="Chrome 32.0.1700 (Mac OS X 10.9.1).kendo_ui_DropDownList selection"/>
    <testcase name="click first li should update text and value" time="0.006" classname="Chrome 32.0.1700 (Mac OS X 10.9.1).kendo_ui_DropDownList selection"/>
    <testcase name="value should be set to item.text if no item.value" time="0.006" classname="Chrome 32.0.1700 (Mac OS X 10.9.1).kendo_ui_DropDownList selection"/>
    <testcase name="selecting a li should update text and value" time="0.006" classname="Chrome 32.0.1700 (Mac OS X 10.9.1).kendo_ui_DropDownList selection"/>
    <testcase name="click li should close popup" time="0.014" classname="Chrome 32.0.1700 (Mac OS X 10.9.1).kendo_ui_DropDownList selection"/>
    <testcase name="select should select a li by index" time="0.005" classname="Chrome 32.0.1700 (Mac OS X 10.9.1).kendo_ui_DropDownList selection"/>
    <testcase name="selected should be persisted" time="0.017" classname="Chrome 32.0.1700 (Mac OS X 10.9.1).kendo_ui_DropDownList selection"/>
    <testcase name="only one li should be selected at a time" time="0.014" classname="Chrome 32.0.1700 (Mac OS X 10.9.1).kendo_ui_DropDownList selection"/>
    <testcase name="press down arrow should focus next item and update text and value" time="0.008" classname="Chrome 32.0.1700 (Mac OS X 10.9.1).kendo_ui_DropDownList selection"/>
    <testcase name="press right arrow should focus next item" time="0.006" classname="Chrome 32.0.1700 (Mac OS X 10.9.1).kendo_ui_DropDownList selection"/>
    <testcase name="press down arrow when last item is selected should not do anything" time="0.008" classname="Chrome 32.0.1700 (Mac OS X 10.9.1).kendo_ui_DropDownList selection"/>
    <testcase name="press up arrow should focus prev item and update text and value" time="0.008" classname="Chrome 32.0.1700 (Mac OS X 10.9.1).kendo_ui_DropDownList selection"/>
    <testcase name="press left arrow should focus prev item" time="0.008" classname="Chrome 32.0.1700 (Mac OS X 10.9.1).kendo_ui_DropDownList selection"/>
    <testcase name="press up arrow when first item is selected should not do anything" time="0.006" classname="Chrome 32.0.1700 (Mac OS X 10.9.1).kendo_ui_DropDownList selection"/>
    <testcase name="press home should focus first item and update text and value" time="0.008" classname="Chrome 32.0.1700 (Mac OS X 10.9.1).kendo_ui_DropDownList selection"/>
    <testcase name="press end should focus last item and update text and value" time="0.007" classname="Chrome 32.0.1700 (Mac OS X 10.9.1).kendo_ui_DropDownList selection"/>
    <testcase name="press enter should close popup when no change in selection" time="0.016" classname="Chrome 32.0.1700 (Mac OS X 10.9.1).kendo_ui_DropDownList selection"/>
    <testcase name="press enter should select current item" time="0.017" classname="Chrome 32.0.1700 (Mac OS X 10.9.1).kendo_ui_DropDownList selection"/>
    <testcase name="selected item with enter should persist selected state" time="0.007" classname="Chrome 32.0.1700 (Mac OS X 10.9.1).kendo_ui_DropDownList selection"/>
    <testcase name="press esc should close popup when no change in selection" time="0.019" classname="Chrome 32.0.1700 (Mac OS X 10.9.1).kendo_ui_DropDownList selection"/>
    <testcase name="pressing enter calls _blur" time="0.007" classname="Chrome 32.0.1700 (Mac OS X 10.9.1).kendo_ui_DropDownList selection"/>
    <testcase name="pressing alt + down should open popup" time="0.014" classname="Chrome 32.0.1700 (Mac OS X 10.9.1).kendo_ui_DropDownList selection"/>
    <testcase name="pressing alt + up should close popup" time="0.015" classname="Chrome 32.0.1700 (Mac OS X 10.9.1).kendo_ui_DropDownList selection"/>
    <testcase name="navigation works after rebind" time="0.009" classname="Chrome 32.0.1700 (Mac OS X 10.9.1).kendo_ui_DropDownList selection"/>
    <testcase name="esc calls prevent default if popup is opened" time="0.016" classname="Chrome 32.0.1700 (Mac OS X 10.9.1).kendo_ui_DropDownList selection"/>
    <testcase name="add focused class on focus when widget is in readonly state" time="0.006" classname="Chrome 32.0.1700 (Mac OS X 10.9.1).kendo_ui_DropDownList selection"/>
    <testcase name="DropDownList selects by index after continues selection" time="0.013" classname="Chrome 32.0.1700 (Mac OS X 10.9.1).kendo_ui_DropDownList selection"/>
    <testcase name="search select first match" time="0.009" classname="Chrome 32.0.1700 (Mac OS X 10.9.1).kendo_ui_DropDownList searching"/>
    <testcase name="search select item if text number" time="0.006" classname="Chrome 32.0.1700 (Mac OS X 10.9.1).kendo_ui_DropDownList searching"/>
    <testcase name="search select item if text is 0" time="0.006" classname="Chrome 32.0.1700 (Mac OS X 10.9.1).kendo_ui_DropDownList searching"/>
    <testcase name="search should not raise error if word is null" time="0.005" classname="Chrome 32.0.1700 (Mac OS X 10.9.1).kendo_ui_DropDownList searching"/>
    <testcase name="search method supports a case sensitive search" time="0.006" classname="Chrome 32.0.1700 (Mac OS X 10.9.1).kendo_ui_DropDownList searching"/>
    <testcase name="select next item if starts with same character" time="0.006" classname="Chrome 32.0.1700 (Mac OS X 10.9.1).kendo_ui_DropDownList searching"/>
    <testcase name="keep selection if typed text is same as current data item" time="0.006" classname="Chrome 32.0.1700 (Mac OS X 10.9.1).kendo_ui_DropDownList searching"/>
    <testcase name="keep selection if typed text differs" time="0.007" classname="Chrome 32.0.1700 (Mac OS X 10.9.1).kendo_ui_DropDownList searching"/>
    <testcase name="loop items on search trigger change event" time="0.008" classname="Chrome 32.0.1700 (Mac OS X 10.9.1).kendo_ui_DropDownList searching"/>
    <testcase name="looping through items honors ignoreCase option" time="0.007" classname="Chrome 32.0.1700 (Mac OS X 10.9.1).kendo_ui_DropDownList searching"/>
    <testcase name="prevent default behavior of SPACEBAR" time="0.006" classname="Chrome 32.0.1700 (Mac OS X 10.9.1).kendo_ui_DropDownList searching"/>
    <testcase name="typing same letter does not move to next item" time="0.005" classname="Chrome 32.0.1700 (Mac OS X 10.9.1).kendo_ui_DropDownList searching"/>
    <testcase name="search supports space" time="0.006" classname="Chrome 32.0.1700 (Mac OS X 10.9.1).kendo_ui_DropDownList searching"/>
    <testcase name="search supports space" time="0.121" classname="Chrome 32.0.1700 (Mac OS X 10.9.1).kendo_ui_DropDownList searching"/>
    <testcase name="navigation does not raise exception when data is set through setDataSource" time="0.008" classname="Chrome 32.0.1700 (Mac OS X 10.9.1).kendo_ui_DropDownList searching"/>
    <testcase name="search does not raise exception when widget is not bound" time="0.006" classname="Chrome 32.0.1700 (Mac OS X 10.9.1).kendo_ui_DropDownList searching"/>
    <testcase name="search empty widget does not raise exception" time="0.008" classname="Chrome 32.0.1700 (Mac OS X 10.9.1).kendo_ui_DropDownList searching"/>
    <testcase name="kendoEditable is attached to the target element" time="0.003" classname="Chrome 32.0.1700 (Mac OS X 10.9.1).kendo_ui_Editable"/>
    <testcase name="renders input element for field" time="0.006" classname="Chrome 32.0.1700 (Mac OS X 10.9.1).kendo_ui_Editable"/>
    <testcase name="does not clear container is set" time="0.009" classname="Chrome 32.0.1700 (Mac OS X 10.9.1).kendo_ui_Editable"/>
    <testcase name="renders input element within the child element container if specified" time="0.01" classname="Chrome 32.0.1700 (Mac OS X 10.9.1).kendo_ui_Editable"/>
    <testcase name="renders input element within the child element container if specified for complex fields" time="0.009" classname="Chrome 32.0.1700 (Mac OS X 10.9.1).kendo_ui_Editable"/>
    <testcase name="input name is same as field" time="0.01" classname="Chrome 32.0.1700 (Mac OS X 10.9.1).kendo_ui_Editable"/>
    <testcase name="no inputs are rendered when no fields are specifed" time="0.002" classname="Chrome 32.0.1700 (Mac OS X 10.9.1).kendo_ui_Editable"/>
    <testcase name="input is rendered for every field" time="0.011" classname="Chrome 32.0.1700 (Mac OS X 10.9.1).kendo_ui_Editable"/>
    <testcase name="input value is bound to the value from model" time="0.01" classname="Chrome 32.0.1700 (Mac OS X 10.9.1).kendo_ui_Editable"/>
    <testcase name="container is cleared" time="0.01" classname="Chrome 32.0.1700 (Mac OS X 10.9.1).kendo_ui_Editable"/>
    <testcase name="input[type=text] is created for field with type set to number" time="0.022" classname="Chrome 32.0.1700 (Mac OS X 10.9.1).kendo_ui_Editable"/>
    <testcase name="input[type=text] is created for field without type set" time="0.011" classname="Chrome 32.0.1700 (Mac OS X 10.9.1).kendo_ui_Editable"/>
    <testcase name="input[type=text] is created for field with type set to string" time="0.009" classname="Chrome 32.0.1700 (Mac OS X 10.9.1).kendo_ui_Editable"/>
    <testcase name="input[type=text] is created for field which type does not have editor defined" time="0.01" classname="Chrome 32.0.1700 (Mac OS X 10.9.1).kendo_ui_Editable"/>
    <testcase name="input[type=checkbox] is created for field of type boolean" time="0.01" classname="Chrome 32.0.1700 (Mac OS X 10.9.1).kendo_ui_Editable"/>
    <testcase name="custom editor is used if set" time="0.003" classname="Chrome 32.0.1700 (Mac OS X 10.9.1).kendo_ui_Editable"/>
    <testcase name="custom editor is bind by name" time="0.005" classname="Chrome 32.0.1700 (Mac OS X 10.9.1).kendo_ui_Editable"/>
    <testcase name="custom editor checkbox is bind by name" time="0.01" classname="Chrome 32.0.1700 (Mac OS X 10.9.1).kendo_ui_Editable"/>
    <testcase name="custom editor radio button is bind by name" time="0.006" classname="Chrome 32.0.1700 (Mac OS X 10.9.1).kendo_ui_Editable"/>
    <testcase name="custom editor as string" time="0.005" classname="Chrome 32.0.1700 (Mac OS X 10.9.1).kendo_ui_Editable"/>
    <testcase name="custom editor name binding is added to already existing one" time="0.01" classname="Chrome 32.0.1700 (Mac OS X 10.9.1).kendo_ui_Editable"/>
    <testcase name="custom editor widget is bind by name" time="0.018" classname="Chrome 32.0.1700 (Mac OS X 10.9.1).kendo_ui_Editable"/>
    <testcase name="input[type=text] is created for field with type set to date" time="0.018" classname="Chrome 32.0.1700 (Mac OS X 10.9.1).kendo_ui_Editable"/>
    <testcase name="container and options are passed to the custom editor" time="0.003" classname="Chrome 32.0.1700 (Mac OS X 10.9.1).kendo_ui_Editable"/>
    <testcase name="format is passed to editor" time="0.036" classname="Chrome 32.0.1700 (Mac OS X 10.9.1).kendo_ui_Editable"/>
    <testcase name="format is passed to date type editor" time="0.015" classname="Chrome 32.0.1700 (Mac OS X 10.9.1).kendo_ui_Editable"/>
    <testcase name="extacted format is passed to date type editor" time="0.012" classname="Chrome 32.0.1700 (Mac OS X 10.9.1).kendo_ui_Editable"/>
    <testcase name="default picker format is preserved if no field format is set" time="0.011" classname="Chrome 32.0.1700 (Mac OS X 10.9.1).kendo_ui_Editable"/>
    <testcase name="format is passed to number type editor" time="0.013" classname="Chrome 32.0.1700 (Mac OS X 10.9.1).kendo_ui_Editable"/>
    <testcase name="default numeric format is preserved if no field format is set" time="0.012" classname="Chrome 32.0.1700 (Mac OS X 10.9.1).kendo_ui_Editable"/>
    <testcase name="binds input without bindings to the model" time="0.012" classname="Chrome 32.0.1700 (Mac OS X 10.9.1).kendo_ui_Editable"/>
    <testcase name="skip binding input type file without binding" time="0.008" classname="Chrome 32.0.1700 (Mac OS X 10.9.1).kendo_ui_Editable"/>
    <testcase name="does not bind input element of upload widget" time="0.006" classname="Chrome 32.0.1700 (Mac OS X 10.9.1).kendo_ui_Editable"/>
    <testcase name="does not bind input element with skip attribute" time="0.007" classname="Chrome 32.0.1700 (Mac OS X 10.9.1).kendo_ui_Editable"/>
    <testcase name="dropdown is displayed if field values are set" time="0.03" classname="Chrome 32.0.1700 (Mac OS X 10.9.1).kendo_ui_Editable"/>
    <testcase name="setting required validation rule renderes required attr" time="0.004" classname="Chrome 32.0.1700 (Mac OS X 10.9.1).kendo_ui_Editable"/>
    <testcase name="setting custom validation rule does not renders attr" time="0.008" classname="Chrome 32.0.1700 (Mac OS X 10.9.1).kendo_ui_Editable"/>
    <testcase name="setting multiple validation rules renders attr" time="0.009" classname="Chrome 32.0.1700 (Mac OS X 10.9.1).kendo_ui_Editable"/>
    <testcase name="setting url rule renderes data-type=url attr" time="0.008" classname="Chrome 32.0.1700 (Mac OS X 10.9.1).kendo_ui_Editable"/>
    <testcase name="setting email rule renderes data-type=email attr" time="0.008" classname="Chrome 32.0.1700 (Mac OS X 10.9.1).kendo_ui_Editable"/>
    <testcase name="for field of type number data-type=number attr is rendered" time="0.013" classname="Chrome 32.0.1700 (Mac OS X 10.9.1).kendo_ui_Editable"/>
    <testcase name="for field of type date data-type=date attr is rendered" time="0.012" classname="Chrome 32.0.1700 (Mac OS X 10.9.1).kendo_ui_Editable"/>
    <testcase name="for field of type date format attrr is rendered" time="0.014" classname="Chrome 32.0.1700 (Mac OS X 10.9.1).kendo_ui_Editable"/>
    <testcase name="for field of type boolean data-type=boolean attr is rendered" time="0.008" classname="Chrome 32.0.1700 (Mac OS X 10.9.1).kendo_ui_Editable"/>
    <testcase name="setting custom validation rule does not render attr" time="0.003" classname="Chrome 32.0.1700 (Mac OS X 10.9.1).kendo_ui_Editable"/>
    <testcase name="custom validation message is rendered as input attr" time="0.008" classname="Chrome 32.0.1700 (Mac OS X 10.9.1).kendo_ui_Editable"/>
    <testcase name="validation message is not rendered as input attr" time="0.008" classname="Chrome 32.0.1700 (Mac OS X 10.9.1).kendo_ui_Editable"/>
    <testcase name="multiple custom validation messages are rendered as input attr" time="0.008" classname="Chrome 32.0.1700 (Mac OS X 10.9.1).kendo_ui_Editable"/>
    <testcase name="for field of type number min constraint attr is rendered" time="0.013" classname="Chrome 32.0.1700 (Mac OS X 10.9.1).kendo_ui_Editable"/>
    <testcase name="for field of type number min constraint and validation message attrs are rendered" time="0.012" classname="Chrome 32.0.1700 (Mac OS X 10.9.1).kendo_ui_Editable"/>
    <testcase name="for field of type email and validation message attrs are rendered" time="0.008" classname="Chrome 32.0.1700 (Mac OS X 10.9.1).kendo_ui_Editable"/>
    <testcase name="custom validation rules are assign to validation instance" time="0.008" classname="Chrome 32.0.1700 (Mac OS X 10.9.1).kendo_ui_Editable"/>
    <testcase name="custom validation rules are assign to validation instance if no fields are assigned" time="0.002" classname="Chrome 32.0.1700 (Mac OS X 10.9.1).kendo_ui_Editable"/>
    <testcase name="model is not updated if validation fails" time="0.011" classname="Chrome 32.0.1700 (Mac OS X 10.9.1).kendo_ui_Editable"/>
    <testcase name="change event is triggered if validation success" time="0.009" classname="Chrome 32.0.1700 (Mac OS X 10.9.1).kendo_ui_Editable"/>
    <testcase name="change event is not triggered if validation fails" time="0.01" classname="Chrome 32.0.1700 (Mac OS X 10.9.1).kendo_ui_Editable"/>
    <testcase name="end method detaches the change event" time="0.009" classname="Chrome 32.0.1700 (Mac OS X 10.9.1).kendo_ui_Editable"/>
    <testcase name="end method triggers validation" time="0.008" classname="Chrome 32.0.1700 (Mac OS X 10.9.1).kendo_ui_Editable"/>
    <testcase name="end method returns false when validation fails" time="0.01" classname="Chrome 32.0.1700 (Mac OS X 10.9.1).kendo_ui_Editable"/>
    <testcase name="end method returns true when validation pass" time="0.008" classname="Chrome 32.0.1700 (Mac OS X 10.9.1).kendo_ui_Editable"/>
    <testcase name="changing model field validates the input" time="0.009" classname="Chrome 32.0.1700 (Mac OS X 10.9.1).kendo_ui_Editable"/>
    <testcase name="changing boolean model field validates the input" time="0.008" classname="Chrome 32.0.1700 (Mac OS X 10.9.1).kendo_ui_Editable"/>
    <testcase name="kendoStop calls callback" time="0.003" classname="Chrome 32.0.1700 (Mac OS X 10.9.1).animate"/>
    <testcase name="animate waits all effects to finish" time="0.918" classname="Chrome 32.0.1700 (Mac OS X 10.9.1).animate"/>
    <testcase name="reverse method of the effect is called if reverse = true" time="0.002" classname="Chrome 32.0.1700 (Mac OS X 10.9.1).animate"/>
    <testcase name="passing options to animate works" time="0.916" classname="Chrome 32.0.1700 (Mac OS X 10.9.1).animate"/>
    <testcase name="passing options to animate effects as string" time="0.918" classname="Chrome 32.0.1700 (Mac OS X 10.9.1).animate"/>
    <testcase name="make sure css, setup, teardown and restore are called in sequence" time="0.917" classname="Chrome 32.0.1700 (Mac OS X 10.9.1).animate"/>
    <testcase name="callback is fired asynchronously after animate" time="0.617" classname="Chrome 32.0.1700 (Mac OS X 10.9.1).animate"/>
    <testcase name="Passing properties to the effect overrides the end state" time="0.05" classname="Chrome 32.0.1700 (Mac OS X 10.9.1).animate"/>
    <testcase name="animating height from 0 to 100 results in 100px high element" time="0.05" classname="Chrome 32.0.1700 (Mac OS X 10.9.1).animate"/>
    <testcase name="fadeIn animates the opacity from 0 to 1" time="0.033" classname="Chrome 32.0.1700 (Mac OS X 10.9.1).animate"/>
    <testcase name="fadeOut animates the opacity from 1 to 0" time="0.033" classname="Chrome 32.0.1700 (Mac OS X 10.9.1).animate"/>
    <testcase name="zoomIn animates the scale from 0.01 to 1" time="0.033" classname="Chrome 32.0.1700 (Mac OS X 10.9.1).animate"/>
    <testcase name="slideIn:right moves the element right from - its width to 0" time="0.055" classname="Chrome 32.0.1700 (Mac OS X 10.9.1).animate"/>
    <testcase name="slideIn:down moves the element down from - its height to 0" time="0.05" classname="Chrome 32.0.1700 (Mac OS X 10.9.1).animate"/>
    <testcase name="expand:vertical expands the element from 0 to its height" time="0.045" classname="Chrome 32.0.1700 (Mac OS X 10.9.1).animate"/>
    <testcase name="expand:horizontal expands the element from 0 to its width" time="0.051" classname="Chrome 32.0.1700 (Mac OS X 10.9.1).animate"/>
    <testcase name="executes callbacks" time="0.048" classname="Chrome 32.0.1700 (Mac OS X 10.9.1).animationFrame Animation"/>
    <testcase name="is cancellable" time="0.035" classname="Chrome 32.0.1700 (Mac OS X 10.9.1).animationFrame Animation"/>
    <testcase name="ListView adds role list" time="0.008" classname="Chrome 32.0.1700 (Mac OS X 10.9.1).listview ARIA"/>
    <testcase name="ListView adds aria-multiselectable if selectable=multiple" time="0.004" classname="Chrome 32.0.1700 (Mac OS X 10.9.1).listview ARIA"/>
    <testcase name="ListView adds role listitem to all child elements" time="0.003" classname="Chrome 32.0.1700 (Mac OS X 10.9.1).listview ARIA"/>
    <testcase name="ListView adds aria-selected=false to all child elements" time="0.004" classname="Chrome 32.0.1700 (Mac OS X 10.9.1).listview ARIA"/>
    <testcase name="ListView adds aria-selected=true on SPACEBAR" time="0.005" classname="Chrome 32.0.1700 (Mac OS X 10.9.1).listview ARIA"/>
    <testcase name="ListView adds id to the last selected item" time="0.004" classname="Chrome 32.0.1700 (Mac OS X 10.9.1).listview ARIA"/>
    <testcase name="ListView adds aria-activedescendant to the listview" time="0.008" classname="Chrome 32.0.1700 (Mac OS X 10.9.1).listview ARIA"/>
    <testcase name="ListView preserves the id of the LI elements" time="0.005" classname="Chrome 32.0.1700 (Mac OS X 10.9.1).listview ARIA"/>
    <testcase name="ListView uses id of the LI element for the aria-activedescendant" time="0.004" classname="Chrome 32.0.1700 (Mac OS X 10.9.1).listview ARIA"/>
    <testcase name="default edit template is empty string" time="0.003" classname="Chrome 32.0.1700 (Mac OS X 10.9.1).listView editing"/>
    <testcase name="editTemplate options defined" time="0.003" classname="Chrome 32.0.1700 (Mac OS X 10.9.1).listView editing"/>
    <testcase name="edit renders editTemplate for the current item" time="0.004" classname="Chrome 32.0.1700 (Mac OS X 10.9.1).listView editing"/>
    <testcase name="edit binds the edit template" time="0.004" classname="Chrome 32.0.1700 (Mac OS X 10.9.1).listView editing"/>
    <testcase name="edit instantiates editable for edited item" time="0.003" classname="Chrome 32.0.1700 (Mac OS X 10.9.1).listView editing"/>
    <testcase name="editable is destroyed on refresh" time="0.004" classname="Chrome 32.0.1700 (Mac OS X 10.9.1).listView editing"/>
    <testcase name="item is refreshed on itemchange" time="0.003" classname="Chrome 32.0.1700 (Mac OS X 10.9.1).listView editing"/>
    <testcase name="edited item is not refreshed on itemchange" time="0.005" classname="Chrome 32.0.1700 (Mac OS X 10.9.1).listView editing"/>
    <testcase name="correct model is passed to editable" time="0.004" classname="Chrome 32.0.1700 (Mac OS X 10.9.1).listView editing"/>
    <testcase name="edit item triggers edit event" time="0.003" classname="Chrome 32.0.1700 (Mac OS X 10.9.1).listView editing"/>
    <testcase name="clicking the cancel button raises the cancel event" time="0.006" classname="Chrome 32.0.1700 (Mac OS X 10.9.1).listView editing"/>
    <testcase name="preventing the cancel event leaves the item in edit mode" time="0.005" classname="Chrome 32.0.1700 (Mac OS X 10.9.1).listView editing"/>
    <testcase name="item and model is send to edit event arguments" time="0.003" classname="Chrome 32.0.1700 (Mac OS X 10.9.1).listView editing"/>
    <testcase name="save destroys the editable" time="0.007" classname="Chrome 32.0.1700 (Mac OS X 10.9.1).listView editing"/>
    <testcase name="save renders item template" time="0.004" classname="Chrome 32.0.1700 (Mac OS X 10.9.1).listView editing"/>
    <testcase name="save renders item alternating template" time="0.004" classname="Chrome 32.0.1700 (Mac OS X 10.9.1).listView editing"/>
    <testcase name="edit closes previous edited item" time="0.006" classname="Chrome 32.0.1700 (Mac OS X 10.9.1).listView editing"/>
    <testcase name="edit cancels previous edited item changes" time="0.005" classname="Chrome 32.0.1700 (Mac OS X 10.9.1).listView editing"/>
    <testcase name="save does not close edited item if validation fails" time="0.007" classname="Chrome 32.0.1700 (Mac OS X 10.9.1).listView editing"/>
    <testcase name="save calls DataSource sync" time="0.016" classname="Chrome 32.0.1700 (Mac OS X 10.9.1).listView editing"/>
    <testcase name="remove hides the item" time="0.014" classname="Chrome 32.0.1700 (Mac OS X 10.9.1).listView editing"/>
    <testcase name="remove calls dataSource remove" time="0.007" classname="Chrome 32.0.1700 (Mac OS X 10.9.1).listView editing"/>
    <testcase name="remove triggers remove event" time="0.007" classname="Chrome 32.0.1700 (Mac OS X 10.9.1).listView editing"/>
    <testcase name="remove event pass model and item as arguments" time="0.008" classname="Chrome 32.0.1700 (Mac OS X 10.9.1).listView editing"/>
    <testcase name="remove event prevention" time="0.012" classname="Chrome 32.0.1700 (Mac OS X 10.9.1).listView editing"/>
    <testcase name="remove calls dataSource sync" time="0.008" classname="Chrome 32.0.1700 (Mac OS X 10.9.1).listView editing"/>
    <testcase name="add adds new model in DataSource" time="0.009" classname="Chrome 32.0.1700 (Mac OS X 10.9.1).listView editing"/>
    <testcase name="add  adds new model before first item in the view" time="0.014" classname="Chrome 32.0.1700 (Mac OS X 10.9.1).listView editing"/>
    <testcase name="add adds new model if DataSource has no data" time="0.009" classname="Chrome 32.0.1700 (Mac OS X 10.9.1).listView editing"/>
    <testcase name="add edit first item" time="0.015" classname="Chrome 32.0.1700 (Mac OS X 10.9.1).listView editing"/>
    <testcase name="add triggers edit event" time="0.015" classname="Chrome 32.0.1700 (Mac OS X 10.9.1).listView editing"/>
    <testcase name="add cancels previous edited item changes" time="0.01" classname="Chrome 32.0.1700 (Mac OS X 10.9.1).listView editing"/>
    <testcase name="cancel calls cancelChanges of DataSource for the edited item" time="0.016" classname="Chrome 32.0.1700 (Mac OS X 10.9.1).listView editing"/>
    <testcase name="cancel does not call cancelChanges of DataSource if no edited item" time="0.007" classname="Chrome 32.0.1700 (Mac OS X 10.9.1).listView editing"/>
    <testcase name="cancel revert the item to item template" time="0.015" classname="Chrome 32.0.1700 (Mac OS X 10.9.1).listView editing"/>
    <testcase name="cancel revert the item to item alternative template" time="0.017" classname="Chrome 32.0.1700 (Mac OS X 10.9.1).listView editing"/>
    <testcase name="save event is triggered" time="0.011" classname="Chrome 32.0.1700 (Mac OS X 10.9.1).listView editing"/>
    <testcase name="save event can be prevented" time="0.008" classname="Chrome 32.0.1700 (Mac OS X 10.9.1).listView editing"/>
    <testcase name="edit after add cancels previous edit item" time="0.009" classname="Chrome 32.0.1700 (Mac OS X 10.9.1).listView editing"/>
    <testcase name="kendoListView attaches listView to element" time="0.007" classname="Chrome 32.0.1700 (Mac OS X 10.9.1).listview initialization"/>
    <testcase name="k-widget and k-listview classes are applied on element" time="0.007" classname="Chrome 32.0.1700 (Mac OS X 10.9.1).listview initialization"/>
    <testcase name="renders item for dataSource items" time="0.009" classname="Chrome 32.0.1700 (Mac OS X 10.9.1).listview initialization"/>
    <testcase name="options as array is used for dataSource" time="0.008" classname="Chrome 32.0.1700 (Mac OS X 10.9.1).listview initialization"/>
    <testcase name="dataBound event should be raised when bound" time="0.014" classname="Chrome 32.0.1700 (Mac OS X 10.9.1).listview initialization"/>
    <testcase name="cancelling databinding event prevents refresh" time="0.008" classname="Chrome 32.0.1700 (Mac OS X 10.9.1).listview initialization"/>
    <testcase name="DataSource change action is passed to databinding event" time="0.007" classname="Chrome 32.0.1700 (Mac OS X 10.9.1).listview initialization"/>
    <testcase name="autoBind false does not populate listView" time="0.002" classname="Chrome 32.0.1700 (Mac OS X 10.9.1).listview initialization"/>
    <testcase name="altTemplate defaults to template if is not set" time="0.007" classname="Chrome 32.0.1700 (Mac OS X 10.9.1).listview initialization"/>
    <testcase name="altTemplate defined" time="0.008" classname="Chrome 32.0.1700 (Mac OS X 10.9.1).listview initialization"/>
    <testcase name="altTemplate is rendered" time="0.007" classname="Chrome 32.0.1700 (Mac OS X 10.9.1).listview initialization"/>
    <testcase name="progress mask is shown when request starts" time="0.013" classname="Chrome 32.0.1700 (Mac OS X 10.9.1).listview initialization"/>
    <testcase name="progress mask is hidden when request finish" time="0.013" classname="Chrome 32.0.1700 (Mac OS X 10.9.1).listview initialization"/>
    <testcase name="selectable false does not instantiate Selectable object" time="0.007" classname="Chrome 32.0.1700 (Mac OS X 10.9.1).listview initialization"/>
    <testcase name="selectable true instantiate Selectable object" time="0.009" classname="Chrome 32.0.1700 (Mac OS X 10.9.1).listview initialization"/>
    <testcase name="selectable true instantiate Selectable object" time="0.008" classname="Chrome 32.0.1700 (Mac OS X 10.9.1).listview initialization"/>
    <testcase name="selectable multiple set multiple mode of the selectable" time="0.008" classname="Chrome 32.0.1700 (Mac OS X 10.9.1).listview initialization"/>
    <testcase name="focusing grid element focus first item " time="0.014" classname="Chrome 32.0.1700 (Mac OS X 10.9.1).listview initialization"/>
    <testcase name="down arrow moves focus on the next row same cell" time="0.004" classname="Chrome 32.0.1700 (Mac OS X 10.9.1).listview initialization"/>
    <testcase name="right arrow moves focus on the next cell on the same row" time="0.006" classname="Chrome 32.0.1700 (Mac OS X 10.9.1).listview initialization"/>
    <testcase name="left arrow moves focus on the prev cell on the same row" time="0.004" classname="Chrome 32.0.1700 (Mac OS X 10.9.1).listview initialization"/>
    <testcase name="up arrow moves focus on the prev row same cell" time="0.005" classname="Chrome 32.0.1700 (Mac OS X 10.9.1).listview initialization"/>
    <testcase name="space key select the focused item" time="0.005" classname="Chrome 32.0.1700 (Mac OS X 10.9.1).listview initialization"/>
    <testcase name="ctrl + space key when multiple selectoin is enabled persist the selected items" time="0.005" classname="Chrome 32.0.1700 (Mac OS X 10.9.1).listview initialization"/>
    <testcase name="space key on already selected item when multiple selectoin is enabled unselects the item" time="0.005" classname="Chrome 32.0.1700 (Mac OS X 10.9.1).listview initialization"/>
    <testcase name="select without arguments returns selected items" time="0.003" classname="Chrome 32.0.1700 (Mac OS X 10.9.1).listview initialization"/>
    <testcase name="select with arguments mark the arguments as selected" time="0.005" classname="Chrome 32.0.1700 (Mac OS X 10.9.1).listview initialization"/>
    <testcase name="select clears previously selected items if single select" time="0.003" classname="Chrome 32.0.1700 (Mac OS X 10.9.1).listview initialization"/>
    <testcase name="select persist previously selected items if multi select" time="0.004" classname="Chrome 32.0.1700 (Mac OS X 10.9.1).listview initialization"/>
    <testcase name="select with array of items as argument select first if single select" time="0.003" classname="Chrome 32.0.1700 (Mac OS X 10.9.1).listview initialization"/>
    <testcase name="clearSelection clears selected items" time="0.004" classname="Chrome 32.0.1700 (Mac OS X 10.9.1).listview initialization"/>
    <testcase name="clearSelection triggers change event" time="0.004" classname="Chrome 32.0.1700 (Mac OS X 10.9.1).listview initialization"/>
    <testcase name="resetting dataSource detaches the previouse events" time="0.003" classname="Chrome 32.0.1700 (Mac OS X 10.9.1).listview initialization"/>
    <testcase name="resetting DataSource rebinds the widget" time="0.003" classname="Chrome 32.0.1700 (Mac OS X 10.9.1).listview initialization"/>
    <testcase name="pageable option initialize pager" time="0.008" classname="Chrome 32.0.1700 (Mac OS X 10.9.1).listview initialization"/>
    <testcase name="listview DataSource is applied on the pager" time="0.006" classname="Chrome 32.0.1700 (Mac OS X 10.9.1).listview initialization"/>
    <testcase name="listview pageable settings are applied on the pager" time="0.005" classname="Chrome 32.0.1700 (Mac OS X 10.9.1).listview initialization"/>
    <testcase name="uid is set to item wrapper" time="0.002" classname="Chrome 32.0.1700 (Mac OS X 10.9.1).listview initialization"/>
    <testcase name="uid is set to item wrapper on dataSource change" time="0.002" classname="Chrome 32.0.1700 (Mac OS X 10.9.1).listview initialization"/>
    <testcase name="correct item is updated when model itemchange changes the sorting order" time="0.003" classname="Chrome 32.0.1700 (Mac OS X 10.9.1).listview initialization"/>
    <testcase name="initializes a listview when data role is listview" time="0.002" classname="Chrome 32.0.1700 (Mac OS X 10.9.1).listview mvvm"/>
    <testcase name="initalizes data source" time="0.002" classname="Chrome 32.0.1700 (Mac OS X 10.9.1).listview mvvm"/>
    <testcase name="binding listview initialized before binding" time="0.003" classname="Chrome 32.0.1700 (Mac OS X 10.9.1).listview mvvm"/>
    <testcase name="binding listview initialized after binding" time="0.003" classname="Chrome 32.0.1700 (Mac OS X 10.9.1).listview mvvm"/>
    <testcase name="binding template" time="0.003" classname="Chrome 32.0.1700 (Mac OS X 10.9.1).listview mvvm"/>
    <testcase name="binding template containing binding attributes" time="0.003" classname="Chrome 32.0.1700 (Mac OS X 10.9.1).listview mvvm"/>
    <testcase name="binding altTemplate" time="0.002" classname="Chrome 32.0.1700 (Mac OS X 10.9.1).listview mvvm"/>
    <testcase name="binding editTemplate" time="0.007" classname="Chrome 32.0.1700 (Mac OS X 10.9.1).listview mvvm"/>
    <testcase name="updating an item from the data source updates the corresponding listview item" time="0.008" classname="Chrome 32.0.1700 (Mac OS X 10.9.1).listview mvvm"/>
    <testcase name="destroys binding targets when datasource changes" time="0.008" classname="Chrome 32.0.1700 (Mac OS X 10.9.1).listview mvvm"/>
    <testcase name="destroys detaches the events to widget" time="0.007" classname="Chrome 32.0.1700 (Mac OS X 10.9.1).listview mvvm"/>
    <testcase name="dataBound event is raised if attached as option" time="0.008" classname="Chrome 32.0.1700 (Mac OS X 10.9.1).listview mvvm"/>
    <testcase name="dataBound event is raised if attached as option to a already initialized listview" time="0.008" classname="Chrome 32.0.1700 (Mac OS X 10.9.1).listview mvvm"/>
    <testcase name="binding visible to true shows the listview" time="0.007" classname="Chrome 32.0.1700 (Mac OS X 10.9.1).listview mvvm"/>
    <testcase name="binding visible to false hides the listview" time="0.008" classname="Chrome 32.0.1700 (Mac OS X 10.9.1).listview mvvm"/>
    <testcase name="binding invisible to true hides the listview" time="0.007" classname="Chrome 32.0.1700 (Mac OS X 10.9.1).listview mvvm"/>
    <testcase name="binding invisible to false shows the listview" time="0.008" classname="Chrome 32.0.1700 (Mac OS X 10.9.1).listview mvvm"/>
    <testcase name="setting autobind when bound to DataSource" time="0.002" classname="Chrome 32.0.1700 (Mac OS X 10.9.1).listview mvvm"/>
    <testcase name="binding selectable to true" time="0.009" classname="Chrome 32.0.1700 (Mac OS X 10.9.1).listview mvvm"/>
    <testcase name="binding navigatable to true" time="0.007" classname="Chrome 32.0.1700 (Mac OS X 10.9.1).listview mvvm"/>
    <testcase name="binds event handlers in template to root view model when item changes" time="0.009" classname="Chrome 32.0.1700 (Mac OS X 10.9.1).listview mvvm"/>
    <testcase name="setOptions changes template" time="0.009" classname="Chrome 32.0.1700 (Mac OS X 10.9.1).listview mvvm"/>
    <testcase name="click method should set handled flag and select event is only fired once" time="0.028" classname="Chrome 32.0.1700 (Mac OS X 10.9.1).menu api"/>
    <testcase name="hovering root item opens it and raises open event" time="0.097" classname="Chrome 32.0.1700 (Mac OS X 10.9.1).menu api"/>
    <testcase name="leaving root item closes it and raises close event" time="0.14" classname="Chrome 32.0.1700 (Mac OS X 10.9.1).menu api"/>
    <testcase name="clicking should raise select event" time="0.023" classname="Chrome 32.0.1700 (Mac OS X 10.9.1).menu api"/>
    <testcase name="clicking on sub item should close the menu" time="0.024" classname="Chrome 32.0.1700 (Mac OS X 10.9.1).menu api"/>
    <testcase name="open should open item even if disabled" time="0.095" classname="Chrome 32.0.1700 (Mac OS X 10.9.1).menu api"/>
    <testcase name="open should apply max-height and overflow styles to group UL" time="0.1" classname="Chrome 32.0.1700 (Mac OS X 10.9.1).menu api"/>
    <testcase name="open should not apply max-height and overflow styles to group UL if it has children groups" time="0.093" classname="Chrome 32.0.1700 (Mac OS X 10.9.1).menu api"/>
    <testcase name="clicking should not open item if disabled" time="0.015" classname="Chrome 32.0.1700 (Mac OS X 10.9.1).menu api"/>
    <testcase name="disable method should disable enabled item" time="0.015" classname="Chrome 32.0.1700 (Mac OS X 10.9.1).menu api"/>
    <testcase name="enable method should enable disabled item" time="0.015" classname="Chrome 32.0.1700 (Mac OS X 10.9.1).menu api"/>
    <testcase name="configure with popupCollision overrides the default" time="0.088" classname="Chrome 32.0.1700 (Mac OS X 10.9.1).menu api"/>
    <testcase name="setOptions resets the animation" time="0.021" classname="Chrome 32.0.1700 (Mac OS X 10.9.1).menu api"/>
    <testcase name="setOptions resets the dataSource object" time="0.023" classname="Chrome 32.0.1700 (Mac OS X 10.9.1).menu api"/>
    <testcase name="Element with class k-icon doesn&apos;t get removed in an item" time="0.021" classname="Chrome 32.0.1700 (Mac OS X 10.9.1).menu api"/>
    <testcase name="Add dynamic item with cssClass" time="0.021" classname="Chrome 32.0.1700 (Mac OS X 10.9.1).menu api"/>
    <testcase name="Adding dynamic content element renders properly on root and inner levels" time="0.023" classname="Chrome 32.0.1700 (Mac OS X 10.9.1).menu api"/>
    <testcase name="Adding dynamic contentUrl element renders contents on root and inner levels" time="0.023" classname="Chrome 32.0.1700 (Mac OS X 10.9.1).menu api"/>
    <testcase name="insertAfter method moves an item if called with existing item" time="0.029" classname="Chrome 32.0.1700 (Mac OS X 10.9.1).menu api">
      <failure type="">failed
    at Object.&lt;anonymous&gt; (/Users/pivanov/Work/kendoui-core/tests/menu/api.js:350:13)
    at Object.Test.run (/Users/pivanov/Work/kendoui-core/node_modules/qunitjs/qunit/qunit.js:203:18)
    at /Users/pivanov/Work/kendoui-core/node_modules/qunitjs/qunit/qunit.js:361:10
    at process (/Users/pivanov/Work/kendoui-core/node_modules/qunitjs/qunit/qunit.js:1451:2)
    at /Users/pivanov/Work/kendoui-core/node_modules/qunitjs/qunit/qunit.js:479:5

</failure>
    </testcase>
    <testcase name="menubar role is added to the wrapper" time="0.007" classname="Chrome 32.0.1700 (Mac OS X 10.9.1).ARIA support"/>
    <testcase name="menuitem role is added to the items of bound menu" time="0.008" classname="Chrome 32.0.1700 (Mac OS X 10.9.1).ARIA support"/>
    <testcase name="menuitem role is added to the items of html created menu" time="0.008" classname="Chrome 32.0.1700 (Mac OS X 10.9.1).ARIA support"/>
    <testcase name="has-popup attribute is added if node has childs" time="0.008" classname="Chrome 32.0.1700 (Mac OS X 10.9.1).ARIA support"/>
    <testcase name="menu role is added to the group container" time="0.009" classname="Chrome 32.0.1700 (Mac OS X 10.9.1).ARIA support"/>
    <testcase name="menu role is added to the group container when created from html" time="0.008" classname="Chrome 32.0.1700 (Mac OS X 10.9.1).ARIA support"/>
    <testcase name="disabled attribute is added if node is disabled" time="0.007" classname="Chrome 32.0.1700 (Mac OS X 10.9.1).ARIA support"/>
    <testcase name="disabled attribute is added if node is disabled via the API" time="0.008" classname="Chrome 32.0.1700 (Mac OS X 10.9.1).ARIA support"/>
    <testcase name="disabled attribute is added if child node is disabled via the API" time="0.008" classname="Chrome 32.0.1700 (Mac OS X 10.9.1).ARIA support"/>
    <testcase name="disabled attribute is added if node is disabled when created from html" time="0.008" classname="Chrome 32.0.1700 (Mac OS X 10.9.1).ARIA support"/>
    <testcase name="hidden attribute is added to the group when created from html" time="0.007" classname="Chrome 32.0.1700 (Mac OS X 10.9.1).ARIA support"/>
    <testcase name="aria-activedescendant is added to the wrapper when item is focused" time="0.015" classname="Chrome 32.0.1700 (Mac OS X 10.9.1).ARIA support"/>
    <testcase name="aria-activedescendant is added to the wrapper when item is focused" time="0.004" classname="Chrome 32.0.1700 (Mac OS X 10.9.1).ARIA support"/>
    <testcase name="close event can be canceled" time="0.042" classname="Chrome 32.0.1700 (Mac OS X 10.9.1).menu events"/>
    <testcase name="activate event is fired after open" time="0.04" classname="Chrome 32.0.1700 (Mac OS X 10.9.1).menu events"/>
    <testcase name="element select is triggered when menu element is clicked" time="0.016" classname="Chrome 32.0.1700 (Mac OS X 10.9.1).menu events"/>
    <testcase name="clicking disabled item should not raise onSelect event on parent item" time="0.015" classname="Chrome 32.0.1700 (Mac OS X 10.9.1).menu events"/>
    <testcase name="open event can be canceled" time="0.04" classname="Chrome 32.0.1700 (Mac OS X 10.9.1).menu events"/>
    <testcase name="Menu focus makes first root item active" time="0.009" classname="Chrome 32.0.1700 (Mac OS X 10.9.1).menu keyboard navigation"/>
    <testcase name="Template focus focuses the parent Menu item" time="0.13" classname="Chrome 32.0.1700 (Mac OS X 10.9.1).menu keyboard navigation"/>
    <testcase name="Left and right arrows move focus between first and second item" time="0.01" classname="Chrome 32.0.1700 (Mac OS X 10.9.1).menu keyboard navigation"/>
    <testcase name="Down arrow opens subitems group" time="0.008" classname="Chrome 32.0.1700 (Mac OS X 10.9.1).menu keyboard navigation"/>
    <testcase name="Left arrow moves focus from first to last item" time="0.009" classname="Chrome 32.0.1700 (Mac OS X 10.9.1).menu keyboard navigation"/>
    <testcase name="Mouse events reset the keyboard navigation active item" time="0.01" classname="Chrome 32.0.1700 (Mac OS X 10.9.1).menu keyboard navigation"/>
    <testcase name="Disabled root item does not open subgroup" time="0.012" classname="Chrome 32.0.1700 (Mac OS X 10.9.1).menu keyboard navigation"/>
    <testcase name="Disabled subitem does not open sub-subgroup" time="0.009" classname="Chrome 32.0.1700 (Mac OS X 10.9.1).menu keyboard navigation"/>
    <testcase name="Hitting Enter key navigates an item hyperlink" time="0.011" classname="Chrome 32.0.1700 (Mac OS X 10.9.1).menu keyboard navigation"/>
    <testcase name="initializes a menu when data role is menu" time="0.002" classname="Chrome 32.0.1700 (Mac OS X 10.9.1).menu MVVM"/>
    <testcase name="initializes a options from data attributes" time="0.002" classname="Chrome 32.0.1700 (Mac OS X 10.9.1).menu MVVM"/>
    <testcase name="binding menu initialized before binding" time="0.001" classname="Chrome 32.0.1700 (Mac OS X 10.9.1).menu MVVM"/>
    <testcase name="binding containing binding attributes" time="0.002" classname="Chrome 32.0.1700 (Mac OS X 10.9.1).menu MVVM"/>
    <testcase name="updating viewModel updates the content" time="0.002" classname="Chrome 32.0.1700 (Mac OS X 10.9.1).menu MVVM"/>
    <testcase name="event is raised if attached as option" time="0.002" classname="Chrome 32.0.1700 (Mac OS X 10.9.1).menu MVVM"/>
    <testcase name="binding visible to true shows the menu" time="0.002" classname="Chrome 32.0.1700 (Mac OS X 10.9.1).menu MVVM"/>
    <testcase name="binding visible to false hides the menu" time="0.001" classname="Chrome 32.0.1700 (Mac OS X 10.9.1).menu MVVM"/>
    <testcase name="binding invisible to true hides the menu" time="0.002" classname="Chrome 32.0.1700 (Mac OS X 10.9.1).menu MVVM"/>
    <testcase name="binding invisible to false shows the menu" time="0.001" classname="Chrome 32.0.1700 (Mac OS X 10.9.1).menu MVVM"/>
    <testcase name="open on click is serialized" time="0.011" classname="Chrome 32.0.1700 (Mac OS X 10.9.1).menu open on click"/>
    <testcase name="click method should call preventDefault method" time="0.011" classname="Chrome 32.0.1700 (Mac OS X 10.9.1).menu open on click"/>
    <testcase name="click method on item with URL shouldn&apos;t call preventDefault method" time="0.011" classname="Chrome 32.0.1700 (Mac OS X 10.9.1).menu open on click"/>
    <testcase name="hovering root item does not open it" time="0.01" classname="Chrome 32.0.1700 (Mac OS X 10.9.1).menu open on click"/>
    <testcase name="hovering root item does not open it after using close method" time="0.011" classname="Chrome 32.0.1700 (Mac OS X 10.9.1).menu open on click"/>
    <testcase name="clicking root item should open it" time="0.011" classname="Chrome 32.0.1700 (Mac OS X 10.9.1).menu open on click"/>
    <testcase name="leaving opened item does not close it" time="0.01" classname="Chrome 32.0.1700 (Mac OS X 10.9.1).menu open on click"/>
    <testcase name="leaving opened and hovering a sibling closes it and opens the sibling" time="0.01" classname="Chrome 32.0.1700 (Mac OS X 10.9.1).menu open on click"/>
    <testcase name="clicking the document closes the open item" time="0.01" classname="Chrome 32.0.1700 (Mac OS X 10.9.1).menu open on click"/>
    <testcase name="get returns the value of the specified field" time="0.001" classname="Chrome 32.0.1700 (Mac OS X 10.9.1).model get"/>
    <testcase name="get evaluates nested expression" time="0" classname="Chrome 32.0.1700 (Mac OS X 10.9.1).model get"/>
    <testcase name="define returns a new model which is subclass of Model" time="0.001" classname="Chrome 32.0.1700 (Mac OS X 10.9.1).model initialization"/>
    <testcase name="define assigns data" time="0" classname="Chrome 32.0.1700 (Mac OS X 10.9.1).model initialization"/>
    <testcase name="define assigns the fields" time="0.001" classname="Chrome 32.0.1700 (Mac OS X 10.9.1).model initialization"/>
    <testcase name="define assigns the fields as array of object" time="0" classname="Chrome 32.0.1700 (Mac OS X 10.9.1).model initialization"/>
    <testcase name="define assigns the fields as array of strings" time="0" classname="Chrome 32.0.1700 (Mac OS X 10.9.1).model initialization"/>
    <testcase name="define assigns field type" time="0" classname="Chrome 32.0.1700 (Mac OS X 10.9.1).model initialization"/>
    <testcase name="define if key is assign model is not new" time="0" classname="Chrome 32.0.1700 (Mac OS X 10.9.1).model initialization"/>
    <testcase name="define if no key is assign model is new" time="0.001" classname="Chrome 32.0.1700 (Mac OS X 10.9.1).model initialization"/>
    <testcase name="define with custom field.name mapping" time="0" classname="Chrome 32.0.1700 (Mac OS X 10.9.1).model initialization"/>
    <testcase name="define with custom field mapping" time="0" classname="Chrome 32.0.1700 (Mac OS X 10.9.1).model initialization"/>
    <testcase name="isNew returns true if no key is defined" time="0" classname="Chrome 32.0.1700 (Mac OS X 10.9.1).model initialization"/>
    <testcase name="id returns the value of the key" time="0.001" classname="Chrome 32.0.1700 (Mac OS X 10.9.1).model initialization"/>
    <testcase name="id is implicitly set if not set in metadata" time="0" classname="Chrome 32.0.1700 (Mac OS X 10.9.1).model initialization"/>
    <testcase name="id is implicitly set if not set in metadata and no data" time="0.001" classname="Chrome 32.0.1700 (Mac OS X 10.9.1).model initialization"/>
    <testcase name="define assigns field validation rules" time="0" classname="Chrome 32.0.1700 (Mac OS X 10.9.1).model initialization"/>
    <testcase name="define accepts custom validation rules" time="0.001" classname="Chrome 32.0.1700 (Mac OS X 10.9.1).model initialization"/>
    <testcase name="field can be set as editable false" time="0" classname="Chrome 32.0.1700 (Mac OS X 10.9.1).model initialization"/>
    <testcase name="empty string default value is set for field of type string" time="0.001" classname="Chrome 32.0.1700 (Mac OS X 10.9.1).model initialization"/>
    <testcase name="model data is synchronized with original data" time="0" classname="Chrome 32.0.1700 (Mac OS X 10.9.1).model initialization"/>
    <testcase name="model data is synchronized with original data as empty object" time="0.001" classname="Chrome 32.0.1700 (Mac OS X 10.9.1).model initialization"/>
    <testcase name="zero is set as default value for numeric field" time="0" classname="Chrome 32.0.1700 (Mac OS X 10.9.1).model initialization"/>
    <testcase name="date is set as default value for date field" time="0" classname="Chrome 32.0.1700 (Mac OS X 10.9.1).model initialization"/>
    <testcase name="setting default value by type should be case insensitive" time="0" classname="Chrome 32.0.1700 (Mac OS X 10.9.1).model initialization"/>
    <testcase name="false is set as default value for boolean field" time="0" classname="Chrome 32.0.1700 (Mac OS X 10.9.1).model initialization"/>
    <testcase name="defaultValue sets field default value" time="0.001" classname="Chrome 32.0.1700 (Mac OS X 10.9.1).model initialization"/>
    <testcase name="defaultValue set to 0 is set" time="0" classname="Chrome 32.0.1700 (Mac OS X 10.9.1).model initialization"/>
    <testcase name="isNew and default id value" time="0.001" classname="Chrome 32.0.1700 (Mac OS X 10.9.1).model initialization"/>
    <testcase name="type convert is assign to the field definition" time="0" classname="Chrome 32.0.1700 (Mac OS X 10.9.1).model initialization"/>
    <testcase name="custom type converter is assign to the field definition" time="0.001" classname="Chrome 32.0.1700 (Mac OS X 10.9.1).model initialization"/>
    <testcase name="toJSON skips the id if id field is not declared" time="0" classname="Chrome 32.0.1700 (Mac OS X 10.9.1).model initialization"/>
    <testcase name="toJSON skips the id if id field is not default" time="0.001" classname="Chrome 32.0.1700 (Mac OS X 10.9.1).model initialization"/>
    <testcase name="set updates the value of the specified field" time="0" classname="Chrome 32.0.1700 (Mac OS X 10.9.1).kendo_data_Model_set"/>
    <testcase name="set updates the value of the specified expression" time="0.001" classname="Chrome 32.0.1700 (Mac OS X 10.9.1).kendo_data_Model_set"/>
    <testcase name="model is dirty after set" time="0" classname="Chrome 32.0.1700 (Mac OS X 10.9.1).kendo_data_Model_set"/>
    <testcase name="model is dirty during change event" time="0.001" classname="Chrome 32.0.1700 (Mac OS X 10.9.1).kendo_data_Model_set"/>
    <testcase name="model is not dirty if the same string value is set" time="0" classname="Chrome 32.0.1700 (Mac OS X 10.9.1).kendo_data_Model_set"/>
    <testcase name="model is not dirty if the same numeric value is set" time="0.001" classname="Chrome 32.0.1700 (Mac OS X 10.9.1).kendo_data_Model_set"/>
    <testcase name="model is not dirty if the same date value is set" time="0" classname="Chrome 32.0.1700 (Mac OS X 10.9.1).kendo_data_Model_set"/>
    <testcase name="model is not dirty if the same object value is set" time="0.001" classname="Chrome 32.0.1700 (Mac OS X 10.9.1).kendo_data_Model_set"/>
    <testcase name="change is raised if the model is modifed after set" time="0" classname="Chrome 32.0.1700 (Mac OS X 10.9.1).kendo_data_Model_set"/>
    <testcase name="change is not raised if the model is not modifed after set" time="0.001" classname="Chrome 32.0.1700 (Mac OS X 10.9.1).kendo_data_Model_set"/>
    <testcase name="set parse value to defined type" time="0" classname="Chrome 32.0.1700 (Mac OS X 10.9.1).kendo_data_Model_set"/>
    <testcase name="setting number when no type defined" time="0.001" classname="Chrome 32.0.1700 (Mac OS X 10.9.1).kendo_data_Model_set"/>
    <testcase name="setting boolean as string is converted" time="0.001" classname="Chrome 32.0.1700 (Mac OS X 10.9.1).kendo_data_Model_set"/>
    <testcase name="setting boolean as false string is converted" time="0" classname="Chrome 32.0.1700 (Mac OS X 10.9.1).kendo_data_Model_set"/>
    <testcase name="setting  boolean as number is converted" time="0.001" classname="Chrome 32.0.1700 (Mac OS X 10.9.1).kendo_data_Model_set"/>
    <testcase name="setting  boolean as null returns null" time="0" classname="Chrome 32.0.1700 (Mac OS X 10.9.1).kendo_data_Model_set"/>
    <testcase name="setting boolean as invalid string value is converted to false" time="0.001" classname="Chrome 32.0.1700 (Mac OS X 10.9.1).kendo_data_Model_set"/>
    <testcase name="setting number as string is converted to string" time="0" classname="Chrome 32.0.1700 (Mac OS X 10.9.1).kendo_data_Model_set"/>
    <testcase name="set float number as string is parsed as float" time="0" classname="Chrome 32.0.1700 (Mac OS X 10.9.1).kendo_data_Model_set"/>
    <testcase name="set ignores type case" time="0.001" classname="Chrome 32.0.1700 (Mac OS X 10.9.1).kendo_data_Model_set"/>
    <testcase name="set when no converter for the type" time="0" classname="Chrome 32.0.1700 (Mac OS X 10.9.1).kendo_data_Model_set"/>
    <testcase name="set date as string is parsed" time="0.001" classname="Chrome 32.0.1700 (Mac OS X 10.9.1).kendo_data_Model_set"/>
    <testcase name="set with custom parse" time="0" classname="Chrome 32.0.1700 (Mac OS X 10.9.1).kendo_data_Model_set"/>
    <testcase name="set with custom parse without type set" time="0.001" classname="Chrome 32.0.1700 (Mac OS X 10.9.1).kendo_data_Model_set"/>
    <testcase name="set date as .net date literal" time="0" classname="Chrome 32.0.1700 (Mac OS X 10.9.1).kendo_data_Model_set"/>
    <testcase name="setting value of field marked as editable=false is ignored" time="0.001" classname="Chrome 32.0.1700 (Mac OS X 10.9.1).kendo_data_Model_set"/>
    <testcase name="editable returns false for field marked as editable=false" time="0.003" classname="Chrome 32.0.1700 (Mac OS X 10.9.1).kendo_data_Model_set"/>
    <testcase name="editable returns true when no fields definition" time="0.001" classname="Chrome 32.0.1700 (Mac OS X 10.9.1).kendo_data_Model_set"/>
    <testcase name="changes returns false if value is same as default value" time="0" classname="Chrome 32.0.1700 (Mac OS X 10.9.1).kendo_data_Model_set"/>
    <testcase name="setting a field raises set event" time="0" classname="Chrome 32.0.1700 (Mac OS X 10.9.1).kendo_data_Model_set"/>
    <testcase name="setting number to string field returns its string representation" time="0" classname="Chrome 32.0.1700 (Mac OS X 10.9.1).kendo_data_Model_set"/>
    <testcase name="setting null to string field returns null" time="0" classname="Chrome 32.0.1700 (Mac OS X 10.9.1).kendo_data_Model_set"/>
    <testcase name="MultiSelect opens the popup element" time="0.018" classname="Chrome 32.0.1700 (Mac OS X 10.9.1).kendo_ui_MultiSelect API"/>
    <testcase name="MultiSelect calls refresh method on open if no items" time="0.014" classname="Chrome 32.0.1700 (Mac OS X 10.9.1).kendo_ui_MultiSelect API"/>
    <testcase name="MultiSelect do not call popup.open method if no visible items" time="0.008" classname="Chrome 32.0.1700 (Mac OS X 10.9.1).kendo_ui_MultiSelect API"/>
    <testcase name="MultiSelect does not rebind on open if no filtration" time="0.032" classname="Chrome 32.0.1700 (Mac OS X 10.9.1).kendo_ui_MultiSelect API"/>
    <testcase name="MultiSelect closes the popup element" time="0.021" classname="Chrome 32.0.1700 (Mac OS X 10.9.1).kendo_ui_MultiSelect API"/>
    <testcase name="MultiSelect creates tags for its values" time="0.032" classname="Chrome 32.0.1700 (Mac OS X 10.9.1).kendo_ui_MultiSelect API"/>
    <testcase name="MultiSelect value method clears previously selected item" time="0.059" classname="Chrome 32.0.1700 (Mac OS X 10.9.1).kendo_ui_MultiSelect API"/>
    <testcase name="MultiSelect supports multiple values" time="0.043" classname="Chrome 32.0.1700 (Mac OS X 10.9.1).kendo_ui_MultiSelect API"/>
    <testcase name="MultiSelect supports ObservableArray value" time="0.033" classname="Chrome 32.0.1700 (Mac OS X 10.9.1).kendo_ui_MultiSelect API"/>
    <testcase name="MultiSelect hides corresponding LI elements when set value" time="0.043" classname="Chrome 32.0.1700 (Mac OS X 10.9.1).kendo_ui_MultiSelect API"/>
    <testcase name="MultiSelect returns array with selected values" time="0.054" classname="Chrome 32.0.1700 (Mac OS X 10.9.1).kendo_ui_MultiSelect API"/>
    <testcase name="MultiSelect value with null parameter clears selected items" time="0.085" classname="Chrome 32.0.1700 (Mac OS X 10.9.1).kendo_ui_MultiSelect API"/>
    <testcase name="MultiSelect returns empty array if no value" time="0.021" classname="Chrome 32.0.1700 (Mac OS X 10.9.1).kendo_ui_MultiSelect API"/>
    <testcase name="MultiSelect opens popup" time="0.095" classname="Chrome 32.0.1700 (Mac OS X 10.9.1).kendo_ui_MultiSelect API"/>
    <testcase name="MultiSelect rebinds list on open" time="0.2" classname="Chrome 32.0.1700 (Mac OS X 10.9.1).kendo_ui_MultiSelect API"/>
    <testcase name="MultiSelect does not open list if there are no visible items" time="0.037" classname="Chrome 32.0.1700 (Mac OS X 10.9.1).kendo_ui_MultiSelect API"/>
    <testcase name="MultiSelect closes popup" time="0.105" classname="Chrome 32.0.1700 (Mac OS X 10.9.1).kendo_ui_MultiSelect API"/>
    <testcase name="MultiSelect disables widget" time="0.032" classname="Chrome 32.0.1700 (Mac OS X 10.9.1).kendo_ui_MultiSelect API"/>
    <testcase name="MultiSelect enables widget" time="0.077" classname="Chrome 32.0.1700 (Mac OS X 10.9.1).kendo_ui_MultiSelect API"/>
    <testcase name="MultiSelect returns list of selected dataItems" time="0.037" classname="Chrome 32.0.1700 (Mac OS X 10.9.1).kendo_ui_MultiSelect API"/>
    <testcase name="MultiSelect fetches item if autoBind is set to false when value is set" time="0.034" classname="Chrome 32.0.1700 (Mac OS X 10.9.1).kendo_ui_MultiSelect API"/>
    <testcase name="MultiSelect does not allow selection more than maxSelectedItems" time="0.033" classname="Chrome 32.0.1700 (Mac OS X 10.9.1).kendo_ui_MultiSelect API"/>
    <testcase name="MultiSelect does not open popup if values &gt;= maxSelectedItems" time="0.05" classname="Chrome 32.0.1700 (Mac OS X 10.9.1).kendo_ui_MultiSelect API"/>
    <testcase name="readonly method makes input element readonly" time="0.012" classname="Chrome 32.0.1700 (Mac OS X 10.9.1).kendo_ui_MultiSelect API"/>
    <testcase name="readonly method unbinds input click" time="0.011" classname="Chrome 32.0.1700 (Mac OS X 10.9.1).kendo_ui_MultiSelect API"/>
    <testcase name="readonly(false) removes readonly attribute" time="0.011" classname="Chrome 32.0.1700 (Mac OS X 10.9.1).kendo_ui_MultiSelect API"/>
    <testcase name="readonly() removes disabled attribute and disabled class" time="0.01" classname="Chrome 32.0.1700 (Mac OS X 10.9.1).kendo_ui_MultiSelect API"/>
    <testcase name="enable(false) removes readonly attribute and default class" time="0.01" classname="Chrome 32.0.1700 (Mac OS X 10.9.1).kendo_ui_MultiSelect API"/>
    <testcase name="enable() enables widget after readonly()" time="0.01" classname="Chrome 32.0.1700 (Mac OS X 10.9.1).kendo_ui_MultiSelect API"/>
    <testcase name="MultiSelect does not pass placeholder on search" time="0.016" classname="Chrome 32.0.1700 (Mac OS X 10.9.1).kendo_ui_MultiSelect API"/>
    <testcase name="MultiSelect does not request data if set empty array as value" time="0.011" classname="Chrome 32.0.1700 (Mac OS X 10.9.1).kendo_ui_MultiSelect API"/>
    <testcase name="MultiSelect toggles popup element" time="0.094" classname="Chrome 32.0.1700 (Mac OS X 10.9.1).kendo_ui_MultiSelect API"/>
    <testcase name="MultiSelect adds role to the input" time="0.01" classname="Chrome 32.0.1700 (Mac OS X 10.9.1).kendo_ui_MultiSelect ARIA"/>
    <testcase name="MultiSelect adds aria-owns" time="0.011" classname="Chrome 32.0.1700 (Mac OS X 10.9.1).kendo_ui_MultiSelect ARIA"/>
    <testcase name="MultiSelect adds aria-disabled=&apos;true&apos;" time="0.01" classname="Chrome 32.0.1700 (Mac OS X 10.9.1).kendo_ui_MultiSelect ARIA"/>
    <testcase name="MultiSelect adds aria-disabled=&apos;false&apos;" time="0.01" classname="Chrome 32.0.1700 (Mac OS X 10.9.1).kendo_ui_MultiSelect ARIA"/>
    <testcase name="MultiSelect adds aria-expanded=&apos;false&apos;" time="0.01" classname="Chrome 32.0.1700 (Mac OS X 10.9.1).kendo_ui_MultiSelect ARIA"/>
    <testcase name="MultiSelect adds aria-expanded=&apos;true&apos;" time="0.093" classname="Chrome 32.0.1700 (Mac OS X 10.9.1).kendo_ui_MultiSelect ARIA"/>
    <testcase name="MultiSelect sets aria-expanded to false on close" time="0.103" classname="Chrome 32.0.1700 (Mac OS X 10.9.1).kendo_ui_MultiSelect ARIA"/>
    <testcase name="MultiSelect adds aria-hidden to the popup element" time="0.097" classname="Chrome 32.0.1700 (Mac OS X 10.9.1).kendo_ui_MultiSelect ARIA"/>
    <testcase name="MultiSelect adds aria-live=polite if filter is set" time="0.021" classname="Chrome 32.0.1700 (Mac OS X 10.9.1).kendo_ui_MultiSelect ARIA"/>
    <testcase name="MultiSelect adds aria-busy=true when loader is shown" time="0.186" classname="Chrome 32.0.1700 (Mac OS X 10.9.1).kendo_ui_MultiSelect ARIA"/>
    <testcase name="MultiSelect adds aria-busy=false when loader is hidden" time="0.023" classname="Chrome 32.0.1700 (Mac OS X 10.9.1).kendo_ui_MultiSelect ARIA"/>
    <testcase name="MultiSelect sets activedescendant on refresh" time="0.022" classname="Chrome 32.0.1700 (Mac OS X 10.9.1).kendo_ui_MultiSelect ARIA"/>
    <testcase name="MultiSelect makes first item active on open" time="0.105" classname="Chrome 32.0.1700 (Mac OS X 10.9.1).kendo_ui_MultiSelect ARIA"/>
    <testcase name="MultiSelect remove aria-activedescendant on close" time="0.11" classname="Chrome 32.0.1700 (Mac OS X 10.9.1).kendo_ui_MultiSelect ARIA"/>
    <testcase name="MultiSelect sets aria-activedescendant attr to the last li of tagList" time="0.034" classname="Chrome 32.0.1700 (Mac OS X 10.9.1).kendo_ui_MultiSelect ARIA"/>
    <testcase name="MultiSelect triggers open event" time="0.111" classname="Chrome 32.0.1700 (Mac OS X 10.9.1).kendo_ui_MultiSelect Events"/>
    <testcase name="MultiSelect triggers close event" time="0.12" classname="Chrome 32.0.1700 (Mac OS X 10.9.1).kendo_ui_MultiSelect Events"/>
    <testcase name="MultiSelect triggers dataBound event on refresh" time="0.021" classname="Chrome 32.0.1700 (Mac OS X 10.9.1).kendo_ui_MultiSelect Events"/>
    <testcase name="MultiSelect raises change event on click" time="0.131" classname="Chrome 32.0.1700 (Mac OS X 10.9.1).kendo_ui_MultiSelect Events"/>
    <testcase name="MultiSelect raises change event on enter" time="0.15" classname="Chrome 32.0.1700 (Mac OS X 10.9.1).kendo_ui_MultiSelect Events"/>
    <testcase name="MultiSelect raises change event delete" time="0.061" classname="Chrome 32.0.1700 (Mac OS X 10.9.1).kendo_ui_MultiSelect Events"/>
    <testcase name="MultiSelect raises change event on delete button" time="0.062" classname="Chrome 32.0.1700 (Mac OS X 10.9.1).kendo_ui_MultiSelect Events"/>
    <testcase name="MultiSelect raises select event" time="0.155" classname="Chrome 32.0.1700 (Mac OS X 10.9.1).kendo_ui_MultiSelect Events"/>
    <testcase name="MultiSelect raises select event on ENTER" time="0.141" classname="Chrome 32.0.1700 (Mac OS X 10.9.1).kendo_ui_MultiSelect Events"/>
    <testcase name="MultiSelect does not raise change event when set value using value method" time="0.044" classname="Chrome 32.0.1700 (Mac OS X 10.9.1).kendo_ui_MultiSelect Events"/>
    <testcase name="MultiSelect filters items on keydown" time="0.182" classname="Chrome 32.0.1700 (Mac OS X 10.9.1).kendo_ui_MultiSelect filtering"/>
    <testcase name="MultiSelect filters data on rebind depending on the selected items" time="0.178" classname="Chrome 32.0.1700 (Mac OS X 10.9.1).kendo_ui_MultiSelect filtering"/>
    <testcase name="MultiSelect filters data using selected items too" time="0.165" classname="Chrome 32.0.1700 (Mac OS X 10.9.1).kendo_ui_MultiSelect filtering"/>
    <testcase name="MultiSelect filters data and hides already clicked items" time="0.157" classname="Chrome 32.0.1700 (Mac OS X 10.9.1).kendo_ui_MultiSelect filtering"/>
    <testcase name="MultiSelect hides popup if no data" time="0.021" classname="Chrome 32.0.1700 (Mac OS X 10.9.1).kendo_ui_MultiSelect filtering"/>
    <testcase name="MultiSelect do not show initial values on rebind" time="0.213" classname="Chrome 32.0.1700 (Mac OS X 10.9.1).kendo_ui_MultiSelect filtering"/>
    <testcase name="MultiSelect wraps input element" time="0.011" classname="Chrome 32.0.1700 (Mac OS X 10.9.1).kendo_ui_MultiSelect Initialization"/>
    <testcase name="MultiSelect copies className of the element to the wrapper" time="0.01" classname="Chrome 32.0.1700 (Mac OS X 10.9.1).kendo_ui_MultiSelect Initialization"/>
    <testcase name="MultiSelect shows wrapper even if element is hidden" time="0.011" classname="Chrome 32.0.1700 (Mac OS X 10.9.1).kendo_ui_MultiSelect Initialization"/>
    <testcase name="MultiSelect creates ul" time="0.01" classname="Chrome 32.0.1700 (Mac OS X 10.9.1).kendo_ui_MultiSelect Initialization"/>
    <testcase name="MultiSelect wraps tagList and clears float" time="0.011" classname="Chrome 32.0.1700 (Mac OS X 10.9.1).kendo_ui_MultiSelect Initialization"/>
    <testcase name="MultiSelect appends ul to the wrapper" time="0.01" classname="Chrome 32.0.1700 (Mac OS X 10.9.1).kendo_ui_MultiSelect Initialization"/>
    <testcase name="MultiSelect creates input element" time="0.011" classname="Chrome 32.0.1700 (Mac OS X 10.9.1).kendo_ui_MultiSelect Initialization"/>
    <testcase name="MultiSelect appends input to the wrapper" time="0.011" classname="Chrome 32.0.1700 (Mac OS X 10.9.1).kendo_ui_MultiSelect Initialization"/>
    <testcase name="MultiSelect builds templates" time="0.011" classname="Chrome 32.0.1700 (Mac OS X 10.9.1).kendo_ui_MultiSelect Initialization"/>
    <testcase name="MultiSelect renders header template" time="0.011" classname="Chrome 32.0.1700 (Mac OS X 10.9.1).kendo_ui_MultiSelect Initialization"/>
    <testcase name="MultiSelect creates DataSource" time="0.011" classname="Chrome 32.0.1700 (Mac OS X 10.9.1).kendo_ui_MultiSelect Initialization"/>
    <testcase name="MultiSelect binds DataSource if autoBind: true" time="0.022" classname="Chrome 32.0.1700 (Mac OS X 10.9.1).kendo_ui_MultiSelect Initialization"/>
    <testcase name="MultiSelect creates popup" time="0.011" classname="Chrome 32.0.1700 (Mac OS X 10.9.1).kendo_ui_MultiSelect Initialization"/>
    <testcase name="MultiSelect initializes an UL for its items" time="0.01" classname="Chrome 32.0.1700 (Mac OS X 10.9.1).kendo_ui_MultiSelect Initialization"/>
    <testcase name="MultiSelect calls value method on init" time="0.033" classname="Chrome 32.0.1700 (Mac OS X 10.9.1).kendo_ui_MultiSelect Initialization"/>
    <testcase name="MultiSelect creates _searchText" time="0.023" classname="Chrome 32.0.1700 (Mac OS X 10.9.1).kendo_ui_MultiSelect Initialization"/>
    <testcase name="multiselect does not set width if list has style.width" time="0.103" classname="Chrome 32.0.1700 (Mac OS X 10.9.1).kendo_ui_MultiSelect Initialization"/>
    <testcase name="MultiSelect sets static height to the list" time="0.033" classname="Chrome 32.0.1700 (Mac OS X 10.9.1).kendo_ui_MultiSelect Initialization"/>
    <testcase name="MultiSelect shrinks ul if the height of the items is more then options.height" time="0.039" classname="Chrome 32.0.1700 (Mac OS X 10.9.1).kendo_ui_MultiSelect Initialization"/>
    <testcase name="MultiSelect uses select.value on init" time="0.033" classname="Chrome 32.0.1700 (Mac OS X 10.9.1).kendo_ui_MultiSelect Initialization"/>
    <testcase name="MultiSelect creates loading element" time="0.023" classname="Chrome 32.0.1700 (Mac OS X 10.9.1).kendo_ui_MultiSelect Initialization"/>
    <testcase name="MultiSelect creates loading element" time="0.023" classname="Chrome 32.0.1700 (Mac OS X 10.9.1).kendo_ui_MultiSelect Initialization"/>
    <testcase name="MultiSelect disables widget on init" time="0.022" classname="Chrome 32.0.1700 (Mac OS X 10.9.1).kendo_ui_MultiSelect Initialization"/>
    <testcase name="MultiSelect  disables on init" time="0.011" classname="Chrome 32.0.1700 (Mac OS X 10.9.1).kendo_ui_MultiSelect Initialization"/>
    <testcase name="MultiSelect shows loading icon on progress" time="0.238" classname="Chrome 32.0.1700 (Mac OS X 10.9.1).kendo_ui_MultiSelect Initialization"/>
    <testcase name="MultiSelect hides loading icon on dataSource change" time="0.249" classname="Chrome 32.0.1700 (Mac OS X 10.9.1).kendo_ui_MultiSelect Initialization"/>
    <testcase name="form reset support" time="0.184" classname="Chrome 32.0.1700 (Mac OS X 10.9.1).kendo_ui_MultiSelect Initialization"/>
    <testcase name="reset support for form defined by attribute" time="0.265" classname="Chrome 32.0.1700 (Mac OS X 10.9.1).kendo_ui_MultiSelect Initialization"/>
    <testcase name="persist tabIndex of the original element" time="0.006" classname="Chrome 32.0.1700 (Mac OS X 10.9.1).kendo_ui_MultiSelect Initialization"/>
    <testcase name="do not highlight first on open" time="0.106" classname="Chrome 32.0.1700 (Mac OS X 10.9.1).kendo_ui_MultiSelect Initialization"/>
    <testcase name="do not highlight first item on refresh" time="0.12" classname="Chrome 32.0.1700 (Mac OS X 10.9.1).kendo_ui_MultiSelect Initialization"/>
    <testcase name="Copy accesskey to the visible input" time="0.024" classname="Chrome 32.0.1700 (Mac OS X 10.9.1).kendo_ui_MultiSelect Initialization"/>
    <testcase name="Scales correctly input element when init in hidden element" time="0.007" classname="Chrome 32.0.1700 (Mac OS X 10.9.1).kendo_ui_MultiSelect Initialization"/>
    <testcase name="MultiSelect honors readonly attribute" time="0.012" classname="Chrome 32.0.1700 (Mac OS X 10.9.1).kendo_ui_MultiSelect Initialization"/>
    <testcase name="MultiSelect uses disabled attr over the readonly" time="0.012" classname="Chrome 32.0.1700 (Mac OS X 10.9.1).kendo_ui_MultiSelect Initialization"/>
    <testcase name="MultiSelect binds to simple data passed to value option if autoBind is false" time="0.085" classname="Chrome 32.0.1700 (Mac OS X 10.9.1).kendo_ui_MultiSelect Initialization"/>
    <testcase name="MultiSelect binds to complex data passed to value option if autoBind is false" time="0.085" classname="Chrome 32.0.1700 (Mac OS X 10.9.1).kendo_ui_MultiSelect Initialization"/>
    <testcase name="MultiSelect binds to complex object passed to value option if autoBind is false" time="0.048" classname="Chrome 32.0.1700 (Mac OS X 10.9.1).kendo_ui_MultiSelect Initialization"/>
    <testcase name="MultiSelect selects value even when values contains complex objects" time="0.038" classname="Chrome 32.0.1700 (Mac OS X 10.9.1).kendo_ui_MultiSelect Initialization"/>
    <testcase name="MultiSelect does nothing if autoBind:false and simple strings is set as value" time="0.014" classname="Chrome 32.0.1700 (Mac OS X 10.9.1).kendo_ui_MultiSelect Initialization"/>
    <testcase name="MultiSelect opens popup on input click" time="0.17" classname="Chrome 32.0.1700 (Mac OS X 10.9.1).kendo_ui_MultiSelect interaction"/>
    <testcase name="MultiSelect focuses input on click" time="0.052" classname="Chrome 32.0.1700 (Mac OS X 10.9.1).kendo_ui_MultiSelect interaction"/>
    <testcase name="MultiSelect opens popup on tag click" time="0.062" classname="Chrome 32.0.1700 (Mac OS X 10.9.1).kendo_ui_MultiSelect interaction"/>
    <testcase name="MultiSelect do not open on tag delete" time="0.049" classname="Chrome 32.0.1700 (Mac OS X 10.9.1).kendo_ui_MultiSelect interaction"/>
    <testcase name="MultiSelect do not focus on delete" time="0.059" classname="Chrome 32.0.1700 (Mac OS X 10.9.1).kendo_ui_MultiSelect interaction"/>
    <testcase name="MultiSelect selects item on click" time="0.15" classname="Chrome 32.0.1700 (Mac OS X 10.9.1).kendo_ui_MultiSelect interaction"/>
    <testcase name="MultiSelect hides selected item" time="0.131" classname="Chrome 32.0.1700 (Mac OS X 10.9.1).kendo_ui_MultiSelect interaction"/>
    <testcase name="MultiSelect hides popup on click" time="0.135" classname="Chrome 32.0.1700 (Mac OS X 10.9.1).kendo_ui_MultiSelect interaction"/>
    <testcase name="MultiSelect deletes tag on delete button click" time="0.162" classname="Chrome 32.0.1700 (Mac OS X 10.9.1).kendo_ui_MultiSelect interaction"/>
    <testcase name="MultiSelect shows clicked item on delete" time="0.205" classname="Chrome 32.0.1700 (Mac OS X 10.9.1).kendo_ui_MultiSelect interaction"/>
    <testcase name="MultiSelect selects corresponding option" time="0.132" classname="Chrome 32.0.1700 (Mac OS X 10.9.1).kendo_ui_MultiSelect selection"/>
    <testcase name="MultiSelect unselects option" time="0.147" classname="Chrome 32.0.1700 (Mac OS X 10.9.1).kendo_ui_MultiSelect selection"/>
    <testcase name="MultiSelect persists selected data items" time="0.144" classname="Chrome 32.0.1700 (Mac OS X 10.9.1).kendo_ui_MultiSelect selection"/>
    <testcase name="MultiSelect removes corresponding data item" time="0.162" classname="Chrome 32.0.1700 (Mac OS X 10.9.1).kendo_ui_MultiSelect selection"/>
    <testcase name="MultiSelect clears input on selection" time="0.154" classname="Chrome 32.0.1700 (Mac OS X 10.9.1).kendo_ui_MultiSelect selection"/>
    <testcase name="MultiSelect clears input on blur" time="0.012" classname="Chrome 32.0.1700 (Mac OS X 10.9.1).kendo_ui_MultiSelect selection"/>
    <testcase name="MultiSelect shows all available items if input is clear" time="0.017" classname="Chrome 32.0.1700 (Mac OS X 10.9.1).kendo_ui_MultiSelect selection"/>
    <testcase name="MultiSelect focuses input on click" time="0.03" classname="Chrome 32.0.1700 (Mac OS X 10.9.1).kendo_ui_MultiSelect selection"/>
    <testcase name="MultiSelect focuses input on click" time="0.217" classname="Chrome 32.0.1700 (Mac OS X 10.9.1).kendo_ui_MultiSelect selection"/>
    <testcase name="MultiSelect selects all selected options after filtering" time="0.255" classname="Chrome 32.0.1700 (Mac OS X 10.9.1).kendo_ui_MultiSelect selection"/>
    <testcase name="MultiSelect highlights first item on refresh" time="0.114" classname="Chrome 32.0.1700 (Mac OS X 10.9.1).kendo_ui_MultiSelect selection"/>
    <testcase name="MultiSelect unselects custom option" time="0.083" classname="Chrome 32.0.1700 (Mac OS X 10.9.1).kendo_ui_MultiSelect selection"/>
    <testcase name="MultiSelect closes popup on blur" time="0.033" classname="Chrome 32.0.1700 (Mac OS X 10.9.1).kendo_ui_MultiSelect selection"/>
    <testcase name="MultiSelect sets height on select" time="0.01" classname="Chrome 32.0.1700 (Mac OS X 10.9.1).kendo_ui_MultiSelect selection"/>
    <testcase name="MultiSelect sets height on unselect" time="0.01" classname="Chrome 32.0.1700 (Mac OS X 10.9.1).kendo_ui_MultiSelect selection"/>
    <testcase name="MultiSelect honours minLength on click" time="0.029" classname="Chrome 32.0.1700 (Mac OS X 10.9.1).kendo_ui_MultiSelect selection"/>
    <testcase name="MultiSelect triggers blur event of the hidden element" time="0.014" classname="Chrome 32.0.1700 (Mac OS X 10.9.1).kendo_ui_MultiSelect selection"/>
    <testcase name="MultiSelect calls dataSource fetch if autoBind:false" time="0.015" classname="Chrome 32.0.1700 (Mac OS X 10.9.1).kendo_ui_MultiSelect selection"/>
    <testcase name="MultiSelect does not prevent default when click input" time="0.038" classname="Chrome 32.0.1700 (Mac OS X 10.9.1).kendo_ui_MultiSelect selection"/>
    <testcase name="initializes a multiselect when data role is multiselect" time="0.006" classname="Chrome 32.0.1700 (Mac OS X 10.9.1).multiselect MVVM"/>
    <testcase name="initializes options from data attributes" time="0.005" classname="Chrome 32.0.1700 (Mac OS X 10.9.1).multiselect MVVM"/>
    <testcase name="initalizes data source" time="0.007" classname="Chrome 32.0.1700 (Mac OS X 10.9.1).multiselect MVVM"/>
    <testcase name="initalizes value from view model" time="0.007" classname="Chrome 32.0.1700 (Mac OS X 10.9.1).multiselect MVVM"/>
    <testcase name="initalizes complex value from view model" time="0.007" classname="Chrome 32.0.1700 (Mac OS X 10.9.1).multiselect MVVM"/>
    <testcase name="binding multi select value to multiple objects" time="0.008" classname="Chrome 32.0.1700 (Mac OS X 10.9.1).multiselect MVVM"/>
    <testcase name="binding multi select value to observable object" time="0.007" classname="Chrome 32.0.1700 (Mac OS X 10.9.1).multiselect MVVM"/>
    <testcase name="changing a value updates ObservableArray property" time="0.008" classname="Chrome 32.0.1700 (Mac OS X 10.9.1).multiselect MVVM"/>
    <testcase name="uses data value field if data-value-primitive is set to true" time="0.008" classname="Chrome 32.0.1700 (Mac OS X 10.9.1).multiselect MVVM"/>
    <testcase name="changing persist ObservableArray instance" time="0.008" classname="Chrome 32.0.1700 (Mac OS X 10.9.1).multiselect MVVM"/>
    <testcase name="selecting initial value marks model as dirty" time="0.008" classname="Chrome 32.0.1700 (Mac OS X 10.9.1).multiselect MVVM"/>
    <testcase name="remove marks model as dirty" time="0.014" classname="Chrome 32.0.1700 (Mac OS X 10.9.1).multiselect MVVM"/>
    <testcase name="remove last item triggers change once" time="0.009" classname="Chrome 32.0.1700 (Mac OS X 10.9.1).multiselect MVVM"/>
    <testcase name="remove one item triggers change once" time="0.011" classname="Chrome 32.0.1700 (Mac OS X 10.9.1).multiselect MVVM"/>
    <testcase name="changing a value updates ObservableArray property when multiselect is filtered" time="0.019" classname="Chrome 32.0.1700 (Mac OS X 10.9.1).multiselect MVVM"/>
    <testcase name="changing a value does not re-set widget if value binding points to a nested property" time="0.018" classname="Chrome 32.0.1700 (Mac OS X 10.9.1).multiselect MVVM"/>
    <testcase name="clearing value of the widget sets model property to empty array" time="0.008" classname="Chrome 32.0.1700 (Mac OS X 10.9.1).multiselect MVVM"/>
    <testcase name="clearing value of the widget sets value property to empty array" time="0.009" classname="Chrome 32.0.1700 (Mac OS X 10.9.1).multiselect MVVM"/>
    <testcase name="binding multiselect initialized before binding" time="0.007" classname="Chrome 32.0.1700 (Mac OS X 10.9.1).multiselect MVVM"/>
    <testcase name="binding multiselect initialized after binding" time="0.013" classname="Chrome 32.0.1700 (Mac OS X 10.9.1).multiselect MVVM"/>
    <testcase name="binding template" time="0.006" classname="Chrome 32.0.1700 (Mac OS X 10.9.1).multiselect MVVM"/>
    <testcase name="binding template containing binding attributes" time="0.007" classname="Chrome 32.0.1700 (Mac OS X 10.9.1).multiselect MVVM"/>
    <testcase name="updating an item from the data source updates the corresponding multiselect item" time="0.008" classname="Chrome 32.0.1700 (Mac OS X 10.9.1).multiselect MVVM"/>
    <testcase name="destroying binding targets when the datasource changes" time="0.007" classname="Chrome 32.0.1700 (Mac OS X 10.9.1).multiselect MVVM"/>
    <testcase name="removing items from the model updates the UI" time="0.01" classname="Chrome 32.0.1700 (Mac OS X 10.9.1).multiselect MVVM"/>
    <testcase name="binding are removed if element is rebind" time="0.009" classname="Chrome 32.0.1700 (Mac OS X 10.9.1).multiselect MVVM"/>
    <testcase name="expressions are destroyed" time="0.008" classname="Chrome 32.0.1700 (Mac OS X 10.9.1).multiselect MVVM"/>
    <testcase name="destroys detaches the events to widget" time="0.006" classname="Chrome 32.0.1700 (Mac OS X 10.9.1).multiselect MVVM"/>
    <testcase name="dataBound event is raised if attached as option" time="0.006" classname="Chrome 32.0.1700 (Mac OS X 10.9.1).multiselect MVVM"/>
    <testcase name="dataBound event is raised if attached as option to a already initialized multiselect" time="0.006" classname="Chrome 32.0.1700 (Mac OS X 10.9.1).multiselect MVVM"/>
    <testcase name="binding enabled to false disables the widget" time="0.006" classname="Chrome 32.0.1700 (Mac OS X 10.9.1).multiselect MVVM"/>
    <testcase name="binding enabled to true enables the widget" time="0.005" classname="Chrome 32.0.1700 (Mac OS X 10.9.1).multiselect MVVM"/>
    <testcase name="binding disable to true disables the widget" time="0.005" classname="Chrome 32.0.1700 (Mac OS X 10.9.1).multiselect MVVM"/>
    <testcase name="binding disabled to false enables the widget" time="0.005" classname="Chrome 32.0.1700 (Mac OS X 10.9.1).multiselect MVVM"/>
    <testcase name="binding invisible to true hides the widget" time="0.005" classname="Chrome 32.0.1700 (Mac OS X 10.9.1).multiselect MVVM"/>
    <testcase name="binding invisible to false shows the widget" time="0.005" classname="Chrome 32.0.1700 (Mac OS X 10.9.1).multiselect MVVM"/>
    <testcase name="changing invisible to true hides the widget" time="0.005" classname="Chrome 32.0.1700 (Mac OS X 10.9.1).multiselect MVVM"/>
    <testcase name="changing invisible to false shows the widget" time="0.005" classname="Chrome 32.0.1700 (Mac OS X 10.9.1).multiselect MVVM"/>
    <testcase name="binding enabled to false disables the widget" time="0.005" classname="Chrome 32.0.1700 (Mac OS X 10.9.1).multiselect MVVM"/>
    <testcase name="binding visible to false hides the widget" time="0.005" classname="Chrome 32.0.1700 (Mac OS X 10.9.1).multiselect MVVM"/>
    <testcase name="binding visible to true shows the widget" time="0.01" classname="Chrome 32.0.1700 (Mac OS X 10.9.1).multiselect MVVM"/>
    <testcase name="changing visible to false hides the widget" time="0.005" classname="Chrome 32.0.1700 (Mac OS X 10.9.1).multiselect MVVM"/>
    <testcase name="changing visible to true shows the widget" time="0.004" classname="Chrome 32.0.1700 (Mac OS X 10.9.1).multiselect MVVM"/>
    <testcase name="assign to DataSource as ViewModel field" time="0.007" classname="Chrome 32.0.1700 (Mac OS X 10.9.1).multiselect MVVM"/>
    <testcase name="Support for binding to ObservableArray of not ObservableObjects" time="0.008" classname="Chrome 32.0.1700 (Mac OS X 10.9.1).multiselect MVVM"/>
    <testcase name="Adding item to empty observable array raises change with add action" time="0.008" classname="Chrome 32.0.1700 (Mac OS X 10.9.1).multiselect MVVM"/>
    <testcase name="Adding item to non-empty observable array raises change event with add action (value primitive)" time="0.01" classname="Chrome 32.0.1700 (Mac OS X 10.9.1).multiselect MVVM"/>
    <testcase name="Remove item raises change with remove action (value primitive)" time="0.013" classname="Chrome 32.0.1700 (Mac OS X 10.9.1).multiselect MVVM"/>
    <testcase name="Remove first item raises change with correct index" time="0.011" classname="Chrome 32.0.1700 (Mac OS X 10.9.1).multiselect MVVM"/>
    <testcase name="MultiSelect expands input element on keydown" time="0.032" classname="Chrome 32.0.1700 (Mac OS X 10.9.1).kendo_ui_MultiSelect navigation"/>
    <testcase name="MultiSelect fits input inside of the wrapper" time="0.029" classname="Chrome 32.0.1700 (Mac OS X 10.9.1).kendo_ui_MultiSelect navigation"/>
    <testcase name="MultiSelect opens popup on keydown" time="0.014" classname="Chrome 32.0.1700 (Mac OS X 10.9.1).kendo_ui_MultiSelect navigation"/>
    <testcase name="MultiSelect highlights first LI" time="0.013" classname="Chrome 32.0.1700 (Mac OS X 10.9.1).kendo_ui_MultiSelect navigation"/>
    <testcase name="MultiSelect highlights next LI" time="0.013" classname="Chrome 32.0.1700 (Mac OS X 10.9.1).kendo_ui_MultiSelect navigation"/>
    <testcase name="MultiSelect does nothing if LI is last" time="0.013" classname="Chrome 32.0.1700 (Mac OS X 10.9.1).kendo_ui_MultiSelect navigation"/>
    <testcase name="MultiSelect does not open popup if no visible items" time="0.009" classname="Chrome 32.0.1700 (Mac OS X 10.9.1).kendo_ui_MultiSelect navigation"/>
    <testcase name="MultiSelect highlights prev LI" time="0.105" classname="Chrome 32.0.1700 (Mac OS X 10.9.1).kendo_ui_MultiSelect navigation"/>
    <testcase name="MultiSelect closes popup if no previous LI" time="0.114" classname="Chrome 32.0.1700 (Mac OS X 10.9.1).kendo_ui_MultiSelect navigation"/>
    <testcase name="MultiSelect clears current highlighted on close" time="0.101" classname="Chrome 32.0.1700 (Mac OS X 10.9.1).kendo_ui_MultiSelect navigation"/>
    <testcase name="MultiSelect selects current highlighted on ENTER" time="0.112" classname="Chrome 32.0.1700 (Mac OS X 10.9.1).kendo_ui_MultiSelect navigation"/>
    <testcase name="MultiSelect closes on ENTER" time="0.122" classname="Chrome 32.0.1700 (Mac OS X 10.9.1).kendo_ui_MultiSelect navigation"/>
    <testcase name="MultiSelect closes on ESC" time="0.107" classname="Chrome 32.0.1700 (Mac OS X 10.9.1).kendo_ui_MultiSelect navigation"/>
    <testcase name="MultiSelect prevent default on ESC" time="0.1" classname="Chrome 32.0.1700 (Mac OS X 10.9.1).kendo_ui_MultiSelect navigation"/>
    <testcase name="MultiSelect scrolls list to the focused element" time="0.189" classname="Chrome 32.0.1700 (Mac OS X 10.9.1).kendo_ui_MultiSelect navigation"/>
    <testcase name="MultiSelect focuses last tag if input is empty" time="0.019" classname="Chrome 32.0.1700 (Mac OS X 10.9.1).kendo_ui_MultiSelect tag navigation"/>
    <testcase name="MultiSelect focuses previous tag if input is empty" time="0.012" classname="Chrome 32.0.1700 (Mac OS X 10.9.1).kendo_ui_MultiSelect tag navigation"/>
    <testcase name="MultiSelect persist focus to the first LI on LEFT" time="0.013" classname="Chrome 32.0.1700 (Mac OS X 10.9.1).kendo_ui_MultiSelect tag navigation"/>
    <testcase name="MultiSelect focuses next tag if any is focused" time="0.013" classname="Chrome 32.0.1700 (Mac OS X 10.9.1).kendo_ui_MultiSelect tag navigation"/>
    <testcase name="MultiSelect un-focuses last tag if RIGHT is pressed " time="0.012" classname="Chrome 32.0.1700 (Mac OS X 10.9.1).kendo_ui_MultiSelect tag navigation"/>
    <testcase name="MultiSelect un-focuses tag on selection" time="0.047" classname="Chrome 32.0.1700 (Mac OS X 10.9.1).kendo_ui_MultiSelect tag navigation"/>
    <testcase name="MultiSelect deletes focused tag" time="0.015" classname="Chrome 32.0.1700 (Mac OS X 10.9.1).kendo_ui_MultiSelect tag navigation"/>
    <testcase name="MultiSelect deletes last tag on BACKSPACE if input is empty" time="0.017" classname="Chrome 32.0.1700 (Mac OS X 10.9.1).kendo_ui_MultiSelect tag navigation"/>
    <testcase name="MultiSelect does not raise exception on DELETE" time="0.01" classname="Chrome 32.0.1700 (Mac OS X 10.9.1).kendo_ui_MultiSelect tag navigation"/>
    <testcase name="MultiSelect focuses first tag on HOME" time="0.012" classname="Chrome 32.0.1700 (Mac OS X 10.9.1).kendo_ui_MultiSelect tag navigation"/>
    <testcase name="MultiSelect focuses last tag on END" time="0.011" classname="Chrome 32.0.1700 (Mac OS X 10.9.1).kendo_ui_MultiSelect tag navigation"/>
    <testcase name="MultiSelect closes popup when deletes tag" time="0.011" classname="Chrome 32.0.1700 (Mac OS X 10.9.1).kendo_ui_MultiSelect tag navigation"/>
    <testcase name="MultiSelect highlights last item of the popup on END" time="0.02" classname="Chrome 32.0.1700 (Mac OS X 10.9.1).kendo_ui_MultiSelect tag navigation"/>
    <testcase name="MultiSelect clears focused tag when navigate through the popup" time="0.02" classname="Chrome 32.0.1700 (Mac OS X 10.9.1).kendo_ui_MultiSelect tag navigation"/>
    <testcase name="MultiSelect highlights first item of the popup on HOME" time="0.02" classname="Chrome 32.0.1700 (Mac OS X 10.9.1).kendo_ui_MultiSelect tag navigation"/>
    <testcase name="MultiSelect clears focused tag when navigate through the popup" time="0.021" classname="Chrome 32.0.1700 (Mac OS X 10.9.1).kendo_ui_MultiSelect tag navigation"/>
    <testcase name="MultiSelect clears selection in selected items on ESC" time="0.011" classname="Chrome 32.0.1700 (Mac OS X 10.9.1).kendo_ui_MultiSelect tag navigation"/>
    <testcase name="MultiSelect gets placeholder from data-placeholder attr" time="0.008" classname="Chrome 32.0.1700 (Mac OS X 10.9.1).kendo_ui_MultiSelect Placeholder"/>
    <testcase name="MultiSelect shows placeholder on init" time="0.01" classname="Chrome 32.0.1700 (Mac OS X 10.9.1).kendo_ui_MultiSelect Placeholder"/>
    <testcase name="MultiSelect scales input on placeholder shows" time="0.01" classname="Chrome 32.0.1700 (Mac OS X 10.9.1).kendo_ui_MultiSelect Placeholder"/>
    <testcase name="MultiSelect hides placeholder if any value" time="0.02" classname="Chrome 32.0.1700 (Mac OS X 10.9.1).kendo_ui_MultiSelect Placeholder"/>
    <testcase name="MultiSelect hides placeholder if any item is selected" time="0.014" classname="Chrome 32.0.1700 (Mac OS X 10.9.1).kendo_ui_MultiSelect Placeholder"/>
    <testcase name="MultiSelect does not show placeholder if items are deleted" time="0.02" classname="Chrome 32.0.1700 (Mac OS X 10.9.1).kendo_ui_MultiSelect Placeholder"/>
    <testcase name="MultiSelect hides placeholder on focus" time="0.038" classname="Chrome 32.0.1700 (Mac OS X 10.9.1).kendo_ui_MultiSelect Placeholder"/>
    <testcase name="MultiSelect shows placeholder on focus" time="0.042" classname="Chrome 32.0.1700 (Mac OS X 10.9.1).kendo_ui_MultiSelect Placeholder"/>
    <testcase name="text binding" time="0.003" classname="Chrome 32.0.1700 (Mac OS X 10.9.1).mvvm binding"/>
    <testcase name="html binding" time="0.002" classname="Chrome 32.0.1700 (Mac OS X 10.9.1).mvvm binding"/>
    <testcase name="value binding" time="0.001" classname="Chrome 32.0.1700 (Mac OS X 10.9.1).mvvm binding"/>
    <testcase name="title binding" time="0.001" classname="Chrome 32.0.1700 (Mac OS X 10.9.1).mvvm binding"/>
    <testcase name="alt binding" time="0.003" classname="Chrome 32.0.1700 (Mac OS X 10.9.1).mvvm binding"/>
    <testcase name="src binding" time="0.002" classname="Chrome 32.0.1700 (Mac OS X 10.9.1).mvvm binding"/>
    <testcase name="href binding" time="0.002" classname="Chrome 32.0.1700 (Mac OS X 10.9.1).mvvm binding"/>
    <testcase name="data attribute binding" time="0.001" classname="Chrome 32.0.1700 (Mac OS X 10.9.1).mvvm binding"/>
    <testcase name="binding to array access expression" time="0.041" classname="Chrome 32.0.1700 (Mac OS X 10.9.1).mvvm binding"/>
    <testcase name="binding immediate children" time="0.002" classname="Chrome 32.0.1700 (Mac OS X 10.9.1).mvvm binding"/>
    <testcase name="binding arbitrary children" time="0.002" classname="Chrome 32.0.1700 (Mac OS X 10.9.1).mvvm binding"/>
    <testcase name="binding multiple attributes" time="0.001" classname="Chrome 32.0.1700 (Mac OS X 10.9.1).mvvm binding"/>
    <testcase name="binding custom attributes" time="0.001" classname="Chrome 32.0.1700 (Mac OS X 10.9.1).mvvm binding"/>
    <testcase name="click binding" time="0.002" classname="Chrome 32.0.1700 (Mac OS X 10.9.1).mvvm binding"/>
    <testcase name="click event binding is detached" time="0.001" classname="Chrome 32.0.1700 (Mac OS X 10.9.1).mvvm binding"/>
    <testcase name="events binding is detached" time="0.002" classname="Chrome 32.0.1700 (Mac OS X 10.9.1).mvvm binding"/>
    <testcase name="change binding" time="0.001" classname="Chrome 32.0.1700 (Mac OS X 10.9.1).mvvm binding"/>
    <testcase name="the context of the event handler is the viewmodel" time="0.001" classname="Chrome 32.0.1700 (Mac OS X 10.9.1).mvvm binding"/>
    <testcase name="the context of the nested function call is the nested observable object" time="0.001" classname="Chrome 32.0.1700 (Mac OS X 10.9.1).mvvm binding"/>
    <testcase name="select binding" time="0.001" classname="Chrome 32.0.1700 (Mac OS X 10.9.1).mvvm binding"/>
    <testcase name="select binding with template" time="0.002" classname="Chrome 32.0.1700 (Mac OS X 10.9.1).mvvm binding"/>
    <testcase name="select binding to data source" time="0.002" classname="Chrome 32.0.1700 (Mac OS X 10.9.1).mvvm binding"/>
    <testcase name="data source data isn&apos;t fetched if the auto-bind attribute is set to false" time="0.001" classname="Chrome 32.0.1700 (Mac OS X 10.9.1).mvvm binding"/>
    <testcase name="pushing items to array creates new option elements without destroying the existing ones" time="0.001" classname="Chrome 32.0.1700 (Mac OS X 10.9.1).mvvm binding"/>
    <testcase name="adding items to the data source creates new option elements without destroying the existing ones" time="0.002" classname="Chrome 32.0.1700 (Mac OS X 10.9.1).mvvm binding"/>
    <testcase name="value of private field is shown" time="0.001" classname="Chrome 32.0.1700 (Mac OS X 10.9.1).mvvm binding"/>
    <testcase name="pushing items to array initializes child bindings" time="0.002" classname="Chrome 32.0.1700 (Mac OS X 10.9.1).mvvm binding"/>
    <testcase name="splicing items from array removes option elements without destroying the existing ones" time="0.001" classname="Chrome 32.0.1700 (Mac OS X 10.9.1).mvvm binding"/>
    <testcase name="removing items from data source removes option elements without destroing the existing ones" time="0.002" classname="Chrome 32.0.1700 (Mac OS X 10.9.1).mvvm binding"/>
    <testcase name="bind array to table appends table rows to the table body" time="0.001" classname="Chrome 32.0.1700 (Mac OS X 10.9.1).mvvm binding"/>
    <testcase name="bind array to table keeps thead" time="0.001" classname="Chrome 32.0.1700 (Mac OS X 10.9.1).mvvm binding"/>
    <testcase name="bind array to unordered list creates list item elements" time="0.001" classname="Chrome 32.0.1700 (Mac OS X 10.9.1).mvvm binding"/>
    <testcase name="bind array to ordered list creates list item elements" time="0.001" classname="Chrome 32.0.1700 (Mac OS X 10.9.1).mvvm binding"/>
    <testcase name="binding child elements of template to data item" time="0.002" classname="Chrome 32.0.1700 (Mac OS X 10.9.1).mvvm binding"/>
    <testcase name="binding child elements of template to data item of primitive type" time="0.001" classname="Chrome 32.0.1700 (Mac OS X 10.9.1).mvvm binding"/>
    <testcase name="template binding without source" time="0.001" classname="Chrome 32.0.1700 (Mac OS X 10.9.1).mvvm binding"/>
    <testcase name="binding to nested field" time="0.001" classname="Chrome 32.0.1700 (Mac OS X 10.9.1).mvvm binding"/>
    <testcase name="binding to array item" time="0.001" classname="Chrome 32.0.1700 (Mac OS X 10.9.1).mvvm binding"/>
    <testcase name="binding the style attribute" time="0.002" classname="Chrome 32.0.1700 (Mac OS X 10.9.1).mvvm binding"/>
    <testcase name="binding select value to object" time="0.002" classname="Chrome 32.0.1700 (Mac OS X 10.9.1).mvvm binding"/>
    <testcase name="order of source and value does not matter" time="0.001" classname="Chrome 32.0.1700 (Mac OS X 10.9.1).mvvm binding"/>
    <testcase name="binding select to array of objects" time="0.002" classname="Chrome 32.0.1700 (Mac OS X 10.9.1).mvvm binding"/>
    <testcase name="binding select to array of strings" time="0.001" classname="Chrome 32.0.1700 (Mac OS X 10.9.1).mvvm binding"/>
    <testcase name="binding select value to object specifing only text-field" time="0.002" classname="Chrome 32.0.1700 (Mac OS X 10.9.1).mvvm binding"/>
    <testcase name="binding select value to primitive value" time="0.001" classname="Chrome 32.0.1700 (Mac OS X 10.9.1).mvvm binding"/>
    <testcase name="binding pre populated select value" time="0.001" classname="Chrome 32.0.1700 (Mac OS X 10.9.1).mvvm binding"/>
    <testcase name="binding multi select value to multiple objects" time="0.002" classname="Chrome 32.0.1700 (Mac OS X 10.9.1).mvvm binding"/>
    <testcase name="binding multi select is update if value is removed" time="0.002" classname="Chrome 32.0.1700 (Mac OS X 10.9.1).mvvm binding"/>
    <testcase name="checked binding binds radiobutton by value" time="0.001" classname="Chrome 32.0.1700 (Mac OS X 10.9.1).mvvm binding"/>
    <testcase name="checked binding binds radiobutton to boolean value" time="0.001" classname="Chrome 32.0.1700 (Mac OS X 10.9.1).mvvm binding"/>
    <testcase name="checked binding binds radiobutton to number value" time="0.001" classname="Chrome 32.0.1700 (Mac OS X 10.9.1).mvvm binding"/>
    <testcase name="checked binding binds checkbox to boolean" time="0.001" classname="Chrome 32.0.1700 (Mac OS X 10.9.1).mvvm binding"/>
    <testcase name="checked binding binds checkbox by value to array" time="0.002" classname="Chrome 32.0.1700 (Mac OS X 10.9.1).mvvm binding"/>
    <testcase name="checked binding checkbox is not checked if value does not exists" time="0.001" classname="Chrome 32.0.1700 (Mac OS X 10.9.1).mvvm binding"/>
    <testcase name="visible binding shows the element" time="0.001" classname="Chrome 32.0.1700 (Mac OS X 10.9.1).mvvm binding"/>
    <testcase name="visible binding hides the element" time="0.001" classname="Chrome 32.0.1700 (Mac OS X 10.9.1).mvvm binding"/>
    <testcase name="invisible binding hides the element" time="0.001" classname="Chrome 32.0.1700 (Mac OS X 10.9.1).mvvm binding"/>
    <testcase name="invisible binding shows the element" time="0.002" classname="Chrome 32.0.1700 (Mac OS X 10.9.1).mvvm binding"/>
    <testcase name="enable binding enables the element" time="0.001" classname="Chrome 32.0.1700 (Mac OS X 10.9.1).mvvm binding"/>
    <testcase name="enable binding disables the element if value is false" time="0.001" classname="Chrome 32.0.1700 (Mac OS X 10.9.1).mvvm binding"/>
    <testcase name="enable binding disables the element if value is changed to false" time="0.001" classname="Chrome 32.0.1700 (Mac OS X 10.9.1).mvvm binding"/>
    <testcase name="enable binding enables the select element" time="0.001" classname="Chrome 32.0.1700 (Mac OS X 10.9.1).mvvm binding"/>
    <testcase name="disable binding disables the element" time="0.001" classname="Chrome 32.0.1700 (Mac OS X 10.9.1).mvvm binding"/>
    <testcase name="disable binding enables the element if value is false" time="0.002" classname="Chrome 32.0.1700 (Mac OS X 10.9.1).mvvm binding"/>
    <testcase name="disable binding disables the element if value is changed to true" time="0.001" classname="Chrome 32.0.1700 (Mac OS X 10.9.1).mvvm binding"/>
    <testcase name="disable binding disables the select element" time="0.001" classname="Chrome 32.0.1700 (Mac OS X 10.9.1).mvvm binding"/>
    <testcase name="binding to getter" time="0.001" classname="Chrome 32.0.1700 (Mac OS X 10.9.1).mvvm binding"/>
    <testcase name="binding to function" time="0.001" classname="Chrome 32.0.1700 (Mac OS X 10.9.1).mvvm binding"/>
    <testcase name="binding target is assign to the element" time="0.001" classname="Chrome 32.0.1700 (Mac OS X 10.9.1).mvvm binding"/>
    <testcase name="binding target expando is removed after kendo.unbind" time="0.001" classname="Chrome 32.0.1700 (Mac OS X 10.9.1).mvvm binding"/>
    <testcase name="binding are removed if element is rebind" time="0.002" classname="Chrome 32.0.1700 (Mac OS X 10.9.1).mvvm binding"/>
    <testcase name="error is thrown if binding is not find" time="0.001" classname="Chrome 32.0.1700 (Mac OS X 10.9.1).mvvm binding"/>
    <testcase name="widget initialization" time="0.001" classname="Chrome 32.0.1700 (Mac OS X 10.9.1).mvvm binding"/>
    <testcase name="child widget is initialized only once" time="0.002" classname="Chrome 32.0.1700 (Mac OS X 10.9.1).mvvm binding"/>
    <testcase name="binding events in template to the root view model" time="0.002" classname="Chrome 32.0.1700 (Mac OS X 10.9.1).mvvm binding"/>
    <testcase name="binding events in template to the child view model" time="0.001" classname="Chrome 32.0.1700 (Mac OS X 10.9.1).mvvm binding"/>
    <testcase name="binding events in template to the grand child view model" time="0.002" classname="Chrome 32.0.1700 (Mac OS X 10.9.1).mvvm binding"/>
    <testcase name="bound events in template receive the current item in the event argument" time="0.001" classname="Chrome 32.0.1700 (Mac OS X 10.9.1).mvvm binding"/>
    <testcase name="binding template to field of the parent object" time="0.001" classname="Chrome 32.0.1700 (Mac OS X 10.9.1).mvvm binding"/>
    <testcase name="binding template to a primitive field" time="0.002" classname="Chrome 32.0.1700 (Mac OS X 10.9.1).mvvm binding"/>
    <testcase name="binding template to function of the parent object" time="0.001" classname="Chrome 32.0.1700 (Mac OS X 10.9.1).mvvm binding"/>
    <testcase name="the function of the parent object receives the current item as an argument" time="0.001" classname="Chrome 32.0.1700 (Mac OS X 10.9.1).mvvm binding"/>
    <testcase name="the function of the parent object has the right context" time="0.001" classname="Chrome 32.0.1700 (Mac OS X 10.9.1).mvvm binding"/>
    <testcase name="binding template to a grand parent field" time="0.002" classname="Chrome 32.0.1700 (Mac OS X 10.9.1).mvvm binding"/>
    <testcase name="binding template to a grand parent function" time="0.001" classname="Chrome 32.0.1700 (Mac OS X 10.9.1).mvvm binding"/>
    <testcase name="grand parent function has the right context" time="0.001" classname="Chrome 32.0.1700 (Mac OS X 10.9.1).mvvm binding"/>
    <testcase name="widget event binding" time="0.002" classname="Chrome 32.0.1700 (Mac OS X 10.9.1).mvvm binding"/>
    <testcase name="this is the view model during widget event binding" time="0.001" classname="Chrome 32.0.1700 (Mac OS X 10.9.1).mvvm binding"/>
    <testcase name="the widget is the sender during widget event binding" time="0.001" classname="Chrome 32.0.1700 (Mac OS X 10.9.1).mvvm binding"/>
    <testcase name="the view model is passed as data when binding widget events" time="0.001" classname="Chrome 32.0.1700 (Mac OS X 10.9.1).mvvm binding"/>
    <testcase name="the view model is cleared after calling event handler" time="0.001" classname="Chrome 32.0.1700 (Mac OS X 10.9.1).mvvm binding"/>
    <testcase name="user data is not cleared after calling event handler" time="0.001" classname="Chrome 32.0.1700 (Mac OS X 10.9.1).mvvm binding"/>
    <testcase name="nested template without source with event binding" time="0.002" classname="Chrome 32.0.1700 (Mac OS X 10.9.1).mvvm binding"/>
    <testcase name="text binding displays undefined fields as empty string" time="0.001" classname="Chrome 32.0.1700 (Mac OS X 10.9.1).mvvm binding"/>
    <testcase name="text binding displays null fields as empty string" time="0.001" classname="Chrome 32.0.1700 (Mac OS X 10.9.1).mvvm binding"/>
    <testcase name="value binding displays undefined fields as empty string" time="0.001" classname="Chrome 32.0.1700 (Mac OS X 10.9.1).mvvm binding"/>
    <testcase name="value binding displays null fields as empty string" time="0.001" classname="Chrome 32.0.1700 (Mac OS X 10.9.1).mvvm binding"/>
    <testcase name="visible binding to undefined hides the element" time="0.002" classname="Chrome 32.0.1700 (Mac OS X 10.9.1).mvvm binding"/>
    <testcase name="visible binding to null hides the element" time="0.001" classname="Chrome 32.0.1700 (Mac OS X 10.9.1).mvvm binding"/>
    <testcase name="visible binding to zero hides the element" time="0.001" classname="Chrome 32.0.1700 (Mac OS X 10.9.1).mvvm binding"/>
    <testcase name="visible binding to empty string hides the element" time="0.001" classname="Chrome 32.0.1700 (Mac OS X 10.9.1).mvvm binding"/>
    <testcase name="invisible binding to undefined shows the element" time="0.001" classname="Chrome 32.0.1700 (Mac OS X 10.9.1).mvvm binding"/>
    <testcase name="invisible binding to null shows the element" time="0.001" classname="Chrome 32.0.1700 (Mac OS X 10.9.1).mvvm binding"/>
    <testcase name="invisible binding to zero shows the element" time="0.001" classname="Chrome 32.0.1700 (Mac OS X 10.9.1).mvvm binding"/>
    <testcase name="invisible binding to empty string shows the element" time="0.001" classname="Chrome 32.0.1700 (Mac OS X 10.9.1).mvvm binding"/>
    <testcase name="readonly binding to true-ish value sets the readonly attribute" time="0.002" classname="Chrome 32.0.1700 (Mac OS X 10.9.1).mvvm binding"/>
    <testcase name="readonly binding to false-ish value removes the readonly attribute" time="0.001" classname="Chrome 32.0.1700 (Mac OS X 10.9.1).mvvm binding"/>
    <testcase name="mobile and desktop widgets are initialized in the correct priority" time="0.002" classname="Chrome 32.0.1700 (Mac OS X 10.9.1).mvvm binding"/>
    <testcase name="bind to parent property with nested kendo.bind" time="0.002" classname="Chrome 32.0.1700 (Mac OS X 10.9.1).mvvm binding"/>
    <testcase name="binding ignores text nodes" time="0.001" classname="Chrome 32.0.1700 (Mac OS X 10.9.1).mvvm binding"/>
    <testcase name="source binding destroy unbinds other change handlers" time="0.001" classname="Chrome 32.0.1700 (Mac OS X 10.9.1).mvvm binding">
      <failure type="">Expected 1 assertions, but 0 were run
    at /Users/pivanov/Work/kendoui-core/tests/mvvm/binding.js:1403:1
    at /Users/pivanov/Work/kendoui-core/tests/mvvm/binding.js:1457:2

</failure>
    </testcase>
    <testcase name="input type date value binding" time="0.002" classname="Chrome 32.0.1700 (Mac OS X 10.9.1).mvvm binding"/>
    <testcase name="input type datetime value binding" time="0.003" classname="Chrome 32.0.1700 (Mac OS X 10.9.1).mvvm binding"/>
    <testcase name="input type number value binding" time="0.001" classname="Chrome 32.0.1700 (Mac OS X 10.9.1).mvvm binding"/>
    <testcase name="changing a view model field reflects UI" time="0.002" classname="Chrome 32.0.1700 (Mac OS X 10.9.1).mvvm observing"/>
    <testcase name="changing a view model field reflects UI via array access" time="0.001" classname="Chrome 32.0.1700 (Mac OS X 10.9.1).mvvm observing"/>
    <testcase name="field name of nested view model remains the same" time="0.001" classname="Chrome 32.0.1700 (Mac OS X 10.9.1).mvvm observing"/>
    <testcase name="changing a view model field from a view model function bound to UI reflects UI" time="0.002" classname="Chrome 32.0.1700 (Mac OS X 10.9.1).mvvm observing"/>
    <testcase name="removing item from view model array reflects UI" time="0.001" classname="Chrome 32.0.1700 (Mac OS X 10.9.1).mvvm observing"/>
    <testcase name="removing item from array removes table rows" time="0.002" classname="Chrome 32.0.1700 (Mac OS X 10.9.1).mvvm observing"/>
    <testcase name="change event notifies value listeners" time="0.002" classname="Chrome 32.0.1700 (Mac OS X 10.9.1).mvvm observing"/>
    <testcase name="the view model is updated when the change event is raised" time="0.001" classname="Chrome 32.0.1700 (Mac OS X 10.9.1).mvvm observing"/>
    <testcase name="keyup event notifies value listeners" time="0.002" classname="Chrome 32.0.1700 (Mac OS X 10.9.1).mvvm observing"/>
    <testcase name="changing value when value update mode is keyup does not reset the input value" time="0.001" classname="Chrome 32.0.1700 (Mac OS X 10.9.1).mvvm observing"/>
    <testcase name="changing ui updates view model with array accessor" time="0.001" classname="Chrome 32.0.1700 (Mac OS X 10.9.1).mvvm observing"/>
    <testcase name="select of multi select updates the viewModel" time="0.002" classname="Chrome 32.0.1700 (Mac OS X 10.9.1).mvvm observing"/>
    <testcase name="tracking changes of the parent object" time="0.001" classname="Chrome 32.0.1700 (Mac OS X 10.9.1).mvvm observing"/>
    <testcase name="tracking changes of array item members" time="0.001" classname="Chrome 32.0.1700 (Mac OS X 10.9.1).mvvm observing"/>
    <testcase name="tracking changes the array item" time="0.001" classname="Chrome 32.0.1700 (Mac OS X 10.9.1).mvvm observing"/>
    <testcase name="select of multi select bound to complex objects" time="0.001" classname="Chrome 32.0.1700 (Mac OS X 10.9.1).mvvm observing"/>
    <testcase name="select tracks complex value" time="0.002" classname="Chrome 32.0.1700 (Mac OS X 10.9.1).mvvm observing"/>
    <testcase name="select uses data value field if data-value-primitive is set to true" time="0.001" classname="Chrome 32.0.1700 (Mac OS X 10.9.1).mvvm observing"/>
    <testcase name="select tracks complex value if text-field is set" time="0.001" classname="Chrome 32.0.1700 (Mac OS X 10.9.1).mvvm observing"/>
    <testcase name="multi select tracks complex value if text-field is set" time="0.002" classname="Chrome 32.0.1700 (Mac OS X 10.9.1).mvvm observing"/>
    <testcase name="select bound to complex object updates simple value" time="0.002" classname="Chrome 32.0.1700 (Mac OS X 10.9.1).mvvm observing"/>
    <testcase name="multi select has same item count after change" time="0.001" classname="Chrome 32.0.1700 (Mac OS X 10.9.1).mvvm observing"/>
    <testcase name="changing the value updates the view model" time="0.002" classname="Chrome 32.0.1700 (Mac OS X 10.9.1).mvvm observing"/>
    <testcase name="changing the value of pre populated select updates the view model" time="0.001" classname="Chrome 32.0.1700 (Mac OS X 10.9.1).mvvm observing"/>
    <testcase name="changing the value of pre populated multi select updates the view model" time="0.001" classname="Chrome 32.0.1700 (Mac OS X 10.9.1).mvvm observing"/>
    <testcase name="changing radiobutton value updates the view model" time="0.001" classname="Chrome 32.0.1700 (Mac OS X 10.9.1).mvvm observing"/>
    <testcase name="changing checkbox value updates the view model" time="0.001" classname="Chrome 32.0.1700 (Mac OS X 10.9.1).mvvm observing"/>
    <testcase name="changing checkbox does not add the value updates the view model" time="0.001" classname="Chrome 32.0.1700 (Mac OS X 10.9.1).mvvm observing"/>
    <testcase name="changing checkbox value updates the view model with the checked state" time="0.001" classname="Chrome 32.0.1700 (Mac OS X 10.9.1).mvvm observing"/>
    <testcase name="checking checkbox adds the value to the view model" time="0.001" classname="Chrome 32.0.1700 (Mac OS X 10.9.1).mvvm observing"/>
    <testcase name="unchecking checkbox removes the value from the view model" time="0.001" classname="Chrome 32.0.1700 (Mac OS X 10.9.1).mvvm observing"/>
    <testcase name="value binding calls set once during select change" time="0.002" classname="Chrome 32.0.1700 (Mac OS X 10.9.1).mvvm observing"/>
    <testcase name="select value which doesn&apos;t exist sets selectedIndex to -1" time="0.001" classname="Chrome 32.0.1700 (Mac OS X 10.9.1).mvvm observing"/>
    <testcase name="tracking changes of observable items in array" time="0.002" classname="Chrome 32.0.1700 (Mac OS X 10.9.1).mvvm observing"/>
    <testcase name="replacing the source array rebinds the element" time="0.001" classname="Chrome 32.0.1700 (Mac OS X 10.9.1).mvvm observing"/>
    <testcase name="tracking changes of fields bound to style" time="0.001" classname="Chrome 32.0.1700 (Mac OS X 10.9.1).mvvm observing"/>
    <testcase name="tracking changes of complex fields" time="0.001" classname="Chrome 32.0.1700 (Mac OS X 10.9.1).mvvm observing"/>
    <testcase name="tracking changes in templates" time="0.001" classname="Chrome 32.0.1700 (Mac OS X 10.9.1).mvvm observing"/>
    <testcase name="change event is fired once" time="0.001" classname="Chrome 32.0.1700 (Mac OS X 10.9.1).mvvm observing"/>
    <testcase name="dependencies are reavaluated" time="0.002" classname="Chrome 32.0.1700 (Mac OS X 10.9.1).mvvm observing"/>
    <testcase name="does not attach more than one change handler when monitoring for dependency changes" time="0.001" classname="Chrome 32.0.1700 (Mac OS X 10.9.1).mvvm observing"/>
    <testcase name="refreshing the source destroys the binder objects" time="0.001" classname="Chrome 32.0.1700 (Mac OS X 10.9.1).mvvm observing"/>
    <testcase name="removing an item from the source destroys the binder objects" time="0.002" classname="Chrome 32.0.1700 (Mac OS X 10.9.1).mvvm observing"/>
    <testcase name="does not attach multiple event handlers to nested object" time="0.001" classname="Chrome 32.0.1700 (Mac OS X 10.9.1).mvvm observing"/>
    <testcase name="does not attach multiple event handlers to nested array" time="0.001" classname="Chrome 32.0.1700 (Mac OS X 10.9.1).mvvm observing"/>
    <testcase name="tracking changes when direct access and set are used" time="0.001" classname="Chrome 32.0.1700 (Mac OS X 10.9.1).mvvm observing"/>
    <testcase name="tracking changes when single set is used" time="0.001" classname="Chrome 32.0.1700 (Mac OS X 10.9.1).mvvm observing"/>
    <testcase name="tracking changes when direct access and set are used (multiple get template)" time="0.001" classname="Chrome 32.0.1700 (Mac OS X 10.9.1).mvvm observing"/>
    <testcase name="tracking changes when single set is used (multiple get template)" time="0.001" classname="Chrome 32.0.1700 (Mac OS X 10.9.1).mvvm observing"/>
    <testcase name="tracking changes in dependent fields" time="0.002" classname="Chrome 32.0.1700 (Mac OS X 10.9.1).mvvm observing"/>
    <testcase name="checked binding removing the item unchecks the checkbox" time="0.002" classname="Chrome 32.0.1700 (Mac OS X 10.9.1).mvvm observing"/>
    <testcase name="model is not updated after target is destoryed" time="0.001" classname="Chrome 32.0.1700 (Mac OS X 10.9.1).mvvm observing"/>
    <testcase name="UI element is not updated after unbind" time="0.001" classname="Chrome 32.0.1700 (Mac OS X 10.9.1).mvvm observing"/>
    <testcase name="changing a field does not triger changing of another field starting with the same name" time="0.002" classname="Chrome 32.0.1700 (Mac OS X 10.9.1).mvvm observing"/>
    <testcase name="value binding sets a field which is initially undefined" time="0.001" classname="Chrome 32.0.1700 (Mac OS X 10.9.1).mvvm observing"/>
    <testcase name="tracks changes of template bound to parent field" time="0.002" classname="Chrome 32.0.1700 (Mac OS X 10.9.1).mvvm observing"/>
    <testcase name="parent properties are invoked with the current item" time="0.006" classname="Chrome 32.0.1700 (Mac OS X 10.9.1).mvvm observing"/>
    <testcase name="tracks changes of parent field bound to dependent parent field" time="0.002" classname="Chrome 32.0.1700 (Mac OS X 10.9.1).mvvm observing"/>
    <testcase name="tracks changes of parent field bound to dependent parent field" time="0.001" classname="Chrome 32.0.1700 (Mac OS X 10.9.1).mvvm observing"/>
    <testcase name="tracks changes of element bound to parent field within a child template" time="0.002" classname="Chrome 32.0.1700 (Mac OS X 10.9.1).mvvm observing"/>
    <testcase name="tracks changes of element bound to parent nested field within a child template" time="0.002" classname="Chrome 32.0.1700 (Mac OS X 10.9.1).mvvm observing"/>
    <testcase name="event handlers are detached when the binding is changed" time="0.001" classname="Chrome 32.0.1700 (Mac OS X 10.9.1).mvvm observing"/>
    <testcase name="tracking changes of bindings containing function calls" time="0.002" classname="Chrome 32.0.1700 (Mac OS X 10.9.1).mvvm observing"/>
    <testcase name="changing the value of input type date updates the view model with a valid JavaScript Date" time="0.002" classname="Chrome 32.0.1700 (Mac OS X 10.9.1).mvvm observing"/>
    <testcase name="changing the value of input type datetime-local updates the view model with a valid JavaScript Date" time="0.001" classname="Chrome 32.0.1700 (Mac OS X 10.9.1).mvvm observing"/>
    <testcase name="changing the value of input type datetime-local updates the view model with a valid JavaScript Date - date time without seconds" time="0.002" classname="Chrome 32.0.1700 (Mac OS X 10.9.1).mvvm observing"/>
    <testcase name="changing the value of input type number updates the view model with a valid Number" time="0.001" classname="Chrome 32.0.1700 (Mac OS X 10.9.1).mvvm observing"/>
    <testcase name="pushing items to array raises the change event" time="0.001" classname="Chrome 32.0.1700 (Mac OS X 10.9.1).mvvm observing"/>
    <testcase name="pushing items to array raises the change event" time="0.001" classname="Chrome 32.0.1700 (Mac OS X 10.9.1).mvvm observing"/>
    <testcase name="items pushed to observable array are converted to observable objects" time="0.001" classname="Chrome 32.0.1700 (Mac OS X 10.9.1).mvvm observing"/>
    <testcase name="Object should be wrapped" time="0" classname="Chrome 32.0.1700 (Mac OS X 10.9.1).mvvm observing"/>
    <testcase name="ObservableObjects should be converted if type is set" time="0.001" classname="Chrome 32.0.1700 (Mac OS X 10.9.1).mvvm observing"/>
    <testcase name="pushing items to array raises the change event and sets the action to add" time="0.001" classname="Chrome 32.0.1700 (Mac OS X 10.9.1).mvvm observing"/>
    <testcase name="pushing items to array raises the change event and sets the index" time="0.001" classname="Chrome 32.0.1700 (Mac OS X 10.9.1).mvvm observing"/>
    <testcase name="pushing items to array raises the change event and provides the added items" time="0.001" classname="Chrome 32.0.1700 (Mac OS X 10.9.1).mvvm observing"/>
    <testcase name="unshifting items to array raises the change event" time="0" classname="Chrome 32.0.1700 (Mac OS X 10.9.1).mvvm observing"/>
    <testcase name="items unshifted to array are converted to observable objects" time="0" classname="Chrome 32.0.1700 (Mac OS X 10.9.1).mvvm observing"/>
    <testcase name="items spliced to array items are converted to observable objects" time="0.001" classname="Chrome 32.0.1700 (Mac OS X 10.9.1).mvvm observing"/>
    <testcase name="splicing array items raises the change event with remove action" time="0.001" classname="Chrome 32.0.1700 (Mac OS X 10.9.1).mvvm observing"/>
    <testcase name="splicing array items raises the change event and provides index" time="0.001" classname="Chrome 32.0.1700 (Mac OS X 10.9.1).mvvm observing"/>
    <testcase name="splicing array items raises the change event and provides the removed items" time="0" classname="Chrome 32.0.1700 (Mac OS X 10.9.1).mvvm observing"/>
    <testcase name="splicing array items returns the removed items" time="0.001" classname="Chrome 32.0.1700 (Mac OS X 10.9.1).mvvm observing"/>
    <testcase name="splicing array items raises the change event with add action" time="0.001" classname="Chrome 32.0.1700 (Mac OS X 10.9.1).mvvm observing"/>
    <testcase name="splicing array items raises the change event and sends the index and inserted items" time="0.001" classname="Chrome 32.0.1700 (Mac OS X 10.9.1).mvvm observing"/>
    <testcase name="observable array items are observable" time="0.001" classname="Chrome 32.0.1700 (Mac OS X 10.9.1).mvvm observing"/>
    <testcase name="change event is raised when child an item changes" time="0" classname="Chrome 32.0.1700 (Mac OS X 10.9.1).mvvm observing"/>
    <testcase name="indexOf return index of the item" time="0.001" classname="Chrome 32.0.1700 (Mac OS X 10.9.1).mvvm observing"/>
    <testcase name="indexOf return -1 if item does not exists" time="0.001" classname="Chrome 32.0.1700 (Mac OS X 10.9.1).mvvm observing"/>
    <testcase name="pop raises the change event and removes the last item" time="0.001" classname="Chrome 32.0.1700 (Mac OS X 10.9.1).mvvm observing"/>
    <testcase name="pop raises the change event and action is remove" time="0.001" classname="Chrome 32.0.1700 (Mac OS X 10.9.1).mvvm observing"/>
    <testcase name="shift raises the change event and removes the first item" time="0" classname="Chrome 32.0.1700 (Mac OS X 10.9.1).mvvm observing"/>
    <testcase name="shift raises the change event and action is remove" time="0" classname="Chrome 32.0.1700 (Mac OS X 10.9.1).mvvm observing"/>
    <testcase name="shift does not raise the change event when the array is empty" time="0.001" classname="Chrome 32.0.1700 (Mac OS X 10.9.1).mvvm observing"/>
    <testcase name="pop does not raise the change event when the array is empty" time="0.001" classname="Chrome 32.0.1700 (Mac OS X 10.9.1).mvvm observing"/>
    <testcase name="private fields are not included in JSON serialization" time="0.002" classname="Chrome 32.0.1700 (Mac OS X 10.9.1).mvvm observing"/>
    <testcase name="parent returns undefined for new observable array" time="0" classname="Chrome 32.0.1700 (Mac OS X 10.9.1).mvvm observing"/>
    <testcase name="adding item to nested array triggers change event of the parent" time="0.001" classname="Chrome 32.0.1700 (Mac OS X 10.9.1).mvvm observing"/>
    <testcase name="forEach calls callback for each item" time="0.001" classname="Chrome 32.0.1700 (Mac OS X 10.9.1).mvvm observing"/>
    <testcase name="map collects returned results from iteration" time="0.001" classname="Chrome 32.0.1700 (Mac OS X 10.9.1).mvvm observing"/>
    <testcase name="filter collects returned results from iteration" time="0" classname="Chrome 32.0.1700 (Mac OS X 10.9.1).mvvm observing"/>
    <testcase name="find returns the first item that matches the requirements" time="0.001" classname="Chrome 32.0.1700 (Mac OS X 10.9.1).mvvm observing"/>
    <testcase name="every returns true if all items satisfy the provided requirement" time="0.001" classname="Chrome 32.0.1700 (Mac OS X 10.9.1).mvvm observing"/>
    <testcase name="every returns false if one item does not satisfy the provided requirement" time="0.001" classname="Chrome 32.0.1700 (Mac OS X 10.9.1).mvvm observing"/>
    <testcase name="some returns true if some items satisfy the provided requirement" time="0" classname="Chrome 32.0.1700 (Mac OS X 10.9.1).mvvm observing"/>
    <testcase name="some returns false if no items satisfy the provided requirement" time="0" classname="Chrome 32.0.1700 (Mac OS X 10.9.1).mvvm observing"/>
    <testcase name="remove removes the given item" time="0.001" classname="Chrome 32.0.1700 (Mac OS X 10.9.1).mvvm observing"/>
    <testcase name="empty removes all items" time="0.001" classname="Chrome 32.0.1700 (Mac OS X 10.9.1).mvvm observing"/>
    <testcase name="set changes the value of the field" time="0" classname="Chrome 32.0.1700 (Mac OS X 10.9.1).mvvm observing"/>
    <testcase name="copies all fields of the source object" time="0.001" classname="Chrome 32.0.1700 (Mac OS X 10.9.1).mvvm observing"/>
    <testcase name="context of methods is the view model" time="0.001" classname="Chrome 32.0.1700 (Mac OS X 10.9.1).mvvm observing"/>
    <testcase name="nested objects are observable as well" time="0.001" classname="Chrome 32.0.1700 (Mac OS X 10.9.1).mvvm observing"/>
    <testcase name="nested objects which are private are not observable" time="0" classname="Chrome 32.0.1700 (Mac OS X 10.9.1).mvvm observing"/>
    <testcase name="set triggers the change event" time="0.001" classname="Chrome 32.0.1700 (Mac OS X 10.9.1).mvvm observing"/>
    <testcase name="set triggers only once the change event if value is the same" time="0.001" classname="Chrome 32.0.1700 (Mac OS X 10.9.1).mvvm observing"/>
    <testcase name="change event arguments provide the name of the field" time="0.001" classname="Chrome 32.0.1700 (Mac OS X 10.9.1).mvvm observing"/>
    <testcase name="setting nested fields" time="0" classname="Chrome 32.0.1700 (Mac OS X 10.9.1).mvvm observing"/>
    <testcase name="nested arrays are extended" time="0.001" classname="Chrome 32.0.1700 (Mac OS X 10.9.1).mvvm observing"/>
    <testcase name="getting field raises get event" time="0.015" classname="Chrome 32.0.1700 (Mac OS X 10.9.1).mvvm observing"/>
    <testcase name="setting a field raises set event" time="0.015" classname="Chrome 32.0.1700 (Mac OS X 10.9.1).mvvm observing"/>
    <testcase name="cancelling the set event prevents setting the field value" time="0.015" classname="Chrome 32.0.1700 (Mac OS X 10.9.1).mvvm observing"/>
    <testcase name="getting nested field raises get event of parent" time="0.016" classname="Chrome 32.0.1700 (Mac OS X 10.9.1).mvvm observing"/>
    <testcase name="toJSON serializes only public fields" time="0.001" classname="Chrome 32.0.1700 (Mac OS X 10.9.1).mvvm observing"/>
    <testcase name="toJSON is recursive" time="0.001" classname="Chrome 32.0.1700 (Mac OS X 10.9.1).mvvm observing"/>
    <testcase name="toJSON is recursive with arrays" time="0.001" classname="Chrome 32.0.1700 (Mac OS X 10.9.1).mvvm observing"/>
    <testcase name="toJSON copies dates" time="0" classname="Chrome 32.0.1700 (Mac OS X 10.9.1).mvvm observing"/>
    <testcase name="set uses the nested observable object set method" time="0" classname="Chrome 32.0.1700 (Mac OS X 10.9.1).mvvm observing"/>
    <testcase name="set uses the nested array with observable objects" time="0" classname="Chrome 32.0.1700 (Mac OS X 10.9.1).mvvm observing"/>
    <testcase name="set object is wrapped" time="0" classname="Chrome 32.0.1700 (Mac OS X 10.9.1).mvvm observing"/>
    <testcase name="change event is raised if wrapped object is modified" time="0.001" classname="Chrome 32.0.1700 (Mac OS X 10.9.1).mvvm observing"/>
    <testcase name="ObservableObject are not wrapped if attached through set" time="0.001" classname="Chrome 32.0.1700 (Mac OS X 10.9.1).mvvm observing"/>
    <testcase name="change event is raised for wrapped ObservableObject" time="0.001" classname="Chrome 32.0.1700 (Mac OS X 10.9.1).mvvm observing"/>
    <testcase name="set Array is wrapped" time="0.001" classname="Chrome 32.0.1700 (Mac OS X 10.9.1).mvvm observing"/>
    <testcase name="change event is raised if wrapped array is modified" time="0" classname="Chrome 32.0.1700 (Mac OS X 10.9.1).mvvm observing"/>
    <testcase name="DataSource is not wrapped if set as ViewModel property" time="0.001" classname="Chrome 32.0.1700 (Mac OS X 10.9.1).mvvm observing"/>
    <testcase name="ObservableArray is not wrapped if set as ViewModel property" time="0.001" classname="Chrome 32.0.1700 (Mac OS X 10.9.1).mvvm observing"/>
    <testcase name="listen for changes of ObservableArray set as ViewModel property" time="0.001" classname="Chrome 32.0.1700 (Mac OS X 10.9.1).mvvm observing"/>
    <testcase name="parent returns the parent observable object" time="0.001" classname="Chrome 32.0.1700 (Mac OS X 10.9.1).mvvm observing"/>
    <testcase name="parent returns the parent observable array" time="0" classname="Chrome 32.0.1700 (Mac OS X 10.9.1).mvvm observing"/>
    <testcase name="parent returns the parent of the observable array" time="0.001" classname="Chrome 32.0.1700 (Mac OS X 10.9.1).mvvm observing"/>
    <testcase name="parent returns undefined for root observable object" time="0.001" classname="Chrome 32.0.1700 (Mac OS X 10.9.1).mvvm observing"/>
    <testcase name="setting object sets its parent" time="0.001" classname="Chrome 32.0.1700 (Mac OS X 10.9.1).mvvm observing"/>
    <testcase name="datasource change event propagates to parent" time="0.001" classname="Chrome 32.0.1700 (Mac OS X 10.9.1).mvvm observing"/>
    <testcase name="change events fire from top to bottom" time="0.001" classname="Chrome 32.0.1700 (Mac OS X 10.9.1).mvvm observing"/>
    <testcase name="change event bubbles to top" time="0.001" classname="Chrome 32.0.1700 (Mac OS X 10.9.1).mvvm observing"/>
    <testcase name="undefined is not wrapped" time="0.001" classname="Chrome 32.0.1700 (Mac OS X 10.9.1).mvvm observing"/>
    <testcase name="widgets are initialized" time="0.001" classname="Chrome 32.0.1700 (Mac OS X 10.9.1).mvvm widgets"/>
    <testcase name="full path widgets are initialized" time="0.001" classname="Chrome 32.0.1700 (Mac OS X 10.9.1).mvvm widgets"/>
    <testcase name="widgets are initialized from multiple namespaces" time="0.001" classname="Chrome 32.0.1700 (Mac OS X 10.9.1).mvvm widgets"/>
    <testcase name="show method adds internal stacking GUID to popup notification" time="0.001" classname="Chrome 32.0.1700 (Mac OS X 10.9.1).api">
      <failure type="">Died on test #1     at /Users/pivanov/Work/kendoui-core/tests/notification/api.js:23:5
    at /Users/pivanov/Work/kendoui-core/tests/notification/api.js:330:3: Object [object Object] has no method &apos;kendoNotification&apos;
TypeError: Object [object Object] has no method &apos;kendoNotification&apos;
    at createNotification (/Users/pivanov/Work/kendoui-core/tests/notification/helper.js:4:81)
    at Object.&lt;anonymous&gt; (/Users/pivanov/Work/kendoui-core/tests/notification/api.js:24:9)
    at Object.Test.run (/Users/pivanov/Work/kendoui-core/node_modules/qunitjs/qunit/qunit.js:203:18)
    at /Users/pivanov/Work/kendoui-core/node_modules/qunitjs/qunit/qunit.js:361:10
    at process (/Users/pivanov/Work/kendoui-core/node_modules/qunitjs/qunit/qunit.js:1451:2)
    at /Users/pivanov/Work/kendoui-core/node_modules/qunitjs/qunit/qunit.js:479:5

</failure>
    </testcase>
    <testcase name="show method adds internal stacking GUID to static notification" time="0.001" classname="Chrome 32.0.1700 (Mac OS X 10.9.1).api">
      <failure type="">Died on test #1     at /Users/pivanov/Work/kendoui-core/tests/notification/api.js:33:5
    at /Users/pivanov/Work/kendoui-core/tests/notification/api.js:330:3: Object [object Object] has no method &apos;kendoNotification&apos;
TypeError: Object [object Object] has no method &apos;kendoNotification&apos;
    at createNotification (/Users/pivanov/Work/kendoui-core/tests/notification/helper.js:4:81)
    at Object.&lt;anonymous&gt; (/Users/pivanov/Work/kendoui-core/tests/notification/api.js:34:9)
    at Object.Test.run (/Users/pivanov/Work/kendoui-core/node_modules/qunitjs/qunit/qunit.js:203:18)
    at /Users/pivanov/Work/kendoui-core/node_modules/qunitjs/qunit/qunit.js:361:10
    at process (/Users/pivanov/Work/kendoui-core/node_modules/qunitjs/qunit/qunit.js:1451:2)
    at /Users/pivanov/Work/kendoui-core/node_modules/qunitjs/qunit/qunit.js:479:5

</failure>
    </testcase>
    <testcase name="show method creates div.k-widget.k-notification element" time="0.001" classname="Chrome 32.0.1700 (Mac OS X 10.9.1).api">
      <failure type="">Died on test #1     at /Users/pivanov/Work/kendoui-core/tests/notification/api.js:45:5
    at /Users/pivanov/Work/kendoui-core/tests/notification/api.js:330:3: Object [object Object] has no method &apos;kendoNotification&apos;
TypeError: Object [object Object] has no method &apos;kendoNotification&apos;
    at createNotification (/Users/pivanov/Work/kendoui-core/tests/notification/helper.js:4:81)
    at Object.&lt;anonymous&gt; (/Users/pivanov/Work/kendoui-core/tests/notification/api.js:46:9)
    at Object.Test.run (/Users/pivanov/Work/kendoui-core/node_modules/qunitjs/qunit/qunit.js:203:18)
    at /Users/pivanov/Work/kendoui-core/node_modules/qunitjs/qunit/qunit.js:361:10
    at process (/Users/pivanov/Work/kendoui-core/node_modules/qunitjs/qunit/qunit.js:1451:2)
    at /Users/pivanov/Work/kendoui-core/node_modules/qunitjs/qunit/qunit.js:479:5

</failure>
    </testcase>
    <testcase name="show method creates a Kendo UI Popup when appendTo is not set" time="0" classname="Chrome 32.0.1700 (Mac OS X 10.9.1).api">
      <failure type="">Died on test #1     at /Users/pivanov/Work/kendoui-core/tests/notification/api.js:53:5
    at /Users/pivanov/Work/kendoui-core/tests/notification/api.js:330:3: Object [object Object] has no method &apos;kendoNotification&apos;
TypeError: Object [object Object] has no method &apos;kendoNotification&apos;
    at createNotification (/Users/pivanov/Work/kendoui-core/tests/notification/helper.js:4:81)
    at Object.&lt;anonymous&gt; (/Users/pivanov/Work/kendoui-core/tests/notification/api.js:54:9)
    at Object.Test.run (/Users/pivanov/Work/kendoui-core/node_modules/qunitjs/qunit/qunit.js:203:18)
    at /Users/pivanov/Work/kendoui-core/node_modules/qunitjs/qunit/qunit.js:361:10
    at process (/Users/pivanov/Work/kendoui-core/node_modules/qunitjs/qunit/qunit.js:1451:2)
    at /Users/pivanov/Work/kendoui-core/node_modules/qunitjs/qunit/qunit.js:479:5

</failure>
    </testcase>
    <testcase name="show method creates a Kendo UI Popup with zero margin" time="0.001" classname="Chrome 32.0.1700 (Mac OS X 10.9.1).api">
      <failure type="">Died on test #1     at /Users/pivanov/Work/kendoui-core/tests/notification/api.js:61:5
    at /Users/pivanov/Work/kendoui-core/tests/notification/api.js:330:3: Object [object Object] has no method &apos;kendoNotification&apos;
TypeError: Object [object Object] has no method &apos;kendoNotification&apos;
    at createNotification (/Users/pivanov/Work/kendoui-core/tests/notification/helper.js:4:81)
    at Object.&lt;anonymous&gt; (/Users/pivanov/Work/kendoui-core/tests/notification/api.js:62:9)
    at Object.Test.run (/Users/pivanov/Work/kendoui-core/node_modules/qunitjs/qunit/qunit.js:203:18)
    at /Users/pivanov/Work/kendoui-core/node_modules/qunitjs/qunit/qunit.js:361:10
    at process (/Users/pivanov/Work/kendoui-core/node_modules/qunitjs/qunit/qunit.js:1451:2)
    at /Users/pivanov/Work/kendoui-core/node_modules/qunitjs/qunit/qunit.js:479:5

</failure>
    </testcase>
    <testcase name="show method creates a Kendo UI Popup with three zero paddings, except top by default" time="0.001" classname="Chrome 32.0.1700 (Mac OS X 10.9.1).api">
      <failure type="">Died on test #1     at /Users/pivanov/Work/kendoui-core/tests/notification/api.js:69:5
    at /Users/pivanov/Work/kendoui-core/tests/notification/api.js:330:3: Object [object Object] has no method &apos;kendoNotification&apos;
TypeError: Object [object Object] has no method &apos;kendoNotification&apos;
    at createNotification (/Users/pivanov/Work/kendoui-core/tests/notification/helper.js:4:81)
    at Object.&lt;anonymous&gt; (/Users/pivanov/Work/kendoui-core/tests/notification/api.js:70:9)
    at Object.Test.run (/Users/pivanov/Work/kendoui-core/node_modules/qunitjs/qunit/qunit.js:203:18)
    at /Users/pivanov/Work/kendoui-core/node_modules/qunitjs/qunit/qunit.js:361:10
    at process (/Users/pivanov/Work/kendoui-core/node_modules/qunitjs/qunit/qunit.js:1451:2)
    at /Users/pivanov/Work/kendoui-core/node_modules/qunitjs/qunit/qunit.js:479:5

</failure>
      <failure type="">Expected 3 assertions, but 1 were run
    at /Users/pivanov/Work/kendoui-core/tests/notification/api.js:69:5
    at /Users/pivanov/Work/kendoui-core/tests/notification/api.js:330:3

</failure>
    </testcase>
    <testcase name="show method creates a Kendo UI Popup with three zero paddings, except top" time="0.001" classname="Chrome 32.0.1700 (Mac OS X 10.9.1).api">
      <failure type="">Died on test #1     at /Users/pivanov/Work/kendoui-core/tests/notification/api.js:79:5
    at /Users/pivanov/Work/kendoui-core/tests/notification/api.js:330:3: Object [object Object] has no method &apos;kendoNotification&apos;
TypeError: Object [object Object] has no method &apos;kendoNotification&apos;
    at createNotification (/Users/pivanov/Work/kendoui-core/tests/notification/helper.js:4:81)
    at Object.&lt;anonymous&gt; (/Users/pivanov/Work/kendoui-core/tests/notification/api.js:80:9)
    at Object.Test.run (/Users/pivanov/Work/kendoui-core/node_modules/qunitjs/qunit/qunit.js:203:18)
    at /Users/pivanov/Work/kendoui-core/node_modules/qunitjs/qunit/qunit.js:361:10
    at process (/Users/pivanov/Work/kendoui-core/node_modules/qunitjs/qunit/qunit.js:1451:2)
    at /Users/pivanov/Work/kendoui-core/node_modules/qunitjs/qunit/qunit.js:479:5

</failure>
      <failure type="">Expected 3 assertions, but 1 were run
    at /Users/pivanov/Work/kendoui-core/tests/notification/api.js:79:5
    at /Users/pivanov/Work/kendoui-core/tests/notification/api.js:330:3

</failure>
    </testcase>
    <testcase name="show method creates a Kendo UI Popup with three zero paddings, except bottom" time="0" classname="Chrome 32.0.1700 (Mac OS X 10.9.1).api">
      <failure type="">Died on test #1     at /Users/pivanov/Work/kendoui-core/tests/notification/api.js:91:5
    at /Users/pivanov/Work/kendoui-core/tests/notification/api.js:330:3: Object [object Object] has no method &apos;kendoNotification&apos;
TypeError: Object [object Object] has no method &apos;kendoNotification&apos;
    at createNotification (/Users/pivanov/Work/kendoui-core/tests/notification/helper.js:4:81)
    at Object.&lt;anonymous&gt; (/Users/pivanov/Work/kendoui-core/tests/notification/api.js:92:9)
    at Object.Test.run (/Users/pivanov/Work/kendoui-core/node_modules/qunitjs/qunit/qunit.js:203:18)
    at /Users/pivanov/Work/kendoui-core/node_modules/qunitjs/qunit/qunit.js:361:10
    at process (/Users/pivanov/Work/kendoui-core/node_modules/qunitjs/qunit/qunit.js:1451:2)
    at /Users/pivanov/Work/kendoui-core/node_modules/qunitjs/qunit/qunit.js:479:5

</failure>
      <failure type="">Expected 3 assertions, but 1 were run
    at /Users/pivanov/Work/kendoui-core/tests/notification/api.js:91:5
    at /Users/pivanov/Work/kendoui-core/tests/notification/api.js:330:3

</failure>
    </testcase>
    <testcase name="show method creates a Kendo UI Popup with three zero paddings, except left" time="0.001" classname="Chrome 32.0.1700 (Mac OS X 10.9.1).api">
      <failure type="">Died on test #1     at /Users/pivanov/Work/kendoui-core/tests/notification/api.js:103:5
    at /Users/pivanov/Work/kendoui-core/tests/notification/api.js:330:3: Object [object Object] has no method &apos;kendoNotification&apos;
TypeError: Object [object Object] has no method &apos;kendoNotification&apos;
    at createNotification (/Users/pivanov/Work/kendoui-core/tests/notification/helper.js:4:81)
    at Object.&lt;anonymous&gt; (/Users/pivanov/Work/kendoui-core/tests/notification/api.js:104:9)
    at Object.Test.run (/Users/pivanov/Work/kendoui-core/node_modules/qunitjs/qunit/qunit.js:203:18)
    at /Users/pivanov/Work/kendoui-core/node_modules/qunitjs/qunit/qunit.js:361:10
    at process (/Users/pivanov/Work/kendoui-core/node_modules/qunitjs/qunit/qunit.js:1451:2)
    at /Users/pivanov/Work/kendoui-core/node_modules/qunitjs/qunit/qunit.js:479:5

</failure>
      <failure type="">Expected 3 assertions, but 1 were run
    at /Users/pivanov/Work/kendoui-core/tests/notification/api.js:103:5
    at /Users/pivanov/Work/kendoui-core/tests/notification/api.js:330:3

</failure>
    </testcase>
    <testcase name="show method creates a Kendo UI Popup with three zero paddings, except right" time="0.001" classname="Chrome 32.0.1700 (Mac OS X 10.9.1).api">
      <failure type="">Died on test #1     at /Users/pivanov/Work/kendoui-core/tests/notification/api.js:115:5
    at /Users/pivanov/Work/kendoui-core/tests/notification/api.js:330:3: Object [object Object] has no method &apos;kendoNotification&apos;
TypeError: Object [object Object] has no method &apos;kendoNotification&apos;
    at createNotification (/Users/pivanov/Work/kendoui-core/tests/notification/helper.js:4:81)
    at Object.&lt;anonymous&gt; (/Users/pivanov/Work/kendoui-core/tests/notification/api.js:116:9)
    at Object.Test.run (/Users/pivanov/Work/kendoui-core/node_modules/qunitjs/qunit/qunit.js:203:18)
    at /Users/pivanov/Work/kendoui-core/node_modules/qunitjs/qunit/qunit.js:361:10
    at process (/Users/pivanov/Work/kendoui-core/node_modules/qunitjs/qunit/qunit.js:1451:2)
    at /Users/pivanov/Work/kendoui-core/node_modules/qunitjs/qunit/qunit.js:479:5

</failure>
      <failure type="">Expected 3 assertions, but 1 were run
    at /Users/pivanov/Work/kendoui-core/tests/notification/api.js:115:5
    at /Users/pivanov/Work/kendoui-core/tests/notification/api.js:330:3

</failure>
    </testcase>
    <testcase name="show method does not create a Kendo UI Popup when appendTo is set" time="0.001" classname="Chrome 32.0.1700 (Mac OS X 10.9.1).api">
      <failure type="">Died on test #1     at /Users/pivanov/Work/kendoui-core/tests/notification/api.js:127:5
    at /Users/pivanov/Work/kendoui-core/tests/notification/api.js:330:3: Object [object Object] has no method &apos;kendoNotification&apos;
TypeError: Object [object Object] has no method &apos;kendoNotification&apos;
    at createNotification (/Users/pivanov/Work/kendoui-core/tests/notification/helper.js:4:81)
    at Object.&lt;anonymous&gt; (/Users/pivanov/Work/kendoui-core/tests/notification/api.js:128:9)
    at Object.Test.run (/Users/pivanov/Work/kendoui-core/node_modules/qunitjs/qunit/qunit.js:203:18)
    at /Users/pivanov/Work/kendoui-core/node_modules/qunitjs/qunit/qunit.js:361:10
    at process (/Users/pivanov/Work/kendoui-core/node_modules/qunitjs/qunit/qunit.js:1451:2)
    at /Users/pivanov/Work/kendoui-core/node_modules/qunitjs/qunit/qunit.js:479:5

</failure>
    </testcase>
    <testcase name="show method ignores empty content" time="0.001" classname="Chrome 32.0.1700 (Mac OS X 10.9.1).api">
      <failure type="">Died on test #1     at /Users/pivanov/Work/kendoui-core/tests/notification/api.js:140:5
    at /Users/pivanov/Work/kendoui-core/tests/notification/api.js:330:3: Object [object Object] has no method &apos;kendoNotification&apos;
TypeError: Object [object Object] has no method &apos;kendoNotification&apos;
    at createNotification (/Users/pivanov/Work/kendoui-core/tests/notification/helper.js:4:81)
    at Object.&lt;anonymous&gt; (/Users/pivanov/Work/kendoui-core/tests/notification/api.js:141:9)
    at Object.Test.run (/Users/pivanov/Work/kendoui-core/node_modules/qunitjs/qunit/qunit.js:203:18)
    at /Users/pivanov/Work/kendoui-core/node_modules/qunitjs/qunit/qunit.js:361:10
    at process (/Users/pivanov/Work/kendoui-core/node_modules/qunitjs/qunit/qunit.js:1451:2)
    at /Users/pivanov/Work/kendoui-core/node_modules/qunitjs/qunit/qunit.js:479:5

</failure>
    </testcase>
    <testcase name="show method supports empty object as content" time="0" classname="Chrome 32.0.1700 (Mac OS X 10.9.1).api">
      <failure type="">Died on test #1     at /Users/pivanov/Work/kendoui-core/tests/notification/api.js:150:5
    at /Users/pivanov/Work/kendoui-core/tests/notification/api.js:330:3: Object [object Object] has no method &apos;kendoNotification&apos;
TypeError: Object [object Object] has no method &apos;kendoNotification&apos;
    at createNotification (/Users/pivanov/Work/kendoui-core/tests/notification/helper.js:4:81)
    at Object.&lt;anonymous&gt; (/Users/pivanov/Work/kendoui-core/tests/notification/api.js:151:9)
    at Object.Test.run (/Users/pivanov/Work/kendoui-core/node_modules/qunitjs/qunit/qunit.js:203:18)
    at /Users/pivanov/Work/kendoui-core/node_modules/qunitjs/qunit/qunit.js:361:10
    at process (/Users/pivanov/Work/kendoui-core/node_modules/qunitjs/qunit/qunit.js:1451:2)
    at /Users/pivanov/Work/kendoui-core/node_modules/qunitjs/qunit/qunit.js:479:5

</failure>
    </testcase>
    <testcase name="show method renders passed string content" time="0.001" classname="Chrome 32.0.1700 (Mac OS X 10.9.1).api">
      <failure type="">Died on test #1     at /Users/pivanov/Work/kendoui-core/tests/notification/api.js:158:5
    at /Users/pivanov/Work/kendoui-core/tests/notification/api.js:330:3: Object [object Object] has no method &apos;kendoNotification&apos;
TypeError: Object [object Object] has no method &apos;kendoNotification&apos;
    at createNotification (/Users/pivanov/Work/kendoui-core/tests/notification/helper.js:4:81)
    at Object.&lt;anonymous&gt; (/Users/pivanov/Work/kendoui-core/tests/notification/api.js:159:9)
    at Object.Test.run (/Users/pivanov/Work/kendoui-core/node_modules/qunitjs/qunit/qunit.js:203:18)
    at /Users/pivanov/Work/kendoui-core/node_modules/qunitjs/qunit/qunit.js:361:10
    at process (/Users/pivanov/Work/kendoui-core/node_modules/qunitjs/qunit/qunit.js:1451:2)
    at /Users/pivanov/Work/kendoui-core/node_modules/qunitjs/qunit/qunit.js:479:5

</failure>
    </testcase>
    <testcase name="show method renders passed object content" time="0.001" classname="Chrome 32.0.1700 (Mac OS X 10.9.1).api">
      <failure type="">Died on test #1     at /Users/pivanov/Work/kendoui-core/tests/notification/api.js:166:5
    at /Users/pivanov/Work/kendoui-core/tests/notification/api.js:330:3: Object [object Object] has no method &apos;kendoNotification&apos;
TypeError: Object [object Object] has no method &apos;kendoNotification&apos;
    at createNotification (/Users/pivanov/Work/kendoui-core/tests/notification/helper.js:4:81)
    at Object.&lt;anonymous&gt; (/Users/pivanov/Work/kendoui-core/tests/notification/api.js:167:9)
    at Object.Test.run (/Users/pivanov/Work/kendoui-core/node_modules/qunitjs/qunit/qunit.js:203:18)
    at /Users/pivanov/Work/kendoui-core/node_modules/qunitjs/qunit/qunit.js:361:10
    at process (/Users/pivanov/Work/kendoui-core/node_modules/qunitjs/qunit/qunit.js:1451:2)
    at /Users/pivanov/Work/kendoui-core/node_modules/qunitjs/qunit/qunit.js:479:5

</failure>
    </testcase>
    <testcase name="show method renders passed function content" time="0.001" classname="Chrome 32.0.1700 (Mac OS X 10.9.1).api">
      <failure type="">Died on test #1     at /Users/pivanov/Work/kendoui-core/tests/notification/api.js:178:5
    at /Users/pivanov/Work/kendoui-core/tests/notification/api.js:330:3: Object [object Object] has no method &apos;kendoNotification&apos;
TypeError: Object [object Object] has no method &apos;kendoNotification&apos;
    at createNotification (/Users/pivanov/Work/kendoui-core/tests/notification/helper.js:4:81)
    at Object.&lt;anonymous&gt; (/Users/pivanov/Work/kendoui-core/tests/notification/api.js:179:9)
    at Object.Test.run (/Users/pivanov/Work/kendoui-core/node_modules/qunitjs/qunit/qunit.js:203:18)
    at /Users/pivanov/Work/kendoui-core/node_modules/qunitjs/qunit/qunit.js:361:10
    at process (/Users/pivanov/Work/kendoui-core/node_modules/qunitjs/qunit/qunit.js:1451:2)
    at /Users/pivanov/Work/kendoui-core/node_modules/qunitjs/qunit/qunit.js:479:5

</failure>
    </testcase>
    <testcase name="show method renders passed function object content" time="0" classname="Chrome 32.0.1700 (Mac OS X 10.9.1).api">
      <failure type="">Died on test #1     at /Users/pivanov/Work/kendoui-core/tests/notification/api.js:190:5
    at /Users/pivanov/Work/kendoui-core/tests/notification/api.js:330:3: Object [object Object] has no method &apos;kendoNotification&apos;
TypeError: Object [object Object] has no method &apos;kendoNotification&apos;
    at createNotification (/Users/pivanov/Work/kendoui-core/tests/notification/helper.js:4:81)
    at Object.&lt;anonymous&gt; (/Users/pivanov/Work/kendoui-core/tests/notification/api.js:191:9)
    at Object.Test.run (/Users/pivanov/Work/kendoui-core/node_modules/qunitjs/qunit/qunit.js:203:18)
    at /Users/pivanov/Work/kendoui-core/node_modules/qunitjs/qunit/qunit.js:361:10
    at process (/Users/pivanov/Work/kendoui-core/node_modules/qunitjs/qunit/qunit.js:1451:2)
    at /Users/pivanov/Work/kendoui-core/node_modules/qunitjs/qunit/qunit.js:479:5

</failure>
    </testcase>
    <testcase name="show method adds notification type CSS class to popup and text to note icon" time="0.001" classname="Chrome 32.0.1700 (Mac OS X 10.9.1).api">
      <failure type="">Died on test #1     at /Users/pivanov/Work/kendoui-core/tests/notification/api.js:204:5
    at /Users/pivanov/Work/kendoui-core/tests/notification/api.js:330:3: Object [object Object] has no method &apos;kendoNotification&apos;
TypeError: Object [object Object] has no method &apos;kendoNotification&apos;
    at createNotification (/Users/pivanov/Work/kendoui-core/tests/notification/helper.js:4:81)
    at Object.&lt;anonymous&gt; (/Users/pivanov/Work/kendoui-core/tests/notification/api.js:205:9)
    at Object.Test.run (/Users/pivanov/Work/kendoui-core/node_modules/qunitjs/qunit/qunit.js:203:18)
    at /Users/pivanov/Work/kendoui-core/node_modules/qunitjs/qunit/qunit.js:361:10
    at process (/Users/pivanov/Work/kendoui-core/node_modules/qunitjs/qunit/qunit.js:1451:2)
    at /Users/pivanov/Work/kendoui-core/node_modules/qunitjs/qunit/qunit.js:479:5

</failure>
      <failure type="">Expected 2 assertions, but 1 were run
    at /Users/pivanov/Work/kendoui-core/tests/notification/api.js:204:5
    at /Users/pivanov/Work/kendoui-core/tests/notification/api.js:330:3

</failure>
    </testcase>
    <testcase name="show method adds notification type CSS class to static element and text to note icon" time="0.001" classname="Chrome 32.0.1700 (Mac OS X 10.9.1).api">
      <failure type="">Died on test #1     at /Users/pivanov/Work/kendoui-core/tests/notification/api.js:215:5
    at /Users/pivanov/Work/kendoui-core/tests/notification/api.js:330:3: Object [object Object] has no method &apos;kendoNotification&apos;
TypeError: Object [object Object] has no method &apos;kendoNotification&apos;
    at createNotification (/Users/pivanov/Work/kendoui-core/tests/notification/helper.js:4:81)
    at Object.&lt;anonymous&gt; (/Users/pivanov/Work/kendoui-core/tests/notification/api.js:216:9)
    at Object.Test.run (/Users/pivanov/Work/kendoui-core/node_modules/qunitjs/qunit/qunit.js:203:18)
    at /Users/pivanov/Work/kendoui-core/node_modules/qunitjs/qunit/qunit.js:361:10
    at process (/Users/pivanov/Work/kendoui-core/node_modules/qunitjs/qunit/qunit.js:1451:2)
    at /Users/pivanov/Work/kendoui-core/node_modules/qunitjs/qunit/qunit.js:479:5

</failure>
      <failure type="">Expected 2 assertions, but 1 were run
    at /Users/pivanov/Work/kendoui-core/tests/notification/api.js:215:5
    at /Users/pivanov/Work/kendoui-core/tests/notification/api.js:330:3

</failure>
    </testcase>
    <testcase name="shortcut show methods call show method with appropriate arguments" time="0.001" classname="Chrome 32.0.1700 (Mac OS X 10.9.1).api">
      <failure type="">Died on test #1     at /Users/pivanov/Work/kendoui-core/tests/notification/api.js:228:5
    at /Users/pivanov/Work/kendoui-core/tests/notification/api.js:330:3: Object [object Object] has no method &apos;kendoNotification&apos;
TypeError: Object [object Object] has no method &apos;kendoNotification&apos;
    at createNotification (/Users/pivanov/Work/kendoui-core/tests/notification/helper.js:4:81)
    at Object.&lt;anonymous&gt; (/Users/pivanov/Work/kendoui-core/tests/notification/api.js:233:9)
    at Object.Test.run (/Users/pivanov/Work/kendoui-core/node_modules/qunitjs/qunit/qunit.js:203:18)
    at /Users/pivanov/Work/kendoui-core/node_modules/qunitjs/qunit/qunit.js:361:10
    at process (/Users/pivanov/Work/kendoui-core/node_modules/qunitjs/qunit/qunit.js:1451:2)
    at /Users/pivanov/Work/kendoui-core/node_modules/qunitjs/qunit/qunit.js:479:5

</failure>
      <failure type="">Expected 8 assertions, but 1 were run
    at /Users/pivanov/Work/kendoui-core/tests/notification/api.js:228:5
    at /Users/pivanov/Work/kendoui-core/tests/notification/api.js:330:3

</failure>
    </testcase>
    <testcase name="hide method hides all popup notifications" time="0.001" classname="Chrome 32.0.1700 (Mac OS X 10.9.1).api">
      <failure type="">Died on test #1     at /Users/pivanov/Work/kendoui-core/tests/notification/api.js:248:5
    at /Users/pivanov/Work/kendoui-core/tests/notification/api.js:330:3: Object [object Object] has no method &apos;kendoNotification&apos;
TypeError: Object [object Object] has no method &apos;kendoNotification&apos;
    at createNotification (/Users/pivanov/Work/kendoui-core/tests/notification/helper.js:4:81)
    at Object.&lt;anonymous&gt; (/Users/pivanov/Work/kendoui-core/tests/notification/api.js:249:9)
    at Object.Test.run (/Users/pivanov/Work/kendoui-core/node_modules/qunitjs/qunit/qunit.js:203:18)
    at /Users/pivanov/Work/kendoui-core/node_modules/qunitjs/qunit/qunit.js:361:10
    at process (/Users/pivanov/Work/kendoui-core/node_modules/qunitjs/qunit/qunit.js:1451:2)
    at /Users/pivanov/Work/kendoui-core/node_modules/qunitjs/qunit/qunit.js:479:5

</failure>
    </testcase>
    <testcase name="hide method hides all static notifications" time="0" classname="Chrome 32.0.1700 (Mac OS X 10.9.1).api">
      <failure type="">Died on test #1     at /Users/pivanov/Work/kendoui-core/tests/notification/api.js:262:5
    at /Users/pivanov/Work/kendoui-core/tests/notification/api.js:330:3: Object [object Object] has no method &apos;kendoNotification&apos;
TypeError: Object [object Object] has no method &apos;kendoNotification&apos;
    at createNotification (/Users/pivanov/Work/kendoui-core/tests/notification/helper.js:4:81)
    at Object.&lt;anonymous&gt; (/Users/pivanov/Work/kendoui-core/tests/notification/api.js:263:9)
    at Object.Test.run (/Users/pivanov/Work/kendoui-core/node_modules/qunitjs/qunit/qunit.js:203:18)
    at /Users/pivanov/Work/kendoui-core/node_modules/qunitjs/qunit/qunit.js:361:10
    at process (/Users/pivanov/Work/kendoui-core/node_modules/qunitjs/qunit/qunit.js:1451:2)
    at /Users/pivanov/Work/kendoui-core/node_modules/qunitjs/qunit/qunit.js:479:5

</failure>
    </testcase>
    <testcase name="setOptions updates popup stacking settings" time="0.001" classname="Chrome 32.0.1700 (Mac OS X 10.9.1).api">
      <failure type="">Died on test #1     at /Users/pivanov/Work/kendoui-core/tests/notification/api.js:277:5
    at /Users/pivanov/Work/kendoui-core/tests/notification/api.js:330:3: Object [object Object] has no method &apos;kendoNotification&apos;
TypeError: Object [object Object] has no method &apos;kendoNotification&apos;
    at createNotification (/Users/pivanov/Work/kendoui-core/tests/notification/helper.js:4:81)
    at Object.&lt;anonymous&gt; (/Users/pivanov/Work/kendoui-core/tests/notification/api.js:278:9)
    at Object.Test.run (/Users/pivanov/Work/kendoui-core/node_modules/qunitjs/qunit/qunit.js:203:18)
    at /Users/pivanov/Work/kendoui-core/node_modules/qunitjs/qunit/qunit.js:361:10
    at process (/Users/pivanov/Work/kendoui-core/node_modules/qunitjs/qunit/qunit.js:1451:2)
    at /Users/pivanov/Work/kendoui-core/node_modules/qunitjs/qunit/qunit.js:479:5

</failure>
      <failure type="">Expected 3 assertions, but 1 were run
    at /Users/pivanov/Work/kendoui-core/tests/notification/api.js:277:5
    at /Users/pivanov/Work/kendoui-core/tests/notification/api.js:330:3

</failure>
    </testcase>
    <testcase name="setOptions recompiles templates" time="0.001" classname="Chrome 32.0.1700 (Mac OS X 10.9.1).api">
      <failure type="">Died on test #1     at /Users/pivanov/Work/kendoui-core/tests/notification/api.js:291:5
    at /Users/pivanov/Work/kendoui-core/tests/notification/api.js:330:3: Object [object Object] has no method &apos;kendoNotification&apos;
TypeError: Object [object Object] has no method &apos;kendoNotification&apos;
    at createNotification (/Users/pivanov/Work/kendoui-core/tests/notification/helper.js:4:81)
    at Object.&lt;anonymous&gt; (/Users/pivanov/Work/kendoui-core/tests/notification/api.js:292:9)
    at Object.Test.run (/Users/pivanov/Work/kendoui-core/node_modules/qunitjs/qunit/qunit.js:203:18)
    at /Users/pivanov/Work/kendoui-core/node_modules/qunitjs/qunit/qunit.js:361:10
    at process (/Users/pivanov/Work/kendoui-core/node_modules/qunitjs/qunit/qunit.js:1451:2)
    at /Users/pivanov/Work/kendoui-core/node_modules/qunitjs/qunit/qunit.js:479:5

</failure>
    </testcase>
    <testcase name="getNotifications returns open popup notifications" time="0" classname="Chrome 32.0.1700 (Mac OS X 10.9.1).api">
      <failure type="">Died on test #1     at /Users/pivanov/Work/kendoui-core/tests/notification/api.js:307:5
    at /Users/pivanov/Work/kendoui-core/tests/notification/api.js:330:3: Object [object Object] has no method &apos;kendoNotification&apos;
TypeError: Object [object Object] has no method &apos;kendoNotification&apos;
    at createNotification (/Users/pivanov/Work/kendoui-core/tests/notification/helper.js:4:81)
    at Object.&lt;anonymous&gt; (/Users/pivanov/Work/kendoui-core/tests/notification/api.js:308:9)
    at Object.Test.run (/Users/pivanov/Work/kendoui-core/node_modules/qunitjs/qunit/qunit.js:203:18)
    at /Users/pivanov/Work/kendoui-core/node_modules/qunitjs/qunit/qunit.js:361:10
    at process (/Users/pivanov/Work/kendoui-core/node_modules/qunitjs/qunit/qunit.js:1451:2)
    at /Users/pivanov/Work/kendoui-core/node_modules/qunitjs/qunit/qunit.js:479:5

</failure>
    </testcase>
    <testcase name="getNotifications returns open static notifications" time="0.001" classname="Chrome 32.0.1700 (Mac OS X 10.9.1).api">
      <failure type="">Died on test #1     at /Users/pivanov/Work/kendoui-core/tests/notification/api.js:318:5
    at /Users/pivanov/Work/kendoui-core/tests/notification/api.js:330:3: Object [object Object] has no method &apos;kendoNotification&apos;
TypeError: Object [object Object] has no method &apos;kendoNotification&apos;
    at createNotification (/Users/pivanov/Work/kendoui-core/tests/notification/helper.js:4:81)
    at Object.&lt;anonymous&gt; (/Users/pivanov/Work/kendoui-core/tests/notification/api.js:319:9)
    at Object.Test.run (/Users/pivanov/Work/kendoui-core/node_modules/qunitjs/qunit/qunit.js:203:18)
    at /Users/pivanov/Work/kendoui-core/node_modules/qunitjs/qunit/qunit.js:361:10
    at process (/Users/pivanov/Work/kendoui-core/node_modules/qunitjs/qunit/qunit.js:1451:2)
    at /Users/pivanov/Work/kendoui-core/node_modules/qunitjs/qunit/qunit.js:479:5

</failure>
    </testcase>
    <testcase name="show method triggers show event with popup element as argument" time="0.001" classname="Chrome 32.0.1700 (Mac OS X 10.9.1).events">
      <failure type="">Died on test #1     at /Users/pivanov/Work/kendoui-core/tests/notification/events.js:23:5
    at /Users/pivanov/Work/kendoui-core/tests/notification/events.js:97:3: Object [object Object] has no method &apos;kendoNotification&apos;
TypeError: Object [object Object] has no method &apos;kendoNotification&apos;
    at createNotification (/Users/pivanov/Work/kendoui-core/tests/notification/helper.js:4:81)
    at Object.&lt;anonymous&gt; (/Users/pivanov/Work/kendoui-core/tests/notification/events.js:27:9)
    at Object.Test.run (/Users/pivanov/Work/kendoui-core/node_modules/qunitjs/qunit/qunit.js:203:18)
    at /Users/pivanov/Work/kendoui-core/node_modules/qunitjs/qunit/qunit.js:361:10
    at process (/Users/pivanov/Work/kendoui-core/node_modules/qunitjs/qunit/qunit.js:1451:2)
    at /Users/pivanov/Work/kendoui-core/node_modules/qunitjs/qunit/qunit.js:479:5

</failure>
      <failure type="">Expected 2 assertions, but 1 were run
    at /Users/pivanov/Work/kendoui-core/tests/notification/events.js:23:5
    at /Users/pivanov/Work/kendoui-core/tests/notification/events.js:97:3

</failure>
    </testcase>
    <testcase name="show method triggers show event with static element as argument" time="0.001" classname="Chrome 32.0.1700 (Mac OS X 10.9.1).events">
      <failure type="">Died on test #1     at /Users/pivanov/Work/kendoui-core/tests/notification/events.js:40:5
    at /Users/pivanov/Work/kendoui-core/tests/notification/events.js:97:3: Object [object Object] has no method &apos;kendoNotification&apos;
TypeError: Object [object Object] has no method &apos;kendoNotification&apos;
    at createNotification (/Users/pivanov/Work/kendoui-core/tests/notification/helper.js:4:81)
    at Object.&lt;anonymous&gt; (/Users/pivanov/Work/kendoui-core/tests/notification/events.js:44:9)
    at Object.Test.run (/Users/pivanov/Work/kendoui-core/node_modules/qunitjs/qunit/qunit.js:203:18)
    at /Users/pivanov/Work/kendoui-core/node_modules/qunitjs/qunit/qunit.js:361:10
    at process (/Users/pivanov/Work/kendoui-core/node_modules/qunitjs/qunit/qunit.js:1451:2)
    at /Users/pivanov/Work/kendoui-core/node_modules/qunitjs/qunit/qunit.js:479:5

</failure>
      <failure type="">Expected 2 assertions, but 1 were run
    at /Users/pivanov/Work/kendoui-core/tests/notification/events.js:40:5
    at /Users/pivanov/Work/kendoui-core/tests/notification/events.js:97:3

</failure>
    </testcase>
    <testcase name="notification hide triggers hide event with popup element as argument" time="0" classname="Chrome 32.0.1700 (Mac OS X 10.9.1).events">
      <failure type="">Died on test #1     at /Users/pivanov/Work/kendoui-core/tests/notification/events.js:58:5
    at /Users/pivanov/Work/kendoui-core/tests/notification/events.js:97:3: Object [object Object] has no method &apos;kendoNotification&apos;
TypeError: Object [object Object] has no method &apos;kendoNotification&apos;
    at createNotification (/Users/pivanov/Work/kendoui-core/tests/notification/helper.js:4:81)
    at Object.&lt;anonymous&gt; (/Users/pivanov/Work/kendoui-core/tests/notification/events.js:62:9)
    at Object.Test.run (/Users/pivanov/Work/kendoui-core/node_modules/qunitjs/qunit/qunit.js:203:18)
    at /Users/pivanov/Work/kendoui-core/node_modules/qunitjs/qunit/qunit.js:361:10
    at process (/Users/pivanov/Work/kendoui-core/node_modules/qunitjs/qunit/qunit.js:1451:2)
    at /Users/pivanov/Work/kendoui-core/node_modules/qunitjs/qunit/qunit.js:479:5

</failure>
      <failure type="">Expected 2 assertions, but 1 were run
    at /Users/pivanov/Work/kendoui-core/tests/notification/events.js:58:5
    at /Users/pivanov/Work/kendoui-core/tests/notification/events.js:97:3

</failure>
    </testcase>
    <testcase name="notification hide triggers hide event with static element as argument" time="0.001" classname="Chrome 32.0.1700 (Mac OS X 10.9.1).events">
      <failure type="">Died on test #1     at /Users/pivanov/Work/kendoui-core/tests/notification/events.js:77:5
    at /Users/pivanov/Work/kendoui-core/tests/notification/events.js:97:3: Object [object Object] has no method &apos;kendoNotification&apos;
TypeError: Object [object Object] has no method &apos;kendoNotification&apos;
    at createNotification (/Users/pivanov/Work/kendoui-core/tests/notification/helper.js:4:81)
    at Object.&lt;anonymous&gt; (/Users/pivanov/Work/kendoui-core/tests/notification/events.js:81:9)
    at Object.Test.run (/Users/pivanov/Work/kendoui-core/node_modules/qunitjs/qunit/qunit.js:203:18)
    at /Users/pivanov/Work/kendoui-core/node_modules/qunitjs/qunit/qunit.js:361:10
    at process (/Users/pivanov/Work/kendoui-core/node_modules/qunitjs/qunit/qunit.js:1451:2)
    at /Users/pivanov/Work/kendoui-core/node_modules/qunitjs/qunit/qunit.js:479:5

</failure>
      <failure type="">Expected 2 assertions, but 1 were run
    at /Users/pivanov/Work/kendoui-core/tests/notification/events.js:77:5
    at /Users/pivanov/Work/kendoui-core/tests/notification/events.js:97:3

</failure>
    </testcase>
    <testcase name="initialization creates an internal GUID" time="0.001" classname="Chrome 32.0.1700 (Mac OS X 10.9.1).initialization">
      <failure type="">Died on test #1     at /Users/pivanov/Work/kendoui-core/tests/notification/initialization.js:22:5
    at /Users/pivanov/Work/kendoui-core/tests/notification/initialization.js:677:3: Object [object Object] has no method &apos;kendoNotification&apos;
TypeError: Object [object Object] has no method &apos;kendoNotification&apos;
    at createNotification (/Users/pivanov/Work/kendoui-core/tests/notification/helper.js:4:81)
    at Object.&lt;anonymous&gt; (/Users/pivanov/Work/kendoui-core/tests/notification/initialization.js:23:9)
    at Object.Test.run (/Users/pivanov/Work/kendoui-core/node_modules/qunitjs/qunit/qunit.js:203:18)
    at /Users/pivanov/Work/kendoui-core/node_modules/qunitjs/qunit/qunit.js:361:10
    at process (/Users/pivanov/Work/kendoui-core/node_modules/qunitjs/qunit/qunit.js:1451:2)
    at /Users/pivanov/Work/kendoui-core/node_modules/qunitjs/qunit/qunit.js:479:5

</failure>
      <failure type="">Expected 3 assertions, but 1 were run
    at /Users/pivanov/Work/kendoui-core/tests/notification/initialization.js:22:5
    at /Users/pivanov/Work/kendoui-core/tests/notification/initialization.js:677:3

</failure>
    </testcase>
    <testcase name="initialization compiles popup stacking settings" time="0.001" classname="Chrome 32.0.1700 (Mac OS X 10.9.1).initialization">
      <failure type="">Died on test #1     at /Users/pivanov/Work/kendoui-core/tests/notification/initialization.js:32:5
    at /Users/pivanov/Work/kendoui-core/tests/notification/initialization.js:677:3: Object [object Object] has no method &apos;kendoNotification&apos;
TypeError: Object [object Object] has no method &apos;kendoNotification&apos;
    at createNotification (/Users/pivanov/Work/kendoui-core/tests/notification/helper.js:4:81)
    at Object.&lt;anonymous&gt; (/Users/pivanov/Work/kendoui-core/tests/notification/initialization.js:33:9)
    at Object.Test.run (/Users/pivanov/Work/kendoui-core/node_modules/qunitjs/qunit/qunit.js:203:18)
    at /Users/pivanov/Work/kendoui-core/node_modules/qunitjs/qunit/qunit.js:361:10
    at process (/Users/pivanov/Work/kendoui-core/node_modules/qunitjs/qunit/qunit.js:1451:2)
    at /Users/pivanov/Work/kendoui-core/node_modules/qunitjs/qunit/qunit.js:479:5

</failure>
      <failure type="">Expected 4 assertions, but 1 were run
    at /Users/pivanov/Work/kendoui-core/tests/notification/initialization.js:32:5
    at /Users/pivanov/Work/kendoui-core/tests/notification/initialization.js:677:3

</failure>
    </testcase>
    <testcase name="initialization compiles popup padding settings" time="0" classname="Chrome 32.0.1700 (Mac OS X 10.9.1).initialization">
      <failure type="">Died on test #1     at /Users/pivanov/Work/kendoui-core/tests/notification/initialization.js:45:5
    at /Users/pivanov/Work/kendoui-core/tests/notification/initialization.js:677:3: Object [object Object] has no method &apos;kendoNotification&apos;
TypeError: Object [object Object] has no method &apos;kendoNotification&apos;
    at createNotification (/Users/pivanov/Work/kendoui-core/tests/notification/helper.js:4:81)
    at Object.&lt;anonymous&gt; (/Users/pivanov/Work/kendoui-core/tests/notification/initialization.js:46:9)
    at Object.Test.run (/Users/pivanov/Work/kendoui-core/node_modules/qunitjs/qunit/qunit.js:203:18)
    at /Users/pivanov/Work/kendoui-core/node_modules/qunitjs/qunit/qunit.js:361:10
    at process (/Users/pivanov/Work/kendoui-core/node_modules/qunitjs/qunit/qunit.js:1451:2)
    at /Users/pivanov/Work/kendoui-core/node_modules/qunitjs/qunit/qunit.js:479:5

</failure>
      <failure type="">Expected 4 assertions, but 1 were run
    at /Users/pivanov/Work/kendoui-core/tests/notification/initialization.js:45:5
    at /Users/pivanov/Work/kendoui-core/tests/notification/initialization.js:677:3

</failure>
    </testcase>
    <testcase name="up stacking removes top popup padding" time="0.001" classname="Chrome 32.0.1700 (Mac OS X 10.9.1).initialization">
      <failure type="">Died on test #1     at /Users/pivanov/Work/kendoui-core/tests/notification/initialization.js:68:5
    at /Users/pivanov/Work/kendoui-core/tests/notification/initialization.js:677:3: Object [object Object] has no method &apos;kendoNotification&apos;
TypeError: Object [object Object] has no method &apos;kendoNotification&apos;
    at createNotification (/Users/pivanov/Work/kendoui-core/tests/notification/helper.js:4:81)
    at Object.&lt;anonymous&gt; (/Users/pivanov/Work/kendoui-core/tests/notification/initialization.js:69:9)
    at Object.Test.run (/Users/pivanov/Work/kendoui-core/node_modules/qunitjs/qunit/qunit.js:203:18)
    at /Users/pivanov/Work/kendoui-core/node_modules/qunitjs/qunit/qunit.js:361:10
    at process (/Users/pivanov/Work/kendoui-core/node_modules/qunitjs/qunit/qunit.js:1451:2)
    at /Users/pivanov/Work/kendoui-core/node_modules/qunitjs/qunit/qunit.js:479:5

</failure>
    </testcase>
    <testcase name="down stacking removes bottom popup padding" time="0.001" classname="Chrome 32.0.1700 (Mac OS X 10.9.1).initialization">
      <failure type="">Died on test #1     at /Users/pivanov/Work/kendoui-core/tests/notification/initialization.js:78:5
    at /Users/pivanov/Work/kendoui-core/tests/notification/initialization.js:677:3: Object [object Object] has no method &apos;kendoNotification&apos;
TypeError: Object [object Object] has no method &apos;kendoNotification&apos;
    at createNotification (/Users/pivanov/Work/kendoui-core/tests/notification/helper.js:4:81)
    at Object.&lt;anonymous&gt; (/Users/pivanov/Work/kendoui-core/tests/notification/initialization.js:79:9)
    at Object.Test.run (/Users/pivanov/Work/kendoui-core/node_modules/qunitjs/qunit/qunit.js:203:18)
    at /Users/pivanov/Work/kendoui-core/node_modules/qunitjs/qunit/qunit.js:361:10
    at process (/Users/pivanov/Work/kendoui-core/node_modules/qunitjs/qunit/qunit.js:1451:2)
    at /Users/pivanov/Work/kendoui-core/node_modules/qunitjs/qunit/qunit.js:479:5

</failure>
    </testcase>
    <testcase name="right stacking removes right popup padding" time="0" classname="Chrome 32.0.1700 (Mac OS X 10.9.1).initialization">
      <failure type="">Died on test #1     at /Users/pivanov/Work/kendoui-core/tests/notification/initialization.js:88:5
    at /Users/pivanov/Work/kendoui-core/tests/notification/initialization.js:677:3: Object [object Object] has no method &apos;kendoNotification&apos;
TypeError: Object [object Object] has no method &apos;kendoNotification&apos;
    at createNotification (/Users/pivanov/Work/kendoui-core/tests/notification/helper.js:4:81)
    at Object.&lt;anonymous&gt; (/Users/pivanov/Work/kendoui-core/tests/notification/initialization.js:89:9)
    at Object.Test.run (/Users/pivanov/Work/kendoui-core/node_modules/qunitjs/qunit/qunit.js:203:18)
    at /Users/pivanov/Work/kendoui-core/node_modules/qunitjs/qunit/qunit.js:361:10
    at process (/Users/pivanov/Work/kendoui-core/node_modules/qunitjs/qunit/qunit.js:1451:2)
    at /Users/pivanov/Work/kendoui-core/node_modules/qunitjs/qunit/qunit.js:479:5

</failure>
    </testcase>
    <testcase name="left stacking removes right popup padding" time="0.001" classname="Chrome 32.0.1700 (Mac OS X 10.9.1).initialization">
      <failure type="">Died on test #1     at /Users/pivanov/Work/kendoui-core/tests/notification/initialization.js:98:5
    at /Users/pivanov/Work/kendoui-core/tests/notification/initialization.js:677:3: Object [object Object] has no method &apos;kendoNotification&apos;
TypeError: Object [object Object] has no method &apos;kendoNotification&apos;
    at createNotification (/Users/pivanov/Work/kendoui-core/tests/notification/helper.js:4:81)
    at Object.&lt;anonymous&gt; (/Users/pivanov/Work/kendoui-core/tests/notification/initialization.js:99:9)
    at Object.Test.run (/Users/pivanov/Work/kendoui-core/node_modules/qunitjs/qunit/qunit.js:203:18)
    at /Users/pivanov/Work/kendoui-core/node_modules/qunitjs/qunit/qunit.js:361:10
    at process (/Users/pivanov/Work/kendoui-core/node_modules/qunitjs/qunit/qunit.js:1451:2)
    at /Users/pivanov/Work/kendoui-core/node_modules/qunitjs/qunit/qunit.js:479:5

</failure>
    </testcase>
    <testcase name="initialization compiles default template function" time="0.001" classname="Chrome 32.0.1700 (Mac OS X 10.9.1).initialization">
      <failure type="">Died on test #1     at /Users/pivanov/Work/kendoui-core/tests/notification/initialization.js:108:5
    at /Users/pivanov/Work/kendoui-core/tests/notification/initialization.js:677:3: Object [object Object] has no method &apos;kendoNotification&apos;
TypeError: Object [object Object] has no method &apos;kendoNotification&apos;
    at createNotification (/Users/pivanov/Work/kendoui-core/tests/notification/helper.js:4:81)
    at Object.&lt;anonymous&gt; (/Users/pivanov/Work/kendoui-core/tests/notification/initialization.js:109:9)
    at Object.Test.run (/Users/pivanov/Work/kendoui-core/node_modules/qunitjs/qunit/qunit.js:203:18)
    at /Users/pivanov/Work/kendoui-core/node_modules/qunitjs/qunit/qunit.js:361:10
    at process (/Users/pivanov/Work/kendoui-core/node_modules/qunitjs/qunit/qunit.js:1451:2)
    at /Users/pivanov/Work/kendoui-core/node_modules/qunitjs/qunit/qunit.js:479:5

</failure>
      <failure type="">Expected 2 assertions, but 1 were run
    at /Users/pivanov/Work/kendoui-core/tests/notification/initialization.js:108:5
    at /Users/pivanov/Work/kendoui-core/tests/notification/initialization.js:677:3

</failure>
    </testcase>
    <testcase name="initialization compiles custom template function" time="0" classname="Chrome 32.0.1700 (Mac OS X 10.9.1).initialization">
      <failure type="">Died on test #1     at /Users/pivanov/Work/kendoui-core/tests/notification/initialization.js:119:5
    at /Users/pivanov/Work/kendoui-core/tests/notification/initialization.js:677:3: Object [object Object] has no method &apos;kendoNotification&apos;
TypeError: Object [object Object] has no method &apos;kendoNotification&apos;
    at createNotification (/Users/pivanov/Work/kendoui-core/tests/notification/helper.js:4:81)
    at Object.&lt;anonymous&gt; (/Users/pivanov/Work/kendoui-core/tests/notification/initialization.js:120:9)
    at Object.Test.run (/Users/pivanov/Work/kendoui-core/node_modules/qunitjs/qunit/qunit.js:203:18)
    at /Users/pivanov/Work/kendoui-core/node_modules/qunitjs/qunit/qunit.js:361:10
    at process (/Users/pivanov/Work/kendoui-core/node_modules/qunitjs/qunit/qunit.js:1451:2)
    at /Users/pivanov/Work/kendoui-core/node_modules/qunitjs/qunit/qunit.js:479:5

</failure>
      <failure type="">Expected 2 assertions, but 1 were run
    at /Users/pivanov/Work/kendoui-core/tests/notification/initialization.js:119:5
    at /Users/pivanov/Work/kendoui-core/tests/notification/initialization.js:677:3

</failure>
    </testcase>
    <testcase name="opened popup notifications are hidden after set autoHideAfter" time="0.015" classname="Chrome 32.0.1700 (Mac OS X 10.9.1).initialization">
      <failure type="">Died on test #1     at QUnit.asyncTest (/Users/pivanov/Work/kendoui-core/node_modules/qunitjs/qunit/qunit.js:401:9)
    at /Users/pivanov/Work/kendoui-core/tests/notification/initialization.js:132:5
    at /Users/pivanov/Work/kendoui-core/tests/notification/initialization.js:677:3: Object [object Object] has no method &apos;kendoNotification&apos;
TypeError: Object [object Object] has no method &apos;kendoNotification&apos;
    at createNotification (/Users/pivanov/Work/kendoui-core/tests/notification/helper.js:4:81)
    at Object.&lt;anonymous&gt; (/Users/pivanov/Work/kendoui-core/tests/notification/initialization.js:135:9)
    at Object.Test.run (/Users/pivanov/Work/kendoui-core/node_modules/qunitjs/qunit/qunit.js:203:18)
    at /Users/pivanov/Work/kendoui-core/node_modules/qunitjs/qunit/qunit.js:361:10
    at process (/Users/pivanov/Work/kendoui-core/node_modules/qunitjs/qunit/qunit.js:1451:2)
    at /Users/pivanov/Work/kendoui-core/node_modules/qunitjs/qunit/qunit.js:479:5

</failure>
    </testcase>
    <testcase name="opened static notifications are hidden after set autoHideAfter" time="0.015" classname="Chrome 32.0.1700 (Mac OS X 10.9.1).initialization">
      <failure type="">Died on test #1     at QUnit.asyncTest (/Users/pivanov/Work/kendoui-core/node_modules/qunitjs/qunit/qunit.js:401:9)
    at /Users/pivanov/Work/kendoui-core/tests/notification/initialization.js:148:5
    at /Users/pivanov/Work/kendoui-core/tests/notification/initialization.js:677:3: Object [object Object] has no method &apos;kendoNotification&apos;
TypeError: Object [object Object] has no method &apos;kendoNotification&apos;
    at createNotification (/Users/pivanov/Work/kendoui-core/tests/notification/helper.js:4:81)
    at Object.&lt;anonymous&gt; (/Users/pivanov/Work/kendoui-core/tests/notification/initialization.js:151:9)
    at Object.Test.run (/Users/pivanov/Work/kendoui-core/node_modules/qunitjs/qunit/qunit.js:203:18)
    at /Users/pivanov/Work/kendoui-core/node_modules/qunitjs/qunit/qunit.js:361:10
    at process (/Users/pivanov/Work/kendoui-core/node_modules/qunitjs/qunit/qunit.js:1451:2)
    at /Users/pivanov/Work/kendoui-core/node_modules/qunitjs/qunit/qunit.js:479:5

</failure>
    </testcase>
    <testcase name="clicking on popup notification hides it when hideOnClick is true (default)" time="0" classname="Chrome 32.0.1700 (Mac OS X 10.9.1).initialization">
      <failure type="">Died on test #1     at /Users/pivanov/Work/kendoui-core/tests/notification/initialization.js:165:5
    at /Users/pivanov/Work/kendoui-core/tests/notification/initialization.js:677:3: Object [object Object] has no method &apos;kendoNotification&apos;
TypeError: Object [object Object] has no method &apos;kendoNotification&apos;
    at createNotification (/Users/pivanov/Work/kendoui-core/tests/notification/helper.js:4:81)
    at Object.&lt;anonymous&gt; (/Users/pivanov/Work/kendoui-core/tests/notification/initialization.js:166:9)
    at Object.Test.run (/Users/pivanov/Work/kendoui-core/node_modules/qunitjs/qunit/qunit.js:203:18)
    at /Users/pivanov/Work/kendoui-core/node_modules/qunitjs/qunit/qunit.js:361:10
    at process (/Users/pivanov/Work/kendoui-core/node_modules/qunitjs/qunit/qunit.js:1451:2)
    at /Users/pivanov/Work/kendoui-core/node_modules/qunitjs/qunit/qunit.js:479:5

</failure>
    </testcase>
    <testcase name="clicking on static notification hides it when hideOnClick is true (default)" time="0.001" classname="Chrome 32.0.1700 (Mac OS X 10.9.1).initialization">
      <failure type="">Died on test #1     at /Users/pivanov/Work/kendoui-core/tests/notification/initialization.js:177:5
    at /Users/pivanov/Work/kendoui-core/tests/notification/initialization.js:677:3: Object [object Object] has no method &apos;kendoNotification&apos;
TypeError: Object [object Object] has no method &apos;kendoNotification&apos;
    at createNotification (/Users/pivanov/Work/kendoui-core/tests/notification/helper.js:4:81)
    at Object.&lt;anonymous&gt; (/Users/pivanov/Work/kendoui-core/tests/notification/initialization.js:178:9)
    at Object.Test.run (/Users/pivanov/Work/kendoui-core/node_modules/qunitjs/qunit/qunit.js:203:18)
    at /Users/pivanov/Work/kendoui-core/node_modules/qunitjs/qunit/qunit.js:361:10
    at process (/Users/pivanov/Work/kendoui-core/node_modules/qunitjs/qunit/qunit.js:1451:2)
    at /Users/pivanov/Work/kendoui-core/node_modules/qunitjs/qunit/qunit.js:479:5

</failure>
    </testcase>
    <testcase name="clicking on notification popup does not hide it when hideOnClick is false" time="0.001" classname="Chrome 32.0.1700 (Mac OS X 10.9.1).initialization">
      <failure type="">Died on test #1     at /Users/pivanov/Work/kendoui-core/tests/notification/initialization.js:190:5
    at /Users/pivanov/Work/kendoui-core/tests/notification/initialization.js:677:3: Object [object Object] has no method &apos;kendoNotification&apos;
TypeError: Object [object Object] has no method &apos;kendoNotification&apos;
    at createNotification (/Users/pivanov/Work/kendoui-core/tests/notification/helper.js:4:81)
    at Object.&lt;anonymous&gt; (/Users/pivanov/Work/kendoui-core/tests/notification/initialization.js:191:9)
    at Object.Test.run (/Users/pivanov/Work/kendoui-core/node_modules/qunitjs/qunit/qunit.js:203:18)
    at /Users/pivanov/Work/kendoui-core/node_modules/qunitjs/qunit/qunit.js:361:10
    at process (/Users/pivanov/Work/kendoui-core/node_modules/qunitjs/qunit/qunit.js:1451:2)
    at /Users/pivanov/Work/kendoui-core/node_modules/qunitjs/qunit/qunit.js:479:5

</failure>
    </testcase>
    <testcase name="clicking on static notification does not hide it when hideOnClick is false" time="0" classname="Chrome 32.0.1700 (Mac OS X 10.9.1).initialization">
      <failure type="">Died on test #1     at /Users/pivanov/Work/kendoui-core/tests/notification/initialization.js:203:5
    at /Users/pivanov/Work/kendoui-core/tests/notification/initialization.js:677:3: Object [object Object] has no method &apos;kendoNotification&apos;
TypeError: Object [object Object] has no method &apos;kendoNotification&apos;
    at createNotification (/Users/pivanov/Work/kendoui-core/tests/notification/helper.js:4:81)
    at Object.&lt;anonymous&gt; (/Users/pivanov/Work/kendoui-core/tests/notification/initialization.js:204:9)
    at Object.Test.run (/Users/pivanov/Work/kendoui-core/node_modules/qunitjs/qunit/qunit.js:203:18)
    at /Users/pivanov/Work/kendoui-core/node_modules/qunitjs/qunit/qunit.js:361:10
    at process (/Users/pivanov/Work/kendoui-core/node_modules/qunitjs/qunit/qunit.js:1451:2)
    at /Users/pivanov/Work/kendoui-core/node_modules/qunitjs/qunit/qunit.js:479:5

</failure>
    </testcase>
    <testcase name="notification width and height are null by default" time="0.001" classname="Chrome 32.0.1700 (Mac OS X 10.9.1).initialization">
      <failure type="">Died on test #1     at /Users/pivanov/Work/kendoui-core/tests/notification/initialization.js:217:5
    at /Users/pivanov/Work/kendoui-core/tests/notification/initialization.js:677:3: Object [object Object] has no method &apos;kendoNotification&apos;
TypeError: Object [object Object] has no method &apos;kendoNotification&apos;
    at createNotification (/Users/pivanov/Work/kendoui-core/tests/notification/helper.js:4:81)
    at Object.&lt;anonymous&gt; (/Users/pivanov/Work/kendoui-core/tests/notification/initialization.js:218:9)
    at Object.Test.run (/Users/pivanov/Work/kendoui-core/node_modules/qunitjs/qunit/qunit.js:203:18)
    at /Users/pivanov/Work/kendoui-core/node_modules/qunitjs/qunit/qunit.js:361:10
    at process (/Users/pivanov/Work/kendoui-core/node_modules/qunitjs/qunit/qunit.js:1451:2)
    at /Users/pivanov/Work/kendoui-core/node_modules/qunitjs/qunit/qunit.js:479:5

</failure>
      <failure type="">Expected 2 assertions, but 1 were run
    at /Users/pivanov/Work/kendoui-core/tests/notification/initialization.js:217:5
    at /Users/pivanov/Work/kendoui-core/tests/notification/initialization.js:677:3

</failure>
    </testcase>
    <testcase name="int width and height settings are applied as inline styles" time="0.001" classname="Chrome 32.0.1700 (Mac OS X 10.9.1).initialization">
      <failure type="">Died on test #1     at /Users/pivanov/Work/kendoui-core/tests/notification/initialization.js:230:5
    at /Users/pivanov/Work/kendoui-core/tests/notification/initialization.js:677:3: Object [object Object] has no method &apos;kendoNotification&apos;
TypeError: Object [object Object] has no method &apos;kendoNotification&apos;
    at createNotification (/Users/pivanov/Work/kendoui-core/tests/notification/helper.js:4:81)
    at Object.&lt;anonymous&gt; (/Users/pivanov/Work/kendoui-core/tests/notification/initialization.js:233:9)
    at Object.Test.run (/Users/pivanov/Work/kendoui-core/node_modules/qunitjs/qunit/qunit.js:203:18)
    at /Users/pivanov/Work/kendoui-core/node_modules/qunitjs/qunit/qunit.js:361:10
    at process (/Users/pivanov/Work/kendoui-core/node_modules/qunitjs/qunit/qunit.js:1451:2)
    at /Users/pivanov/Work/kendoui-core/node_modules/qunitjs/qunit/qunit.js:479:5

</failure>
      <failure type="">Expected 2 assertions, but 1 were run
    at /Users/pivanov/Work/kendoui-core/tests/notification/initialization.js:230:5
    at /Users/pivanov/Work/kendoui-core/tests/notification/initialization.js:677:3

</failure>
    </testcase>
    <testcase name="string pixel width and height settings are applied as inline styles" time="0.001" classname="Chrome 32.0.1700 (Mac OS X 10.9.1).initialization">
      <failure type="">Died on test #1     at /Users/pivanov/Work/kendoui-core/tests/notification/initialization.js:247:5
    at /Users/pivanov/Work/kendoui-core/tests/notification/initialization.js:677:3: Object [object Object] has no method &apos;kendoNotification&apos;
TypeError: Object [object Object] has no method &apos;kendoNotification&apos;
    at createNotification (/Users/pivanov/Work/kendoui-core/tests/notification/helper.js:4:81)
    at Object.&lt;anonymous&gt; (/Users/pivanov/Work/kendoui-core/tests/notification/initialization.js:250:9)
    at Object.Test.run (/Users/pivanov/Work/kendoui-core/node_modules/qunitjs/qunit/qunit.js:203:18)
    at /Users/pivanov/Work/kendoui-core/node_modules/qunitjs/qunit/qunit.js:361:10
    at process (/Users/pivanov/Work/kendoui-core/node_modules/qunitjs/qunit/qunit.js:1451:2)
    at /Users/pivanov/Work/kendoui-core/node_modules/qunitjs/qunit/qunit.js:479:5

</failure>
      <failure type="">Expected 2 assertions, but 1 were run
    at /Users/pivanov/Work/kendoui-core/tests/notification/initialization.js:247:5
    at /Users/pivanov/Work/kendoui-core/tests/notification/initialization.js:677:3

</failure>
    </testcase>
    <testcase name="string em width and height settings are applied as inline styles" time="0.001" classname="Chrome 32.0.1700 (Mac OS X 10.9.1).initialization">
      <failure type="">Died on test #1     at /Users/pivanov/Work/kendoui-core/tests/notification/initialization.js:264:5
    at /Users/pivanov/Work/kendoui-core/tests/notification/initialization.js:677:3: Object [object Object] has no method &apos;kendoNotification&apos;
TypeError: Object [object Object] has no method &apos;kendoNotification&apos;
    at createNotification (/Users/pivanov/Work/kendoui-core/tests/notification/helper.js:4:81)
    at Object.&lt;anonymous&gt; (/Users/pivanov/Work/kendoui-core/tests/notification/initialization.js:267:9)
    at Object.Test.run (/Users/pivanov/Work/kendoui-core/node_modules/qunitjs/qunit/qunit.js:203:18)
    at /Users/pivanov/Work/kendoui-core/node_modules/qunitjs/qunit/qunit.js:361:10
    at process (/Users/pivanov/Work/kendoui-core/node_modules/qunitjs/qunit/qunit.js:1451:2)
    at /Users/pivanov/Work/kendoui-core/node_modules/qunitjs/qunit/qunit.js:479:5

</failure>
      <failure type="">Expected 2 assertions, but 1 were run
    at /Users/pivanov/Work/kendoui-core/tests/notification/initialization.js:264:5
    at /Users/pivanov/Work/kendoui-core/tests/notification/initialization.js:677:3

</failure>
    </testcase>
    <testcase name="hide button is by default hidden" time="0" classname="Chrome 32.0.1700 (Mac OS X 10.9.1).initialization">
      <failure type="">Died on test #1     at /Users/pivanov/Work/kendoui-core/tests/notification/initialization.js:281:5
    at /Users/pivanov/Work/kendoui-core/tests/notification/initialization.js:677:3: Object [object Object] has no method &apos;kendoNotification&apos;
TypeError: Object [object Object] has no method &apos;kendoNotification&apos;
    at createNotification (/Users/pivanov/Work/kendoui-core/tests/notification/helper.js:4:81)
    at Object.&lt;anonymous&gt; (/Users/pivanov/Work/kendoui-core/tests/notification/initialization.js:282:9)
    at Object.Test.run (/Users/pivanov/Work/kendoui-core/node_modules/qunitjs/qunit/qunit.js:203:18)
    at /Users/pivanov/Work/kendoui-core/node_modules/qunitjs/qunit/qunit.js:361:10
    at process (/Users/pivanov/Work/kendoui-core/node_modules/qunitjs/qunit/qunit.js:1451:2)
    at /Users/pivanov/Work/kendoui-core/node_modules/qunitjs/qunit/qunit.js:479:5

</failure>
    </testcase>
    <testcase name="hide button is displayed if button property is set to true" time="0" classname="Chrome 32.0.1700 (Mac OS X 10.9.1).initialization">
      <failure type="">Died on test #1     at /Users/pivanov/Work/kendoui-core/tests/notification/initialization.js:288:5
    at /Users/pivanov/Work/kendoui-core/tests/notification/initialization.js:677:3: Object [object Object] has no method &apos;kendoNotification&apos;
TypeError: Object [object Object] has no method &apos;kendoNotification&apos;
    at createNotification (/Users/pivanov/Work/kendoui-core/tests/notification/helper.js:4:81)
    at Object.&lt;anonymous&gt; (/Users/pivanov/Work/kendoui-core/tests/notification/initialization.js:289:9)
    at Object.Test.run (/Users/pivanov/Work/kendoui-core/node_modules/qunitjs/qunit/qunit.js:203:18)
    at /Users/pivanov/Work/kendoui-core/node_modules/qunitjs/qunit/qunit.js:361:10
    at process (/Users/pivanov/Work/kendoui-core/node_modules/qunitjs/qunit/qunit.js:1451:2)
    at /Users/pivanov/Work/kendoui-core/node_modules/qunitjs/qunit/qunit.js:479:5

</failure>
    </testcase>
    <testcase name="clicking on static notification hides it when button is pressed" time="0" classname="Chrome 32.0.1700 (Mac OS X 10.9.1).initialization">
      <failure type="">Died on test #1     at /Users/pivanov/Work/kendoui-core/tests/notification/initialization.js:298:5
    at /Users/pivanov/Work/kendoui-core/tests/notification/initialization.js:677:3: Object [object Object] has no method &apos;kendoNotification&apos;
TypeError: Object [object Object] has no method &apos;kendoNotification&apos;
    at createNotification (/Users/pivanov/Work/kendoui-core/tests/notification/helper.js:4:81)
    at Object.&lt;anonymous&gt; (/Users/pivanov/Work/kendoui-core/tests/notification/initialization.js:299:9)
    at Object.Test.run (/Users/pivanov/Work/kendoui-core/node_modules/qunitjs/qunit/qunit.js:203:18)
    at /Users/pivanov/Work/kendoui-core/node_modules/qunitjs/qunit/qunit.js:361:10
    at process (/Users/pivanov/Work/kendoui-core/node_modules/qunitjs/qunit/qunit.js:1451:2)
    at /Users/pivanov/Work/kendoui-core/node_modules/qunitjs/qunit/qunit.js:479:5

</failure>
    </testcase>
    <testcase name="clicking on popup notification hides it when button is pressed" time="0" classname="Chrome 32.0.1700 (Mac OS X 10.9.1).initialization">
      <failure type="">Died on test #1     at /Users/pivanov/Work/kendoui-core/tests/notification/initialization.js:313:5
    at /Users/pivanov/Work/kendoui-core/tests/notification/initialization.js:677:3: Object [object Object] has no method &apos;kendoNotification&apos;
TypeError: Object [object Object] has no method &apos;kendoNotification&apos;
    at createNotification (/Users/pivanov/Work/kendoui-core/tests/notification/helper.js:4:81)
    at Object.&lt;anonymous&gt; (/Users/pivanov/Work/kendoui-core/tests/notification/initialization.js:314:9)
    at Object.Test.run (/Users/pivanov/Work/kendoui-core/node_modules/qunitjs/qunit/qunit.js:203:18)
    at /Users/pivanov/Work/kendoui-core/node_modules/qunitjs/qunit/qunit.js:361:10
    at process (/Users/pivanov/Work/kendoui-core/node_modules/qunitjs/qunit/qunit.js:1451:2)
    at /Users/pivanov/Work/kendoui-core/node_modules/qunitjs/qunit/qunit.js:479:5

</failure>
    </testcase>
    <testcase name="popup notifications have fixed position style by default" time="0.001" classname="Chrome 32.0.1700 (Mac OS X 10.9.1).initialization">
      <failure type="">Died on test #1     at /Users/pivanov/Work/kendoui-core/tests/notification/initialization.js:327:5
    at /Users/pivanov/Work/kendoui-core/tests/notification/initialization.js:677:3: Object [object Object] has no method &apos;kendoNotification&apos;
TypeError: Object [object Object] has no method &apos;kendoNotification&apos;
    at createNotification (/Users/pivanov/Work/kendoui-core/tests/notification/helper.js:4:81)
    at Object.&lt;anonymous&gt; (/Users/pivanov/Work/kendoui-core/tests/notification/initialization.js:328:9)
    at Object.Test.run (/Users/pivanov/Work/kendoui-core/node_modules/qunitjs/qunit/qunit.js:203:18)
    at /Users/pivanov/Work/kendoui-core/node_modules/qunitjs/qunit/qunit.js:361:10
    at process (/Users/pivanov/Work/kendoui-core/node_modules/qunitjs/qunit/qunit.js:1451:2)
    at /Users/pivanov/Work/kendoui-core/node_modules/qunitjs/qunit/qunit.js:479:5

</failure>
    </testcase>
    <testcase name="unpinned popup notifications have an absolute position style" time="0.001" classname="Chrome 32.0.1700 (Mac OS X 10.9.1).initialization">
      <failure type="">Died on test #1     at /Users/pivanov/Work/kendoui-core/tests/notification/initialization.js:335:5
    at /Users/pivanov/Work/kendoui-core/tests/notification/initialization.js:677:3: Object [object Object] has no method &apos;kendoNotification&apos;
TypeError: Object [object Object] has no method &apos;kendoNotification&apos;
    at createNotification (/Users/pivanov/Work/kendoui-core/tests/notification/helper.js:4:81)
    at Object.&lt;anonymous&gt; (/Users/pivanov/Work/kendoui-core/tests/notification/initialization.js:336:9)
    at Object.Test.run (/Users/pivanov/Work/kendoui-core/node_modules/qunitjs/qunit/qunit.js:203:18)
    at /Users/pivanov/Work/kendoui-core/node_modules/qunitjs/qunit/qunit.js:361:10
    at process (/Users/pivanov/Work/kendoui-core/node_modules/qunitjs/qunit/qunit.js:1451:2)
    at /Users/pivanov/Work/kendoui-core/node_modules/qunitjs/qunit/qunit.js:479:5

</failure>
    </testcase>
    <testcase name="pinned popup notification is shown at specified int position" time="0.001" classname="Chrome 32.0.1700 (Mac OS X 10.9.1).initialization">
      <failure type="">Died on test #1     at /Users/pivanov/Work/kendoui-core/tests/notification/initialization.js:347:5
    at /Users/pivanov/Work/kendoui-core/tests/notification/initialization.js:677:3: Object [object Object] has no method &apos;kendoNotification&apos;
TypeError: Object [object Object] has no method &apos;kendoNotification&apos;
    at createNotification (/Users/pivanov/Work/kendoui-core/tests/notification/helper.js:4:81)
    at Object.&lt;anonymous&gt; (/Users/pivanov/Work/kendoui-core/tests/notification/initialization.js:348:9)
    at Object.Test.run (/Users/pivanov/Work/kendoui-core/node_modules/qunitjs/qunit/qunit.js:203:18)
    at /Users/pivanov/Work/kendoui-core/node_modules/qunitjs/qunit/qunit.js:361:10
    at process (/Users/pivanov/Work/kendoui-core/node_modules/qunitjs/qunit/qunit.js:1451:2)
    at /Users/pivanov/Work/kendoui-core/node_modules/qunitjs/qunit/qunit.js:479:5

</failure>
      <failure type="">Expected 2 assertions, but 1 were run
    at /Users/pivanov/Work/kendoui-core/tests/notification/initialization.js:347:5
    at /Users/pivanov/Work/kendoui-core/tests/notification/initialization.js:677:3

</failure>
    </testcase>
    <testcase name="pinned popup notification is shown at specified string position" time="0.001" classname="Chrome 32.0.1700 (Mac OS X 10.9.1).initialization">
      <failure type="">Died on test #1     at /Users/pivanov/Work/kendoui-core/tests/notification/initialization.js:363:5
    at /Users/pivanov/Work/kendoui-core/tests/notification/initialization.js:677:3: Object [object Object] has no method &apos;kendoNotification&apos;
TypeError: Object [object Object] has no method &apos;kendoNotification&apos;
    at createNotification (/Users/pivanov/Work/kendoui-core/tests/notification/helper.js:4:81)
    at Object.&lt;anonymous&gt; (/Users/pivanov/Work/kendoui-core/tests/notification/initialization.js:364:9)
    at Object.Test.run (/Users/pivanov/Work/kendoui-core/node_modules/qunitjs/qunit/qunit.js:203:18)
    at /Users/pivanov/Work/kendoui-core/node_modules/qunitjs/qunit/qunit.js:361:10
    at process (/Users/pivanov/Work/kendoui-core/node_modules/qunitjs/qunit/qunit.js:1451:2)
    at /Users/pivanov/Work/kendoui-core/node_modules/qunitjs/qunit/qunit.js:479:5

</failure>
      <failure type="">Expected 2 assertions, but 1 were run
    at /Users/pivanov/Work/kendoui-core/tests/notification/initialization.js:363:5
    at /Users/pivanov/Work/kendoui-core/tests/notification/initialization.js:677:3

</failure>
    </testcase>
    <testcase name="pinned popup notification is shown at zero position" time="0.001" classname="Chrome 32.0.1700 (Mac OS X 10.9.1).initialization">
      <failure type="">Died on test #1     at /Users/pivanov/Work/kendoui-core/tests/notification/initialization.js:379:5
    at /Users/pivanov/Work/kendoui-core/tests/notification/initialization.js:677:3: Object [object Object] has no method &apos;kendoNotification&apos;
TypeError: Object [object Object] has no method &apos;kendoNotification&apos;
    at createNotification (/Users/pivanov/Work/kendoui-core/tests/notification/helper.js:4:81)
    at Object.&lt;anonymous&gt; (/Users/pivanov/Work/kendoui-core/tests/notification/initialization.js:380:9)
    at Object.Test.run (/Users/pivanov/Work/kendoui-core/node_modules/qunitjs/qunit/qunit.js:203:18)
    at /Users/pivanov/Work/kendoui-core/node_modules/qunitjs/qunit/qunit.js:361:10
    at process (/Users/pivanov/Work/kendoui-core/node_modules/qunitjs/qunit/qunit.js:1451:2)
    at /Users/pivanov/Work/kendoui-core/node_modules/qunitjs/qunit/qunit.js:479:5

</failure>
      <failure type="">Expected 2 assertions, but 1 were run
    at /Users/pivanov/Work/kendoui-core/tests/notification/initialization.js:379:5
    at /Users/pivanov/Work/kendoui-core/tests/notification/initialization.js:677:3

</failure>
    </testcase>
    <testcase name="unpinned popup notification is shown at specified int position" time="0.001" classname="Chrome 32.0.1700 (Mac OS X 10.9.1).initialization">
      <failure type="">Died on test #1     at /Users/pivanov/Work/kendoui-core/tests/notification/initialization.js:395:5
    at /Users/pivanov/Work/kendoui-core/tests/notification/initialization.js:677:3: Object [object Object] has no method &apos;kendoNotification&apos;
TypeError: Object [object Object] has no method &apos;kendoNotification&apos;
    at createNotification (/Users/pivanov/Work/kendoui-core/tests/notification/helper.js:4:81)
    at Object.&lt;anonymous&gt; (/Users/pivanov/Work/kendoui-core/tests/notification/initialization.js:396:9)
    at Object.Test.run (/Users/pivanov/Work/kendoui-core/node_modules/qunitjs/qunit/qunit.js:203:18)
    at /Users/pivanov/Work/kendoui-core/node_modules/qunitjs/qunit/qunit.js:361:10
    at process (/Users/pivanov/Work/kendoui-core/node_modules/qunitjs/qunit/qunit.js:1451:2)
    at /Users/pivanov/Work/kendoui-core/node_modules/qunitjs/qunit/qunit.js:479:5

</failure>
      <failure type="">Expected 2 assertions, but 1 were run
    at /Users/pivanov/Work/kendoui-core/tests/notification/initialization.js:395:5
    at /Users/pivanov/Work/kendoui-core/tests/notification/initialization.js:677:3

</failure>
    </testcase>
    <testcase name="unpinned popup notification is shown at specified string position" time="0" classname="Chrome 32.0.1700 (Mac OS X 10.9.1).initialization">
      <failure type="">Died on test #1     at /Users/pivanov/Work/kendoui-core/tests/notification/initialization.js:412:5
    at /Users/pivanov/Work/kendoui-core/tests/notification/initialization.js:677:3: Object [object Object] has no method &apos;kendoNotification&apos;
TypeError: Object [object Object] has no method &apos;kendoNotification&apos;
    at createNotification (/Users/pivanov/Work/kendoui-core/tests/notification/helper.js:4:81)
    at Object.&lt;anonymous&gt; (/Users/pivanov/Work/kendoui-core/tests/notification/initialization.js:413:9)
    at Object.Test.run (/Users/pivanov/Work/kendoui-core/node_modules/qunitjs/qunit/qunit.js:203:18)
    at /Users/pivanov/Work/kendoui-core/node_modules/qunitjs/qunit/qunit.js:361:10
    at process (/Users/pivanov/Work/kendoui-core/node_modules/qunitjs/qunit/qunit.js:1451:2)
    at /Users/pivanov/Work/kendoui-core/node_modules/qunitjs/qunit/qunit.js:479:5

</failure>
      <failure type="">Expected 2 assertions, but 1 were run
    at /Users/pivanov/Work/kendoui-core/tests/notification/initialization.js:412:5
    at /Users/pivanov/Work/kendoui-core/tests/notification/initialization.js:677:3

</failure>
    </testcase>
    <testcase name="unpinned popup notification is shown at zero position" time="0" classname="Chrome 32.0.1700 (Mac OS X 10.9.1).initialization">
      <failure type="">Died on test #1     at /Users/pivanov/Work/kendoui-core/tests/notification/initialization.js:429:5
    at /Users/pivanov/Work/kendoui-core/tests/notification/initialization.js:677:3: Object [object Object] has no method &apos;kendoNotification&apos;
TypeError: Object [object Object] has no method &apos;kendoNotification&apos;
    at createNotification (/Users/pivanov/Work/kendoui-core/tests/notification/helper.js:4:81)
    at Object.&lt;anonymous&gt; (/Users/pivanov/Work/kendoui-core/tests/notification/initialization.js:430:9)
    at Object.Test.run (/Users/pivanov/Work/kendoui-core/node_modules/qunitjs/qunit/qunit.js:203:18)
    at /Users/pivanov/Work/kendoui-core/node_modules/qunitjs/qunit/qunit.js:361:10
    at process (/Users/pivanov/Work/kendoui-core/node_modules/qunitjs/qunit/qunit.js:1451:2)
    at /Users/pivanov/Work/kendoui-core/node_modules/qunitjs/qunit/qunit.js:479:5

</failure>
      <failure type="">Expected 2 assertions, but 1 were run
    at /Users/pivanov/Work/kendoui-core/tests/notification/initialization.js:429:5
    at /Users/pivanov/Work/kendoui-core/tests/notification/initialization.js:677:3

</failure>
    </testcase>
    <testcase name="pinned popup notification ignores page scroll offset" time="0.002" classname="Chrome 32.0.1700 (Mac OS X 10.9.1).initialization">
      <failure type="">Died on test #1     at /Users/pivanov/Work/kendoui-core/tests/notification/initialization.js:446:5
    at /Users/pivanov/Work/kendoui-core/tests/notification/initialization.js:677:3: Object [object Object] has no method &apos;kendoNotification&apos;
TypeError: Object [object Object] has no method &apos;kendoNotification&apos;
    at createNotification (/Users/pivanov/Work/kendoui-core/tests/notification/helper.js:4:81)
    at Object.&lt;anonymous&gt; (/Users/pivanov/Work/kendoui-core/tests/notification/initialization.js:452:9)
    at Object.Test.run (/Users/pivanov/Work/kendoui-core/node_modules/qunitjs/qunit/qunit.js:203:18)
    at /Users/pivanov/Work/kendoui-core/node_modules/qunitjs/qunit/qunit.js:361:10
    at process (/Users/pivanov/Work/kendoui-core/node_modules/qunitjs/qunit/qunit.js:1451:2)
    at /Users/pivanov/Work/kendoui-core/node_modules/qunitjs/qunit/qunit.js:479:5

</failure>
      <failure type="">Expected 2 assertions, but 1 were run
    at /Users/pivanov/Work/kendoui-core/tests/notification/initialization.js:446:5
    at /Users/pivanov/Work/kendoui-core/tests/notification/initialization.js:677:3

</failure>
    </testcase>
    <testcase name="unpinned popup notification obeys page scroll offset" time="0.001" classname="Chrome 32.0.1700 (Mac OS X 10.9.1).initialization">
      <failure type="">Died on test #1     at /Users/pivanov/Work/kendoui-core/tests/notification/initialization.js:467:5
    at /Users/pivanov/Work/kendoui-core/tests/notification/initialization.js:677:3: Object [object Object] has no method &apos;kendoNotification&apos;
TypeError: Object [object Object] has no method &apos;kendoNotification&apos;
    at createNotification (/Users/pivanov/Work/kendoui-core/tests/notification/helper.js:4:81)
    at Object.&lt;anonymous&gt; (/Users/pivanov/Work/kendoui-core/tests/notification/initialization.js:473:9)
    at Object.Test.run (/Users/pivanov/Work/kendoui-core/node_modules/qunitjs/qunit/qunit.js:203:18)
    at /Users/pivanov/Work/kendoui-core/node_modules/qunitjs/qunit/qunit.js:361:10
    at process (/Users/pivanov/Work/kendoui-core/node_modules/qunitjs/qunit/qunit.js:1451:2)
    at /Users/pivanov/Work/kendoui-core/node_modules/qunitjs/qunit/qunit.js:479:5

</failure>
      <failure type="">Expected 2 assertions, but 1 were run
    at /Users/pivanov/Work/kendoui-core/tests/notification/initialization.js:467:5
    at /Users/pivanov/Work/kendoui-core/tests/notification/initialization.js:677:3

</failure>
    </testcase>
    <testcase name="down static stacking is applied by default" time="0" classname="Chrome 32.0.1700 (Mac OS X 10.9.1).initialization">
      <failure type="">Died on test #1     at /Users/pivanov/Work/kendoui-core/tests/notification/initialization.js:489:5
    at /Users/pivanov/Work/kendoui-core/tests/notification/initialization.js:677:3: Object [object Object] has no method &apos;kendoNotification&apos;
TypeError: Object [object Object] has no method &apos;kendoNotification&apos;
    at createNotification (/Users/pivanov/Work/kendoui-core/tests/notification/helper.js:4:81)
    at Object.&lt;anonymous&gt; (/Users/pivanov/Work/kendoui-core/tests/notification/initialization.js:490:9)
    at Object.Test.run (/Users/pivanov/Work/kendoui-core/node_modules/qunitjs/qunit/qunit.js:203:18)
    at /Users/pivanov/Work/kendoui-core/node_modules/qunitjs/qunit/qunit.js:361:10
    at process (/Users/pivanov/Work/kendoui-core/node_modules/qunitjs/qunit/qunit.js:1451:2)
    at /Users/pivanov/Work/kendoui-core/node_modules/qunitjs/qunit/qunit.js:479:5

</failure>
      <failure type="">Expected 2 assertions, but 1 were run
    at /Users/pivanov/Work/kendoui-core/tests/notification/initialization.js:489:5
    at /Users/pivanov/Work/kendoui-core/tests/notification/initialization.js:677:3

</failure>
    </testcase>
    <testcase name="right static stacking behaves as down stacking" time="0.001" classname="Chrome 32.0.1700 (Mac OS X 10.9.1).initialization">
      <failure type="">Died on test #1     at /Users/pivanov/Work/kendoui-core/tests/notification/initialization.js:502:5
    at /Users/pivanov/Work/kendoui-core/tests/notification/initialization.js:677:3: Object [object Object] has no method &apos;kendoNotification&apos;
TypeError: Object [object Object] has no method &apos;kendoNotification&apos;
    at createNotification (/Users/pivanov/Work/kendoui-core/tests/notification/helper.js:4:81)
    at Object.&lt;anonymous&gt; (/Users/pivanov/Work/kendoui-core/tests/notification/initialization.js:503:9)
    at Object.Test.run (/Users/pivanov/Work/kendoui-core/node_modules/qunitjs/qunit/qunit.js:203:18)
    at /Users/pivanov/Work/kendoui-core/node_modules/qunitjs/qunit/qunit.js:361:10
    at process (/Users/pivanov/Work/kendoui-core/node_modules/qunitjs/qunit/qunit.js:1451:2)
    at /Users/pivanov/Work/kendoui-core/node_modules/qunitjs/qunit/qunit.js:479:5

</failure>
      <failure type="">Expected 2 assertions, but 1 were run
    at /Users/pivanov/Work/kendoui-core/tests/notification/initialization.js:502:5
    at /Users/pivanov/Work/kendoui-core/tests/notification/initialization.js:677:3

</failure>
    </testcase>
    <testcase name="up static stacking is applied" time="0.001" classname="Chrome 32.0.1700 (Mac OS X 10.9.1).initialization">
      <failure type="">Died on test #1     at /Users/pivanov/Work/kendoui-core/tests/notification/initialization.js:516:5
    at /Users/pivanov/Work/kendoui-core/tests/notification/initialization.js:677:3: Object [object Object] has no method &apos;kendoNotification&apos;
TypeError: Object [object Object] has no method &apos;kendoNotification&apos;
    at createNotification (/Users/pivanov/Work/kendoui-core/tests/notification/helper.js:4:81)
    at Object.&lt;anonymous&gt; (/Users/pivanov/Work/kendoui-core/tests/notification/initialization.js:517:9)
    at Object.Test.run (/Users/pivanov/Work/kendoui-core/node_modules/qunitjs/qunit/qunit.js:203:18)
    at /Users/pivanov/Work/kendoui-core/node_modules/qunitjs/qunit/qunit.js:361:10
    at process (/Users/pivanov/Work/kendoui-core/node_modules/qunitjs/qunit/qunit.js:1451:2)
    at /Users/pivanov/Work/kendoui-core/node_modules/qunitjs/qunit/qunit.js:479:5

</failure>
      <failure type="">Expected 2 assertions, but 1 were run
    at /Users/pivanov/Work/kendoui-core/tests/notification/initialization.js:516:5
    at /Users/pivanov/Work/kendoui-core/tests/notification/initialization.js:677:3

</failure>
    </testcase>
    <testcase name="left static stacking behaves as up stacking" time="0" classname="Chrome 32.0.1700 (Mac OS X 10.9.1).initialization">
      <failure type="">Died on test #1     at /Users/pivanov/Work/kendoui-core/tests/notification/initialization.js:530:5
    at /Users/pivanov/Work/kendoui-core/tests/notification/initialization.js:677:3: Object [object Object] has no method &apos;kendoNotification&apos;
TypeError: Object [object Object] has no method &apos;kendoNotification&apos;
    at createNotification (/Users/pivanov/Work/kendoui-core/tests/notification/helper.js:4:81)
    at Object.&lt;anonymous&gt; (/Users/pivanov/Work/kendoui-core/tests/notification/initialization.js:531:9)
    at Object.Test.run (/Users/pivanov/Work/kendoui-core/node_modules/qunitjs/qunit/qunit.js:203:18)
    at /Users/pivanov/Work/kendoui-core/node_modules/qunitjs/qunit/qunit.js:361:10
    at process (/Users/pivanov/Work/kendoui-core/node_modules/qunitjs/qunit/qunit.js:1451:2)
    at /Users/pivanov/Work/kendoui-core/node_modules/qunitjs/qunit/qunit.js:479:5

</failure>
      <failure type="">Expected 2 assertions, but 1 were run
    at /Users/pivanov/Work/kendoui-core/tests/notification/initialization.js:530:5
    at /Users/pivanov/Work/kendoui-core/tests/notification/initialization.js:677:3

</failure>
    </testcase>
    <testcase name="up popup stacking is applied by default" time="0" classname="Chrome 32.0.1700 (Mac OS X 10.9.1).initialization">
      <failure type="">Died on test #1     at /Users/pivanov/Work/kendoui-core/tests/notification/initialization.js:544:5
    at /Users/pivanov/Work/kendoui-core/tests/notification/initialization.js:677:3: Object [object Object] has no method &apos;kendoNotification&apos;
TypeError: Object [object Object] has no method &apos;kendoNotification&apos;
    at createNotification (/Users/pivanov/Work/kendoui-core/tests/notification/helper.js:4:81)
    at Object.&lt;anonymous&gt; (/Users/pivanov/Work/kendoui-core/tests/notification/initialization.js:545:9)
    at Object.Test.run (/Users/pivanov/Work/kendoui-core/node_modules/qunitjs/qunit/qunit.js:203:18)
    at /Users/pivanov/Work/kendoui-core/node_modules/qunitjs/qunit/qunit.js:361:10
    at process (/Users/pivanov/Work/kendoui-core/node_modules/qunitjs/qunit/qunit.js:1451:2)
    at /Users/pivanov/Work/kendoui-core/node_modules/qunitjs/qunit/qunit.js:479:5

</failure>
      <failure type="">Expected 2 assertions, but 1 were run
    at /Users/pivanov/Work/kendoui-core/tests/notification/initialization.js:544:5
    at /Users/pivanov/Work/kendoui-core/tests/notification/initialization.js:677:3

</failure>
    </testcase>
    <testcase name="down popup stacking is applied" time="0.001" classname="Chrome 32.0.1700 (Mac OS X 10.9.1).initialization">
      <failure type="">Died on test #1     at /Users/pivanov/Work/kendoui-core/tests/notification/initialization.js:559:5
    at /Users/pivanov/Work/kendoui-core/tests/notification/initialization.js:677:3: Object [object Object] has no method &apos;kendoNotification&apos;
TypeError: Object [object Object] has no method &apos;kendoNotification&apos;
    at createNotification (/Users/pivanov/Work/kendoui-core/tests/notification/helper.js:4:81)
    at Object.&lt;anonymous&gt; (/Users/pivanov/Work/kendoui-core/tests/notification/initialization.js:560:9)
    at Object.Test.run (/Users/pivanov/Work/kendoui-core/node_modules/qunitjs/qunit/qunit.js:203:18)
    at /Users/pivanov/Work/kendoui-core/node_modules/qunitjs/qunit/qunit.js:361:10
    at process (/Users/pivanov/Work/kendoui-core/node_modules/qunitjs/qunit/qunit.js:1451:2)
    at /Users/pivanov/Work/kendoui-core/node_modules/qunitjs/qunit/qunit.js:479:5

</failure>
      <failure type="">Expected 2 assertions, but 1 were run
    at /Users/pivanov/Work/kendoui-core/tests/notification/initialization.js:559:5
    at /Users/pivanov/Work/kendoui-core/tests/notification/initialization.js:677:3

</failure>
    </testcase>
    <testcase name="down popup stacking is applied by default if position.top is set" time="0.001" classname="Chrome 32.0.1700 (Mac OS X 10.9.1).initialization">
      <failure type="">Died on test #1     at /Users/pivanov/Work/kendoui-core/tests/notification/initialization.js:575:5
    at /Users/pivanov/Work/kendoui-core/tests/notification/initialization.js:677:3: Object [object Object] has no method &apos;kendoNotification&apos;
TypeError: Object [object Object] has no method &apos;kendoNotification&apos;
    at createNotification (/Users/pivanov/Work/kendoui-core/tests/notification/helper.js:4:81)
    at Object.&lt;anonymous&gt; (/Users/pivanov/Work/kendoui-core/tests/notification/initialization.js:576:9)
    at Object.Test.run (/Users/pivanov/Work/kendoui-core/node_modules/qunitjs/qunit/qunit.js:203:18)
    at /Users/pivanov/Work/kendoui-core/node_modules/qunitjs/qunit/qunit.js:361:10
    at process (/Users/pivanov/Work/kendoui-core/node_modules/qunitjs/qunit/qunit.js:1451:2)
    at /Users/pivanov/Work/kendoui-core/node_modules/qunitjs/qunit/qunit.js:479:5

</failure>
      <failure type="">Expected 2 assertions, but 1 were run
    at /Users/pivanov/Work/kendoui-core/tests/notification/initialization.js:575:5
    at /Users/pivanov/Work/kendoui-core/tests/notification/initialization.js:677:3

</failure>
    </testcase>
    <testcase name="right popup stacking is applied" time="0" classname="Chrome 32.0.1700 (Mac OS X 10.9.1).initialization">
      <failure type="">Died on test #1     at /Users/pivanov/Work/kendoui-core/tests/notification/initialization.js:593:5
    at /Users/pivanov/Work/kendoui-core/tests/notification/initialization.js:677:3: Object [object Object] has no method &apos;kendoNotification&apos;
TypeError: Object [object Object] has no method &apos;kendoNotification&apos;
    at createNotification (/Users/pivanov/Work/kendoui-core/tests/notification/helper.js:4:81)
    at Object.&lt;anonymous&gt; (/Users/pivanov/Work/kendoui-core/tests/notification/initialization.js:594:9)
    at Object.Test.run (/Users/pivanov/Work/kendoui-core/node_modules/qunitjs/qunit/qunit.js:203:18)
    at /Users/pivanov/Work/kendoui-core/node_modules/qunitjs/qunit/qunit.js:361:10
    at process (/Users/pivanov/Work/kendoui-core/node_modules/qunitjs/qunit/qunit.js:1451:2)
    at /Users/pivanov/Work/kendoui-core/node_modules/qunitjs/qunit/qunit.js:479:5

</failure>
      <failure type="">Expected 2 assertions, but 1 were run
    at /Users/pivanov/Work/kendoui-core/tests/notification/initialization.js:593:5
    at /Users/pivanov/Work/kendoui-core/tests/notification/initialization.js:677:3

</failure>
    </testcase>
    <testcase name="left popup stacking is applied" time="0.001" classname="Chrome 32.0.1700 (Mac OS X 10.9.1).initialization">
      <failure type="">Died on test #1     at /Users/pivanov/Work/kendoui-core/tests/notification/initialization.js:609:5
    at /Users/pivanov/Work/kendoui-core/tests/notification/initialization.js:677:3: Object [object Object] has no method &apos;kendoNotification&apos;
TypeError: Object [object Object] has no method &apos;kendoNotification&apos;
    at createNotification (/Users/pivanov/Work/kendoui-core/tests/notification/helper.js:4:81)
    at Object.&lt;anonymous&gt; (/Users/pivanov/Work/kendoui-core/tests/notification/initialization.js:610:9)
    at Object.Test.run (/Users/pivanov/Work/kendoui-core/node_modules/qunitjs/qunit/qunit.js:203:18)
    at /Users/pivanov/Work/kendoui-core/node_modules/qunitjs/qunit/qunit.js:361:10
    at process (/Users/pivanov/Work/kendoui-core/node_modules/qunitjs/qunit/qunit.js:1451:2)
    at /Users/pivanov/Work/kendoui-core/node_modules/qunitjs/qunit/qunit.js:479:5

</failure>
      <failure type="">Expected 2 assertions, but 1 were run
    at /Users/pivanov/Work/kendoui-core/tests/notification/initialization.js:609:5
    at /Users/pivanov/Work/kendoui-core/tests/notification/initialization.js:677:3

</failure>
    </testcase>
    <testcase name="clicking on popup notification before allowHideAfter does not hide it" time="0.001" classname="Chrome 32.0.1700 (Mac OS X 10.9.1).initialization">
      <failure type="">Died on test #1     at /Users/pivanov/Work/kendoui-core/tests/notification/initialization.js:625:5
    at /Users/pivanov/Work/kendoui-core/tests/notification/initialization.js:677:3: Object [object Object] has no method &apos;kendoNotification&apos;
TypeError: Object [object Object] has no method &apos;kendoNotification&apos;
    at createNotification (/Users/pivanov/Work/kendoui-core/tests/notification/helper.js:4:81)
    at Object.&lt;anonymous&gt; (/Users/pivanov/Work/kendoui-core/tests/notification/initialization.js:628:9)
    at Object.Test.run (/Users/pivanov/Work/kendoui-core/node_modules/qunitjs/qunit/qunit.js:203:18)
    at /Users/pivanov/Work/kendoui-core/node_modules/qunitjs/qunit/qunit.js:361:10
    at process (/Users/pivanov/Work/kendoui-core/node_modules/qunitjs/qunit/qunit.js:1451:2)
    at /Users/pivanov/Work/kendoui-core/node_modules/qunitjs/qunit/qunit.js:479:5

</failure>
      <failure type="">Expected 2 assertions, but 1 were run
    at /Users/pivanov/Work/kendoui-core/tests/notification/initialization.js:625:5
    at /Users/pivanov/Work/kendoui-core/tests/notification/initialization.js:677:3

</failure>
    </testcase>
    <testcase name="clicking on popup notification button before allowHideAfter does not hide it" time="0.005" classname="Chrome 32.0.1700 (Mac OS X 10.9.1).initialization">
      <failure type="">Died on test #1     at /Users/pivanov/Work/kendoui-core/tests/notification/initialization.js:650:5
    at /Users/pivanov/Work/kendoui-core/tests/notification/initialization.js:677:3: Object [object Object] has no method &apos;kendoNotification&apos;
TypeError: Object [object Object] has no method &apos;kendoNotification&apos;
    at createNotification (/Users/pivanov/Work/kendoui-core/tests/notification/helper.js:4:81)
    at Object.&lt;anonymous&gt; (/Users/pivanov/Work/kendoui-core/tests/notification/initialization.js:653:9)
    at Object.Test.run (/Users/pivanov/Work/kendoui-core/node_modules/qunitjs/qunit/qunit.js:203:18)
    at /Users/pivanov/Work/kendoui-core/node_modules/qunitjs/qunit/qunit.js:361:10
    at process (/Users/pivanov/Work/kendoui-core/node_modules/qunitjs/qunit/qunit.js:1451:2)
    at /Users/pivanov/Work/kendoui-core/node_modules/qunitjs/qunit/qunit.js:479:5

</failure>
      <failure type="">Expected 2 assertions, but 1 were run
    at /Users/pivanov/Work/kendoui-core/tests/notification/initialization.js:650:5
    at /Users/pivanov/Work/kendoui-core/tests/notification/initialization.js:677:3

</failure>
    </testcase>
    <testcase name="initializes a pager when data role is pager" time="0.004" classname="Chrome 32.0.1700 (Mac OS X 10.9.1).pager MVVM"/>
    <testcase name="initalizes data source" time="0.002" classname="Chrome 32.0.1700 (Mac OS X 10.9.1).pager MVVM"/>
    <testcase name="binding pager initialized before binding" time="0.003" classname="Chrome 32.0.1700 (Mac OS X 10.9.1).pager MVVM"/>
    <testcase name="binding pager initialized after binding" time="0.003" classname="Chrome 32.0.1700 (Mac OS X 10.9.1).pager MVVM"/>
    <testcase name="kendoPager attach pager to an element" time="0.001" classname="Chrome 32.0.1700 (Mac OS X 10.9.1).pager"/>
    <testcase name="renders buttons for all pages" time="0.002" classname="Chrome 32.0.1700 (Mac OS X 10.9.1).pager"/>
    <testcase name="one button is rendered on init" time="0.002" classname="Chrome 32.0.1700 (Mac OS X 10.9.1).pager"/>
    <testcase name="buttons are rendered if read before init" time="0.002" classname="Chrome 32.0.1700 (Mac OS X 10.9.1).pager"/>
    <testcase name="page number buttons have data attribute assign exept for the current page index" time="0.002" classname="Chrome 32.0.1700 (Mac OS X 10.9.1).pager"/>
    <testcase name="clear page number buttons on multiple datasource rebinds" time="0.002" classname="Chrome 32.0.1700 (Mac OS X 10.9.1).pager"/>
    <testcase name="does not render page numbers if total pages are zero" time="0.001" classname="Chrome 32.0.1700 (Mac OS X 10.9.1).pager"/>
    <testcase name="currentPage css class is added to current page a" time="0.002" classname="Chrome 32.0.1700 (Mac OS X 10.9.1).pager"/>
    <testcase name="changing page raises change event passing the new index" time="0.003" classname="Chrome 32.0.1700 (Mac OS X 10.9.1).pager"/>
    <testcase name="change event is fired when clicking a page button" time="0.002" classname="Chrome 32.0.1700 (Mac OS X 10.9.1).pager"/>
    <testcase name="clicking on the current page does not trigger change event" time="0.001" classname="Chrome 32.0.1700 (Mac OS X 10.9.1).pager"/>
    <testcase name="changing page is paging datasource" time="0.002" classname="Chrome 32.0.1700 (Mac OS X 10.9.1).pager"/>
    <testcase name="show more button should be shown if page buttons are more than the threshold" time="0.002" classname="Chrome 32.0.1700 (Mac OS X 10.9.1).pager"/>
    <testcase name="show less button should be shown if page buttons are more than the threshold" time="0.001" classname="Chrome 32.0.1700 (Mac OS X 10.9.1).pager"/>
    <testcase name="clicking more button pages to next pages group" time="0.001" classname="Chrome 32.0.1700 (Mac OS X 10.9.1).pager"/>
    <testcase name="totalPages" time="0.002" classname="Chrome 32.0.1700 (Mac OS X 10.9.1).pager"/>
    <testcase name="pageSize returns the dataSource pageSize value" time="0.001" classname="Chrome 32.0.1700 (Mac OS X 10.9.1).pager"/>
    <testcase name="page returns the current page" time="0.002" classname="Chrome 32.0.1700 (Mac OS X 10.9.1).pager"/>
    <testcase name="custom linkTemplate should be used instead of the default" time="0.002" classname="Chrome 32.0.1700 (Mac OS X 10.9.1).pager"/>
    <testcase name="custom selectTemplate should be used" time="0.001" classname="Chrome 32.0.1700 (Mac OS X 10.9.1).pager"/>
    <testcase name="single page is rendered if no pageSize is set" time="0.003" classname="Chrome 32.0.1700 (Mac OS X 10.9.1).pager"/>
    <testcase name="pager displays info" time="0.001" classname="Chrome 32.0.1700 (Mac OS X 10.9.1).pager"/>
    <testcase name="pager does not displays info if info is set to false" time="0.001" classname="Chrome 32.0.1700 (Mac OS X 10.9.1).pager"/>
    <testcase name="pager displays empty message when total is zero" time="0.002" classname="Chrome 32.0.1700 (Mac OS X 10.9.1).pager"/>
    <testcase name="pager displays input" time="0.002" classname="Chrome 32.0.1700 (Mac OS X 10.9.1).pager"/>
    <testcase name="input pager changes the page" time="0.003" classname="Chrome 32.0.1700 (Mac OS X 10.9.1).pager"/>
    <testcase name="input pager stays on current page if the input value is less than one is specified" time="0.002" classname="Chrome 32.0.1700 (Mac OS X 10.9.1).pager"/>
    <testcase name="input pager stays on current page if the input value is more than the total number of pages" time="0.002" classname="Chrome 32.0.1700 (Mac OS X 10.9.1).pager"/>
    <testcase name="input pager stays on current page if the input value is not a number" time="0.003" classname="Chrome 32.0.1700 (Mac OS X 10.9.1).pager"/>
    <testcase name="input pager is updated when the page is changed" time="0.002" classname="Chrome 32.0.1700 (Mac OS X 10.9.1).pager"/>
    <testcase name="input pager is disabled if the data source is empty" time="0.002" classname="Chrome 32.0.1700 (Mac OS X 10.9.1).pager"/>
    <testcase name="input pager shows the available pages" time="0.001" classname="Chrome 32.0.1700 (Mac OS X 10.9.1).pager"/>
    <testcase name="pager localization" time="0.004" classname="Chrome 32.0.1700 (Mac OS X 10.9.1).pager"/>
    <testcase name="shows prev button" time="0.003" classname="Chrome 32.0.1700 (Mac OS X 10.9.1).pager"/>
    <testcase name="shows first button" time="0.002" classname="Chrome 32.0.1700 (Mac OS X 10.9.1).pager"/>
    <testcase name="shows next button" time="0.002" classname="Chrome 32.0.1700 (Mac OS X 10.9.1).pager"/>
    <testcase name="shows last button" time="0.002" classname="Chrome 32.0.1700 (Mac OS X 10.9.1).pager"/>
    <testcase name="first button is disabled on the first page" time="0.002" classname="Chrome 32.0.1700 (Mac OS X 10.9.1).pager"/>
    <testcase name="first button is enabled on any page but first" time="0.003" classname="Chrome 32.0.1700 (Mac OS X 10.9.1).pager"/>
    <testcase name="prev button is disabled on the first page" time="0.002" classname="Chrome 32.0.1700 (Mac OS X 10.9.1).pager"/>
    <testcase name="prev button is enabled on any page but first" time="0.003" classname="Chrome 32.0.1700 (Mac OS X 10.9.1).pager"/>
    <testcase name="prev button page data attribute is set to page minus one" time="0.002" classname="Chrome 32.0.1700 (Mac OS X 10.9.1).pager"/>
    <testcase name="next button is disabled on the last page" time="0.003" classname="Chrome 32.0.1700 (Mac OS X 10.9.1).pager"/>
    <testcase name="next button is enabled on any page but last" time="0.002" classname="Chrome 32.0.1700 (Mac OS X 10.9.1).pager"/>
    <testcase name="next button page data attribute is set to page plus one" time="0.002" classname="Chrome 32.0.1700 (Mac OS X 10.9.1).pager"/>
    <testcase name="last button is disabled on the last page" time="0.003" classname="Chrome 32.0.1700 (Mac OS X 10.9.1).pager"/>
    <testcase name="last button is enabled on any page but last" time="0.002" classname="Chrome 32.0.1700 (Mac OS X 10.9.1).pager"/>
    <testcase name="prev button page data attribute is set to total pages" time="0.003" classname="Chrome 32.0.1700 (Mac OS X 10.9.1).pager"/>
    <testcase name="first is enabled if the data source is read before pager init" time="0.002" classname="Chrome 32.0.1700 (Mac OS X 10.9.1).pager"/>
    <testcase name="previous is enabled if the data source is read before pager init" time="0.002" classname="Chrome 32.0.1700 (Mac OS X 10.9.1).pager"/>
    <testcase name="next is enabled if the data source is read before pager init" time="0.001" classname="Chrome 32.0.1700 (Mac OS X 10.9.1).pager"/>
    <testcase name="last is enabled if the data source is read before pager init" time="0.002" classname="Chrome 32.0.1700 (Mac OS X 10.9.1).pager"/>
    <testcase name="creates a dropdown for the page sizes" time="0.03" classname="Chrome 32.0.1700 (Mac OS X 10.9.1).pager"/>
    <testcase name="default page sizes" time="0.026" classname="Chrome 32.0.1700 (Mac OS X 10.9.1).pager"/>
    <testcase name="pageSizes can be array with numbers specifying custom page sizes" time="0.025" classname="Chrome 32.0.1700 (Mac OS X 10.9.1).pager"/>
    <testcase name="the page size of the data source is selected" time="0.026" classname="Chrome 32.0.1700 (Mac OS X 10.9.1).pager"/>
    <testcase name="changing the page size of the data source selects the corresponding option" time="0.032" classname="Chrome 32.0.1700 (Mac OS X 10.9.1).pager"/>
    <testcase name="changing the page size of the data source selects the corresponding option" time="0.031" classname="Chrome 32.0.1700 (Mac OS X 10.9.1).pager"/>
    <testcase name="changing the page size of the data source to a custom value is displayed" time="0.026" classname="Chrome 32.0.1700 (Mac OS X 10.9.1).pager"/>
    <testcase name="changing the page size from the select changes the page size in the data source" time="0.032" classname="Chrome 32.0.1700 (Mac OS X 10.9.1).pager"/>
    <testcase name="displays refresh button" time="0.001" classname="Chrome 32.0.1700 (Mac OS X 10.9.1).pager"/>
    <testcase name="clicking the refresh button reads from the data source" time="0.002" classname="Chrome 32.0.1700 (Mac OS X 10.9.1).pager"/>
    <testcase name="does not render numeric pager if numeric is set to false" time="0.002" classname="Chrome 32.0.1700 (Mac OS X 10.9.1).pager"/>
    <testcase name="dropdown is visible when pager is created multiple times" time="0.058" classname="Chrome 32.0.1700 (Mac OS X 10.9.1).pager"/>
    <testcase name="PanelBar renders anchor instead of span if contentUrl" time="0.008" classname="Chrome 32.0.1700 (Mac OS X 10.9.1).panelbar ajax loading"/>
    <testcase name="clicking collapsed content items should expand them" time="0.082" classname="Chrome 32.0.1700 (Mac OS X 10.9.1).panelbar ajax loading"/>
    <testcase name="clicking expanded content items should collapse them" time="0.013" classname="Chrome 32.0.1700 (Mac OS X 10.9.1).panelbar ajax loading"/>
    <testcase name="clicking collapsed content items should toggle arrow" time="0.079" classname="Chrome 32.0.1700 (Mac OS X 10.9.1).panelbar ajax loading"/>
    <testcase name="clicking expanded content items should toggle arrow" time="0.012" classname="Chrome 32.0.1700 (Mac OS X 10.9.1).panelbar ajax loading"/>
    <testcase name="clicking should make item active" time="0.078" classname="Chrome 32.0.1700 (Mac OS X 10.9.1).panelbar ajax loading"/>
    <testcase name="initially expanded items fetch their AJAX content" time="0.075" classname="Chrome 32.0.1700 (Mac OS X 10.9.1).panelbar ajax loading"/>
    <testcase name="ajax content with error fires error handler and writes the error message to the console" time="0.079" classname="Chrome 32.0.1700 (Mac OS X 10.9.1).panelbar ajax loading"/>
    <testcase name="trigger input select should not bubble" time="0.016" classname="Chrome 32.0.1700 (Mac OS X 10.9.1).api"/>
    <testcase name="clicking should raise onSelect event" time="0.016" classname="Chrome 32.0.1700 (Mac OS X 10.9.1).api"/>
    <testcase name="collapse should raise onCollapse event" time="0.016" classname="Chrome 32.0.1700 (Mac OS X 10.9.1).api"/>
    <testcase name="expand should raise onExpand event" time="0.015" classname="Chrome 32.0.1700 (Mac OS X 10.9.1).api"/>
    <testcase name="expand should raise onActivate event after duration" time="0.432" classname="Chrome 32.0.1700 (Mac OS X 10.9.1).api"/>
    <testcase name="disable method should disable disabled item" time="0.01" classname="Chrome 32.0.1700 (Mac OS X 10.9.1).api"/>
    <testcase name="enable method should enable disabled item" time="0.008" classname="Chrome 32.0.1700 (Mac OS X 10.9.1).api"/>
    <testcase name="collapse method should collapse last item" time="0.015" classname="Chrome 32.0.1700 (Mac OS X 10.9.1).api"/>
    <testcase name="dataSource should create items with the text specified" time="0.013" classname="Chrome 32.0.1700 (Mac OS X 10.9.1).api"/>
    <testcase name="dataSource should spawn arrows for items with group, content or contentUrl" time="0.014" classname="Chrome 32.0.1700 (Mac OS X 10.9.1).api"/>
    <testcase name="dataSource should show collapse arrows for expanded items" time="0.017" classname="Chrome 32.0.1700 (Mac OS X 10.9.1).api"/>
    <testcase name="setOptions resets the animation" time="0.014" classname="Chrome 32.0.1700 (Mac OS X 10.9.1).api"/>
    <testcase name="setOptions resets the dataSource object" time="0.01" classname="Chrome 32.0.1700 (Mac OS X 10.9.1).api"/>
    <testcase name="Add dynamic item with cssClass" time="0.01" classname="Chrome 32.0.1700 (Mac OS X 10.9.1).api"/>
    <testcase name="Adding dynamic content element renders properly on root and inner levels" time="0.011" classname="Chrome 32.0.1700 (Mac OS X 10.9.1).api"/>
    <testcase name="Adding dynamic contentUrl element renders contents on root and inner levels" time="0.011" classname="Chrome 32.0.1700 (Mac OS X 10.9.1).api"/>
    <testcase name="insertAfter method moves an item if called with existing item" time="0.012" classname="Chrome 32.0.1700 (Mac OS X 10.9.1).api">
      <failure type="">failed
    at Object.&lt;anonymous&gt; (/Users/pivanov/Work/kendoui-core/tests/panelbar/api.js:311:13)
    at Object.Test.run (/Users/pivanov/Work/kendoui-core/node_modules/qunitjs/qunit/qunit.js:203:18)
    at /Users/pivanov/Work/kendoui-core/node_modules/qunitjs/qunit/qunit.js:361:10
    at process (/Users/pivanov/Work/kendoui-core/node_modules/qunitjs/qunit/qunit.js:1451:2)
    at /Users/pivanov/Work/kendoui-core/node_modules/qunitjs/qunit/qunit.js:479:5

</failure>
    </testcase>
    <testcase name="PanelBar sets role to the wrapper" time="0.002" classname="Chrome 32.0.1700 (Mac OS X 10.9.1).PanelBar aria"/>
    <testcase name="PanelBar adds tab role to the panelbar items" time="0.004" classname="Chrome 32.0.1700 (Mac OS X 10.9.1).PanelBar aria"/>
    <testcase name="PanelBar adds tab role to items during init" time="0.003" classname="Chrome 32.0.1700 (Mac OS X 10.9.1).PanelBar aria"/>
    <testcase name="PanelBar adds tab role to the added items" time="0.002" classname="Chrome 32.0.1700 (Mac OS X 10.9.1).PanelBar aria"/>
    <testcase name="PanelBar adds role group to the k-group elements" time="0.005" classname="Chrome 32.0.1700 (Mac OS X 10.9.1).PanelBar aria"/>
    <testcase name="PanelBar adds role &apos;region&apos; to the .k-content elements" time="0.003" classname="Chrome 32.0.1700 (Mac OS X 10.9.1).PanelBar aria"/>
    <testcase name="PanelBar adds role region during init" time="0.004" classname="Chrome 32.0.1700 (Mac OS X 10.9.1).PanelBar aria"/>
    <testcase name="PanelBar adds role group during init" time="0.004" classname="Chrome 32.0.1700 (Mac OS X 10.9.1).PanelBar aria"/>
    <testcase name="PanelBar sets id to the focused item" time="0.01" classname="Chrome 32.0.1700 (Mac OS X 10.9.1).PanelBar aria"/>
    <testcase name="PanelBar adds aria-selected on selection" time="0.006" classname="Chrome 32.0.1700 (Mac OS X 10.9.1).PanelBar aria"/>
    <testcase name="PanelBar aria-activedescendant" time="0.004" classname="Chrome 32.0.1700 (Mac OS X 10.9.1).PanelBar aria"/>
    <testcase name="PanelBar deletes aria-activedescendant" time="0.003" classname="Chrome 32.0.1700 (Mac OS X 10.9.1).PanelBar aria"/>
    <testcase name="PanelBar adds aria-expanded to the item during init" time="0.005" classname="Chrome 32.0.1700 (Mac OS X 10.9.1).PanelBar aria"/>
    <testcase name="PanelBar adds aria-expanded=false to all items with content" time="0.006" classname="Chrome 32.0.1700 (Mac OS X 10.9.1).PanelBar aria"/>
    <testcase name="PanelBar updates aria-expanded state" time="0.01" classname="Chrome 32.0.1700 (Mac OS X 10.9.1).PanelBar aria"/>
    <testcase name="PanelBar updates aria-expanded state on collapse" time="0.01" classname="Chrome 32.0.1700 (Mac OS X 10.9.1).PanelBar aria"/>
    <testcase name="PanelBar updates aria-hidden state" time="0.008" classname="Chrome 32.0.1700 (Mac OS X 10.9.1).PanelBar aria"/>
    <testcase name="PanelBar updates aria-hidden state on collapse" time="0.01" classname="Chrome 32.0.1700 (Mac OS X 10.9.1).PanelBar aria"/>
    <testcase name="PanelBar adds aria-hidden to the group when it is added with API" time="0.005" classname="Chrome 32.0.1700 (Mac OS X 10.9.1).PanelBar aria"/>
    <testcase name="PanelBar adds aria-hidden to k-group on init" time="0.004" classname="Chrome 32.0.1700 (Mac OS X 10.9.1).PanelBar aria"/>
    <testcase name="PanelBar adds aria-hidden to content on init" time="0.003" classname="Chrome 32.0.1700 (Mac OS X 10.9.1).PanelBar aria"/>
    <testcase name="PanelBar adds aria-disabled attr" time="0.004" classname="Chrome 32.0.1700 (Mac OS X 10.9.1).PanelBar aria"/>
    <testcase name="PanelBar adds aria-disabled=false" time="0.003" classname="Chrome 32.0.1700 (Mac OS X 10.9.1).PanelBar aria"/>
    <testcase name="PanelBar adds aria-disabled on init" time="0.004" classname="Chrome 32.0.1700 (Mac OS X 10.9.1).PanelBar aria"/>
    <testcase name="PanelBar adds aria-disabled on append" time="0.002" classname="Chrome 32.0.1700 (Mac OS X 10.9.1).PanelBar aria"/>
    <testcase name="PanelBar adds aria-selected on init" time="0.003" classname="Chrome 32.0.1700 (Mac OS X 10.9.1).PanelBar aria"/>
    <testcase name="PanelBar preserves the id of the LI elements" time="0.004" classname="Chrome 32.0.1700 (Mac OS X 10.9.1).PanelBar aria"/>
    <testcase name="PanelBar uses id of the LI element" time="0.003" classname="Chrome 32.0.1700 (Mac OS X 10.9.1).PanelBar aria"/>
    <testcase name="clicking collapsed item not expand if it is disabled" time="0.011" classname="Chrome 32.0.1700 (Mac OS X 10.9.1).panelbar expand collapse"/>
    <testcase name="clicking expanded items should toggle arrow" time="0.017" classname="Chrome 32.0.1700 (Mac OS X 10.9.1).panelbar expand collapse"/>
    <testcase name="clicking collapsed items should expand them" time="0.011" classname="Chrome 32.0.1700 (Mac OS X 10.9.1).panelbar expand collapse"/>
    <testcase name="clicking collapsed items should toggle arrow" time="0.011" classname="Chrome 32.0.1700 (Mac OS X 10.9.1).panelbar expand collapse"/>
    <testcase name="clicking collapsed items should not expand child groups" time="0.012" classname="Chrome 32.0.1700 (Mac OS X 10.9.1).panelbar expand collapse"/>
    <testcase name="clicking child group items should not collapse root group" time="0.019" classname="Chrome 32.0.1700 (Mac OS X 10.9.1).panelbar expand collapse"/>
    <testcase name="clicking arrows toggles child groups" time="0.011" classname="Chrome 32.0.1700 (Mac OS X 10.9.1).panelbar expand collapse"/>
    <testcase name="initializes a panelbar when data role is panelbar" time="0.002" classname="Chrome 32.0.1700 (Mac OS X 10.9.1).panelbar MVVM"/>
    <testcase name="initializes a options from data attributes" time="0.001" classname="Chrome 32.0.1700 (Mac OS X 10.9.1).panelbar MVVM"/>
    <testcase name="binding panelbar initialized before binding" time="0.002" classname="Chrome 32.0.1700 (Mac OS X 10.9.1).panelbar MVVM"/>
    <testcase name="binding containing binding attributes" time="0.002" classname="Chrome 32.0.1700 (Mac OS X 10.9.1).panelbar MVVM"/>
    <testcase name="updating viewModel updates the content" time="0.002" classname="Chrome 32.0.1700 (Mac OS X 10.9.1).panelbar MVVM"/>
    <testcase name="source binding is skipped if set to target element" time="0.004" classname="Chrome 32.0.1700 (Mac OS X 10.9.1).panelbar MVVM"/>
    <testcase name="event is raised if attached as option" time="0.002" classname="Chrome 32.0.1700 (Mac OS X 10.9.1).panelbar MVVM"/>
    <testcase name="binding visible to true shows the panelbar" time="0.001" classname="Chrome 32.0.1700 (Mac OS X 10.9.1).panelbar MVVM"/>
    <testcase name="binding visible to false hides the panelbar" time="0.001" classname="Chrome 32.0.1700 (Mac OS X 10.9.1).panelbar MVVM"/>
    <testcase name="binding invisible to true hides the panelbar" time="0.002" classname="Chrome 32.0.1700 (Mac OS X 10.9.1).panelbar MVVM"/>
    <testcase name="binding invisible to false shows the panelbar" time="0.001" classname="Chrome 32.0.1700 (Mac OS X 10.9.1).panelbar MVVM"/>
    <testcase name="PanelBar adds tabindex" time="0.002" classname="Chrome 32.0.1700 (Mac OS X 10.9.1).panelbar navigation"/>
    <testcase name="PanelBar selects first item on focus" time="0.004" classname="Chrome 32.0.1700 (Mac OS X 10.9.1).panelbar navigation"/>
    <testcase name="PanelBar clears focused item on blur" time="0.004" classname="Chrome 32.0.1700 (Mac OS X 10.9.1).panelbar navigation"/>
    <testcase name="PanelBar selects next item on key DOWN" time="0.004" classname="Chrome 32.0.1700 (Mac OS X 10.9.1).panelbar navigation"/>
    <testcase name="PanelBar misses next item if disabled" time="0.005" classname="Chrome 32.0.1700 (Mac OS X 10.9.1).panelbar navigation"/>
    <testcase name="PanelBar selects first item of group" time="0.007" classname="Chrome 32.0.1700 (Mac OS X 10.9.1).panelbar navigation"/>
    <testcase name="PanelBar selects next item if current is last in a group" time="0.007" classname="Chrome 32.0.1700 (Mac OS X 10.9.1).panelbar navigation"/>
    <testcase name="PanelBar selects first if last is selected" time="0.008" classname="Chrome 32.0.1700 (Mac OS X 10.9.1).panelbar navigation"/>
    <testcase name="PanelBar selects first on HOME key" time="0.007" classname="Chrome 32.0.1700 (Mac OS X 10.9.1).panelbar navigation"/>
    <testcase name="PanelBar selects last on END key" time="0.007" classname="Chrome 32.0.1700 (Mac OS X 10.9.1).panelbar navigation"/>
    <testcase name="PanelBar selects prev item on key UP" time="0.004" classname="Chrome 32.0.1700 (Mac OS X 10.9.1).panelbar navigation"/>
    <testcase name="PanelBar selects prev parent item" time="0.008" classname="Chrome 32.0.1700 (Mac OS X 10.9.1).panelbar navigation"/>
    <testcase name="PanelBar selects last if no prev" time="0.008" classname="Chrome 32.0.1700 (Mac OS X 10.9.1).panelbar navigation"/>
    <testcase name="PanelBar selects prev nested and visible item" time="0.01" classname="Chrome 32.0.1700 (Mac OS X 10.9.1).panelbar navigation"/>
    <testcase name="PanelBar misses prev item if disabled" time="0.004" classname="Chrome 32.0.1700 (Mac OS X 10.9.1).panelbar navigation"/>
    <testcase name="PanelBar moves focus to last element in the last expanded group" time="0.007" classname="Chrome 32.0.1700 (Mac OS X 10.9.1).panelbar navigation"/>
    <testcase name="PanelBar expands current focused item on Enter" time="0.008" classname="Chrome 32.0.1700 (Mac OS X 10.9.1).panelbar navigation"/>
    <testcase name="PanelBar selects item on Enter" time="0.009" classname="Chrome 32.0.1700 (Mac OS X 10.9.1).panelbar navigation"/>
    <testcase name="PanelBar collapses expanded group" time="0.011" classname="Chrome 32.0.1700 (Mac OS X 10.9.1).panelbar navigation"/>
    <testcase name="PanelBar makes clicked element focused" time="0.005" classname="Chrome 32.0.1700 (Mac OS X 10.9.1).panelbar navigation"/>
    <testcase name="clicking root items selects them" time="0.017" classname="Chrome 32.0.1700 (Mac OS X 10.9.1).panelbar selection"/>
    <testcase name="selecting root items deselects their siblings" time="0.012" classname="Chrome 32.0.1700 (Mac OS X 10.9.1).panelbar selection"/>
    <testcase name="expand should collapse other opened items" time="0.012" classname="Chrome 32.0.1700 (Mac OS X 10.9.1).panelbar single expand api"/>
    <testcase name="expand should not collapse item which is already expanded" time="0.011" classname="Chrome 32.0.1700 (Mac OS X 10.9.1).panelbar single expand api"/>
    <testcase name="clicking not expandable item should not collapse expanded item" time="0.01" classname="Chrome 32.0.1700 (Mac OS X 10.9.1).panelbar single expand collapse"/>
    <testcase name="clicking item should collapse other and fire collapse on it" time="0.014" classname="Chrome 32.0.1700 (Mac OS X 10.9.1).panelbar single expand collapse"/>
    <testcase name="clicking item twice should not collapse it" time="0.015" classname="Chrome 32.0.1700 (Mac OS X 10.9.1).panelbar single expand collapse"/>
    <testcase name="clicking subItem should not collapse headerItem" time="0.014" classname="Chrome 32.0.1700 (Mac OS X 10.9.1).panelbar single expand collapse"/>
    <testcase name="updates zIndex based on anchor container property" time="0.007" classname="Chrome 32.0.1700 (Mac OS X 10.9.1).kendo_ui_Popup"/>
    <testcase name="mousedown outside the element should close it" time="0.037" classname="Chrome 32.0.1700 (Mac OS X 10.9.1).kendo_ui_Popup"/>
    <testcase name="mousedown inside toggleTarget should not close the popup" time="0.03" classname="Chrome 32.0.1700 (Mac OS X 10.9.1).kendo_ui_Popup"/>
    <testcase name="window.scroll does not close popup when focused" time="0.006" classname="Chrome 32.0.1700 (Mac OS X 10.9.1).kendo_ui_Popup"/>
    <testcase name="popup appends element to body" time="0.002" classname="Chrome 32.0.1700 (Mac OS X 10.9.1).kendo_ui_Popup"/>
    <testcase name="popup hides the element" time="0.001" classname="Chrome 32.0.1700 (Mac OS X 10.9.1).kendo_ui_Popup"/>
    <testcase name="open raises the open event" time="0.016" classname="Chrome 32.0.1700 (Mac OS X 10.9.1).kendo_ui_Popup"/>
    <testcase name="open shows the element" time="0.005" classname="Chrome 32.0.1700 (Mac OS X 10.9.1).kendo_ui_Popup"/>
    <testcase name="open with coordinates skips alignment" time="0.005" classname="Chrome 32.0.1700 (Mac OS X 10.9.1).kendo_ui_Popup"/>
    <testcase name="close triggers the close event" time="0.017" classname="Chrome 32.0.1700 (Mac OS X 10.9.1).kendo_ui_Popup"/>
    <testcase name="close closes the element" time="0.42" classname="Chrome 32.0.1700 (Mac OS X 10.9.1).kendo_ui_Popup"/>
    <testcase name="popup is made absolute" time="0.002" classname="Chrome 32.0.1700 (Mac OS X 10.9.1).kendo_ui_Popup"/>
    <testcase name="default popup origin is bottom left" time="0.002" classname="Chrome 32.0.1700 (Mac OS X 10.9.1).kendo_ui_Popup"/>
    <testcase name="default popup position is top left" time="0.001" classname="Chrome 32.0.1700 (Mac OS X 10.9.1).kendo_ui_Popup"/>
    <testcase name="origin bottom and position top" time="0.005" classname="Chrome 32.0.1700 (Mac OS X 10.9.1).kendo_ui_Popup"/>
    <testcase name="origin bottom and position bottom" time="0.005" classname="Chrome 32.0.1700 (Mac OS X 10.9.1).kendo_ui_Popup"/>
    <testcase name="origin bottom and position center" time="0.005" classname="Chrome 32.0.1700 (Mac OS X 10.9.1).kendo_ui_Popup"/>
    <testcase name="origin top and position top" time="0.005" classname="Chrome 32.0.1700 (Mac OS X 10.9.1).kendo_ui_Popup"/>
    <testcase name="origin top and position bottom" time="0.005" classname="Chrome 32.0.1700 (Mac OS X 10.9.1).kendo_ui_Popup"/>
    <testcase name="origin top and position center" time="0.005" classname="Chrome 32.0.1700 (Mac OS X 10.9.1).kendo_ui_Popup"/>
    <testcase name="origin center and position top" time="0.005" classname="Chrome 32.0.1700 (Mac OS X 10.9.1).kendo_ui_Popup"/>
    <testcase name="origin center and position bottom" time="0.005" classname="Chrome 32.0.1700 (Mac OS X 10.9.1).kendo_ui_Popup"/>
    <testcase name="origin center and position center" time="0.005" classname="Chrome 32.0.1700 (Mac OS X 10.9.1).kendo_ui_Popup"/>
    <testcase name="origin left and position left" time="0.006" classname="Chrome 32.0.1700 (Mac OS X 10.9.1).kendo_ui_Popup"/>
    <testcase name="origin left and position right" time="0.01" classname="Chrome 32.0.1700 (Mac OS X 10.9.1).kendo_ui_Popup"/>
    <testcase name="origin left and position center" time="0.005" classname="Chrome 32.0.1700 (Mac OS X 10.9.1).kendo_ui_Popup"/>
    <testcase name="origin right and position left" time="0.005" classname="Chrome 32.0.1700 (Mac OS X 10.9.1).kendo_ui_Popup"/>
    <testcase name="origin right and position right" time="0.005" classname="Chrome 32.0.1700 (Mac OS X 10.9.1).kendo_ui_Popup"/>
    <testcase name="origin right and position center" time="0.005" classname="Chrome 32.0.1700 (Mac OS X 10.9.1).kendo_ui_Popup"/>
    <testcase name="origin center and position left" time="0.005" classname="Chrome 32.0.1700 (Mac OS X 10.9.1).kendo_ui_Popup"/>
    <testcase name="origin center and position right" time="0.005" classname="Chrome 32.0.1700 (Mac OS X 10.9.1).kendo_ui_Popup"/>
    <testcase name="origin center and position center" time="0.005" classname="Chrome 32.0.1700 (Mac OS X 10.9.1).kendo_ui_Popup"/>
    <testcase name="toggleEvent is click by default" time="0.001" classname="Chrome 32.0.1700 (Mac OS X 10.9.1).kendo_ui_Popup"/>
    <testcase name="toggle opens closed popup" time="0.005" classname="Chrome 32.0.1700 (Mac OS X 10.9.1).kendo_ui_Popup"/>
    <testcase name="toggle closes opened popup" time="0.016" classname="Chrome 32.0.1700 (Mac OS X 10.9.1).kendo_ui_Popup"/>
    <testcase name="triggering the toggleEvent on the toggleTarget toggles the popup" time="0.016" classname="Chrome 32.0.1700 (Mac OS X 10.9.1).kendo_ui_Popup"/>
    <testcase name="update position of the popup on window.onresize" time="0.005" classname="Chrome 32.0.1700 (Mac OS X 10.9.1).kendo_ui_Popup"/>
    <testcase name="fit returns inverted position if position is negative" time="0.001" classname="Chrome 32.0.1700 (Mac OS X 10.9.1).kendo_ui_Popup"/>
    <testcase name="fit returns offset if element does not fit in original position" time="0.002" classname="Chrome 32.0.1700 (Mac OS X 10.9.1).kendo_ui_Popup"/>
    <testcase name="fit if element does not fit in the original and new position" time="0.001" classname="Chrome 32.0.1700 (Mac OS X 10.9.1).kendo_ui_Popup"/>
    <testcase name="collision is &quot;flip fit&quot; by default" time="0.001" classname="Chrome 32.0.1700 (Mac OS X 10.9.1).kendo_ui_Popup"/>
    <testcase name="setting collision to false stops boundary detection" time="0.001" classname="Chrome 32.0.1700 (Mac OS X 10.9.1).kendo_ui_Popup"/>
    <testcase name="collision fit calls fit strategy when opened" time="0.005" classname="Chrome 32.0.1700 (Mac OS X 10.9.1).kendo_ui_Popup"/>
    <testcase name="collision fit calls fit strategy for each settings" time="0.005" classname="Chrome 32.0.1700 (Mac OS X 10.9.1).kendo_ui_Popup"/>
    <testcase name="collision flip calls flip strategy when opened" time="0.006" classname="Chrome 32.0.1700 (Mac OS X 10.9.1).kendo_ui_Popup"/>
    <testcase name="collision flip calls flip strategy when opened horizontal" time="0.006" classname="Chrome 32.0.1700 (Mac OS X 10.9.1).kendo_ui_Popup"/>
    <testcase name="flip when element does not fit right should be position left" time="0.002" classname="Chrome 32.0.1700 (Mac OS X 10.9.1).kendo_ui_Popup"/>
    <testcase name="flip when element does not fit right and does not fit left should be position right" time="0.001" classname="Chrome 32.0.1700 (Mac OS X 10.9.1).kendo_ui_Popup"/>
    <testcase name="flip offset is not modified if position is center" time="0.001" classname="Chrome 32.0.1700 (Mac OS X 10.9.1).kendo_ui_Popup"/>
    <testcase name="flip offset is not modified if origin is center" time="0.001" classname="Chrome 32.0.1700 (Mac OS X 10.9.1).kendo_ui_Popup"/>
    <testcase name="flip offset is not modified if origin and position have same value" time="0.001" classname="Chrome 32.0.1700 (Mac OS X 10.9.1).kendo_ui_Popup"/>
    <testcase name="flip when element does not fit bellow should be position at the top" time="0.001" classname="Chrome 32.0.1700 (Mac OS X 10.9.1).kendo_ui_Popup"/>
    <testcase name="flip when element does not fit bellow and above should be position bellow" time="0.002" classname="Chrome 32.0.1700 (Mac OS X 10.9.1).kendo_ui_Popup"/>
    <testcase name="open adds active state to parent state changers" time="0.007" classname="Chrome 32.0.1700 (Mac OS X 10.9.1).kendo_ui_Popup"/>
    <testcase name="gets biggest zindex if sibling container does not have zIndex" time="0.007" classname="Chrome 32.0.1700 (Mac OS X 10.9.1).kendo_ui_Popup"/>
    <testcase name="copy font styles from anchor" time="0.007" classname="Chrome 32.0.1700 (Mac OS X 10.9.1).kendo_ui_Popup"/>
    <testcase name="re-position on resize" time="0.122" classname="Chrome 32.0.1700 (Mac OS X 10.9.1).kendo_ui_Popup"/>
    <testcase name="value method returns the actual initial value" time="0.007" classname="Chrome 32.0.1700 (Mac OS X 10.9.1).value"/>
    <testcase name="value method sets indeterminate state correctly when false is passed" time="0.005" classname="Chrome 32.0.1700 (Mac OS X 10.9.1).value"/>
    <testcase name="value method does not set indeterminate state when true is passed" time="0.003" classname="Chrome 32.0.1700 (Mac OS X 10.9.1).value"/>
    <testcase name="value method sets value correctly when the value is between min and max" time="0.006" classname="Chrome 32.0.1700 (Mac OS X 10.9.1).value"/>
    <testcase name="value method sets value equal to max value when it is bigger than max" time="0.005" classname="Chrome 32.0.1700 (Mac OS X 10.9.1).value"/>
    <testcase name="value method sets value equal to min value when it is smaller than min" time="0.005" classname="Chrome 32.0.1700 (Mac OS X 10.9.1).value"/>
    <testcase name="value method sets the value when it is equal to min" time="0.004" classname="Chrome 32.0.1700 (Mac OS X 10.9.1).value"/>
    <testcase name="value method sets the value when it is equal to max" time="0.005" classname="Chrome 32.0.1700 (Mac OS X 10.9.1).value"/>
    <testcase name="Change event is fired only once per value (type=&apos;chunk&apos;)" time="0.049" classname="Chrome 32.0.1700 (Mac OS X 10.9.1).value"/>
    <testcase name="Change event is fired only once per value (type=&apos;value&apos;)" time="0.05" classname="Chrome 32.0.1700 (Mac OS X 10.9.1).value"/>
    <testcase name="Change event is fired only once per value (type=&apos;percent&apos;)" time="0.049" classname="Chrome 32.0.1700 (Mac OS X 10.9.1).value"/>
    <testcase name="Change event is fired only once per value when trying to set value bigger than max (type=&apos;percent&apos;)" time="0.048" classname="Chrome 32.0.1700 (Mac OS X 10.9.1).value"/>
    <testcase name="Change event is fired only once per value when trying to set value bigger than max (type=&apos;value&apos;)" time="0.05" classname="Chrome 32.0.1700 (Mac OS X 10.9.1).value"/>
    <testcase name="Change event is fired only once per value when trying to set value bigger than max (type=&apos;chunk&apos;)" time="0.047" classname="Chrome 32.0.1700 (Mac OS X 10.9.1).value"/>
    <testcase name="Change event is fired only once per value when trying to set value smaller than min (type=&apos;percent&apos;)" time="0.053" classname="Chrome 32.0.1700 (Mac OS X 10.9.1).value"/>
    <testcase name="Change event is fired only once per value when trying to set value smaller than min (type=&apos;value&apos;)" time="0.051" classname="Chrome 32.0.1700 (Mac OS X 10.9.1).value"/>
    <testcase name="Change event is fired only once per value when trying to set value smaller than min (type=&apos;chunk&apos;)" time="0.049" classname="Chrome 32.0.1700 (Mac OS X 10.9.1).value"/>
    <testcase name="Complete event is not fired before max is reached (type=&apos;value&apos;)" time="0.052" classname="Chrome 32.0.1700 (Mac OS X 10.9.1).value"/>
    <testcase name="Complete event is fired when max is reached (type=&apos;value&apos;)" time="0.052" classname="Chrome 32.0.1700 (Mac OS X 10.9.1).value"/>
    <testcase name="Complete event is fired each time when max is reached (type=&apos;value&apos;)" time="0.053" classname="Chrome 32.0.1700 (Mac OS X 10.9.1).value"/>
    <testcase name="Complete event is not fired before max is reached (type=&apos;percent&apos;)" time="0.053" classname="Chrome 32.0.1700 (Mac OS X 10.9.1).value"/>
    <testcase name="Complete event is fired when max is reached (type=&apos;percent&apos;)" time="0.052" classname="Chrome 32.0.1700 (Mac OS X 10.9.1).value"/>
    <testcase name="Complete event is fired each time when max is reached (type=&apos;percent&apos;)" time="0.054" classname="Chrome 32.0.1700 (Mac OS X 10.9.1).value"/>
    <testcase name="Complete event is not fired before max is reached (type=&apos;chunk&apos;)" time="0.05" classname="Chrome 32.0.1700 (Mac OS X 10.9.1).value"/>
    <testcase name="Complete event is fired when max is reached (type=&apos;chunk&apos;)" time="0.048" classname="Chrome 32.0.1700 (Mac OS X 10.9.1).value"/>
    <testcase name="Complete event is fired each time when max is reached (type=&apos;chunk&apos;)" time="0.049" classname="Chrome 32.0.1700 (Mac OS X 10.9.1).value"/>
    <testcase name="Complete event is not fired max is set multiple times in a row (type=&apos;value&apos;)" time="0.048" classname="Chrome 32.0.1700 (Mac OS X 10.9.1).value"/>
    <testcase name="Complete event is not fired max is set multiple times in a row (type=&apos;percent&apos;)" time="0.05" classname="Chrome 32.0.1700 (Mac OS X 10.9.1).value"/>
    <testcase name="Complete event is not fired max is set multiple times in a row (type=&apos;chunk&apos;)" time="0.047" classname="Chrome 32.0.1700 (Mac OS X 10.9.1).value"/>
    <testcase name="k-progressbar-indeterminate class is set correctly when passed value is false" time="0.047" classname="Chrome 32.0.1700 (Mac OS X 10.9.1).value"/>
    <testcase name="k-progressbar-indeterminate class is removed when previous value was false" time="0.05" classname="Chrome 32.0.1700 (Mac OS X 10.9.1).value"/>
    <testcase name="k-progressbar-indeterminate class is removed when initial value was false" time="0.049" classname="Chrome 32.0.1700 (Mac OS X 10.9.1).value"/>
    <testcase name="One percent is calculated correctly" time="0.049" classname="Chrome 32.0.1700 (Mac OS X 10.9.1).value"/>
    <testcase name="enable method renders k-state-disabled class when false is passed" time="0.002" classname="Chrome 32.0.1700 (Mac OS X 10.9.1).enable"/>
    <testcase name="enable method removes k-state-disabled class when no parameter is passed" time="0.002" classname="Chrome 32.0.1700 (Mac OS X 10.9.1).enable"/>
    <testcase name="enable method removes k-state-disabled class when true is passed" time="0.001" classname="Chrome 32.0.1700 (Mac OS X 10.9.1).enable"/>
    <testcase name="enable method does not add k-state-disabled class if not needed" time="0.002" classname="Chrome 32.0.1700 (Mac OS X 10.9.1).enable"/>
    <testcase name="enable method does not removes k-state-disabled class if not needed" time="0.007" classname="Chrome 32.0.1700 (Mac OS X 10.9.1).enable"/>
    <testcase name="enable does not disable progressbar" time="0.001" classname="Chrome 32.0.1700 (Mac OS X 10.9.1).enable"/>
    <testcase name="initially disabled state is applied" time="0.002" classname="Chrome 32.0.1700 (Mac OS X 10.9.1).enable"/>
    <testcase name="ProgressBar does change value when disabled" time="0.006" classname="Chrome 32.0.1700 (Mac OS X 10.9.1).enable"/>
    <testcase name="ProgressBar does change value when initially disabled" time="0.003" classname="Chrome 32.0.1700 (Mac OS X 10.9.1).enable"/>
    <testcase name="ProgressBar does change value when enabled after initially disabled" time="0.003" classname="Chrome 32.0.1700 (Mac OS X 10.9.1).enable"/>
    <testcase name="ProgressBar does change value when reenabled" time="0.005" classname="Chrome 32.0.1700 (Mac OS X 10.9.1).enable"/>
    <testcase name="ProgressBar does not indeterminate state when disabled" time="0.004" classname="Chrome 32.0.1700 (Mac OS X 10.9.1).enable"/>
    <testcase name="ProgressBar is disabled correctly when in indeterminate state" time="0.003" classname="Chrome 32.0.1700 (Mac OS X 10.9.1).enable"/>
    <testcase name="Animation is set to false in options" time="0.005" classname="Chrome 32.0.1700 (Mac OS X 10.9.1).setOptions"/>
    <testcase name="Private animation object duration is set to 0" time="0.005" classname="Chrome 32.0.1700 (Mac OS X 10.9.1).setOptions"/>
    <testcase name="Animation duration is set correctly in options" time="0.005" classname="Chrome 32.0.1700 (Mac OS X 10.9.1).setOptions"/>
    <testcase name="Private animation object duration is set correctly" time="0.006" classname="Chrome 32.0.1700 (Mac OS X 10.9.1).setOptions"/>
    <testcase name="Type is changed correctly from value to percent" time="0.005" classname="Chrome 32.0.1700 (Mac OS X 10.9.1).setOptions"/>
    <testcase name="Type is changed correctly from percent to value" time="0.005" classname="Chrome 32.0.1700 (Mac OS X 10.9.1).setOptions"/>
    <testcase name="Value is changed correctly (type=&apos;value&apos;)" time="0.006" classname="Chrome 32.0.1700 (Mac OS X 10.9.1).setOptions"/>
    <testcase name="Value is changed correctly (type=&apos;percent&apos;)" time="0.005" classname="Chrome 32.0.1700 (Mac OS X 10.9.1).setOptions"/>
    <testcase name="Value is changed correctly (type=&apos;chunk&apos;)" time="0.002" classname="Chrome 32.0.1700 (Mac OS X 10.9.1).setOptions"/>
    <testcase name="kendoProgressBar attaches a progressbar object to target" time="0.002" classname="Chrome 32.0.1700 (Mac OS X 10.9.1).Initialization"/>
    <testcase name="The element of the progressbar is set to the target from which it was initialized" time="0.001" classname="Chrome 32.0.1700 (Mac OS X 10.9.1).Initialization"/>
    <testcase name="Wrapper field is initialized" time="0.001" classname="Chrome 32.0.1700 (Mac OS X 10.9.1).Initialization"/>
    <testcase name="Css classes are added to the wrapper" time="0.001" classname="Chrome 32.0.1700 (Mac OS X 10.9.1).Initialization"/>
    <testcase name="Correct css classes for horizontal progressbar are added to the wrapper" time="0.001" classname="Chrome 32.0.1700 (Mac OS X 10.9.1).Initialization"/>
    <testcase name="Correct css classes for vertical progressbar are added to the wrapper" time="0.002" classname="Chrome 32.0.1700 (Mac OS X 10.9.1).Initialization"/>
    <testcase name="Correct css classes for horizontal reverse progressbar are added to the wrapper" time="0.001" classname="Chrome 32.0.1700 (Mac OS X 10.9.1).Initialization"/>
    <testcase name="Correct css classes for vertical reverse progressbar are added to the wrapper" time="0.002" classname="Chrome 32.0.1700 (Mac OS X 10.9.1).Initialization"/>
    <testcase name="Initial value is normalized correctly when it is less than min" time="0.001" classname="Chrome 32.0.1700 (Mac OS X 10.9.1).Initialization"/>
    <testcase name="Initial value is normalized correctly when it is more than max" time="0.003" classname="Chrome 32.0.1700 (Mac OS X 10.9.1).Initialization"/>
    <testcase name="Start event is not fired on initialization when value is more than min" time="0.069" classname="Chrome 32.0.1700 (Mac OS X 10.9.1).Initialization"/>
    <testcase name="Progress property is set to width when orientation is horizontal" time="0.001" classname="Chrome 32.0.1700 (Mac OS X 10.9.1).Initialization"/>
    <testcase name="Progress property is set to height when orientation is vertical" time="0.002" classname="Chrome 32.0.1700 (Mac OS X 10.9.1).Initialization"/>
    <testcase name="Animation duration is equal to default animation duration when not specified" time="0.001" classname="Chrome 32.0.1700 (Mac OS X 10.9.1).Initialization"/>
    <testcase name="Animation is correctly set to false" time="0.002" classname="Chrome 32.0.1700 (Mac OS X 10.9.1).Initialization"/>
    <testcase name="Animation duration is overriden when specified by user" time="0.001" classname="Chrome 32.0.1700 (Mac OS X 10.9.1).Initialization"/>
    <testcase name="k-progressbar-indeterminate class is set correctly when initial value is false (type=&apos;value&apos;)" time="0.002" classname="Chrome 32.0.1700 (Mac OS X 10.9.1).Initialization"/>
    <testcase name="k-progressbar-indeterminate class is set correctly when initial value is false (type=&apos;percent&apos;)" time="0.001" classname="Chrome 32.0.1700 (Mac OS X 10.9.1).Initialization"/>
    <testcase name="k-progressbar-indeterminate class is set correctly when initial value is false (type=&apos;chunk&apos;)" time="0.002" classname="Chrome 32.0.1700 (Mac OS X 10.9.1).Initialization"/>
    <testcase name="k-progressbar-indeterminate class is not set when initial value is not false (type=&apos;value&apos;)" time="0.003" classname="Chrome 32.0.1700 (Mac OS X 10.9.1).Initialization"/>
    <testcase name="k-progressbar-indeterminate class is not set when initial value is not false (type=&apos;percent&apos;)" time="0.004" classname="Chrome 32.0.1700 (Mac OS X 10.9.1).Initialization"/>
    <testcase name="k-progressbar-indeterminate class is not set when initial value is not false (type=&apos;chunk&apos;)" time="0.001" classname="Chrome 32.0.1700 (Mac OS X 10.9.1).Initialization"/>
    <testcase name="k-state-disabled class is added when ProgressBar is disabled initially" time="0.002" classname="Chrome 32.0.1700 (Mac OS X 10.9.1).Initialization"/>
    <testcase name="Initial value is set correctly to false" time="0.001" classname="Chrome 32.0.1700 (Mac OS X 10.9.1).Initialization"/>
    <testcase name="Initial value false correctly sets status holder text to min (type=&apos;value&apos;)" time="0.001" classname="Chrome 32.0.1700 (Mac OS X 10.9.1).Initialization"/>
    <testcase name="Initial value false correctly sets status holder text to min (type=&apos;percent&apos;)" time="0.002" classname="Chrome 32.0.1700 (Mac OS X 10.9.1).Initialization"/>
    <testcase name="Progress wrapper is not added when initial value is false" time="0.002" classname="Chrome 32.0.1700 (Mac OS X 10.9.1).Initialization"/>
    <testcase name="ProgressBar is correctly disabled and initial value is set to false (type=&apos;value&apos;)" time="0.001" classname="Chrome 32.0.1700 (Mac OS X 10.9.1).Initialization"/>
    <testcase name="ProgressBar is correctly disabled and initial value is set to false (type=&apos;percent&apos;)" time="0.002" classname="Chrome 32.0.1700 (Mac OS X 10.9.1).Initialization"/>
    <testcase name="ProgressBar is correctly disabled and initial value is set to false (type=&apos;chunk&apos;)" time="0.002" classname="Chrome 32.0.1700 (Mac OS X 10.9.1).Initialization"/>
    <testcase name="_isStarted is set to false initially when value is equal to min" time="0.001" classname="Chrome 32.0.1700 (Mac OS X 10.9.1).Initialization"/>
    <testcase name="_isStarted is set to false initially when value is not equal to min" time="0.004" classname="Chrome 32.0.1700 (Mac OS X 10.9.1).Initialization"/>
    <testcase name="ProgressBar is initialized correctly via data attribute" time="0.002" classname="Chrome 32.0.1700 (Mac OS X 10.9.1).Initialization"/>
    <testcase name="ProgressBar value is set correctly via data attribute" time="0.004" classname="Chrome 32.0.1700 (Mac OS X 10.9.1).Initialization"/>
    <testcase name="ProgressBar type is set correctly via data attribute" time="0.002" classname="Chrome 32.0.1700 (Mac OS X 10.9.1).Initialization"/>
    <testcase name="ProgressBar events are raised when set via data attribute" time="0.005" classname="Chrome 32.0.1700 (Mac OS X 10.9.1).Initialization"/>
    <testcase name="Error is thrown when invalid type is passed" time="0.002" classname="Chrome 32.0.1700 (Mac OS X 10.9.1).Initialization"/>
    <testcase name="Error is not thrown when type is &apos;value&apos;" time="0.001" classname="Chrome 32.0.1700 (Mac OS X 10.9.1).Initialization"/>
    <testcase name="Error is not thrown when type is &apos;percent&apos;" time="0.001" classname="Chrome 32.0.1700 (Mac OS X 10.9.1).Initialization"/>
    <testcase name="Error is not thrown when type is &apos;chunk&apos;" time="0.002" classname="Chrome 32.0.1700 (Mac OS X 10.9.1).Initialization"/>
    <testcase name="progressStatus field is set when showStatus is true and value is equal to min (type=&apos;value&apos;)" time="0.001" classname="Chrome 32.0.1700 (Mac OS X 10.9.1).Initialization"/>
    <testcase name="progressStatus field is set when showStatus is true and value is equal to min (type=&apos;percent&apos;)" time="0.002" classname="Chrome 32.0.1700 (Mac OS X 10.9.1).Initialization"/>
    <testcase name="progressStatus field is set when showStatus is true and value is not equal to min (type=&apos;value&apos;)" time="0.003" classname="Chrome 32.0.1700 (Mac OS X 10.9.1).Initialization"/>
    <testcase name="progressStatus field is set when showStatus is true and value is not equal to min (type=&apos;percent&apos;)" time="0.003" classname="Chrome 32.0.1700 (Mac OS X 10.9.1).Initialization"/>
    <testcase name="progressStatus field is set to empty jQuery object when type is &apos;chunk&apos;" time="0.002" classname="Chrome 32.0.1700 (Mac OS X 10.9.1).Initialization"/>
    <testcase name="progressWrapper field is set to empty jQuery object when type is &apos;chunk&apos;" time="0.002" classname="Chrome 32.0.1700 (Mac OS X 10.9.1).Initialization"/>
    <testcase name="progressWrapper field is set to empty jQuery object when value is equal to min (type=&apos;value&apos;)" time="0.001" classname="Chrome 32.0.1700 (Mac OS X 10.9.1).Initialization"/>
    <testcase name="progressWrapper field is set to empty jQuery object when value is equal to min (type=&apos;percent&apos;)" time="0.001" classname="Chrome 32.0.1700 (Mac OS X 10.9.1).Initialization"/>
    <testcase name="progressWrapper field is set when value is  not equal to min (type=&apos;value&apos;)" time="0.003" classname="Chrome 32.0.1700 (Mac OS X 10.9.1).Initialization"/>
    <testcase name="progressWrapper field is set when value is  not equal to min (type=&apos;percent&apos;)" time="0.003" classname="Chrome 32.0.1700 (Mac OS X 10.9.1).Initialization"/>
    <testcase name="ProgressBar wrapper is empty when value is equal to min and showStatus is false" time="0.001" classname="Chrome 32.0.1700 (Mac OS X 10.9.1).Initialization / Regular ProgressBar"/>
    <testcase name="ProgressBar contains empty div for progress wrapper when value is not equal to min and showStatus is false" time="0.003" classname="Chrome 32.0.1700 (Mac OS X 10.9.1).Initialization / Regular ProgressBar"/>
    <testcase name="Size of progress wrapper div reflects value when value is not equal to min and showStatus is false" time="0.002" classname="Chrome 32.0.1700 (Mac OS X 10.9.1).Initialization / Regular ProgressBar"/>
    <testcase name="ProgressBar wrapper contains progress status holder when value is equal to min and showStatus is true" time="0.002" classname="Chrome 32.0.1700 (Mac OS X 10.9.1).Initialization / Regular ProgressBar"/>
    <testcase name="ProgressBar wrapper contains progress status holder and progress wrapper when value is not equal to min and showStatus is true" time="0.004" classname="Chrome 32.0.1700 (Mac OS X 10.9.1).Initialization / Regular ProgressBar"/>
    <testcase name="Status holder text is set correctly when value is not equal to min and showStatus is true" time="0.003" classname="Chrome 32.0.1700 (Mac OS X 10.9.1).Initialization / Regular ProgressBar"/>
    <testcase name="Chunk ProgressBar contains a single ul element to hold the chunks" time="0.001" classname="Chrome 32.0.1700 (Mac OS X 10.9.1).Initialization / Chunk ProgressBar"/>
    <testcase name="Chunk ProgressBar contains a li element for each chunk" time="0.001" classname="Chrome 32.0.1700 (Mac OS X 10.9.1).Initialization / Chunk ProgressBar"/>
    <testcase name="Correct css class is added to each upcoming chunk" time="0.002" classname="Chrome 32.0.1700 (Mac OS X 10.9.1).Initialization / Chunk ProgressBar"/>
    <testcase name="Correct css class is added to the first chunk" time="0.002" classname="Chrome 32.0.1700 (Mac OS X 10.9.1).Initialization / Chunk ProgressBar"/>
    <testcase name="Correct css class is added to the last chunk" time="0.002" classname="Chrome 32.0.1700 (Mac OS X 10.9.1).Initialization / Chunk ProgressBar"/>
    <testcase name="Correct css class is added to the completed chunks" time="0.002" classname="Chrome 32.0.1700 (Mac OS X 10.9.1).Initialization / Chunk ProgressBar"/>
    <testcase name="Chunk size is calculated correctly according to chunk count" time="0.009" classname="Chrome 32.0.1700 (Mac OS X 10.9.1).Initialization / Chunk ProgressBar"/>
    <testcase name="Chunk count is reset to default if negative chunk count is passed" time="0.001" classname="Chrome 32.0.1700 (Mac OS X 10.9.1).Initialization / Chunk ProgressBar"/>
    <testcase name="Chunk count is reset to default if chunk count is less than two" time="0.002" classname="Chrome 32.0.1700 (Mac OS X 10.9.1).Initialization / Chunk ProgressBar"/>
    <testcase name="k-complete is added when the progress width is more than 98%" time="0.05" classname="Chrome 32.0.1700 (Mac OS X 10.9.1).Rendering"/>
    <testcase name="k-complete is removed when the progress width becomes less than 98%" time="0.051" classname="Chrome 32.0.1700 (Mac OS X 10.9.1).Rendering"/>
    <testcase name="k-complete is not added when the progress width is less than or equal to 98%" time="0.069" classname="Chrome 32.0.1700 (Mac OS X 10.9.1).Rendering"/>
    <testcase name="Complete event has correct value parameter (type=&apos;value&apos;)" time="0.05" classname="Chrome 32.0.1700 (Mac OS X 10.9.1).Rendering"/>
    <testcase name="Complete event has correct value parameter (type=&apos;percent&apos;)" time="0.05" classname="Chrome 32.0.1700 (Mac OS X 10.9.1).Rendering"/>
    <testcase name="Complete event has correct value parameter (type=&apos;chunk&apos;)" time="0.047" classname="Chrome 32.0.1700 (Mac OS X 10.9.1).Rendering"/>
    <testcase name="Change event has correct value parameter (type=&apos;value&apos;)" time="0.05" classname="Chrome 32.0.1700 (Mac OS X 10.9.1).Rendering"/>
    <testcase name="Change event has correct value parameter (type=&apos;percent&apos;)" time="0.094" classname="Chrome 32.0.1700 (Mac OS X 10.9.1).Rendering"/>
    <testcase name="Change event has correct value parameter (type=&apos;chunk&apos;)" time="0.047" classname="Chrome 32.0.1700 (Mac OS X 10.9.1).Rendering"/>
    <testcase name="Context is correctly set in complete event (type=&apos;value&apos;)" time="0.048" classname="Chrome 32.0.1700 (Mac OS X 10.9.1).Rendering"/>
    <testcase name="Context is correctly set in complete event (type=&apos;percent&apos;)" time="0.048" classname="Chrome 32.0.1700 (Mac OS X 10.9.1).Rendering"/>
    <testcase name="Context is correctly set in complete event (type=&apos;chunk&apos;)" time="0.047" classname="Chrome 32.0.1700 (Mac OS X 10.9.1).Rendering"/>
    <testcase name="Context is correctly set in change event (type=&apos;value&apos;)" time="0.05" classname="Chrome 32.0.1700 (Mac OS X 10.9.1).Rendering"/>
    <testcase name="Context is correctly set in change event (type=&apos;percent&apos;)" time="0.047" classname="Chrome 32.0.1700 (Mac OS X 10.9.1).Rendering"/>
    <testcase name="Context is correctly set in change event (type=&apos;chunk&apos;)" time="0.048" classname="Chrome 32.0.1700 (Mac OS X 10.9.1).Rendering"/>
    <testcase name="Complete event is fired after change event" time="0.048" classname="Chrome 32.0.1700 (Mac OS X 10.9.1).Rendering"/>
    <testcase name="k-progressbar-reverse class is added to progressbar (type=&apos;chunk&apos;)" time="0.001" classname="Chrome 32.0.1700 (Mac OS X 10.9.1).Rendering / Chunk progressbar"/>
    <testcase name="Correct chunks are updated when progressbar is orientation:horizontal and reverse: false" time="0.002" classname="Chrome 32.0.1700 (Mac OS X 10.9.1).Rendering / Chunk progressbar"/>
    <testcase name="Correct chunks are updated when progressbar is orientation:horizontal and reverse: true" time="0.001" classname="Chrome 32.0.1700 (Mac OS X 10.9.1).Rendering / Chunk progressbar"/>
    <testcase name="Correct chunks are updated when progressbar is orientation:vertical and reverse: false" time="0.001" classname="Chrome 32.0.1700 (Mac OS X 10.9.1).Rendering / Chunk progressbar"/>
    <testcase name="Correct chunks are updated when progressbar is orientation:vertical and reverse: true" time="0.002" classname="Chrome 32.0.1700 (Mac OS X 10.9.1).Rendering / Chunk progressbar"/>
    <testcase name="Correct chunks are updated when progressbar is orientation:horizontal and reverse: false and value was decreased" time="0.001" classname="Chrome 32.0.1700 (Mac OS X 10.9.1).Rendering / Chunk progressbar"/>
    <testcase name="Correct chunks are updated when progressbar is orientation:horizontal and reverse: true and value was decreased" time="0.002" classname="Chrome 32.0.1700 (Mac OS X 10.9.1).Rendering / Chunk progressbar"/>
    <testcase name="Correct chunks are updated when progressbar is orientation:vertical and reverse: false and value was decreased" time="0.001" classname="Chrome 32.0.1700 (Mac OS X 10.9.1).Rendering / Chunk progressbar"/>
    <testcase name="Correct chunks are updated when progressbar is orientation:vertical and reverse: true and value was decreased" time="0.001" classname="Chrome 32.0.1700 (Mac OS X 10.9.1).Rendering / Chunk progressbar"/>
    <testcase name="isStarted is set to true when the value is changed for the first time" time="0.048" classname="Chrome 32.0.1700 (Mac OS X 10.9.1).Rendering / Chunk progressbar"/>
    <testcase name="isStarted remains true when the value has been changed and then set to the initial value" time="0.046" classname="Chrome 32.0.1700 (Mac OS X 10.9.1).Rendering / Chunk progressbar"/>
    <testcase name="Correct chunk count is updated when range is more than chunkCount" time="0.048" classname="Chrome 32.0.1700 (Mac OS X 10.9.1).Rendering / Chunk progressbar"/>
    <testcase name="Correct chunk count is updated when range is less than chunkCount" time="0.046" classname="Chrome 32.0.1700 (Mac OS X 10.9.1).Rendering / Chunk progressbar"/>
    <testcase name="The last chunk is not filled until max value is reached" time="0.046" classname="Chrome 32.0.1700 (Mac OS X 10.9.1).Rendering / Chunk progressbar"/>
    <testcase name="Progress status wrapper is hidden when value is set to min and showStatus is true (type: &apos;value&apos;)" time="0.049" classname="Chrome 32.0.1700 (Mac OS X 10.9.1).Rendering / Regular progressbar"/>
    <testcase name="Progress status wrapper is hidden when value is set to min and showStatus is true (type: &apos;percent&apos;)" time="0.05" classname="Chrome 32.0.1700 (Mac OS X 10.9.1).Rendering / Regular progressbar"/>
    <testcase name="Progress status wrapper is hidden when value is set to min and showStatus is false (type: &apos;value&apos;)" time="0.049" classname="Chrome 32.0.1700 (Mac OS X 10.9.1).Rendering / Regular progressbar"/>
    <testcase name="Progress status wrapper is hidden when value is set to min and showStatus is false (type: &apos;percent&apos;)" time="0.048" classname="Chrome 32.0.1700 (Mac OS X 10.9.1).Rendering / Regular progressbar"/>
    <testcase name="Progress status wrapper is appended when initial value is set to min and then changed, showStatus is true (type: &apos;value&apos;)" time="0.048" classname="Chrome 32.0.1700 (Mac OS X 10.9.1).Rendering / Regular progressbar"/>
    <testcase name="Progress status wrapper is appended when initial value is set to min and then changed, showStatus is true (type: &apos;percent&apos;)" time="0.047" classname="Chrome 32.0.1700 (Mac OS X 10.9.1).Rendering / Regular progressbar"/>
    <testcase name="Progress status wrapper is appended when initial value is set to min and then changed, showStatus is false (type: &apos;value&apos;)" time="0.049" classname="Chrome 32.0.1700 (Mac OS X 10.9.1).Rendering / Regular progressbar"/>
    <testcase name="Progress status wrapper is appended when initial value is set to min and then changed, showStatus is false (type: &apos;percent&apos;)" time="0.048" classname="Chrome 32.0.1700 (Mac OS X 10.9.1).Rendering / Regular progressbar"/>
    <testcase name="Progress status wrapper is shown again when hidden once, showStatus is true (type: &apos;value&apos;)" time="0.051" classname="Chrome 32.0.1700 (Mac OS X 10.9.1).Rendering / Regular progressbar"/>
    <testcase name="Progress status wrapper is shown again when hidden once, showStatus is true (type: &apos;percent&apos;)" time="0.052" classname="Chrome 32.0.1700 (Mac OS X 10.9.1).Rendering / Regular progressbar"/>
    <testcase name="Progress status wrapper is shown again when hidden once, showStatus is false (type: &apos;value&apos;)" time="0.049" classname="Chrome 32.0.1700 (Mac OS X 10.9.1).Rendering / Regular progressbar"/>
    <testcase name="Progress status wrapper is shown again when hidden once, showStatus is false (type: &apos;percent&apos;)" time="0.048" classname="Chrome 32.0.1700 (Mac OS X 10.9.1).Rendering / Regular progressbar"/>
    <testcase name="Progress wrapper width stays the same when the ProgressBar wrapper is resized and showStatus is false" time="0.046" classname="Chrome 32.0.1700 (Mac OS X 10.9.1).Rendering / Regular progressbar"/>
    <testcase name="Progress wrapper width stays the same when the ProgressBar wrapper is resized and showStatus is true" time="0.047" classname="Chrome 32.0.1700 (Mac OS X 10.9.1).Rendering / Regular progressbar"/>
    <testcase name="Progress status holder wrapper width stays the same when the ProgressBar wrapper is resized (type=&apos;percent&apos;)" time="0.048" classname="Chrome 32.0.1700 (Mac OS X 10.9.1).Rendering / Regular progressbar"/>
    <testcase name="Progress status holder wrapper width stays the same when the ProgressBar wrapper is resized (type=&apos;value&apos;)" time="0.047" classname="Chrome 32.0.1700 (Mac OS X 10.9.1).Rendering / Regular progressbar"/>
    <testcase name="isStarted is set to true when the value is changed for the first time (type=&apos;value&apos;)" time="0.049" classname="Chrome 32.0.1700 (Mac OS X 10.9.1).Rendering / Regular progressbar"/>
    <testcase name="isStarted remains true when the value has been changed and then set to the initial value (type=&apos;value&apos;)" time="0.05" classname="Chrome 32.0.1700 (Mac OS X 10.9.1).Rendering / Regular progressbar"/>
    <testcase name="isStarted is set to true when the value is changed for the first time (type=&apos;percent&apos;)" time="0.048" classname="Chrome 32.0.1700 (Mac OS X 10.9.1).Rendering / Regular progressbar"/>
    <testcase name="isStarted remains true when the value has been changed and then set to the initial value (type=&apos;percent&apos;)" time="0.049" classname="Chrome 32.0.1700 (Mac OS X 10.9.1).Rendering / Regular progressbar"/>
    <testcase name="start is raised when element is dragged" time="0.006" classname="Chrome 32.0.1700 (Mac OS X 10.9.1).kendo_ui_Resizable"/>
    <testcase name="resize is raised when element is dragged" time="0.004" classname="Chrome 32.0.1700 (Mac OS X 10.9.1).kendo_ui_Resizable"/>
    <testcase name="resize is raised only if the handle is dragged" time="0.03" classname="Chrome 32.0.1700 (Mac OS X 10.9.1).kendo_ui_Resizable"/>
    <testcase name="resize is raised if the vertical handle is dragged vertically" time="0.003" classname="Chrome 32.0.1700 (Mac OS X 10.9.1).kendo_ui_Resizable"/>
    <testcase name="resizeend is raised when user release the mouse" time="0.003" classname="Chrome 32.0.1700 (Mac OS X 10.9.1).kendo_ui_Resizable"/>
    <testcase name="hint is moved during horizontal dragging" time="0.003" classname="Chrome 32.0.1700 (Mac OS X 10.9.1).kendo_ui_Resizable"/>
    <testcase name="hint is not moved during horizontal dragging with vertical orientation" time="0.002" classname="Chrome 32.0.1700 (Mac OS X 10.9.1).kendo_ui_Resizable"/>
    <testcase name="hint is not moved during vertical dragging with horizontal orientation" time="0.002" classname="Chrome 32.0.1700 (Mac OS X 10.9.1).kendo_ui_Resizable"/>
    <testcase name="hint is moved during vertical dragging" time="0.002" classname="Chrome 32.0.1700 (Mac OS X 10.9.1).kendo_ui_Resizable"/>
    <testcase name="hint is removed" time="0.002" classname="Chrome 32.0.1700 (Mac OS X 10.9.1).kendo_ui_Resizable"/>
    <testcase name="hint is create if function" time="0.003" classname="Chrome 32.0.1700 (Mac OS X 10.9.1).kendo_ui_Resizable"/>
    <testcase name="hint is not moved over the max value" time="0.002" classname="Chrome 32.0.1700 (Mac OS X 10.9.1).kendo_ui_Resizable"/>
    <testcase name="hint is not moved out of the min value" time="0.003" classname="Chrome 32.0.1700 (Mac OS X 10.9.1).kendo_ui_Resizable"/>
    <testcase name="hint is not moved out of the min value if min is function" time="0.002" classname="Chrome 32.0.1700 (Mac OS X 10.9.1).kendo_ui_Resizable"/>
    <testcase name="hint is not moved out of the max value if max is function" time="0.003" classname="Chrome 32.0.1700 (Mac OS X 10.9.1).kendo_ui_Resizable"/>
    <testcase name="hint invalid class is applied if outsize of the max value" time="0.002" classname="Chrome 32.0.1700 (Mac OS X 10.9.1).kendo_ui_Resizable"/>
    <testcase name="kendo.resize does not trigger resize event" time="0.002" classname="Chrome 32.0.1700 (Mac OS X 10.9.1).kendo_ui_Resizable"/>
    <testcase name="uses hashbang by default" time="0.314" classname="Chrome 32.0.1700 (Mac OS X 10.9.1).History"/>
    <testcase name="keeps track of locations" time="0.108" classname="Chrome 32.0.1700 (Mac OS X 10.9.1).History"/>
    <testcase name="uses pushState if possible and asked to" time="0.115" classname="Chrome 32.0.1700 (Mac OS X 10.9.1).History"/>
    <testcase name="does not pushState if identical" time="0.137" classname="Chrome 32.0.1700 (Mac OS X 10.9.1).History"/>
    <testcase name="transforms pushState to non-push state when needed" time="0.249" classname="Chrome 32.0.1700 (Mac OS X 10.9.1).History"/>
    <testcase name="transforms hash to push state on start" time="0.148" classname="Chrome 32.0.1700 (Mac OS X 10.9.1).History"/>
    <testcase name="allows setting of root" time="0.159" classname="Chrome 32.0.1700 (Mac OS X 10.9.1).History"/>
    <testcase name="triggers events when history changed" time="0.191" classname="Chrome 32.0.1700 (Mac OS X 10.9.1).History"/>
    <testcase name="Allows prevention of hash change if preventDefault called" time="0.095" classname="Chrome 32.0.1700 (Mac OS X 10.9.1).History"/>
    <testcase name="Allows prevention of back if preventDefault called" time="0.424" classname="Chrome 32.0.1700 (Mac OS X 10.9.1).History"/>
    <testcase name="Allows prevention of navigating to previous URL (not back) if preventDefault called" time="0.726" classname="Chrome 32.0.1700 (Mac OS X 10.9.1).History"/>
    <testcase name="Triggers back" time="0.443" classname="Chrome 32.0.1700 (Mac OS X 10.9.1).History"/>
    <testcase name="Allows prevention of back if preventDefault in back event called" time="0.424" classname="Chrome 32.0.1700 (Mac OS X 10.9.1).History"/>
    <testcase name="Allows prevention of hash change by clicked link if preventDefault called" time="0.442" classname="Chrome 32.0.1700 (Mac OS X 10.9.1).History"/>
    <testcase name="strips hash from passed urls" time="0.137" classname="Chrome 32.0.1700 (Mac OS X 10.9.1).History"/>
    <testcase name="accepts event handlers passed as options" time="0.158" classname="Chrome 32.0.1700 (Mac OS X 10.9.1).History"/>
    <testcase name="triggers ready with the initial location" time="0.254" classname="Chrome 32.0.1700 (Mac OS X 10.9.1).History"/>
    <testcase name="listens for outside url changes (hashChange)" time="0.108" classname="Chrome 32.0.1700 (Mac OS X 10.9.1).History"/>
    <testcase name="passes parameters if any present" time="0.108" classname="Chrome 32.0.1700 (Mac OS X 10.9.1).History"/>
    <testcase name="supports #:back pseudo url for going back" time="0.425" classname="Chrome 32.0.1700 (Mac OS X 10.9.1).History"/>
    <testcase name="stays in sync after back is called" time="0.408" classname="Chrome 32.0.1700 (Mac OS X 10.9.1).History"/>
    <testcase name="handles back in push state" time="0.527" classname="Chrome 32.0.1700 (Mac OS X 10.9.1).History"/>
    <testcase name="raises init when started" time="0.002" classname="Chrome 32.0.1700 (Mac OS X 10.9.1).Router"/>
    <testcase name="navigates to / by default" time="0.001" classname="Chrome 32.0.1700 (Mac OS X 10.9.1).Router"/>
    <testcase name="supports multiple instances" time="0.001" classname="Chrome 32.0.1700 (Mac OS X 10.9.1).Router"/>
    <testcase name="recognizes an url" time="0.001" classname="Chrome 32.0.1700 (Mac OS X 10.9.1).Router params"/>
    <testcase name="parses params" time="0.001" classname="Chrome 32.0.1700 (Mac OS X 10.9.1).Router params"/>
    <testcase name="parses query string params" time="0.002" classname="Chrome 32.0.1700 (Mac OS X 10.9.1).Router params"/>
    <testcase name="handles complex query string parameters" time="0.002" classname="Chrome 32.0.1700 (Mac OS X 10.9.1).Router params"/>
    <testcase name="no exception is rised when invalid query string parameters are passed" time="0.001" classname="Chrome 32.0.1700 (Mac OS X 10.9.1).Router params"/>
    <testcase name="parses optional params" time="0.001" classname="Chrome 32.0.1700 (Mac OS X 10.9.1).Router params"/>
    <testcase name="parses optional params when query string is present" time="0.002" classname="Chrome 32.0.1700 (Mac OS X 10.9.1).Router params"/>
    <testcase name="parses optional params and query string params" time="0.002" classname="Chrome 32.0.1700 (Mac OS X 10.9.1).Router params"/>
    <testcase name="parses splat params" time="0.001" classname="Chrome 32.0.1700 (Mac OS X 10.9.1).Router params"/>
    <testcase name="triggers change on url change" time="0.001" classname="Chrome 32.0.1700 (Mac OS X 10.9.1).Router params"/>
    <testcase name="triggers change on query string params change" time="0.002" classname="Chrome 32.0.1700 (Mac OS X 10.9.1).Router params"/>
    <testcase name="query string parameters are available in change event" time="0.002" classname="Chrome 32.0.1700 (Mac OS X 10.9.1).Router params"/>
    <testcase name="preventing default does not hit the route" time="0.001" classname="Chrome 32.0.1700 (Mac OS X 10.9.1).Router params"/>
    <testcase name="triggers route missing if no route found" time="0.001" classname="Chrome 32.0.1700 (Mac OS X 10.9.1).Router params"/>
    <testcase name="query string parameters are available in the route missing event" time="0.001" classname="Chrome 32.0.1700 (Mac OS X 10.9.1).Router params"/>
    <testcase name="navigate method navigates to a given url" time="0.002" classname="Chrome 32.0.1700 (Mac OS X 10.9.1).Router params"/>
    <testcase name="selectable class is applied on the element when initialized" time="0.005" classname="Chrome 32.0.1700 (Mac OS X 10.9.1).kendo_ui_Selectable"/>
    <testcase name="single selection does not attach the marquee" time="0.056" classname="Chrome 32.0.1700 (Mac OS X 10.9.1).kendo_ui_Selectable"/>
    <testcase name="multiple selection attach the marquee to the document" time="0.063" classname="Chrome 32.0.1700 (Mac OS X 10.9.1).kendo_ui_Selectable"/>
    <testcase name="element get selected on mouseup" time="0.029" classname="Chrome 32.0.1700 (Mac OS X 10.9.1).kendo_ui_Selectable"/>
    <testcase name="unselect all previosly selected when select new element" time="0.059" classname="Chrome 32.0.1700 (Mac OS X 10.9.1).kendo_ui_Selectable"/>
    <testcase name="item is marked for selection on start" time="0.054" classname="Chrome 32.0.1700 (Mac OS X 10.9.1).kendo_ui_Selectable"/>
    <testcase name="moving over item marks it for selection" time="0.049" classname="Chrome 32.0.1700 (Mac OS X 10.9.1).kendo_ui_Selectable"/>
    <testcase name="moving away from selectable item removes selection mark" time="0.047" classname="Chrome 32.0.1700 (Mac OS X 10.9.1).kendo_ui_Selectable"/>
    <testcase name="value returns all selected items" time="0.025" classname="Chrome 32.0.1700 (Mac OS X 10.9.1).kendo_ui_Selectable"/>
    <testcase name="multiple selection ctrlKey click on selected items does not unselects it" time="0.09" classname="Chrome 32.0.1700 (Mac OS X 10.9.1).kendo_ui_Selectable"/>
    <testcase name="multiple selection metaKey click on selected items does not unselects it" time="0.09" classname="Chrome 32.0.1700 (Mac OS X 10.9.1).kendo_ui_Selectable"/>
    <testcase name="single selection ctrlKey click on item when another is selected" time="0.048" classname="Chrome 32.0.1700 (Mac OS X 10.9.1).kendo_ui_Selectable"/>
    <testcase name="single selection metaKey click on item when another is selected" time="0.049" classname="Chrome 32.0.1700 (Mac OS X 10.9.1).kendo_ui_Selectable"/>
    <testcase name="single selection ctrlKey click on selected item unselects it" time="0.05" classname="Chrome 32.0.1700 (Mac OS X 10.9.1).kendo_ui_Selectable"/>
    <testcase name="single selection metaKey click on selected item unselects it" time="0.048" classname="Chrome 32.0.1700 (Mac OS X 10.9.1).kendo_ui_Selectable"/>
    <testcase name="multiple selection mousedown with ctrlKey on selected item persist selection" time="0.089" classname="Chrome 32.0.1700 (Mac OS X 10.9.1).kendo_ui_Selectable"/>
    <testcase name="multiple selection mousedown with metaKey on selected item persist selection" time="0.088" classname="Chrome 32.0.1700 (Mac OS X 10.9.1).kendo_ui_Selectable"/>
    <testcase name="multiple selection click on selected item with ctrlKey pressed unselect it" time="0.283" classname="Chrome 32.0.1700 (Mac OS X 10.9.1).kendo_ui_Selectable"/>
    <testcase name="multiple selection click on selected item with metaKey pressed unselect it" time="0.059" classname="Chrome 32.0.1700 (Mac OS X 10.9.1).kendo_ui_Selectable"/>
    <testcase name="moving after selected item with ctrlKey pressed" time="0.053" classname="Chrome 32.0.1700 (Mac OS X 10.9.1).kendo_ui_Selectable"/>
    <testcase name="moving after selected item with metaKey pressed" time="0.052" classname="Chrome 32.0.1700 (Mac OS X 10.9.1).kendo_ui_Selectable"/>
    <testcase name="moving back from selected item with ctrlKey pressed" time="0.046" classname="Chrome 32.0.1700 (Mac OS X 10.9.1).kendo_ui_Selectable"/>
    <testcase name="moving back from selected item with metaKey pressed" time="0.046" classname="Chrome 32.0.1700 (Mac OS X 10.9.1).kendo_ui_Selectable"/>
    <testcase name="select range between two selected elements when shift key is pressed" time="0.048" classname="Chrome 32.0.1700 (Mac OS X 10.9.1).kendo_ui_Selectable"/>
    <testcase name="select range when no item selected with shift key pressed select from first selectable" time="0.045" classname="Chrome 32.0.1700 (Mac OS X 10.9.1).kendo_ui_Selectable"/>
    <testcase name="selectRange when start element is in oposite order in the DOM" time="0.002" classname="Chrome 32.0.1700 (Mac OS X 10.9.1).kendo_ui_Selectable"/>
    <testcase name="shift and click clears selected items outside the selected range" time="0.089" classname="Chrome 32.0.1700 (Mac OS X 10.9.1).kendo_ui_Selectable"/>
    <testcase name="selecting range with equal start and end element" time="0.045" classname="Chrome 32.0.1700 (Mac OS X 10.9.1).kendo_ui_Selectable"/>
    <testcase name="selecting element fires select event" time="0.027" classname="Chrome 32.0.1700 (Mac OS X 10.9.1).kendo_ui_Selectable"/>
    <testcase name="select event recieve as argument element to be selected" time="0.025" classname="Chrome 32.0.1700 (Mac OS X 10.9.1).kendo_ui_Selectable"/>
    <testcase name="cancel select event will prevent element selection" time="0.025" classname="Chrome 32.0.1700 (Mac OS X 10.9.1).kendo_ui_Selectable"/>
    <testcase name="change fires when elements are selected" time="0.025" classname="Chrome 32.0.1700 (Mac OS X 10.9.1).kendo_ui_Selectable"/>
    <testcase name="ctrlKey click on selected triggers change event" time="0.025" classname="Chrome 32.0.1700 (Mac OS X 10.9.1).kendo_ui_Selectable"/>
    <testcase name="metaKey click on selected triggers change event" time="0.026" classname="Chrome 32.0.1700 (Mac OS X 10.9.1).kendo_ui_Selectable"/>
    <testcase name="selectRange accept arguments as jQuery object" time="0.001" classname="Chrome 32.0.1700 (Mac OS X 10.9.1).kendo_ui_Selectable"/>
    <testcase name="selectRange accept arguments as jQuery selectors" time="0.002" classname="Chrome 32.0.1700 (Mac OS X 10.9.1).kendo_ui_Selectable"/>
    <testcase name="clear unselect all selected elements" time="0.002" classname="Chrome 32.0.1700 (Mac OS X 10.9.1).kendo_ui_Selectable"/>
    <testcase name="set values to select through value method selects the elements" time="0.001" classname="Chrome 32.0.1700 (Mac OS X 10.9.1).kendo_ui_Selectable"/>
    <testcase name="set values to select through value method triggers select event" time="0.001" classname="Chrome 32.0.1700 (Mac OS X 10.9.1).kendo_ui_Selectable"/>
    <testcase name="set null as value to select" time="0.001" classname="Chrome 32.0.1700 (Mac OS X 10.9.1).kendo_ui_Selectable"/>
    <testcase name="set values to select through value method triggers change event" time="0.001" classname="Chrome 32.0.1700 (Mac OS X 10.9.1).kendo_ui_Selectable"/>
    <testcase name="selectRange with shift key pressed triggers select event" time="0.002" classname="Chrome 32.0.1700 (Mac OS X 10.9.1).kendo_ui_Selectable"/>
    <testcase name="selectRange with shift key pressed triggers change event" time="0.002" classname="Chrome 32.0.1700 (Mac OS X 10.9.1).kendo_ui_Selectable"/>
    <testcase name="select element adds aria attribute" time="0.025" classname="Chrome 32.0.1700 (Mac OS X 10.9.1).kendo_ui_Selectable"/>
    <testcase name="unselecting element sets aria attribute to false" time="0.048" classname="Chrome 32.0.1700 (Mac OS X 10.9.1).kendo_ui_Selectable"/>
    <testcase name="multiple selection unselecting element sets aria attribute to false" time="0.089" classname="Chrome 32.0.1700 (Mac OS X 10.9.1).kendo_ui_Selectable"/>
    <testcase name="select another element invalidates aria attribute" time="0.05" classname="Chrome 32.0.1700 (Mac OS X 10.9.1).kendo_ui_Selectable"/>
    <testcase name="moving over item sets aria attribute" time="0.089" classname="Chrome 32.0.1700 (Mac OS X 10.9.1).kendo_ui_Selectable"/>
    <testcase name="value should set slider value" time="0.016" classname="Chrome 32.0.1700 (Mac OS X 10.9.1).slider api"/>
    <testcase name="value should not be null or empty string and should return old value" time="0.01" classname="Chrome 32.0.1700 (Mac OS X 10.9.1).slider api"/>
    <testcase name="value should be in range" time="0.01" classname="Chrome 32.0.1700 (Mac OS X 10.9.1).slider api"/>
    <testcase name="value should update slider selectionDiv" time="0.025" classname="Chrome 32.0.1700 (Mac OS X 10.9.1).slider api"/>
    <testcase name="value should be in range" time="0.01" classname="Chrome 32.0.1700 (Mac OS X 10.9.1).slider api"/>
    <testcase name="when value is string slider should set slider value" time="0.009" classname="Chrome 32.0.1700 (Mac OS X 10.9.1).slider api"/>
    <testcase name="value should not trigger change event" time="0.01" classname="Chrome 32.0.1700 (Mac OS X 10.9.1).slider api"/>
    <testcase name="slider init should not trigger change event" time="0.009" classname="Chrome 32.0.1700 (Mac OS X 10.9.1).slider api"/>
    <testcase name="value should set value to the input" time="0.01" classname="Chrome 32.0.1700 (Mac OS X 10.9.1).slider api"/>
    <testcase name="enabled with false should disable slider" time="0.008" classname="Chrome 32.0.1700 (Mac OS X 10.9.1).slider api"/>
    <testcase name="disabled attribute should disable slider" time="0.008" classname="Chrome 32.0.1700 (Mac OS X 10.9.1).slider api"/>
    <testcase name="enable method with false should disable slider" time="0.009" classname="Chrome 32.0.1700 (Mac OS X 10.9.1).slider api"/>
    <testcase name="enable method with true should enable slider" time="0.01" classname="Chrome 32.0.1700 (Mac OS X 10.9.1).slider api"/>
    <testcase name="disable method should disable slider" time="0.01" classname="Chrome 32.0.1700 (Mac OS X 10.9.1).slider api"/>
    <testcase name="enable method should enable slider" time="0.011" classname="Chrome 32.0.1700 (Mac OS X 10.9.1).slider api"/>
    <testcase name="disable method should add state disabled to the slider" time="0.009" classname="Chrome 32.0.1700 (Mac OS X 10.9.1).slider api"/>
    <testcase name="enable method should remove state disabled from the slider" time="0.011" classname="Chrome 32.0.1700 (Mac OS X 10.9.1).slider api"/>
    <testcase name="refresh method should not select minimum when slider increase his value from -1 to 0" time="0.011" classname="Chrome 32.0.1700 (Mac OS X 10.9.1).slider api"/>
    <testcase name="slider should not trigger change if we decrease value with 1 step and value is equal to min value" time="0.015" classname="Chrome 32.0.1700 (Mac OS X 10.9.1).slider api"/>
    <testcase name="removes data" time="0.009" classname="Chrome 32.0.1700 (Mac OS X 10.9.1).slider destroy"/>
    <testcase name="unbinds events" time="0.009" classname="Chrome 32.0.1700 (Mac OS X 10.9.1).slider destroy"/>
    <testcase name="unbinds mousedown" time="0.01" classname="Chrome 32.0.1700 (Mac OS X 10.9.1).slider destroy"/>
    <testcase name="values should set rangeSlider selectionStart and selectionEnd" time="0.011" classname="Chrome 32.0.1700 (Mac OS X 10.9.1).rangeslider api"/>
    <testcase name="value should set rangeSlider selectionStart and selectionEnd" time="0.014" classname="Chrome 32.0.1700 (Mac OS X 10.9.1).rangeslider api"/>
    <testcase name="values should return array of selectionStart and selectionEnd" time="0.009" classname="Chrome 32.0.1700 (Mac OS X 10.9.1).rangeslider api"/>
    <testcase name="values should not be null or empty string and should return old values" time="0.009" classname="Chrome 32.0.1700 (Mac OS X 10.9.1).rangeslider api"/>
    <testcase name="values should be in range" time="0.009" classname="Chrome 32.0.1700 (Mac OS X 10.9.1).rangeslider api"/>
    <testcase name="values should set rangeSlider position selectionDiv" time="0.01" classname="Chrome 32.0.1700 (Mac OS X 10.9.1).rangeslider api"/>
    <testcase name="values should not trigger change event" time="0.009" classname="Chrome 32.0.1700 (Mac OS X 10.9.1).rangeslider api"/>
    <testcase name="init should not trigger change event" time="0.013" classname="Chrome 32.0.1700 (Mac OS X 10.9.1).rangeslider api"/>
    <testcase name="values should set values to the inputs" time="0.009" classname="Chrome 32.0.1700 (Mac OS X 10.9.1).rangeslider api"/>
    <testcase name="values should set selectionStart and selectionEnd values from string parameters" time="0.01" classname="Chrome 32.0.1700 (Mac OS X 10.9.1).rangeslider api"/>
    <testcase name="values should set z-index to first handle" time="0.009" classname="Chrome 32.0.1700 (Mac OS X 10.9.1).rangeslider api"/>
    <testcase name="enabled with false should disable range slider" time="0.007" classname="Chrome 32.0.1700 (Mac OS X 10.9.1).rangeslider api"/>
    <testcase name="disabled attribute should disable range slider" time="0.008" classname="Chrome 32.0.1700 (Mac OS X 10.9.1).rangeslider api"/>
    <testcase name="enable method with false should disable range slider" time="0.009" classname="Chrome 32.0.1700 (Mac OS X 10.9.1).rangeslider api"/>
    <testcase name="enable method with true should enable range slider" time="0.011" classname="Chrome 32.0.1700 (Mac OS X 10.9.1).rangeslider api"/>
    <testcase name="disable method should disable range slider" time="0.009" classname="Chrome 32.0.1700 (Mac OS X 10.9.1).rangeslider api"/>
    <testcase name="enable method should enable range slider" time="0.01" classname="Chrome 32.0.1700 (Mac OS X 10.9.1).rangeslider api"/>
    <testcase name="disable method should add state disabled to the range slider" time="0.008" classname="Chrome 32.0.1700 (Mac OS X 10.9.1).rangeslider api"/>
    <testcase name="enable method should remove state disabled from the range slider" time="0.019" classname="Chrome 32.0.1700 (Mac OS X 10.9.1).rangeslider api"/>
    <testcase name="range slider should not trigger change if we decrease selectionStart with 1 step and selectionStart is equal to min value" time="0.009" classname="Chrome 32.0.1700 (Mac OS X 10.9.1).rangeslider api"/>
    <testcase name="removes data" time="0.009" classname="Chrome 32.0.1700 (Mac OS X 10.9.1).rangeslider destroy"/>
    <testcase name="unbinds events" time="0.008" classname="Chrome 32.0.1700 (Mac OS X 10.9.1).rangeslider destroy"/>
    <testcase name="unbinds mousedown" time="0.009" classname="Chrome 32.0.1700 (Mac OS X 10.9.1).rangeslider destroy"/>
    <testcase name="initializes a slider when data role is slider" time="0.005" classname="Chrome 32.0.1700 (Mac OS X 10.9.1).slider mvvm"/>
    <testcase name="initializes a options from data attributes" time="0.004" classname="Chrome 32.0.1700 (Mac OS X 10.9.1).slider mvvm"/>
    <testcase name="initializes value from view model" time="0.006" classname="Chrome 32.0.1700 (Mac OS X 10.9.1).slider mvvm"/>
    <testcase name="changing a value updates the view model" time="0.004" classname="Chrome 32.0.1700 (Mac OS X 10.9.1).slider mvvm"/>
    <testcase name="binding slider initialized before binding" time="0.004" classname="Chrome 32.0.1700 (Mac OS X 10.9.1).slider mvvm"/>
    <testcase name="binding slider initialized after binding" time="0.005" classname="Chrome 32.0.1700 (Mac OS X 10.9.1).slider mvvm"/>
    <testcase name="updating model value updates the UI" time="0.004" classname="Chrome 32.0.1700 (Mac OS X 10.9.1).slider mvvm"/>
    <testcase name="bindings are removed if element is rebind" time="0.004" classname="Chrome 32.0.1700 (Mac OS X 10.9.1).slider mvvm"/>
    <testcase name="binding target is destroyed" time="0.004" classname="Chrome 32.0.1700 (Mac OS X 10.9.1).slider mvvm"/>
    <testcase name="change event is raised if attached as option" time="0.005" classname="Chrome 32.0.1700 (Mac OS X 10.9.1).slider mvvm"/>
    <testcase name="change event is raised if attached as option to a already initialized slider" time="0.004" classname="Chrome 32.0.1700 (Mac OS X 10.9.1).slider mvvm"/>
    <testcase name="binding enabled to false disables the widget" time="0.005" classname="Chrome 32.0.1700 (Mac OS X 10.9.1).slider mvvm"/>
    <testcase name="binding enabled to true enables the widget" time="0.004" classname="Chrome 32.0.1700 (Mac OS X 10.9.1).slider mvvm"/>
    <testcase name="binding disable to true disables the widget" time="0.005" classname="Chrome 32.0.1700 (Mac OS X 10.9.1).slider mvvm"/>
    <testcase name="binding disabled to false enables the widget" time="0.004" classname="Chrome 32.0.1700 (Mac OS X 10.9.1).slider mvvm"/>
    <testcase name="binding visible to false hides the widget" time="0.004" classname="Chrome 32.0.1700 (Mac OS X 10.9.1).slider mvvm"/>
    <testcase name="binding visible to true shows the widget" time="0.004" classname="Chrome 32.0.1700 (Mac OS X 10.9.1).slider mvvm"/>
    <testcase name="changing visible to false hides the widget" time="0.004" classname="Chrome 32.0.1700 (Mac OS X 10.9.1).slider mvvm"/>
    <testcase name="changing visible to true shows the widget" time="0.005" classname="Chrome 32.0.1700 (Mac OS X 10.9.1).slider mvvm"/>
    <testcase name="binding invisible to true hides the widget" time="0.004" classname="Chrome 32.0.1700 (Mac OS X 10.9.1).slider mvvm"/>
    <testcase name="binding invisible to false shows the widget" time="0.01" classname="Chrome 32.0.1700 (Mac OS X 10.9.1).slider mvvm"/>
    <testcase name="changing invisible to true hides the widget" time="0.005" classname="Chrome 32.0.1700 (Mac OS X 10.9.1).slider mvvm"/>
    <testcase name="changing invisible to false shows the widget" time="0.004" classname="Chrome 32.0.1700 (Mac OS X 10.9.1).slider mvvm"/>
    <testcase name="slider should have value 10" time="0.004" classname="Chrome 32.0.1700 (Mac OS X 10.9.1).slider mvvm"/>
    <testcase name="initializes a rangeslider when data role is rangeslider" time="0.005" classname="Chrome 32.0.1700 (Mac OS X 10.9.1).rangeslider mvvm"/>
    <testcase name="initializes a options from data attributes" time="0.004" classname="Chrome 32.0.1700 (Mac OS X 10.9.1).rangeslider mvvm"/>
    <testcase name="initializes value from view model" time="0.005" classname="Chrome 32.0.1700 (Mac OS X 10.9.1).rangeslider mvvm"/>
    <testcase name="changing a value updates the view model" time="0.004" classname="Chrome 32.0.1700 (Mac OS X 10.9.1).rangeslider mvvm"/>
    <testcase name="binding rangeslider initialized before binding" time="0.004" classname="Chrome 32.0.1700 (Mac OS X 10.9.1).rangeslider mvvm"/>
    <testcase name="binding slider initialized after binding" time="0.005" classname="Chrome 32.0.1700 (Mac OS X 10.9.1).rangeslider mvvm"/>
    <testcase name="updating model value updates the UI" time="0.005" classname="Chrome 32.0.1700 (Mac OS X 10.9.1).rangeslider mvvm"/>
    <testcase name="bindings are removed if element is rebind" time="0.005" classname="Chrome 32.0.1700 (Mac OS X 10.9.1).rangeslider mvvm"/>
    <testcase name="binding target is destroyed" time="0.004" classname="Chrome 32.0.1700 (Mac OS X 10.9.1).rangeslider mvvm"/>
    <testcase name="change event is raised if attached as option" time="0.004" classname="Chrome 32.0.1700 (Mac OS X 10.9.1).rangeslider mvvm"/>
    <testcase name="change event is raised if attached as option to a already initialized slider" time="0.004" classname="Chrome 32.0.1700 (Mac OS X 10.9.1).rangeslider mvvm"/>
    <testcase name="binding enabled to false disables the widget" time="0.004" classname="Chrome 32.0.1700 (Mac OS X 10.9.1).rangeslider mvvm"/>
    <testcase name="binding enabled to true enables the widget" time="0.005" classname="Chrome 32.0.1700 (Mac OS X 10.9.1).rangeslider mvvm"/>
    <testcase name="binding disable to true disables the widget" time="0.004" classname="Chrome 32.0.1700 (Mac OS X 10.9.1).rangeslider mvvm"/>
    <testcase name="binding disabled to false enables the widget" time="0.005" classname="Chrome 32.0.1700 (Mac OS X 10.9.1).rangeslider mvvm"/>
    <testcase name="binding visible to false hides the widget" time="0.004" classname="Chrome 32.0.1700 (Mac OS X 10.9.1).rangeslider mvvm"/>
    <testcase name="binding visible to true shows the widget" time="0.004" classname="Chrome 32.0.1700 (Mac OS X 10.9.1).rangeslider mvvm"/>
    <testcase name="changing visible to false hides the widget" time="0.004" classname="Chrome 32.0.1700 (Mac OS X 10.9.1).rangeslider mvvm"/>
    <testcase name="changing visible to true shows the widget" time="0.004" classname="Chrome 32.0.1700 (Mac OS X 10.9.1).rangeslider mvvm"/>
    <testcase name="binding invisible to true hides the widget" time="0.004" classname="Chrome 32.0.1700 (Mac OS X 10.9.1).rangeslider mvvm"/>
    <testcase name="binding invisible to false shows the widget" time="0.004" classname="Chrome 32.0.1700 (Mac OS X 10.9.1).rangeslider mvvm"/>
    <testcase name="changing invisible to true hides the widget" time="0.004" classname="Chrome 32.0.1700 (Mac OS X 10.9.1).rangeslider mvvm"/>
    <testcase name="changing invisible to false shows the widget" time="0.005" classname="Chrome 32.0.1700 (Mac OS X 10.9.1).rangeslider mvvm"/>
    <testcase name="rangeslider should have selection start 10" time="0.004" classname="Chrome 32.0.1700 (Mac OS X 10.9.1).rangeslider mvvm"/>
    <testcase name="rangeslider should have selection end 10" time="0.004" classname="Chrome 32.0.1700 (Mac OS X 10.9.1).rangeslider mvvm"/>
    <testcase name="range slider should decrease value with a small step when down and left arrow keyboard is clicked" time="0.017" classname="Chrome 32.0.1700 (Mac OS X 10.9.1).rangeslider"/>
    <testcase name="range slider should increase value with a small step when down and left arrow keyboard is clicked" time="0.015" classname="Chrome 32.0.1700 (Mac OS X 10.9.1).rangeslider"/>
    <testcase name="range slider should increase value with a large step when page up keyboard is clicked" time="0.018" classname="Chrome 32.0.1700 (Mac OS X 10.9.1).rangeslider"/>
    <testcase name="range slider should decrease value with a large step when page down keyboard is clicked" time="0.013" classname="Chrome 32.0.1700 (Mac OS X 10.9.1).rangeslider"/>
    <testcase name="range slider should increase value to maximum value when end keyboard is clicked" time="0.013" classname="Chrome 32.0.1700 (Mac OS X 10.9.1).rangeslider"/>
    <testcase name="range slider should decrease value to minimum value when home keyboard is clicked" time="0.012" classname="Chrome 32.0.1700 (Mac OS X 10.9.1).rangeslider"/>
    <testcase name="rangeSlider should get values from the inputs" time="0.008" classname="Chrome 32.0.1700 (Mac OS X 10.9.1).rangeslider"/>
    <testcase name="rangeSlider should get step from the input" time="0.007" classname="Chrome 32.0.1700 (Mac OS X 10.9.1).rangeslider"/>
    <testcase name="rangeSlider should get min from the input" time="0.008" classname="Chrome 32.0.1700 (Mac OS X 10.9.1).rangeslider"/>
    <testcase name="rangeSlider should get max from the input" time="0.008" classname="Chrome 32.0.1700 (Mac OS X 10.9.1).rangeslider"/>
    <testcase name="rangeSlider should set default value to the inputs" time="0.01" classname="Chrome 32.0.1700 (Mac OS X 10.9.1).rangeslider"/>
    <testcase name="rangeSlider should not have default values" time="0.023" classname="Chrome 32.0.1700 (Mac OS X 10.9.1).rangeslider"/>
    <testcase name="rangeSlider should get values from the inputs" time="0.021" classname="Chrome 32.0.1700 (Mac OS X 10.9.1).rangeslider"/>
    <testcase name="rangeSlider resize should resize" time="0.035" classname="Chrome 32.0.1700 (Mac OS X 10.9.1).rangeslider"/>
    <testcase name="horizontal slider should apply max value" time="0.009" classname="Chrome 32.0.1700 (Mac OS X 10.9.1).slider rendering"/>
    <testcase name="height slider should apply max value" time="0.009" classname="Chrome 32.0.1700 (Mac OS X 10.9.1).slider rendering"/>
    <testcase name="slider should apply style" time="0.009" classname="Chrome 32.0.1700 (Mac OS X 10.9.1).slider rendering"/>
    <testcase name="slider should apply option value to the input" time="0.009" classname="Chrome 32.0.1700 (Mac OS X 10.9.1).slider rendering"/>
    <testcase name="getValueFromPosition should increase value" time="0.014" classname="Chrome 32.0.1700 (Mac OS X 10.9.1).slider rendering"/>
    <testcase name="slider should decrease value with a small step when down and left arrow keyboard is clicked" time="0.01" classname="Chrome 32.0.1700 (Mac OS X 10.9.1).slider"/>
    <testcase name="slider should increase value with a small step when down and left arrow keyboard is clicked" time="0.011" classname="Chrome 32.0.1700 (Mac OS X 10.9.1).slider"/>
    <testcase name="slider should increase value with a large step when page up keyboard is clicked" time="0.011" classname="Chrome 32.0.1700 (Mac OS X 10.9.1).slider"/>
    <testcase name="slider should decrease value with a large step when page down keyboard is clicked" time="0.011" classname="Chrome 32.0.1700 (Mac OS X 10.9.1).slider"/>
    <testcase name="slider should increase value to maximum value when end keyboard is clicked" time="0.011" classname="Chrome 32.0.1700 (Mac OS X 10.9.1).slider"/>
    <testcase name="slider should increase value to minimum value when home keyboard is clicked" time="0.012" classname="Chrome 32.0.1700 (Mac OS X 10.9.1).slider"/>
    <testcase name="getValueFromPosition with small step 3 and mouse position 100 should return max value" time="0.007" classname="Chrome 32.0.1700 (Mac OS X 10.9.1).slider"/>
    <testcase name="getValueFromPosition with small step 2 and mouse position 78 should return 8" time="0.008" classname="Chrome 32.0.1700 (Mac OS X 10.9.1).slider"/>
    <testcase name="getValueFromPosition with small step 3 and mouse position 80 should return 9" time="0.007" classname="Chrome 32.0.1700 (Mac OS X 10.9.1).slider"/>
    <testcase name="getValueFromPosition with small step 2 and mouse position 60 should return 3" time="0.007" classname="Chrome 32.0.1700 (Mac OS X 10.9.1).slider"/>
    <testcase name="getValueFromPosition with small step 2 and mouse position 95 should return 10" time="0.022" classname="Chrome 32.0.1700 (Mac OS X 10.9.1).slider"/>
    <testcase name="getValueFromPosition with small step 2 and mouse position 9 should return 0" time="0.008" classname="Chrome 32.0.1700 (Mac OS X 10.9.1).slider"/>
    <testcase name="getValueFromPosition with small step 0.1 mouse position 39 should return 0.4" time="0.009" classname="Chrome 32.0.1700 (Mac OS X 10.9.1).slider"/>
    <testcase name="getValueFromPosition with small step 0.1 mouse position 30 should return 0.3" time="0.008" classname="Chrome 32.0.1700 (Mac OS X 10.9.1).slider"/>
    <testcase name="getValueFromPosition with small step 0.1 mouse position 48 should return 0.5" time="0.009" classname="Chrome 32.0.1700 (Mac OS X 10.9.1).slider"/>
    <testcase name="slider should get value from the input" time="0.009" classname="Chrome 32.0.1700 (Mac OS X 10.9.1).slider"/>
    <testcase name="slider should get step from the input" time="0.014" classname="Chrome 32.0.1700 (Mac OS X 10.9.1).slider"/>
    <testcase name="slider should get min from the input" time="0.009" classname="Chrome 32.0.1700 (Mac OS X 10.9.1).slider"/>
    <testcase name="slider should get max from the input" time="0.01" classname="Chrome 32.0.1700 (Mac OS X 10.9.1).slider"/>
    <testcase name="slider should have default input value" time="0.009" classname="Chrome 32.0.1700 (Mac OS X 10.9.1).slider"/>
    <testcase name="slider should not have default value" time="0.016" classname="Chrome 32.0.1700 (Mac OS X 10.9.1).slider"/>
    <testcase name="slider should have get value from the input" time="0.017" classname="Chrome 32.0.1700 (Mac OS X 10.9.1).slider"/>
    <testcase name="slider resize should resize" time="0.013" classname="Chrome 32.0.1700 (Mac OS X 10.9.1).slider"/>
    <testcase name="clicking an item sorts by that field in asc dir" time="0.005" classname="Chrome 32.0.1700 (Mac OS X 10.9.1).kendo_ui_Sortable"/>
    <testcase name="sorting the data source assigns the dir data" time="0.003" classname="Chrome 32.0.1700 (Mac OS X 10.9.1).kendo_ui_Sortable"/>
    <testcase name="sorting twice clears the dir data" time="0.001" classname="Chrome 32.0.1700 (Mac OS X 10.9.1).kendo_ui_Sortable"/>
    <testcase name="clicking changes the sort direction" time="0.001" classname="Chrome 32.0.1700 (Mac OS X 10.9.1).kendo_ui_Sortable"/>
    <testcase name="desc changes to empty" time="0.001" classname="Chrome 32.0.1700 (Mac OS X 10.9.1).kendo_ui_Sortable"/>
    <testcase name="clicking unsorted element sets its direrction to ascending" time="0.001" classname="Chrome 32.0.1700 (Mac OS X 10.9.1).kendo_ui_Sortable"/>
    <testcase name="multiple sort mode" time="0.001" classname="Chrome 32.0.1700 (Mac OS X 10.9.1).kendo_ui_Sortable"/>
    <testcase name="multiple sort mode and unsorting" time="0.001" classname="Chrome 32.0.1700 (Mac OS X 10.9.1).kendo_ui_Sortable"/>
    <testcase name="compare option propagates to data source" time="0.001" classname="Chrome 32.0.1700 (Mac OS X 10.9.1).kendo_ui_Sortable"/>
    <testcase name="dir changes to asc when allowUnsort is false" time="0.001" classname="Chrome 32.0.1700 (Mac OS X 10.9.1).kendo_ui_Sortable"/>
    <testcase name="asc arrow is rendered" time="0.001" classname="Chrome 32.0.1700 (Mac OS X 10.9.1).kendo_ui_Sortable"/>
    <testcase name="desc arrow is rendered" time="0.001" classname="Chrome 32.0.1700 (Mac OS X 10.9.1).kendo_ui_Sortable"/>
    <testcase name="sort arrow is removed" time="0.002" classname="Chrome 32.0.1700 (Mac OS X 10.9.1).kendo_ui_Sortable"/>
    <testcase name="multiple sorting on same field" time="0.001" classname="Chrome 32.0.1700 (Mac OS X 10.9.1).kendo_ui_Sortable"/>
    <testcase name="mode:multiple unsorting field" time="0.002" classname="Chrome 32.0.1700 (Mac OS X 10.9.1).kendo_ui_Sortable"/>
    <testcase name="multiple sorting on same field allowUnsort: false" time="0.001" classname="Chrome 32.0.1700 (Mac OS X 10.9.1).kendo_ui_Sortable"/>
    <testcase name="mode:multiple unsorting field allowUnsort: false" time="0.002" classname="Chrome 32.0.1700 (Mac OS X 10.9.1).kendo_ui_Sortable"/>
    <testcase name="aria-sort is not set when not sorted" time="0.001" classname="Chrome 32.0.1700 (Mac OS X 10.9.1).kendo_ui_Sortable"/>
    <testcase name="aria-sort ascending is set" time="0.001" classname="Chrome 32.0.1700 (Mac OS X 10.9.1).kendo_ui_Sortable"/>
    <testcase name="aria-sort descending is set" time="0.001" classname="Chrome 32.0.1700 (Mac OS X 10.9.1).kendo_ui_Sortable"/>
    <testcase name="aria-sort is not applied when not enabled" time="0.001" classname="Chrome 32.0.1700 (Mac OS X 10.9.1).kendo_ui_Sortable"/>
    <testcase name="clicking element which does not match the filter has no effect" time="0.002" classname="Chrome 32.0.1700 (Mac OS X 10.9.1).kendo_ui_Sortable"/>
    <testcase name="toggle(false) toggles pane state" time="0.018" classname="Chrome 32.0.1700 (Mac OS X 10.9.1).splitter api"/>
    <testcase name="toggle(false) triggers resize" time="0.005" classname="Chrome 32.0.1700 (Mac OS X 10.9.1).splitter api"/>
    <testcase name="toggle(false) converts associated arrow to expand arrow" time="0.007" classname="Chrome 32.0.1700 (Mac OS X 10.9.1).splitter api"/>
    <testcase name="toggle(false) disables splitbar resize" time="0.008" classname="Chrome 32.0.1700 (Mac OS X 10.9.1).splitter api"/>
    <testcase name="toggle(true) removes splibar hover style" time="0.007" classname="Chrome 32.0.1700 (Mac OS X 10.9.1).splitter api"/>
    <testcase name="toggle(true) toggles pane state" time="0.013" classname="Chrome 32.0.1700 (Mac OS X 10.9.1).splitter api"/>
    <testcase name="toggle(true) triggers resize" time="0.007" classname="Chrome 32.0.1700 (Mac OS X 10.9.1).splitter api"/>
    <testcase name="toggle(true) converts associated arrow to collapse arrow" time="0.006" classname="Chrome 32.0.1700 (Mac OS X 10.9.1).splitter api"/>
    <testcase name="toggle(true) enables splitbar resize" time="0.012" classname="Chrome 32.0.1700 (Mac OS X 10.9.1).splitter api"/>
    <testcase name="toggle(true) does not add splibar hover style" time="0.007" classname="Chrome 32.0.1700 (Mac OS X 10.9.1).splitter api"/>
    <testcase name="toggle() applies selector context" time="0.011" classname="Chrome 32.0.1700 (Mac OS X 10.9.1).splitter api"/>
    <testcase name="collapse() calls toggle(false)" time="0.005" classname="Chrome 32.0.1700 (Mac OS X 10.9.1).splitter api"/>
    <testcase name="expand() calls toggle(true)" time="0.006" classname="Chrome 32.0.1700 (Mac OS X 10.9.1).splitter api"/>
    <testcase name="size() gets/sets pane size" time="0.007" classname="Chrome 32.0.1700 (Mac OS X 10.9.1).splitter api"/>
    <testcase name="size() applies selector context" time="0.009" classname="Chrome 32.0.1700 (Mac OS X 10.9.1).splitter api"/>
    <testcase name="min() gets/sets pane min" time="0.005" classname="Chrome 32.0.1700 (Mac OS X 10.9.1).splitter api"/>
    <testcase name="max() gets/sets pane max" time="0.005" classname="Chrome 32.0.1700 (Mac OS X 10.9.1).splitter api"/>
    <testcase name="size(value) triggers resize" time="0.006" classname="Chrome 32.0.1700 (Mac OS X 10.9.1).splitter api"/>
    <testcase name="ajaxRequest() with remote URL" time="0.007" classname="Chrome 32.0.1700 (Mac OS X 10.9.1).splitter api"/>
    <testcase name="collapsing uncollapsible panes is not permitted" time="0.005" classname="Chrome 32.0.1700 (Mac OS X 10.9.1).splitter api"/>
    <testcase name="ajaxRequest() applies selector context" time="0.006" classname="Chrome 32.0.1700 (Mac OS X 10.9.1).splitter api"/>
    <testcase name="append() appends a pane element" time="0.008" classname="Chrome 32.0.1700 (Mac OS X 10.9.1).splitter api"/>
    <testcase name="append() returns the pane element" time="0.007" classname="Chrome 32.0.1700 (Mac OS X 10.9.1).splitter api"/>
    <testcase name="append() appends a pane configuration" time="0.008" classname="Chrome 32.0.1700 (Mac OS X 10.9.1).splitter api"/>
    <testcase name="append() calls Splitter resize(true)" time="0.005" classname="Chrome 32.0.1700 (Mac OS X 10.9.1).splitter api"/>
    <testcase name="insertBefore() inserts a pane element" time="0.007" classname="Chrome 32.0.1700 (Mac OS X 10.9.1).splitter api"/>
    <testcase name="insertBefore() returns the pane element" time="0.008" classname="Chrome 32.0.1700 (Mac OS X 10.9.1).splitter api"/>
    <testcase name="insertBefore() inserts a pane configuration" time="0.007" classname="Chrome 32.0.1700 (Mac OS X 10.9.1).splitter api"/>
    <testcase name="insertBefore() calls Splitter resize(true)" time="0.004" classname="Chrome 32.0.1700 (Mac OS X 10.9.1).splitter api"/>
    <testcase name="insertAfter() inserts a pane element" time="0.008" classname="Chrome 32.0.1700 (Mac OS X 10.9.1).splitter api"/>
    <testcase name="insertAfter() returns the pane element" time="0.007" classname="Chrome 32.0.1700 (Mac OS X 10.9.1).splitter api"/>
    <testcase name="insertAfter() inserts a pane configuration" time="0.008" classname="Chrome 32.0.1700 (Mac OS X 10.9.1).splitter api"/>
    <testcase name="insertAfter() calls Splitter resize(true)" time="0.005" classname="Chrome 32.0.1700 (Mac OS X 10.9.1).splitter api"/>
    <testcase name="remove() removes a pane element" time="0.008" classname="Chrome 32.0.1700 (Mac OS X 10.9.1).splitter api"/>
    <testcase name="remove() removes a pane configuration" time="0.006" classname="Chrome 32.0.1700 (Mac OS X 10.9.1).splitter api"/>
    <testcase name="remove() returns the splitter object" time="0.011" classname="Chrome 32.0.1700 (Mac OS X 10.9.1).splitter api"/>
    <testcase name="remove() calls Splitter resize(true)" time="0.004" classname="Chrome 32.0.1700 (Mac OS X 10.9.1).splitter api"/>
    <testcase name="adds role group to the panes" time="0.005" classname="Chrome 32.0.1700 (Mac OS X 10.9.1).splitter aria"/>
    <testcase name="adds role separator to the splitbars" time="0.005" classname="Chrome 32.0.1700 (Mac OS X 10.9.1).splitter aria"/>
    <testcase name="sets aria-expanded=false when collapse pane" time="0.007" classname="Chrome 32.0.1700 (Mac OS X 10.9.1).splitter aria"/>
    <testcase name="initialization triggers resize" time="0.004" classname="Chrome 32.0.1700 (Mac OS X 10.9.1).splitter events"/>
    <testcase name="window resizing triggers resize" time="0.007" classname="Chrome 32.0.1700 (Mac OS X 10.9.1).splitter events"/>
    <testcase name="layoutChange is triggered after resize" time="0.007" classname="Chrome 32.0.1700 (Mac OS X 10.9.1).splitter events"/>
    <testcase name="successful AJAX requests trigger contentLoad event" time="0.075" classname="Chrome 32.0.1700 (Mac OS X 10.9.1).splitter events"/>
    <testcase name="unsuccessful AJAX requests trigger error event" time="0.072" classname="Chrome 32.0.1700 (Mac OS X 10.9.1).splitter events"/>
    <testcase name="clicking collapse arrow triggers collapse event" time="0.007" classname="Chrome 32.0.1700 (Mac OS X 10.9.1).splitter collapse"/>
    <testcase name="collapse event can be prevented" time="0.005" classname="Chrome 32.0.1700 (Mac OS X 10.9.1).splitter collapse"/>
    <testcase name="clicking collapse arrow calls splitter.collapse" time="0.005" classname="Chrome 32.0.1700 (Mac OS X 10.9.1).splitter collapse"/>
    <testcase name="double-clicking splitbar next to an expanded collapsible pane should call splitter.collapse" time="0.005" classname="Chrome 32.0.1700 (Mac OS X 10.9.1).splitter collapse"/>
    <testcase name="double-clicking splitbar prev to an expanded collapsible pane should call splitter.collapse" time="0.005" classname="Chrome 32.0.1700 (Mac OS X 10.9.1).splitter collapse"/>
    <testcase name="clicking expand arrow triggers expand event" time="0.006" classname="Chrome 32.0.1700 (Mac OS X 10.9.1).splitter expand"/>
    <testcase name="expand event can be prevented" time="0.006" classname="Chrome 32.0.1700 (Mac OS X 10.9.1).splitter expand"/>
    <testcase name="clicking expand arrow calls splitter.expand" time="0.006" classname="Chrome 32.0.1700 (Mac OS X 10.9.1).splitter expand"/>
    <testcase name="double-clicking splitbar next to an collapsed collapsible pane should call splitter.collapse" time="0.005" classname="Chrome 32.0.1700 (Mac OS X 10.9.1).splitter expand"/>
    <testcase name="double-clicking splitbar prev to an collapsed collapsible pane should call splitter.collapse" time="0.004" classname="Chrome 32.0.1700 (Mac OS X 10.9.1).splitter expand"/>
    <testcase name="double-clicking splitbar between two collapsible panes does not trigger collapse" time="0.005" classname="Chrome 32.0.1700 (Mac OS X 10.9.1).splitter expand"/>
    <testcase name="expanding a non-resizable pane does not make it resizable" time="0.006" classname="Chrome 32.0.1700 (Mac OS X 10.9.1).splitter expand"/>
    <testcase name="expanding a non-resizable pane does not modify more splitbars than necessary" time="0.009" classname="Chrome 32.0.1700 (Mac OS X 10.9.1).splitter expand"/>
    <testcase name="initially collapsed pane has an overflow:hidden style" time="0.005" classname="Chrome 32.0.1700 (Mac OS X 10.9.1).splitter expand"/>
    <testcase name="expanding a previously collapsed pane removes its overflow:hidden style" time="0.009" classname="Chrome 32.0.1700 (Mac OS X 10.9.1).splitter expand"/>
    <testcase name="collapsing pane disables collapsing of next pane" time="0.007" classname="Chrome 32.0.1700 (Mac OS X 10.9.1).splitter expand"/>
    <testcase name="collapsing pane disables collapsing of previous pane" time="0.006" classname="Chrome 32.0.1700 (Mac OS X 10.9.1).splitter expand"/>
    <testcase name="collapsing the last fluid pane distributes remaining size to neighbour pane" time="0.007" classname="Chrome 32.0.1700 (Mac OS X 10.9.1).splitter expand"/>
    <testcase name="collapsing the last fluid pane in vertical splitter distributes remaining size to neighbour pane" time="0.007" classname="Chrome 32.0.1700 (Mac OS X 10.9.1).splitter expand"/>
    <testcase name="collapsing a pane adds an overflow:hidden style to it" time="0.006" classname="Chrome 32.0.1700 (Mac OS X 10.9.1).splitter expand"/>
    <testcase name="collapsing pane does not add overlay to frames" time="0.011" classname="Chrome 32.0.1700 (Mac OS X 10.9.1).splitter expand"/>
    <testcase name="collapsed panes can be expanded again" time="0.014" classname="Chrome 32.0.1700 (Mac OS X 10.9.1).splitter expand"/>
    <testcase name="panes can be collapsed after resizing" time="0.017" classname="Chrome 32.0.1700 (Mac OS X 10.9.1).splitter expand"/>
    <testcase name="constructor adds classes to container" time="0.005" classname="Chrome 32.0.1700 (Mac OS X 10.9.1).initialization"/>
    <testcase name="constructor interprets erronious orientation as horizontal" time="0.003" classname="Chrome 32.0.1700 (Mac OS X 10.9.1).initialization"/>
    <testcase name="init adds classes to child elements" time="0.003" classname="Chrome 32.0.1700 (Mac OS X 10.9.1).initialization"/>
    <testcase name="init adds splitbars between panes" time="0.005" classname="Chrome 32.0.1700 (Mac OS X 10.9.1).initialization"/>
    <testcase name="splitbars have collapse button for collapsible panes" time="0.006" classname="Chrome 32.0.1700 (Mac OS X 10.9.1).initialization"/>
    <testcase name="splitbars have resize handle between resizable panes" time="0.005" classname="Chrome 32.0.1700 (Mac OS X 10.9.1).initialization"/>
    <testcase name="collapsed panes render expand arrow beside them" time="0.004" classname="Chrome 32.0.1700 (Mac OS X 10.9.1).initialization"/>
    <testcase name="splibars next to initially collapsed panes are not draggable" time="0.004" classname="Chrome 32.0.1700 (Mac OS X 10.9.1).initialization"/>
    <testcase name="panes get k-scrollable class if they are scrollable" time="0.005" classname="Chrome 32.0.1700 (Mac OS X 10.9.1).initialization"/>
    <testcase name="inner splitters get resized after initialization of outer splitters" time="0.012" classname="Chrome 32.0.1700 (Mac OS X 10.9.1).initialization"/>
    <testcase name="ajaxRequest loads custom urls" time="0.005" classname="Chrome 32.0.1700 (Mac OS X 10.9.1).splitter load on demand"/>
    <testcase name="ajaxRequest places loaded data in target pane" time="0.071" classname="Chrome 32.0.1700 (Mac OS X 10.9.1).splitter load on demand"/>
    <testcase name="loads content for loadable panes when initializing" time="0.006" classname="Chrome 32.0.1700 (Mac OS X 10.9.1).splitter load on demand"/>
    <testcase name="ajaxRequest places loading icon in pane" time="0.005" classname="Chrome 32.0.1700 (Mac OS X 10.9.1).splitter load on demand"/>
    <testcase name="ajaxRequest sends data to server" time="0.006" classname="Chrome 32.0.1700 (Mac OS X 10.9.1).splitter load on demand"/>
    <testcase name="initializes a splitter when data role is splitter" time="0.003" classname="Chrome 32.0.1700 (Mac OS X 10.9.1).mvvm"/>
    <testcase name="initializes a options from data attributes" time="0.003" classname="Chrome 32.0.1700 (Mac OS X 10.9.1).mvvm"/>
    <testcase name="binding splitter initialized before binding" time="0.003" classname="Chrome 32.0.1700 (Mac OS X 10.9.1).mvvm"/>
    <testcase name="binding containing binding attributes" time="0.002" classname="Chrome 32.0.1700 (Mac OS X 10.9.1).mvvm"/>
    <testcase name="updating viewModel updates the content" time="0.002" classname="Chrome 32.0.1700 (Mac OS X 10.9.1).mvvm"/>
    <testcase name="event is raised if attached as option" time="0.003" classname="Chrome 32.0.1700 (Mac OS X 10.9.1).mvvm"/>
    <testcase name="binding visible to true shows the splitter" time="0.002" classname="Chrome 32.0.1700 (Mac OS X 10.9.1).mvvm"/>
    <testcase name="binding visible to false hides the splitter" time="0.002" classname="Chrome 32.0.1700 (Mac OS X 10.9.1).mvvm"/>
    <testcase name="binding invisible to true hides the splitter" time="0.002" classname="Chrome 32.0.1700 (Mac OS X 10.9.1).mvvm"/>
    <testcase name="binding invisible to false shows the splitter" time="0.003" classname="Chrome 32.0.1700 (Mac OS X 10.9.1).mvvm"/>
    <testcase name="Splitter explicitly call resizing.end() on blur of the splitbar" time="0.005" classname="Chrome 32.0.1700 (Mac OS X 10.9.1).splitter keyboard navigation"/>
    <testcase name="Splitter explicitly presses the clicked bar" time="0.006" classname="Chrome 32.0.1700 (Mac OS X 10.9.1).splitter keyboard navigation"/>
    <testcase name="Splitter moves splitbar to left on key LEFT" time="0.008" classname="Chrome 32.0.1700 (Mac OS X 10.9.1).splitter keyboard navigation"/>
    <testcase name="Splitter moves splitbar to right on key RIGHT" time="0.006" classname="Chrome 32.0.1700 (Mac OS X 10.9.1).splitter keyboard navigation"/>
    <testcase name="Splitter uses only specific keys depending on the orientation" time="0.006" classname="Chrome 32.0.1700 (Mac OS X 10.9.1).splitter keyboard navigation"/>
    <testcase name="Splitter accepts resized splitbar on ENTER" time="0.01" classname="Chrome 32.0.1700 (Mac OS X 10.9.1).splitter keyboard navigation"/>
    <testcase name="Splitter can resize splitbar after previous resize" time="0.008" classname="Chrome 32.0.1700 (Mac OS X 10.9.1).splitter keyboard navigation"/>
    <testcase name="Splitter defines navigationKeys depending on the orientation" time="0.004" classname="Chrome 32.0.1700 (Mac OS X 10.9.1).splitter keyboard navigation"/>
    <testcase name="Resizable handles ESC" time="0.013" classname="Chrome 32.0.1700 (Mac OS X 10.9.1).splitter keyboard navigation"/>
    <testcase name="Splitter collapses left pane on CTRL + LEFT" time="0.009" classname="Chrome 32.0.1700 (Mac OS X 10.9.1).splitter keyboard navigation"/>
    <testcase name="Splitter collapses left pane on CTRL + RIGHT" time="0.007" classname="Chrome 32.0.1700 (Mac OS X 10.9.1).splitter keyboard navigation"/>
    <testcase name="Splitter expands left pane on CTRL + RIGHT" time="0.01" classname="Chrome 32.0.1700 (Mac OS X 10.9.1).splitter keyboard navigation"/>
    <testcase name="Splitter expands right pane on CTRL + LEFT" time="0.01" classname="Chrome 32.0.1700 (Mac OS X 10.9.1).splitter keyboard navigation"/>
    <testcase name="Splitter calls resizing.end if pane is process of resizing when press CTRL + LEFT" time="0.012" classname="Chrome 32.0.1700 (Mac OS X 10.9.1).splitter keyboard navigation"/>
    <testcase name="Splitter calls resizing.end if pane is process of resizing when press CTRL + RIGHT" time="0.009" classname="Chrome 32.0.1700 (Mac OS X 10.9.1).splitter keyboard navigation"/>
    <testcase name="Splitter adds focused class on focus" time="0.006" classname="Chrome 32.0.1700 (Mac OS X 10.9.1).splitter keyboard navigation"/>
    <testcase name="Splitter removes focused class on focus" time="0.006" classname="Chrome 32.0.1700 (Mac OS X 10.9.1).splitter keyboard navigation"/>
    <testcase name="resizing is initialized along with splitter" time="0.004" classname="Chrome 32.0.1700 (Mac OS X 10.9.1).splitter horizontal pane resizing"/>
    <testcase name="resizing.start creates splitbar ghost" time="0.006" classname="Chrome 32.0.1700 (Mac OS X 10.9.1).splitter horizontal pane resizing"/>
    <testcase name="resizing constraints calculated from previous pane" time="0.006" classname="Chrome 32.0.1700 (Mac OS X 10.9.1).splitter horizontal pane resizing"/>
    <testcase name="resizing constraints calculated from next pane" time="0.005" classname="Chrome 32.0.1700 (Mac OS X 10.9.1).splitter horizontal pane resizing"/>
    <testcase name="resizing constraints calculated from splitbar width" time="0.007" classname="Chrome 32.0.1700 (Mac OS X 10.9.1).splitter horizontal pane resizing"/>
    <testcase name="resizing constraints calculated from splitbar width and pane extremes" time="0.007" classname="Chrome 32.0.1700 (Mac OS X 10.9.1).splitter horizontal pane resizing"/>
    <testcase name="resizing constraints calculated from pane extremes" time="0.005" classname="Chrome 32.0.1700 (Mac OS X 10.9.1).splitter horizontal pane resizing"/>
    <testcase name="resizing constraints for middle panes" time="0.007" classname="Chrome 32.0.1700 (Mac OS X 10.9.1).splitter horizontal pane resizing"/>
    <testcase name="resizing.stop modifies pane sizes" time="0.009" classname="Chrome 32.0.1700 (Mac OS X 10.9.1).splitter horizontal pane resizing"/>
    <testcase name="resizing.stop for middle panes" time="0.014" classname="Chrome 32.0.1700 (Mac OS X 10.9.1).splitter horizontal pane resizing"/>
    <testcase name="resizing.stop with variable splitbar widths" time="0.018" classname="Chrome 32.0.1700 (Mac OS X 10.9.1).splitter horizontal pane resizing"/>
    <testcase name="resizing.stop fires splitter resize" time="0.01" classname="Chrome 32.0.1700 (Mac OS X 10.9.1).splitter horizontal pane resizing"/>
    <testcase name="resizing.stop for panes with constraints" time="0.012" classname="Chrome 32.0.1700 (Mac OS X 10.9.1).splitter horizontal pane resizing"/>
    <testcase name="resizing.stop assigns percentage sizes when resizing fluid panes" time="0.01" classname="Chrome 32.0.1700 (Mac OS X 10.9.1).splitter horizontal pane resizing"/>
    <testcase name="resizing.stop assigns percentage sizes when resizing fluid panes" time="0.012" classname="Chrome 32.0.1700 (Mac OS X 10.9.1).splitter horizontal pane resizing"/>
    <testcase name="resizing is initialized along with splitter" time="0.007" classname="Chrome 32.0.1700 (Mac OS X 10.9.1).splitter vertical pane resizing"/>
    <testcase name="resizing.start creates splitbar ghost" time="0.006" classname="Chrome 32.0.1700 (Mac OS X 10.9.1).splitter vertical pane resizing"/>
    <testcase name="resizing constraints calculated from previous pane" time="0.006" classname="Chrome 32.0.1700 (Mac OS X 10.9.1).splitter vertical pane resizing"/>
    <testcase name="resizing constraints calculated from next pane" time="0.005" classname="Chrome 32.0.1700 (Mac OS X 10.9.1).splitter vertical pane resizing"/>
    <testcase name="resizing constraints calculated from pane extremes" time="0.005" classname="Chrome 32.0.1700 (Mac OS X 10.9.1).splitter vertical pane resizing"/>
    <testcase name="resizing constraints for middle panes" time="0.012" classname="Chrome 32.0.1700 (Mac OS X 10.9.1).splitter vertical pane resizing"/>
    <testcase name="resizing.stop modifies pane sizes" time="0.009" classname="Chrome 32.0.1700 (Mac OS X 10.9.1).splitter vertical pane resizing"/>
    <testcase name="resizing.stop for middle panes" time="0.014" classname="Chrome 32.0.1700 (Mac OS X 10.9.1).splitter vertical pane resizing"/>
    <testcase name="resizing.stop fires splitter resize" time="0.009" classname="Chrome 32.0.1700 (Mac OS X 10.9.1).splitter vertical pane resizing"/>
    <testcase name="resizing.stop does not resize splitter if Esc key was hit" time="0.007" classname="Chrome 32.0.1700 (Mac OS X 10.9.1).splitter vertical pane resizing"/>
    <testcase name="resizing.stop does not fire resize when cancelling drag with Esc" time="0.006" classname="Chrome 32.0.1700 (Mac OS X 10.9.1).splitter vertical pane resizing"/>
    <testcase name="expanding an initially collapsed pane allows it to be resized" time="0.006" classname="Chrome 32.0.1700 (Mac OS X 10.9.1).splitter vertical pane resizing"/>
    <testcase name="panes can be collapsed after sizing them through size()" time="0.011" classname="Chrome 32.0.1700 (Mac OS X 10.9.1).splitter vertical pane resizing"/>
    <testcase name="splitter is bound to parent splitter resize" time="0.012" classname="Chrome 32.0.1700 (Mac OS X 10.9.1).Nested splitters"/>
    <testcase name="fluid resizable panes get equal sizes and a splitbar between them" time="0.005" classname="Chrome 32.0.1700 (Mac OS X 10.9.1).splitter sizing horizontal"/>
    <testcase name="fluid panes get their size after allocating space for fixed panes" time="0.004" classname="Chrome 32.0.1700 (Mac OS X 10.9.1).splitter sizing horizontal"/>
    <testcase name="fluid panes get their size after allocating space for percentage panes" time="0.006" classname="Chrome 32.0.1700 (Mac OS X 10.9.1).splitter sizing horizontal"/>
    <testcase name="sizes of percentage panes get properly rounded" time="0.004" classname="Chrome 32.0.1700 (Mac OS X 10.9.1).splitter sizing horizontal"/>
    <testcase name="sizes of fluid panes get properly rounded" time="0.005" classname="Chrome 32.0.1700 (Mac OS X 10.9.1).splitter sizing horizontal"/>
    <testcase name="fluid resizable panes get equal sizes and a splitbar between them" time="0.004" classname="Chrome 32.0.1700 (Mac OS X 10.9.1).splitter sizing vertical"/>
    <testcase name="fluid panes get their size after allocating space for fixed panes" time="0.004" classname="Chrome 32.0.1700 (Mac OS X 10.9.1).splitter sizing vertical"/>
    <testcase name="fluid panes get their size after allocating space for percentage panes" time="0.005" classname="Chrome 32.0.1700 (Mac OS X 10.9.1).splitter sizing vertical"/>
    <testcase name="sizes of percentage panes get properly rounded" time="0.005" classname="Chrome 32.0.1700 (Mac OS X 10.9.1).splitter sizing vertical"/>
    <testcase name="sizes of fluid panes get properly rounded" time="0.004" classname="Chrome 32.0.1700 (Mac OS X 10.9.1).splitter sizing vertical"/>
    <testcase name="sub-pixel pane sizes" time="0.005" classname="Chrome 32.0.1700 (Mac OS X 10.9.1).splitter sizing vertical"/>
    <testcase name="collapsed panes have size 0" time="0.005" classname="Chrome 32.0.1700 (Mac OS X 10.9.1).splitter sizing with collapsing"/>
    <testcase name="clicking should make clicked item active" time="0.081" classname="Chrome 32.0.1700 (Mac OS X 10.9.1).tabstrip ajax loading"/>
    <testcase name="clicking should make all items except clicked unactive" time="0.025" classname="Chrome 32.0.1700 (Mac OS X 10.9.1).tabstrip ajax loading"/>
    <testcase name="ajax content url should be attached to item" time="0.004" classname="Chrome 32.0.1700 (Mac OS X 10.9.1).tabstrip ajax loading"/>
    <testcase name="loading ajax content should trigger adding the loading element to the tab" time="0.028" classname="Chrome 32.0.1700 (Mac OS X 10.9.1).tabstrip ajax loading"/>
    <testcase name="ajax content with error fires error handler and writes the error message to the console" time="0.075" classname="Chrome 32.0.1700 (Mac OS X 10.9.1).tabstrip ajax loading"/>
    <testcase name="clicking item with url should navigate" time="0.011" classname="Chrome 32.0.1700 (Mac OS X 10.9.1).tabstrip api"/>
    <testcase name="trigger input select should not bubble" time="0.007" classname="Chrome 32.0.1700 (Mac OS X 10.9.1).tabstrip api"/>
    <testcase name="reload method should call ajaxRequest" time="0.014" classname="Chrome 32.0.1700 (Mac OS X 10.9.1).tabstrip api"/>
    <testcase name="clicking should raise onSelect event" time="0.012" classname="Chrome 32.0.1700 (Mac OS X 10.9.1).tabstrip api"/>
    <testcase name="clicking should raise onActivate event when the new contentElement is visible" time="0.037" classname="Chrome 32.0.1700 (Mac OS X 10.9.1).tabstrip api"/>
    <testcase name="clicking first item should select it" time="0.009" classname="Chrome 32.0.1700 (Mac OS X 10.9.1).tabstrip api"/>
    <testcase name="select method should select second item" time="0.01" classname="Chrome 32.0.1700 (Mac OS X 10.9.1).tabstrip api"/>
    <testcase name="select method should be able to select by number" time="0.01" classname="Chrome 32.0.1700 (Mac OS X 10.9.1).tabstrip api"/>
    <testcase name="disable method should disable item" time="0.007" classname="Chrome 32.0.1700 (Mac OS X 10.9.1).tabstrip api"/>
    <testcase name="enable method should enable disabled item" time="0.008" classname="Chrome 32.0.1700 (Mac OS X 10.9.1).tabstrip api"/>
    <testcase name="select method should show content" time="0.012" classname="Chrome 32.0.1700 (Mac OS X 10.9.1).tabstrip api"/>
    <testcase name="contentElement should return content of seventh tab" time="0.007" classname="Chrome 32.0.1700 (Mac OS X 10.9.1).tabstrip api"/>
    <testcase name="contentElement should not return tab content if passed argument is not number" time="0.007" classname="Chrome 32.0.1700 (Mac OS X 10.9.1).tabstrip api"/>
    <testcase name="contentElement should not return tab content if passed argument is not in range" time="0.007" classname="Chrome 32.0.1700 (Mac OS X 10.9.1).tabstrip api"/>
    <testcase name="getSelectedTab should return current selected tab" time="0.006" classname="Chrome 32.0.1700 (Mac OS X 10.9.1).tabstrip api"/>
    <testcase name="getSelectedTab should return negative if no selected tabs" time="0.007" classname="Chrome 32.0.1700 (Mac OS X 10.9.1).tabstrip api"/>
    <testcase name="click should raise select event and pass corresponding content" time="0.012" classname="Chrome 32.0.1700 (Mac OS X 10.9.1).tabstrip api"/>
    <testcase name="animated text-only content is opened on load" time="0.008" classname="Chrome 32.0.1700 (Mac OS X 10.9.1).tabstrip api"/>
    <testcase name="remove method removes several tabs and their content elements" time="0.009" classname="Chrome 32.0.1700 (Mac OS X 10.9.1).tabstrip api"/>
    <testcase name="insertAfter method moves a tab and its content elements if called with existing tab" time="0.018" classname="Chrome 32.0.1700 (Mac OS X 10.9.1).tabstrip api">
      <failure type="">Died on test #1     at /Users/pivanov/Work/kendoui-core/tests/tabstrip/api.js:318:1
    at /Users/pivanov/Work/kendoui-core/tests/tabstrip/api.js:337:3: Object li:last-child has no method &apos;index&apos;
TypeError: Object li:last-child has no method &apos;index&apos;
    at p.extend.insertAfter (/Users/pivanov/Work/kendoui-core/dist/js/kendo.all.min.js:36:24518)
    at Object.&lt;anonymous&gt; (/Users/pivanov/Work/kendoui-core/tests/tabstrip/api.js:322:18)
    at Object.Test.run (/Users/pivanov/Work/kendoui-core/node_modules/qunitjs/qunit/qunit.js:203:18)
    at /Users/pivanov/Work/kendoui-core/node_modules/qunitjs/qunit/qunit.js:361:10
    at process (/Users/pivanov/Work/kendoui-core/node_modules/qunitjs/qunit/qunit.js:1453:24)
    at /Users/pivanov/Work/kendoui-core/node_modules/qunitjs/qunit/qunit.js:479:5

</failure>
      <failure type="">Expected 2 assertions, but 1 were run
    at /Users/pivanov/Work/kendoui-core/tests/tabstrip/api.js:318:1
    at /Users/pivanov/Work/kendoui-core/tests/tabstrip/api.js:337:3

</failure>
    </testcase>
    <testcase name="select method ignores nested TabStrips" time="0.007" classname="Chrome 32.0.1700 (Mac OS X 10.9.1).tabstrip api"/>
    <testcase name="tablist role is added to the wrapper" time="0.002" classname="Chrome 32.0.1700 (Mac OS X 10.9.1).tabstrip aria"/>
    <testcase name="tab role is set to items" time="0.004" classname="Chrome 32.0.1700 (Mac OS X 10.9.1).tabstrip aria"/>
    <testcase name="tab role is set to items when created from html" time="0.002" classname="Chrome 32.0.1700 (Mac OS X 10.9.1).tabstrip aria"/>
    <testcase name="tabpanel role is set to the content items" time="0.003" classname="Chrome 32.0.1700 (Mac OS X 10.9.1).tabstrip aria"/>
    <testcase name="tabpanel role is set to content items when created from html" time="0.002" classname="Chrome 32.0.1700 (Mac OS X 10.9.1).tabstrip aria"/>
    <testcase name="TabStrip adds aria-controls to the tab items" time="0.003" classname="Chrome 32.0.1700 (Mac OS X 10.9.1).tabstrip aria"/>
    <testcase name="TabStrip render aria-controls with guid if no id" time="0.002" classname="Chrome 32.0.1700 (Mac OS X 10.9.1).tabstrip aria"/>
    <testcase name="hidden attribute is set to the content if tab is not visible" time="0.003" classname="Chrome 32.0.1700 (Mac OS X 10.9.1).tabstrip aria"/>
    <testcase name="hidden attribute is set to the content if tab is not visible when created from html" time="0.002" classname="Chrome 32.0.1700 (Mac OS X 10.9.1).tabstrip aria"/>
    <testcase name="aria-hidden is removed from the content if tab is activated" time="0.004" classname="Chrome 32.0.1700 (Mac OS X 10.9.1).tabstrip aria"/>
    <testcase name="aria-hidden false is set to the prev active content if another tab is activated" time="0.005" classname="Chrome 32.0.1700 (Mac OS X 10.9.1).tabstrip aria"/>
    <testcase name="aria-hidden is set to the content if tab is deactivated" time="0.004" classname="Chrome 32.0.1700 (Mac OS X 10.9.1).tabstrip aria"/>
    <testcase name="aria-hidden false is set to the prev active content if another unexisting tab is activated" time="0.005" classname="Chrome 32.0.1700 (Mac OS X 10.9.1).tabstrip aria"/>
    <testcase name="aria-selected is added to the active tab" time="0.003" classname="Chrome 32.0.1700 (Mac OS X 10.9.1).tabstrip aria"/>
    <testcase name="aria-selected is remove from the prev active tab" time="0.004" classname="Chrome 32.0.1700 (Mac OS X 10.9.1).tabstrip aria"/>
    <testcase name="aria-selected is added to the active tab when created from html" time="0.002" classname="Chrome 32.0.1700 (Mac OS X 10.9.1).tabstrip aria"/>
    <testcase name="aria-expanded false is added to the content " time="0.003" classname="Chrome 32.0.1700 (Mac OS X 10.9.1).tabstrip aria"/>
    <testcase name="aria-expanded is added to the active tab" time="0.003" classname="Chrome 32.0.1700 (Mac OS X 10.9.1).tabstrip aria"/>
    <testcase name="aria-expanded false is added to the non active content when created from html" time="0.002" classname="Chrome 32.0.1700 (Mac OS X 10.9.1).tabstrip aria"/>
    <testcase name="aria-expanded is added to the active content when created from html" time="0.003" classname="Chrome 32.0.1700 (Mac OS X 10.9.1).tabstrip aria"/>
    <testcase name="preserves the id of the LI elements" time="0.003" classname="Chrome 32.0.1700 (Mac OS X 10.9.1).tabstrip aria"/>
    <testcase name="uses id of the LI element for the aria-activedescendant" time="0.003" classname="Chrome 32.0.1700 (Mac OS X 10.9.1).tabstrip aria"/>
    <testcase name="binding to data source" time="0.003" classname="Chrome 32.0.1700 (Mac OS X 10.9.1).tabstrip data binding"/>
    <testcase name="the dataSource field is instance of kendo.data.DataSource" time="0.002" classname="Chrome 32.0.1700 (Mac OS X 10.9.1).tabstrip data binding"/>
    <testcase name="binding to array of primitive types" time="0.002" classname="Chrome 32.0.1700 (Mac OS X 10.9.1).tabstrip data binding"/>
    <testcase name="binding to array of complex objects displays [object Object] by default" time="0.002" classname="Chrome 32.0.1700 (Mac OS X 10.9.1).tabstrip data binding"/>
    <testcase name="binding to array of complex objects displays the dataTextField" time="0.002" classname="Chrome 32.0.1700 (Mac OS X 10.9.1).tabstrip data binding"/>
    <testcase name="dataTextField as array access expression" time="0.002" classname="Chrome 32.0.1700 (Mac OS X 10.9.1).tabstrip data binding"/>
    <testcase name="binding raises the dataBinding event" time="0.002" classname="Chrome 32.0.1700 (Mac OS X 10.9.1).tabstrip data binding"/>
    <testcase name="binding raises the dataBound event" time="0.002" classname="Chrome 32.0.1700 (Mac OS X 10.9.1).tabstrip data binding"/>
    <testcase name="dataContentField" time="0.002" classname="Chrome 32.0.1700 (Mac OS X 10.9.1).tabstrip data binding"/>
    <testcase name="dataImageUrlField" time="0.002" classname="Chrome 32.0.1700 (Mac OS X 10.9.1).tabstrip data binding"/>
    <testcase name="dataUrlField" time="0.002" classname="Chrome 32.0.1700 (Mac OS X 10.9.1).tabstrip data binding"/>
    <testcase name="dataSpriteCssClass" time="0.003" classname="Chrome 32.0.1700 (Mac OS X 10.9.1).tabstrip data binding"/>
    <testcase name="resetting dataSource detaches the previous events" time="0.002" classname="Chrome 32.0.1700 (Mac OS X 10.9.1).tabstrip data binding"/>
    <testcase name="resetting DataSource rebinds the widget and refreshes content elements" time="0.003" classname="Chrome 32.0.1700 (Mac OS X 10.9.1).tabstrip data binding"/>
    <testcase name="the element field is set to the target from which the tabstrip is initialized" time="0.002" classname="Chrome 32.0.1700 (Mac OS X 10.9.1).tabstrip initialization"/>
    <testcase name="the wrapper field is set to the wrapper of created by the tabstrip" time="0.001" classname="Chrome 32.0.1700 (Mac OS X 10.9.1).tabstrip initialization"/>
    <testcase name="the wrapper has k-widget and k-tabstrip css classes" time="0.002" classname="Chrome 32.0.1700 (Mac OS X 10.9.1).tabstrip initialization"/>
    <testcase name="initializes a tabstrip when data role is tabstrip" time="0.001" classname="Chrome 32.0.1700 (Mac OS X 10.9.1).tabstrip mvvm"/>
    <testcase name="initializes a options from data attributes" time="0.002" classname="Chrome 32.0.1700 (Mac OS X 10.9.1).tabstrip mvvm"/>
    <testcase name="binding tabstrip initialized before binding" time="0.001" classname="Chrome 32.0.1700 (Mac OS X 10.9.1).tabstrip mvvm"/>
    <testcase name="binding containing binding attributes" time="0.002" classname="Chrome 32.0.1700 (Mac OS X 10.9.1).tabstrip mvvm"/>
    <testcase name="animation is extended if widget is initialized before the binding" time="0.002" classname="Chrome 32.0.1700 (Mac OS X 10.9.1).tabstrip mvvm"/>
    <testcase name="updating viewModel updates the content" time="0.001" classname="Chrome 32.0.1700 (Mac OS X 10.9.1).tabstrip mvvm"/>
    <testcase name="event is raised if attached as option" time="0.002" classname="Chrome 32.0.1700 (Mac OS X 10.9.1).tabstrip mvvm"/>
    <testcase name="tabstrip is bound to data source" time="0.003" classname="Chrome 32.0.1700 (Mac OS X 10.9.1).tabstrip mvvm"/>
    <testcase name="data text field is used when data binding" time="0.002" classname="Chrome 32.0.1700 (Mac OS X 10.9.1).tabstrip mvvm"/>
    <testcase name="adding items to array adds tabs to tabstrip" time="0.003" classname="Chrome 32.0.1700 (Mac OS X 10.9.1).tabstrip mvvm"/>
    <testcase name="inserting items to array adds tabs to tabstrip" time="0.004" classname="Chrome 32.0.1700 (Mac OS X 10.9.1).tabstrip mvvm"/>
    <testcase name="adding items to array does not recreate all tabs" time="0.003" classname="Chrome 32.0.1700 (Mac OS X 10.9.1).tabstrip mvvm"/>
    <testcase name="removing items from array adds tabs to tabstrip" time="0.003" classname="Chrome 32.0.1700 (Mac OS X 10.9.1).tabstrip mvvm"/>
    <testcase name="removing items from array does not recreate all tabs" time="0.003" classname="Chrome 32.0.1700 (Mac OS X 10.9.1).tabstrip mvvm"/>
    <testcase name="setting the value of the tabstrip" time="0.008" classname="Chrome 32.0.1700 (Mac OS X 10.9.1).tabstrip mvvm"/>
    <testcase name="setting the value of the tabstrip when bound to complex object" time="0.003" classname="Chrome 32.0.1700 (Mac OS X 10.9.1).tabstrip mvvm"/>
    <testcase name="selecting a tab changes the bound value in the view model" time="0.003" classname="Chrome 32.0.1700 (Mac OS X 10.9.1).tabstrip mvvm"/>
    <testcase name="selecting a tab changes the bound value in the view model when bound to complex object" time="0.004" classname="Chrome 32.0.1700 (Mac OS X 10.9.1).tabstrip mvvm"/>
    <testcase name="updating an item from the array updates the corresponding tab" time="0.002" classname="Chrome 32.0.1700 (Mac OS X 10.9.1).tabstrip mvvm"/>
    <testcase name="assign to DataSource as ViewModel field" time="0.004" classname="Chrome 32.0.1700 (Mac OS X 10.9.1).tabstrip mvvm"/>
    <testcase name="binding visible to true shows the tabstrip" time="0.002" classname="Chrome 32.0.1700 (Mac OS X 10.9.1).tabstrip mvvm"/>
    <testcase name="binding visible to false hides the tabstrip" time="0.001" classname="Chrome 32.0.1700 (Mac OS X 10.9.1).tabstrip mvvm"/>
    <testcase name="binding invisible to true hides the tabstrip" time="0.002" classname="Chrome 32.0.1700 (Mac OS X 10.9.1).tabstrip mvvm"/>
    <testcase name="binding invisible to false shows the tabstrip" time="0.002" classname="Chrome 32.0.1700 (Mac OS X 10.9.1).tabstrip mvvm"/>
    <testcase name="adds tabindex" time="0.002" classname="Chrome 32.0.1700 (Mac OS X 10.9.1).tabstrip keyboard navigation"/>
    <testcase name="persists tabindex" time="0.001" classname="Chrome 32.0.1700 (Mac OS X 10.9.1).tabstrip keyboard navigation"/>
    <testcase name="does not select anything if no items" time="0.003" classname="Chrome 32.0.1700 (Mac OS X 10.9.1).tabstrip keyboard navigation"/>
    <testcase name="selects first item on focus" time="0.004" classname="Chrome 32.0.1700 (Mac OS X 10.9.1).tabstrip keyboard navigation"/>
    <testcase name="clears focused item on blur" time="0.004" classname="Chrome 32.0.1700 (Mac OS X 10.9.1).tabstrip keyboard navigation"/>
    <testcase name="selects next item on key DOWN" time="0.009" classname="Chrome 32.0.1700 (Mac OS X 10.9.1).tabstrip keyboard navigation"/>
    <testcase name="misses next item if disabled" time="0.009" classname="Chrome 32.0.1700 (Mac OS X 10.9.1).tabstrip keyboard navigation"/>
    <testcase name="selects first if last is selected" time="0.007" classname="Chrome 32.0.1700 (Mac OS X 10.9.1).tabstrip keyboard navigation"/>
    <testcase name="selects prev item on key UP" time="0.008" classname="Chrome 32.0.1700 (Mac OS X 10.9.1).tabstrip keyboard navigation"/>
    <testcase name="selects last if current is first" time="0.007" classname="Chrome 32.0.1700 (Mac OS X 10.9.1).tabstrip keyboard navigation"/>
    <testcase name="misses prev item if disabled" time="0.008" classname="Chrome 32.0.1700 (Mac OS X 10.9.1).tabstrip keyboard navigation"/>
    <testcase name="selects focused item on ENTER" time="0.008" classname="Chrome 32.0.1700 (Mac OS X 10.9.1).tabstrip keyboard navigation"/>
    <testcase name="selects focused item on SPACEBAR" time="0.008" classname="Chrome 32.0.1700 (Mac OS X 10.9.1).tabstrip keyboard navigation"/>
    <testcase name="makes clicked element focused" time="0.008" classname="Chrome 32.0.1700 (Mac OS X 10.9.1).tabstrip keyboard navigation"/>
    <testcase name="prevents default action event" time="0.005" classname="Chrome 32.0.1700 (Mac OS X 10.9.1).tabstrip keyboard navigation"/>
    <testcase name="focuses wrapper on item click" time="0.007" classname="Chrome 32.0.1700 (Mac OS X 10.9.1).tabstrip keyboard navigation"/>
    <testcase name="does not focus wrapper when click input element" time="0.006" classname="Chrome 32.0.1700 (Mac OS X 10.9.1).tabstrip keyboard navigation"/>
    <testcase name="_change should call _update() method" time="0.007" classname="Chrome 32.0.1700 (Mac OS X 10.9.1).kendo_ui_NumericTextBox API"/>
    <testcase name="_step adjusts value" time="0.007" classname="Chrome 32.0.1700 (Mac OS X 10.9.1).kendo_ui_NumericTextBox API"/>
    <testcase name="_step modify input value" time="0.01" classname="Chrome 32.0.1700 (Mac OS X 10.9.1).kendo_ui_NumericTextBox API"/>
    <testcase name="_step parse passed _step" time="0.01" classname="Chrome 32.0.1700 (Mac OS X 10.9.1).kendo_ui_NumericTextBox API"/>
    <testcase name="_step persist element value" time="0.011" classname="Chrome 32.0.1700 (Mac OS X 10.9.1).kendo_ui_NumericTextBox API"/>
    <testcase name="value method should return current value" time="0.004" classname="Chrome 32.0.1700 (Mac OS X 10.9.1).kendo_ui_NumericTextBox API"/>
    <testcase name="value should parse value and set _value" time="0.004" classname="Chrome 32.0.1700 (Mac OS X 10.9.1).kendo_ui_NumericTextBox API"/>
    <testcase name="value should set value of the input" time="0.004" classname="Chrome 32.0.1700 (Mac OS X 10.9.1).kendo_ui_NumericTextBox API"/>
    <testcase name="set value to the INPUT element should have correct decimals" time="0.004" classname="Chrome 32.0.1700 (Mac OS X 10.9.1).kendo_ui_NumericTextBox API"/>
    <testcase name="set value to the INPUT element should have correct decimals" time="0.004" classname="Chrome 32.0.1700 (Mac OS X 10.9.1).kendo_ui_NumericTextBox API"/>
    <testcase name="value should be fixed" time="0.003" classname="Chrome 32.0.1700 (Mac OS X 10.9.1).kendo_ui_NumericTextBox API"/>
    <testcase name="value method clears value when argument is null" time="0.004" classname="Chrome 32.0.1700 (Mac OS X 10.9.1).kendo_ui_NumericTextBox API"/>
    <testcase name="formatted value should be set to _text" time="0.004" classname="Chrome 32.0.1700 (Mac OS X 10.9.1).kendo_ui_NumericTextBox API"/>
    <testcase name="value of the currency textbox" time="0.009" classname="Chrome 32.0.1700 (Mac OS X 10.9.1).kendo_ui_NumericTextBox API"/>
    <testcase name="value of the percent textbox" time="0.005" classname="Chrome 32.0.1700 (Mac OS X 10.9.1).kendo_ui_NumericTextBox API"/>
    <testcase name="set null" time="0.004" classname="Chrome 32.0.1700 (Mac OS X 10.9.1).kendo_ui_NumericTextBox API"/>
    <testcase name="set value with custom decimal numbers" time="0.004" classname="Chrome 32.0.1700 (Mac OS X 10.9.1).kendo_ui_NumericTextBox API"/>
    <testcase name="value() does not set value if it is out of range" time="0.004" classname="Chrome 32.0.1700 (Mac OS X 10.9.1).kendo_ui_NumericTextBox API"/>
    <testcase name="value() can set null" time="0.004" classname="Chrome 32.0.1700 (Mac OS X 10.9.1).kendo_ui_NumericTextBox API"/>
    <testcase name="enable(false) should disable input element" time="0.01" classname="Chrome 32.0.1700 (Mac OS X 10.9.1).kendo_ui_NumericTextBox API"/>
    <testcase name="enable(false) should unbind arrows mousedown event" time="0.127" classname="Chrome 32.0.1700 (Mac OS X 10.9.1).kendo_ui_NumericTextBox API"/>
    <testcase name="enable() should remove disable attribute" time="0.01" classname="Chrome 32.0.1700 (Mac OS X 10.9.1).kendo_ui_NumericTextBox API"/>
    <testcase name="readonly() makes  input element readonly" time="0.004" classname="Chrome 32.0.1700 (Mac OS X 10.9.1).kendo_ui_NumericTextBox API"/>
    <testcase name="readonly() unbinds icon click" time="0.004" classname="Chrome 32.0.1700 (Mac OS X 10.9.1).kendo_ui_NumericTextBox API"/>
    <testcase name="readonly(false) removes readonly attribute" time="0.004" classname="Chrome 32.0.1700 (Mac OS X 10.9.1).kendo_ui_NumericTextBox API"/>
    <testcase name="readonly() removes disabled attribute and disabled class" time="0.004" classname="Chrome 32.0.1700 (Mac OS X 10.9.1).kendo_ui_NumericTextBox API"/>
    <testcase name="enable(false) removes readonly attribute and default class" time="0.004" classname="Chrome 32.0.1700 (Mac OS X 10.9.1).kendo_ui_NumericTextBox API"/>
    <testcase name="enable() enables widget after readonly()" time="0.004" classname="Chrome 32.0.1700 (Mac OS X 10.9.1).kendo_ui_NumericTextBox API"/>
    <testcase name="_blur should hide the input text and show the _text" time="0.01" classname="Chrome 32.0.1700 (Mac OS X 10.9.1).kendo_ui_NumericTextBox API"/>
    <testcase name="NumericTextBox gets correct numeric format depending on the format field" time="0.004" classname="Chrome 32.0.1700 (Mac OS X 10.9.1).kendo_ui_NumericTextBox API"/>
    <testcase name="value method uses options.culture to parse value" time="0.004" classname="Chrome 32.0.1700 (Mac OS X 10.9.1).kendo_ui_NumericTextBox API"/>
    <testcase name="min method sets min value" time="0.003" classname="Chrome 32.0.1700 (Mac OS X 10.9.1).kendo_ui_NumericTextBox API"/>
    <testcase name="min method sets max value" time="0.004" classname="Chrome 32.0.1700 (Mac OS X 10.9.1).kendo_ui_NumericTextBox API"/>
    <testcase name="min method sets 0 value" time="0.004" classname="Chrome 32.0.1700 (Mac OS X 10.9.1).kendo_ui_NumericTextBox API"/>
    <testcase name="min method changes min attribute" time="0.004" classname="Chrome 32.0.1700 (Mac OS X 10.9.1).kendo_ui_NumericTextBox API"/>
    <testcase name="max method changes max attribute" time="0.004" classname="Chrome 32.0.1700 (Mac OS X 10.9.1).kendo_ui_NumericTextBox API"/>
    <testcase name="step method sets step value" time="0.004" classname="Chrome 32.0.1700 (Mac OS X 10.9.1).kendo_ui_NumericTextBox API"/>
    <testcase name="step method does not sets 0" time="0.004" classname="Chrome 32.0.1700 (Mac OS X 10.9.1).kendo_ui_NumericTextBox API"/>
    <testcase name="step method sets step attribute" time="0.003" classname="Chrome 32.0.1700 (Mac OS X 10.9.1).kendo_ui_NumericTextBox API"/>
    <testcase name="focusing text input should call _focus" time="0.012" classname="Chrome 32.0.1700 (Mac OS X 10.9.1).kendo_ui_NumericTextBox API"/>
    <testcase name="focus method should should place carret in editable input" time="0.228" classname="Chrome 32.0.1700 (Mac OS X 10.9.1).kendo_ui_NumericTextBox API"/>
    <testcase name="on blur should hide input text" time="0.014" classname="Chrome 32.0.1700 (Mac OS X 10.9.1).kendo_ui_NumericTextBox API"/>
    <testcase name="value method uses correct number info when parse en-ZA currency number" time="0.004" classname="Chrome 32.0.1700 (Mac OS X 10.9.1).kendo_ui_NumericTextBox API"/>
    <testcase name="value method uses correct number info when parse en-ZA currency number" time="0.005" classname="Chrome 32.0.1700 (Mac OS X 10.9.1).kendo_ui_NumericTextBox API"/>
    <testcase name="NumericTextBox adds role to the input element" time="0.004" classname="Chrome 32.0.1700 (Mac OS X 10.9.1).kendo_ui_NumericTextBox ARIA"/>
    <testcase name="NumericTextBox adds aria-valuemin" time="0.008" classname="Chrome 32.0.1700 (Mac OS X 10.9.1).kendo_ui_NumericTextBox ARIA"/>
    <testcase name="NumericTextBox adds aria-valuemax" time="0.004" classname="Chrome 32.0.1700 (Mac OS X 10.9.1).kendo_ui_NumericTextBox ARIA"/>
    <testcase name="NumericTextBox updates aria-valuemin" time="0.004" classname="Chrome 32.0.1700 (Mac OS X 10.9.1).kendo_ui_NumericTextBox ARIA"/>
    <testcase name="NumericTextBox updates aria-valuemax" time="0.004" classname="Chrome 32.0.1700 (Mac OS X 10.9.1).kendo_ui_NumericTextBox ARIA"/>
    <testcase name="NumericTextBox do not set aria-valuemin" time="0.004" classname="Chrome 32.0.1700 (Mac OS X 10.9.1).kendo_ui_NumericTextBox ARIA"/>
    <testcase name="NumericTextBox adds aria-valuenow" time="0.004" classname="Chrome 32.0.1700 (Mac OS X 10.9.1).kendo_ui_NumericTextBox ARIA"/>
    <testcase name="_change should call value() method" time="0.005" classname="Chrome 32.0.1700 (Mac OS X 10.9.1).kendo_ui_NumericTextBox Events"/>
    <testcase name="raise DOM change" time="0.004" classname="Chrome 32.0.1700 (Mac OS X 10.9.1).kendo_ui_NumericTextBox Events"/>
    <testcase name="raise change on enter" time="0.005" classname="Chrome 32.0.1700 (Mac OS X 10.9.1).kendo_ui_NumericTextBox Events"/>
    <testcase name="click arrow should focus input" time="0.077" classname="Chrome 32.0.1700 (Mac OS X 10.9.1).kendo_ui_NumericTextBox Events"/>
    <testcase name="value() should not raise change event" time="0.005" classname="Chrome 32.0.1700 (Mac OS X 10.9.1).kendo_ui_NumericTextBox Events"/>
    <testcase name="raise spin event" time="0.026" classname="Chrome 32.0.1700 (Mac OS X 10.9.1).kendo_ui_NumericTextBox Events"/>
    <testcase name="raise spin event on up arrrow" time="0.026" classname="Chrome 32.0.1700 (Mac OS X 10.9.1).kendo_ui_NumericTextBox Events"/>
    <testcase name="focus should hide the _text and show the input value" time="0.012" classname="Chrome 32.0.1700 (Mac OS X 10.9.1).kendo_ui_NumericTextBox Events"/>
    <testcase name="Should render wrapper" time="0.004" classname="Chrome 32.0.1700 (Mac OS X 10.9.1).kendo_ui_NumericTextBox initialization"/>
    <testcase name="Should render up and down arrows" time="0.009" classname="Chrome 32.0.1700 (Mac OS X 10.9.1).kendo_ui_NumericTextBox initialization"/>
    <testcase name="Should render INPUT containing the formatted value" time="0.01" classname="Chrome 32.0.1700 (Mac OS X 10.9.1).kendo_ui_NumericTextBox initialization"/>
    <testcase name="Move accesskey to the visible input" time="0.004" classname="Chrome 32.0.1700 (Mac OS X 10.9.1).kendo_ui_NumericTextBox initialization"/>
    <testcase name="Copy tabindex to the visible input" time="0.004" classname="Chrome 32.0.1700 (Mac OS X 10.9.1).kendo_ui_NumericTextBox initialization"/>
    <testcase name="Change type of the element" time="0.005" classname="Chrome 32.0.1700 (Mac OS X 10.9.1).kendo_ui_NumericTextBox initialization"/>
    <testcase name="Should get value from input" time="0.004" classname="Chrome 32.0.1700 (Mac OS X 10.9.1).kendo_ui_NumericTextBox initialization"/>
    <testcase name="Bind change events" time="0.004" classname="Chrome 32.0.1700 (Mac OS X 10.9.1).kendo_ui_NumericTextBox initialization"/>
    <testcase name="Get min/max value from the input" time="0.005" classname="Chrome 32.0.1700 (Mac OS X 10.9.1).kendo_ui_NumericTextBox initialization"/>
    <testcase name="Get step value from the input" time="0.004" classname="Chrome 32.0.1700 (Mac OS X 10.9.1).kendo_ui_NumericTextBox initialization"/>
    <testcase name="strip format" time="0.005" classname="Chrome 32.0.1700 (Mac OS X 10.9.1).kendo_ui_NumericTextBox initialization"/>
    <testcase name="NumericTextBox uses specific culture" time="0.004" classname="Chrome 32.0.1700 (Mac OS X 10.9.1).kendo_ui_NumericTextBox initialization"/>
    <testcase name="NumericTextBox hides arrows if spinners is set to false" time="0.01" classname="Chrome 32.0.1700 (Mac OS X 10.9.1).kendo_ui_NumericTextBox initialization"/>
    <testcase name="NumericTextBox gets the placeholder value from the element" time="0.005" classname="Chrome 32.0.1700 (Mac OS X 10.9.1).kendo_ui_NumericTextBox initialization"/>
    <testcase name="NumericTextBox copies the placeholder attribute to the fake input" time="0.004" classname="Chrome 32.0.1700 (Mac OS X 10.9.1).kendo_ui_NumericTextBox initialization"/>
    <testcase name="copy input className to the wrapper" time="0.004" classname="Chrome 32.0.1700 (Mac OS X 10.9.1).kendo_ui_NumericTextBox initialization"/>
    <testcase name="form reset support" time="0.221" classname="Chrome 32.0.1700 (Mac OS X 10.9.1).kendo_ui_NumericTextBox initialization"/>
    <testcase name="support for form defined by attribute" time="0.221" classname="Chrome 32.0.1700 (Mac OS X 10.9.1).kendo_ui_NumericTextBox initialization"/>
    <testcase name="NumericTextBox honors readonly attribute" time="0.004" classname="Chrome 32.0.1700 (Mac OS X 10.9.1).kendo_ui_NumericTextBox initialization"/>
    <testcase name="NumericTextBox uses disabled attr over the readonly" time="0.004" classname="Chrome 32.0.1700 (Mac OS X 10.9.1).kendo_ui_NumericTextBox initialization"/>
    <testcase name="NumericTextBox supports negative exponential numbers" time="0.005" classname="Chrome 32.0.1700 (Mac OS X 10.9.1).kendo_ui_NumericTextBox initialization"/>
    <testcase name="initializes a numerictextbox when data role is numerictextbox" time="0.004" classname="Chrome 32.0.1700 (Mac OS X 10.9.1).kendo_ui_NumericTextBox MVVM"/>
    <testcase name="initializes a options from data attributes" time="0.004" classname="Chrome 32.0.1700 (Mac OS X 10.9.1).kendo_ui_NumericTextBox MVVM"/>
    <testcase name="initializes value from view model" time="0.004" classname="Chrome 32.0.1700 (Mac OS X 10.9.1).kendo_ui_NumericTextBox MVVM"/>
    <testcase name="changing a value updates the view model" time="0.005" classname="Chrome 32.0.1700 (Mac OS X 10.9.1).kendo_ui_NumericTextBox MVVM"/>
    <testcase name="binding numerictextbox initialized before binding" time="0.004" classname="Chrome 32.0.1700 (Mac OS X 10.9.1).kendo_ui_NumericTextBox MVVM"/>
    <testcase name="binding numerictextbox initialized after binding" time="0.005" classname="Chrome 32.0.1700 (Mac OS X 10.9.1).kendo_ui_NumericTextBox MVVM"/>
    <testcase name="updating model value updates the UI" time="0.005" classname="Chrome 32.0.1700 (Mac OS X 10.9.1).kendo_ui_NumericTextBox MVVM"/>
    <testcase name="bindings are removed if element is rebind" time="0.004" classname="Chrome 32.0.1700 (Mac OS X 10.9.1).kendo_ui_NumericTextBox MVVM"/>
    <testcase name="binding target is destroyed" time="0.004" classname="Chrome 32.0.1700 (Mac OS X 10.9.1).kendo_ui_NumericTextBox MVVM"/>
    <testcase name="dataBound event is raised if attached as option" time="0.004" classname="Chrome 32.0.1700 (Mac OS X 10.9.1).kendo_ui_NumericTextBox MVVM"/>
    <testcase name="dataBound event is raised if attached as option to a already initialized numerictextbox" time="0.004" classname="Chrome 32.0.1700 (Mac OS X 10.9.1).kendo_ui_NumericTextBox MVVM"/>
    <testcase name="binding enabled to false disables the widget" time="0.004" classname="Chrome 32.0.1700 (Mac OS X 10.9.1).kendo_ui_NumericTextBox MVVM"/>
    <testcase name="binding enabled to true enables the widget" time="0.004" classname="Chrome 32.0.1700 (Mac OS X 10.9.1).kendo_ui_NumericTextBox MVVM"/>
    <testcase name="binding disable to true disables the widget" time="0.004" classname="Chrome 32.0.1700 (Mac OS X 10.9.1).kendo_ui_NumericTextBox MVVM"/>
    <testcase name="binding disabled to false enables the widget" time="0.004" classname="Chrome 32.0.1700 (Mac OS X 10.9.1).kendo_ui_NumericTextBox MVVM"/>
    <testcase name="binding visible to false hides the widget" time="0.004" classname="Chrome 32.0.1700 (Mac OS X 10.9.1).kendo_ui_NumericTextBox MVVM"/>
    <testcase name="binding visible to true shows the widget" time="0.009" classname="Chrome 32.0.1700 (Mac OS X 10.9.1).kendo_ui_NumericTextBox MVVM"/>
    <testcase name="changing visible to false hides the widget" time="0.005" classname="Chrome 32.0.1700 (Mac OS X 10.9.1).kendo_ui_NumericTextBox MVVM"/>
    <testcase name="changing visible to true shows the widget" time="0.005" classname="Chrome 32.0.1700 (Mac OS X 10.9.1).kendo_ui_NumericTextBox MVVM"/>
    <testcase name="binding invisible to true hides the widget" time="0.004" classname="Chrome 32.0.1700 (Mac OS X 10.9.1).kendo_ui_NumericTextBox MVVM"/>
    <testcase name="binding invisible to false shows the widget" time="0.005" classname="Chrome 32.0.1700 (Mac OS X 10.9.1).kendo_ui_NumericTextBox MVVM"/>
    <testcase name="changing invisible to true hides the widget" time="0.004" classname="Chrome 32.0.1700 (Mac OS X 10.9.1).kendo_ui_NumericTextBox MVVM"/>
    <testcase name="changing invisible to false shows the widget" time="0.004" classname="Chrome 32.0.1700 (Mac OS X 10.9.1).kendo_ui_NumericTextBox MVVM"/>
    <testcase name="change event reflects value modifications" time="0.005" classname="Chrome 32.0.1700 (Mac OS X 10.9.1).kendo_ui_NumericTextBox MVVM"/>
    <testcase name="pressing DOWN arrow calls _step()" time="0.007" classname="Chrome 32.0.1700 (Mac OS X 10.9.1).kendo_ui_NumericTextBox Navigation"/>
    <testcase name="pressing UP arrow calls _step()" time="0.006" classname="Chrome 32.0.1700 (Mac OS X 10.9.1).kendo_ui_NumericTextBox Navigation"/>
    <testcase name="typing digit is allowed" time="0.006" classname="Chrome 32.0.1700 (Mac OS X 10.9.1).kendo_ui_NumericTextBox Navigation"/>
    <testcase name="typing letter is not allowed" time="0.006" classname="Chrome 32.0.1700 (Mac OS X 10.9.1).kendo_ui_NumericTextBox Navigation"/>
    <testcase name="&apos;-&apos; is allowed" time="0.005" classname="Chrome 32.0.1700 (Mac OS X 10.9.1).kendo_ui_NumericTextBox Navigation"/>
    <testcase name="Do not allow &apos;-&apos; if min is bigger than 0" time="0.005" classname="Chrome 32.0.1700 (Mac OS X 10.9.1).kendo_ui_NumericTextBox Navigation"/>
    <testcase name="Spacebar is not allowed" time="0.006" classname="Chrome 32.0.1700 (Mac OS X 10.9.1).kendo_ui_NumericTextBox Navigation"/>
    <testcase name="Non-visual keys are allowed" time="0.005" classname="Chrome 32.0.1700 (Mac OS X 10.9.1).kendo_ui_NumericTextBox Navigation"/>
    <testcase name="Backspace in Firefox is allowed" time="0.005" classname="Chrome 32.0.1700 (Mac OS X 10.9.1).kendo_ui_NumericTextBox Navigation"/>
    <testcase name="Enter in IE is allowed" time="0.006" classname="Chrome 32.0.1700 (Mac OS X 10.9.1).kendo_ui_NumericTextBox Navigation"/>
    <testcase name="Allow decimal separator &apos;.&apos;" time="0.004" classname="Chrome 32.0.1700 (Mac OS X 10.9.1).kendo_ui_NumericTextBox Navigation"/>
    <testcase name="Do not allow decimal separator &apos;,&apos;" time="0.004" classname="Chrome 32.0.1700 (Mac OS X 10.9.1).kendo_ui_NumericTextBox Navigation"/>
    <testcase name="Allow decimal separator &apos;,&apos; in bg-BG culture" time="0.005" classname="Chrome 32.0.1700 (Mac OS X 10.9.1).kendo_ui_NumericTextBox Navigation"/>
    <testcase name="Do not allow decimal separator &apos;.&apos; in bg-BG culture" time="0.004" classname="Chrome 32.0.1700 (Mac OS X 10.9.1).kendo_ui_NumericTextBox Navigation"/>
    <testcase name="Prevent decimal separator if decimals: 0" time="0.004" classname="Chrome 32.0.1700 (Mac OS X 10.9.1).kendo_ui_NumericTextBox Navigation"/>
    <testcase name="Avoid exception when group separator is empty string" time="0.032" classname="Chrome 32.0.1700 (Mac OS X 10.9.1).kendo_ui_NumericTextBox Navigation"/>
    <testcase name="open TimeView" time="0.019" classname="Chrome 32.0.1700 (Mac OS X 10.9.1).kendo_ui_TimePicker API"/>
    <testcase name="close TimeView" time="0.016" classname="Chrome 32.0.1700 (Mac OS X 10.9.1).kendo_ui_TimePicker API"/>
    <testcase name="select() method should select li" time="0.006" classname="Chrome 32.0.1700 (Mac OS X 10.9.1).kendo_ui_TimePicker API"/>
    <testcase name="click() select li and set date" time="0.007" classname="Chrome 32.0.1700 (Mac OS X 10.9.1).kendo_ui_TimePicker API"/>
    <testcase name="current() should persist current selected LI" time="0.005" classname="Chrome 32.0.1700 (Mac OS X 10.9.1).kendo_ui_TimePicker API"/>
    <testcase name="refresh() should render li items" time="0.006" classname="Chrome 32.0.1700 (Mac OS X 10.9.1).kendo_ui_TimePicker API"/>
    <testcase name="refresh() should render all hours in a day" time="0.006" classname="Chrome 32.0.1700 (Mac OS X 10.9.1).kendo_ui_TimePicker API"/>
    <testcase name="refresh() should render 5 hours only" time="0.004" classname="Chrome 32.0.1700 (Mac OS X 10.9.1).kendo_ui_TimePicker API"/>
    <testcase name="refresh() should honor min and max" time="0.003" classname="Chrome 32.0.1700 (Mac OS X 10.9.1).kendo_ui_TimePicker API"/>
    <testcase name="refresh() should select li if _value" time="0.003" classname="Chrome 32.0.1700 (Mac OS X 10.9.1).kendo_ui_TimePicker API"/>
    <testcase name="toggle should toggel popup" time="0.014" classname="Chrome 32.0.1700 (Mac OS X 10.9.1).kendo_ui_TimePicker API"/>
    <testcase name="value should only set _value if not LIs" time="0.002" classname="Chrome 32.0.1700 (Mac OS X 10.9.1).kendo_ui_TimePicker API"/>
    <testcase name="value should select li" time="0.005" classname="Chrome 32.0.1700 (Mac OS X 10.9.1).kendo_ui_TimePicker API"/>
    <testcase name="enable(false) should disable widget" time="0.005" classname="Chrome 32.0.1700 (Mac OS X 10.9.1).kendo_ui_TimePicker API"/>
    <testcase name="enable(false) should unbind icon click" time="0.01" classname="Chrome 32.0.1700 (Mac OS X 10.9.1).kendo_ui_TimePicker API"/>
    <testcase name="enable(true) should enable widget" time="0.01" classname="Chrome 32.0.1700 (Mac OS X 10.9.1).kendo_ui_TimePicker API"/>
    <testcase name="enable(true) should bind icon click" time="0.1" classname="Chrome 32.0.1700 (Mac OS X 10.9.1).kendo_ui_TimePicker API"/>
    <testcase name="readonly() makes  input element readonly" time="0.003" classname="Chrome 32.0.1700 (Mac OS X 10.9.1).kendo_ui_TimePicker API"/>
    <testcase name="readonly() unbinds icon click" time="0.009" classname="Chrome 32.0.1700 (Mac OS X 10.9.1).kendo_ui_TimePicker API"/>
    <testcase name="readonly(false) removes readonly attribute" time="0.004" classname="Chrome 32.0.1700 (Mac OS X 10.9.1).kendo_ui_TimePicker API"/>
    <testcase name="readonly() removes disabled attribute and disabled class" time="0.004" classname="Chrome 32.0.1700 (Mac OS X 10.9.1).kendo_ui_TimePicker API"/>
    <testcase name="enable(false) removes readonly attribute and default class" time="0.005" classname="Chrome 32.0.1700 (Mac OS X 10.9.1).kendo_ui_TimePicker API"/>
    <testcase name="enable() enables widget after readonly()" time="0.005" classname="Chrome 32.0.1700 (Mac OS X 10.9.1).kendo_ui_TimePicker API"/>
    <testcase name="open() should open timeview" time="0.092" classname="Chrome 32.0.1700 (Mac OS X 10.9.1).kendo_ui_TimePicker API"/>
    <testcase name="close() should close timeview" time="0.105" classname="Chrome 32.0.1700 (Mac OS X 10.9.1).kendo_ui_TimePicker API"/>
    <testcase name="value() method should set the _value and input.val()" time="0.004" classname="Chrome 32.0.1700 (Mac OS X 10.9.1).kendo_ui_TimePicker API"/>
    <testcase name="value() persist year of the current value" time="0.004" classname="Chrome 32.0.1700 (Mac OS X 10.9.1).kendo_ui_TimePicker API"/>
    <testcase name="value() selects li item" time="0.017" classname="Chrome 32.0.1700 (Mac OS X 10.9.1).kendo_ui_TimePicker API"/>
    <testcase name="value() should honor min/max range" time="0.004" classname="Chrome 32.0.1700 (Mac OS X 10.9.1).kendo_ui_TimePicker API"/>
    <testcase name="value() should honor min/max range when min &gt; max" time="0.004" classname="Chrome 32.0.1700 (Mac OS X 10.9.1).kendo_ui_TimePicker API"/>
    <testcase name="value method parses passed value using options.parseFormats" time="0.004" classname="Chrome 32.0.1700 (Mac OS X 10.9.1).kendo_ui_TimePicker API"/>
    <testcase name="min() should return min value of the timepicker" time="0.005" classname="Chrome 32.0.1700 (Mac OS X 10.9.1).kendo_ui_TimePicker API"/>
    <testcase name="min() should set options.min and refresh timeView" time="0.01" classname="Chrome 32.0.1700 (Mac OS X 10.9.1).kendo_ui_TimePicker API"/>
    <testcase name="min method parses passed value using options.parseFormats" time="0.01" classname="Chrome 32.0.1700 (Mac OS X 10.9.1).kendo_ui_TimePicker API"/>
    <testcase name="max() should return max value of the timepicker" time="0.004" classname="Chrome 32.0.1700 (Mac OS X 10.9.1).kendo_ui_TimePicker API"/>
    <testcase name="max() should set options.max and refresh timeView" time="0.011" classname="Chrome 32.0.1700 (Mac OS X 10.9.1).kendo_ui_TimePicker API"/>
    <testcase name="dataBind method binds the TimeView to list of Dates" time="0.01" classname="Chrome 32.0.1700 (Mac OS X 10.9.1).kendo_ui_TimePicker API"/>
    <testcase name="dataBind method strips dates out of the min/max range" time="0.01" classname="Chrome 32.0.1700 (Mac OS X 10.9.1).kendo_ui_TimePicker API"/>
    <testcase name="value method does not show text representation of invalid value" time="0.003" classname="Chrome 32.0.1700 (Mac OS X 10.9.1).kendo_ui_TimePicker API"/>
    <testcase name="setOptions rebinds time options" time="0.012" classname="Chrome 32.0.1700 (Mac OS X 10.9.1).kendo_ui_TimePicker API"/>
    <testcase name="setOptions supports dynamically format change" time="0.011" classname="Chrome 32.0.1700 (Mac OS X 10.9.1).kendo_ui_TimePicker API"/>
    <testcase name="setOptions method updates format" time="0.016" classname="Chrome 32.0.1700 (Mac OS X 10.9.1).kendo_ui_TimePicker API"/>
    <testcase name="TimePicker adds role to the input element" time="0.004" classname="Chrome 32.0.1700 (Mac OS X 10.9.1).kendo_ui_TimePicker ARIA"/>
    <testcase name="TimePicker adds aria-expanded" time="0.003" classname="Chrome 32.0.1700 (Mac OS X 10.9.1).kendo_ui_TimePicker ARIA"/>
    <testcase name="TimePicker adds aria-owns" time="0.004" classname="Chrome 32.0.1700 (Mac OS X 10.9.1).kendo_ui_TimePicker ARIA"/>
    <testcase name="TimePicker sets aria-expanded=true" time="0.107" classname="Chrome 32.0.1700 (Mac OS X 10.9.1).kendo_ui_TimePicker ARIA"/>
    <testcase name="TimePicker sets aria-expanded=false" time="0.117" classname="Chrome 32.0.1700 (Mac OS X 10.9.1).kendo_ui_TimePicker ARIA"/>
    <testcase name="TimePicker adds role to the toggle button" time="0.004" classname="Chrome 32.0.1700 (Mac OS X 10.9.1).kendo_ui_TimePicker ARIA"/>
    <testcase name="TimePicker adds aria-controls to the toggle button" time="0.003" classname="Chrome 32.0.1700 (Mac OS X 10.9.1).kendo_ui_TimePicker ARIA"/>
    <testcase name="TimePicker sets id to the ul element" time="0.003" classname="Chrome 32.0.1700 (Mac OS X 10.9.1).kendo_ui_TimePicker ARIA"/>
    <testcase name="TimePicker adds role to the popup" time="0.004" classname="Chrome 32.0.1700 (Mac OS X 10.9.1).kendo_ui_TimePicker ARIA"/>
    <testcase name="TimePicker adds aria-hidden to the popup" time="0.003" classname="Chrome 32.0.1700 (Mac OS X 10.9.1).kendo_ui_TimePicker ARIA"/>
    <testcase name="TimePicker sets aria-hidden=false to the popup" time="0.106" classname="Chrome 32.0.1700 (Mac OS X 10.9.1).kendo_ui_TimePicker ARIA"/>
    <testcase name="TimePicker sets aria-hidden=true to the popup" time="0.145" classname="Chrome 32.0.1700 (Mac OS X 10.9.1).kendo_ui_TimePicker ARIA"/>
    <testcase name="TimePicker renders li elements with role attr" time="0.112" classname="Chrome 32.0.1700 (Mac OS X 10.9.1).kendo_ui_TimePicker ARIA"/>
    <testcase name="TimePicker sets aria-selected to the selected option" time="0.112" classname="Chrome 32.0.1700 (Mac OS X 10.9.1).kendo_ui_TimePicker ARIA"/>
    <testcase name="TimePicker allows only one selected option" time="0.116" classname="Chrome 32.0.1700 (Mac OS X 10.9.1).kendo_ui_TimePicker ARIA"/>
    <testcase name="TimePicker sets aria-activedescendant" time="0.112" classname="Chrome 32.0.1700 (Mac OS X 10.9.1).kendo_ui_TimePicker ARIA"/>
    <testcase name="TimePicker removes aria-activedescendant" time="0.111" classname="Chrome 32.0.1700 (Mac OS X 10.9.1).kendo_ui_TimePicker ARIA"/>
    <testcase name="blur should call _change event" time="0.011" classname="Chrome 32.0.1700 (Mac OS X 10.9.1).kendo_ui_TimePicker Events"/>
    <testcase name="raise change event" time="0.004" classname="Chrome 32.0.1700 (Mac OS X 10.9.1).kendo_ui_TimePicker Events"/>
    <testcase name="raise DOM change event" time="0.004" classname="Chrome 32.0.1700 (Mac OS X 10.9.1).kendo_ui_TimePicker Events"/>
    <testcase name="do not raise change event if no changes" time="0.006" classname="Chrome 32.0.1700 (Mac OS X 10.9.1).kendo_ui_TimePicker Events"/>
    <testcase name="click li raises change event" time="0.05" classname="Chrome 32.0.1700 (Mac OS X 10.9.1).kendo_ui_TimePicker Events"/>
    <testcase name="raise open event" time="0.032" classname="Chrome 32.0.1700 (Mac OS X 10.9.1).kendo_ui_TimePicker Events"/>
    <testcase name="raise close event" time="0.121" classname="Chrome 32.0.1700 (Mac OS X 10.9.1).kendo_ui_TimePicker Events"/>
    <testcase name="raise close event document click" time="0.141" classname="Chrome 32.0.1700 (Mac OS X 10.9.1).kendo_ui_TimePicker Events"/>
    <testcase name="TimeView creates popup" time="0.003" classname="Chrome 32.0.1700 (Mac OS X 10.9.1).kendo_ui_TimePicker initialization"/>
    <testcase name="TimeView create template function" time="0.002" classname="Chrome 32.0.1700 (Mac OS X 10.9.1).kendo_ui_TimePicker initialization"/>
    <testcase name="TimeView renders last item equal to the MAX time" time="0.006" classname="Chrome 32.0.1700 (Mac OS X 10.9.1).kendo_ui_TimePicker initialization"/>
    <testcase name="_wrapper() wraps input element" time="0.004" classname="Chrome 32.0.1700 (Mac OS X 10.9.1).kendo_ui_TimePicker initialization"/>
    <testcase name="init() should add k-input to the element" time="0.003" classname="Chrome 32.0.1700 (Mac OS X 10.9.1).kendo_ui_TimePicker initialization"/>
    <testcase name="_icon put create picker button" time="0.003" classname="Chrome 32.0.1700 (Mac OS X 10.9.1).kendo_ui_TimePicker initialization"/>
    <testcase name="timeView is defined" time="0.004" classname="Chrome 32.0.1700 (Mac OS X 10.9.1).kendo_ui_TimePicker initialization"/>
    <testcase name="timeView should has correct options" time="0.003" classname="Chrome 32.0.1700 (Mac OS X 10.9.1).kendo_ui_TimePicker initialization"/>
    <testcase name="timepicker wire icon click" time="0.127" classname="Chrome 32.0.1700 (Mac OS X 10.9.1).kendo_ui_TimePicker initialization"/>
    <testcase name="form reset support" time="0.34" classname="Chrome 32.0.1700 (Mac OS X 10.9.1).kendo_ui_TimePicker initialization"/>
    <testcase name="support for form defined by attribute" time="0.331" classname="Chrome 32.0.1700 (Mac OS X 10.9.1).kendo_ui_TimePicker initialization"/>
    <testcase name="extend popup options if timepicker.options.popup" time="0.004" classname="Chrome 32.0.1700 (Mac OS X 10.9.1).kendo_ui_TimePicker initialization"/>
    <testcase name="timepicker initializes a touch scroller when in mobile" time="0.014" classname="Chrome 32.0.1700 (Mac OS X 10.9.1).kendo_ui_TimePicker initialization"/>
    <testcase name="timepicker strips format from &apos;{0:format}&apos;" time="0.01" classname="Chrome 32.0.1700 (Mac OS X 10.9.1).kendo_ui_TimePicker initialization"/>
    <testcase name="TimePicker adds format to the parseFormats array" time="0.003" classname="Chrome 32.0.1700 (Mac OS X 10.9.1).kendo_ui_TimePicker initialization"/>
    <testcase name="TimePicker uses options.data instead of auto-generated hours" time="0.093" classname="Chrome 32.0.1700 (Mac OS X 10.9.1).kendo_ui_TimePicker initialization"/>
    <testcase name="TimePicker normilize options depending on the options.culture" time="0.004" classname="Chrome 32.0.1700 (Mac OS X 10.9.1).kendo_ui_TimePicker initialization"/>
    <testcase name="TimePicker uses options.culture to format hours" time="0.107" classname="Chrome 32.0.1700 (Mac OS X 10.9.1).kendo_ui_TimePicker initialization"/>
    <testcase name="TimePicker copies input&apos;s className to the wrapper" time="0.003" classname="Chrome 32.0.1700 (Mac OS X 10.9.1).kendo_ui_TimePicker initialization"/>
    <testcase name="TimePicker changes the type of the input" time="0.004" classname="Chrome 32.0.1700 (Mac OS X 10.9.1).kendo_ui_TimePicker initialization"/>
    <testcase name="TimePicker does not set width if list has style.width" time="0.083" classname="Chrome 32.0.1700 (Mac OS X 10.9.1).kendo_ui_TimePicker initialization"/>
    <testcase name="TimePicker honors readonly attribute" time="0.009" classname="Chrome 32.0.1700 (Mac OS X 10.9.1).kendo_ui_TimePicker initialization"/>
    <testcase name="TimePicker uses disabled attr over the readonly" time="0.003" classname="Chrome 32.0.1700 (Mac OS X 10.9.1).kendo_ui_TimePicker initialization"/>
    <testcase name="TimePicker does not remove input text on initialization if not valid value" time="0.004" classname="Chrome 32.0.1700 (Mac OS X 10.9.1).kendo_ui_TimePicker initialization"/>
    <testcase name="initializes a timepicker when data role is timepicker" time="0.003" classname="Chrome 32.0.1700 (Mac OS X 10.9.1).timepicker MVVM"/>
    <testcase name="initializes a options from data attributes" time="0.003" classname="Chrome 32.0.1700 (Mac OS X 10.9.1).timepicker MVVM"/>
    <testcase name="initializes value from view model" time="0.003" classname="Chrome 32.0.1700 (Mac OS X 10.9.1).timepicker MVVM"/>
    <testcase name="initializes a options from data attributes after init of the widget" time="0.006" classname="Chrome 32.0.1700 (Mac OS X 10.9.1).timepicker MVVM"/>
    <testcase name="Preserve options after widget init" time="0.007" classname="Chrome 32.0.1700 (Mac OS X 10.9.1).timepicker MVVM"/>
    <testcase name="initializes a parseFormats option from data attributes" time="0.007" classname="Chrome 32.0.1700 (Mac OS X 10.9.1).timepicker MVVM"/>
    <testcase name="initializes a parseFormats option from data attribute with array value" time="0.006" classname="Chrome 32.0.1700 (Mac OS X 10.9.1).timepicker MVVM"/>
    <testcase name="changing a value updates the view model" time="0.004" classname="Chrome 32.0.1700 (Mac OS X 10.9.1).timepicker MVVM"/>
    <testcase name="binding timepicker initialized before binding" time="0.008" classname="Chrome 32.0.1700 (Mac OS X 10.9.1).timepicker MVVM"/>
    <testcase name="binding timepicker initialized after binding" time="0.007" classname="Chrome 32.0.1700 (Mac OS X 10.9.1).timepicker MVVM"/>
    <testcase name="updating model value updates the UI" time="0.008" classname="Chrome 32.0.1700 (Mac OS X 10.9.1).timepicker MVVM"/>
    <testcase name="bindings are removed if element is rebind" time="0.006" classname="Chrome 32.0.1700 (Mac OS X 10.9.1).timepicker MVVM"/>
    <testcase name="change event is raised if attached as option" time="0.003" classname="Chrome 32.0.1700 (Mac OS X 10.9.1).timepicker MVVM"/>
    <testcase name="change event is raised if attached as option to a already initialized timepicker" time="0.005" classname="Chrome 32.0.1700 (Mac OS X 10.9.1).timepicker MVVM"/>
    <testcase name="binding enabled to false disables the widget" time="0.004" classname="Chrome 32.0.1700 (Mac OS X 10.9.1).timepicker MVVM"/>
    <testcase name="binding enabled to true enables the widget" time="0.003" classname="Chrome 32.0.1700 (Mac OS X 10.9.1).timepicker MVVM"/>
    <testcase name="binding disable to true disables the widget" time="0.004" classname="Chrome 32.0.1700 (Mac OS X 10.9.1).timepicker MVVM"/>
    <testcase name="binding disabled to false enables the widget" time="0.003" classname="Chrome 32.0.1700 (Mac OS X 10.9.1).timepicker MVVM"/>
    <testcase name="binding visible to false hides the widget" time="0.003" classname="Chrome 32.0.1700 (Mac OS X 10.9.1).timepicker MVVM"/>
    <testcase name="binding visible to true shows the widget" time="0.004" classname="Chrome 32.0.1700 (Mac OS X 10.9.1).timepicker MVVM"/>
    <testcase name="changing visible to false hides the widget" time="0.003" classname="Chrome 32.0.1700 (Mac OS X 10.9.1).timepicker MVVM"/>
    <testcase name="changing visible to true shows the widget" time="0.004" classname="Chrome 32.0.1700 (Mac OS X 10.9.1).timepicker MVVM"/>
    <testcase name="binding invisible to true hides the widget" time="0.004" classname="Chrome 32.0.1700 (Mac OS X 10.9.1).timepicker MVVM"/>
    <testcase name="binding invisible to false shows the widget" time="0.004" classname="Chrome 32.0.1700 (Mac OS X 10.9.1).timepicker MVVM"/>
    <testcase name="changing invisible to true hides the widget" time="0.004" classname="Chrome 32.0.1700 (Mac OS X 10.9.1).timepicker MVVM"/>
    <testcase name="changing invisible to false shows the widget" time="0.003" classname="Chrome 32.0.1700 (Mac OS X 10.9.1).timepicker MVVM"/>
    <testcase name="binding timepicker initialized before binding does not override change event handler of timeView" time="0.026" classname="Chrome 32.0.1700 (Mac OS X 10.9.1).timepicker MVVM"/>
    <testcase name="move should select first item" time="0.015" classname="Chrome 32.0.1700 (Mac OS X 10.9.1).kendo_ui_TimePicker Navigation"/>
    <testcase name="move should select last item" time="0.014" classname="Chrome 32.0.1700 (Mac OS X 10.9.1).kendo_ui_TimePicker Navigation"/>
    <testcase name="move should select next item" time="0.022" classname="Chrome 32.0.1700 (Mac OS X 10.9.1).kendo_ui_TimePicker Navigation"/>
    <testcase name="move should select previous item" time="0.015" classname="Chrome 32.0.1700 (Mac OS X 10.9.1).kendo_ui_TimePicker Navigation"/>
    <testcase name="move should not raise error" time="0.013" classname="Chrome 32.0.1700 (Mac OS X 10.9.1).kendo_ui_TimePicker Navigation"/>
    <testcase name="move should call change handler" time="0.014" classname="Chrome 32.0.1700 (Mac OS X 10.9.1).kendo_ui_TimePicker Navigation"/>
    <testcase name="click item should call change handler" time="0.015" classname="Chrome 32.0.1700 (Mac OS X 10.9.1).kendo_ui_TimePicker Navigation"/>
    <testcase name="click item should close popup" time="0.015" classname="Chrome 32.0.1700 (Mac OS X 10.9.1).kendo_ui_TimePicker Navigation"/>
    <testcase name="press down arrow should select next li and update value" time="0.095" classname="Chrome 32.0.1700 (Mac OS X 10.9.1).kendo_ui_TimePicker Navigation"/>
    <testcase name="click arrow should call _click" time="0.098" classname="Chrome 32.0.1700 (Mac OS X 10.9.1).kendo_ui_TimePicker Navigation"/>
    <testcase name="tabbing out should update timeView" time="0.095" classname="Chrome 32.0.1700 (Mac OS X 10.9.1).kendo_ui_TimePicker Navigation"/>
    <testcase name="should clear selected item if no such time" time="0.023" classname="Chrome 32.0.1700 (Mac OS X 10.9.1).kendo_ui_TimePicker Navigation"/>
    <testcase name="do not clear input if not valid time" time="0.024" classname="Chrome 32.0.1700 (Mac OS X 10.9.1).kendo_ui_TimePicker Navigation"/>
    <testcase name="Enter should update value of the timepicker" time="0.007" classname="Chrome 32.0.1700 (Mac OS X 10.9.1).kendo_ui_TimePicker Navigation"/>
    <testcase name="press enter should call preventDefault when popup is visible" time="0.054" classname="Chrome 32.0.1700 (Mac OS X 10.9.1).kendo_ui_TimePicker Navigation"/>
    <testcase name="select time with enter clear selection" time="0.173" classname="Chrome 32.0.1700 (Mac OS X 10.9.1).kendo_ui_TimePicker Navigation"/>
    <testcase name="TimePicker does not update the input if the entered value is the same but in diff format" time="0.004" classname="Chrome 32.0.1700 (Mac OS X 10.9.1).kendo_ui_TimePicker Navigation"/>
    <testcase name="TimePicker does not call change on blur if no text change" time="0.01" classname="Chrome 32.0.1700 (Mac OS X 10.9.1).kendo_ui_TimePicker Navigation"/>
    <testcase name="TimePicker does not call change on ENTER if no text change" time="0.005" classname="Chrome 32.0.1700 (Mac OS X 10.9.1).kendo_ui_TimePicker Navigation"/>
    <testcase name="ajax request is made when popup is shown" time="0.073" classname="Chrome 32.0.1700 (Mac OS X 10.9.1).kendo_ui_tooltip_ajax"/>
    <testcase name="response is added to the content" time="0.07" classname="Chrome 32.0.1700 (Mac OS X 10.9.1).kendo_ui_tooltip_ajax"/>
    <testcase name="error event is raised if request fails" time="0.068" classname="Chrome 32.0.1700 (Mac OS X 10.9.1).kendo_ui_tooltip_ajax"/>
    <testcase name="local url does not create iframe" time="0.007" classname="Chrome 32.0.1700 (Mac OS X 10.9.1).kendo_ui_tooltip_ajax"/>
    <testcase name="a remote `content` creates iframe" time="0.009" classname="Chrome 32.0.1700 (Mac OS X 10.9.1).kendo_ui_tooltip_ajax"/>
    <testcase name="iframe is created if showIframe is set" time="0.009" classname="Chrome 32.0.1700 (Mac OS X 10.9.1).kendo_ui_tooltip_ajax"/>
    <testcase name="requestStart is triggered" time="0.017" classname="Chrome 32.0.1700 (Mac OS X 10.9.1).kendo_ui_tooltip_ajax"/>
    <testcase name="requestStart add request data if such does not exist" time="0.069" classname="Chrome 32.0.1700 (Mac OS X 10.9.1).kendo_ui_tooltip_ajax"/>
    <testcase name="requestStart updates request data" time="0.069" classname="Chrome 32.0.1700 (Mac OS X 10.9.1).kendo_ui_tooltip_ajax"/>
    <testcase name="target is passed to the requestStart" time="0.017" classname="Chrome 32.0.1700 (Mac OS X 10.9.1).kendo_ui_tooltip_ajax"/>
    <testcase name="refresh issue an ajax request" time="0.021" classname="Chrome 32.0.1700 (Mac OS X 10.9.1).kendo_ui_tooltip_ajax"/>
    <testcase name="refresh the content" time="0.007" classname="Chrome 32.0.1700 (Mac OS X 10.9.1).kendo_ui_tooltip_ajax"/>
    <testcase name="refresh does not refresh the content if popup is not created" time="0.001" classname="Chrome 32.0.1700 (Mac OS X 10.9.1).kendo_ui_tooltip_ajax"/>
    <testcase name="tooltip role is assign to the popup container" time="0.006" classname="Chrome 32.0.1700 (Mac OS X 10.9.1).kendo_ui_tooltip aria"/>
    <testcase name="described by attribute is added to the element" time="0.006" classname="Chrome 32.0.1700 (Mac OS X 10.9.1).kendo_ui_tooltip aria"/>
    <testcase name="id attribute is added to the popup" time="0.006" classname="Chrome 32.0.1700 (Mac OS X 10.9.1).kendo_ui_tooltip aria"/>
    <testcase name="id attribute is removed from the popup on hide" time="0.007" classname="Chrome 32.0.1700 (Mac OS X 10.9.1).kendo_ui_tooltip aria"/>
    <testcase name="described by attribute is not added if element has no id" time="0.006" classname="Chrome 32.0.1700 (Mac OS X 10.9.1).kendo_ui_tooltip aria"/>
    <testcase name="element id for the described by attribute is used if set" time="0.007" classname="Chrome 32.0.1700 (Mac OS X 10.9.1).kendo_ui_tooltip aria"/>
    <testcase name="popup hide removes described by attribute" time="0.014" classname="Chrome 32.0.1700 (Mac OS X 10.9.1).kendo_ui_tooltip aria"/>
    <testcase name="aria hidden is set when popup is not visible" time="0.007" classname="Chrome 32.0.1700 (Mac OS X 10.9.1).kendo_ui_tooltip aria"/>
    <testcase name="aria hidden is removed when popup is visible" time="0.011" classname="Chrome 32.0.1700 (Mac OS X 10.9.1).kendo_ui_tooltip aria"/>
    <testcase name="callout class is set for the position" time="0.007" classname="Chrome 32.0.1700 (Mac OS X 10.9.1).kendo_ui_tooltip"/>
    <testcase name="tooltip is attached to the element" time="0.001" classname="Chrome 32.0.1700 (Mac OS X 10.9.1).kendo_ui_tooltip"/>
    <testcase name="shows a popup" time="0.007" classname="Chrome 32.0.1700 (Mac OS X 10.9.1).kendo_ui_tooltip"/>
    <testcase name="shows a popup on default element" time="0.006" classname="Chrome 32.0.1700 (Mac OS X 10.9.1).kendo_ui_tooltip"/>
    <testcase name="content is added to the tooltip" time="0.006" classname="Chrome 32.0.1700 (Mac OS X 10.9.1).kendo_ui_tooltip"/>
    <testcase name="content with html is added to the tooltip" time="0.006" classname="Chrome 32.0.1700 (Mac OS X 10.9.1).kendo_ui_tooltip"/>
    <testcase name="content as function" time="0.007" classname="Chrome 32.0.1700 (Mac OS X 10.9.1).kendo_ui_tooltip"/>
    <testcase name="content as function target is passed" time="0.006" classname="Chrome 32.0.1700 (Mac OS X 10.9.1).kendo_ui_tooltip"/>
    <testcase name="content as function sender is passed" time="0.006" classname="Chrome 32.0.1700 (Mac OS X 10.9.1).kendo_ui_tooltip"/>
    <testcase name="content is updated for every element" time="0.011" classname="Chrome 32.0.1700 (Mac OS X 10.9.1).kendo_ui_tooltip"/>
    <testcase name="show is trigger on hover of  every matched element" time="0.012" classname="Chrome 32.0.1700 (Mac OS X 10.9.1).kendo_ui_tooltip"/>
    <testcase name="show event is raised" time="0.006" classname="Chrome 32.0.1700 (Mac OS X 10.9.1).kendo_ui_tooltip"/>
    <testcase name="hide event is raised" time="0.008" classname="Chrome 32.0.1700 (Mac OS X 10.9.1).kendo_ui_tooltip"/>
    <testcase name="popup creation is deferred until element is hovered" time="0.001" classname="Chrome 32.0.1700 (Mac OS X 10.9.1).kendo_ui_tooltip"/>
    <testcase name="same popup instance is used for multiple elements" time="0.011" classname="Chrome 32.0.1700 (Mac OS X 10.9.1).kendo_ui_tooltip"/>
    <testcase name="popup is hidden when mouse leave the element" time="0.007" classname="Chrome 32.0.1700 (Mac OS X 10.9.1).kendo_ui_tooltip"/>
    <testcase name="popup is shown for elements matched by the filter" time="0.006" classname="Chrome 32.0.1700 (Mac OS X 10.9.1).kendo_ui_tooltip"/>
    <testcase name="popup is moved to the new element matched by the filter" time="0.012" classname="Chrome 32.0.1700 (Mac OS X 10.9.1).kendo_ui_tooltip"/>
    <testcase name="popup is hidden when mouse leaves the matched by the filter element " time="0.007" classname="Chrome 32.0.1700 (Mac OS X 10.9.1).kendo_ui_tooltip"/>
    <testcase name="title attributes are temporary removed" time="0.001" classname="Chrome 32.0.1700 (Mac OS X 10.9.1).kendo_ui_tooltip"/>
    <testcase name="title attributes are temporary removed from element parents" time="0.001" classname="Chrome 32.0.1700 (Mac OS X 10.9.1).kendo_ui_tooltip"/>
    <testcase name="title attributes is restored on mouse leave" time="0.007" classname="Chrome 32.0.1700 (Mac OS X 10.9.1).kendo_ui_tooltip"/>
    <testcase name="title attributes is restored on mouse leave" time="0.007" classname="Chrome 32.0.1700 (Mac OS X 10.9.1).kendo_ui_tooltip"/>
    <testcase name="center position is set to the popup" time="0.005" classname="Chrome 32.0.1700 (Mac OS X 10.9.1).kendo_ui_tooltip"/>
    <testcase name="width is set to the popup" time="0.007" classname="Chrome 32.0.1700 (Mac OS X 10.9.1).kendo_ui_tooltip"/>
    <testcase name="height is set to the popup" time="0.006" classname="Chrome 32.0.1700 (Mac OS X 10.9.1).kendo_ui_tooltip"/>
    <testcase name="callout is not rendered if center position" time="0.007" classname="Chrome 32.0.1700 (Mac OS X 10.9.1).kendo_ui_tooltip"/>
    <testcase name="callout is rendered if enabled" time="0.005" classname="Chrome 32.0.1700 (Mac OS X 10.9.1).kendo_ui_tooltip"/>
    <testcase name="callout is rendered by default" time="0.007" classname="Chrome 32.0.1700 (Mac OS X 10.9.1).kendo_ui_tooltip"/>
    <testcase name="callout is not rendered if not enabled" time="0.006" classname="Chrome 32.0.1700 (Mac OS X 10.9.1).kendo_ui_tooltip"/>
    <testcase name="open on click" time="0.006" classname="Chrome 32.0.1700 (Mac OS X 10.9.1).kendo_ui_tooltip"/>
    <testcase name="hide method closes the popup" time="0.006" classname="Chrome 32.0.1700 (Mac OS X 10.9.1).kendo_ui_tooltip"/>
    <testcase name="call hide method without opening the popup" time="0" classname="Chrome 32.0.1700 (Mac OS X 10.9.1).kendo_ui_tooltip"/>
    <testcase name="autoclose false does not hide the tooltip on mouseleave" time="0.007" classname="Chrome 32.0.1700 (Mac OS X 10.9.1).kendo_ui_tooltip"/>
    <testcase name="autohide false renders a close button" time="0.006" classname="Chrome 32.0.1700 (Mac OS X 10.9.1).kendo_ui_tooltip"/>
    <testcase name="clicking the close button hides the tooltip" time="0.008" classname="Chrome 32.0.1700 (Mac OS X 10.9.1).kendo_ui_tooltip"/>
    <testcase name="animation options are passed to the popup" time="0.006" classname="Chrome 32.0.1700 (Mac OS X 10.9.1).kendo_ui_tooltip"/>
    <testcase name="pressing esc closes the tooltip" time="0.007" classname="Chrome 32.0.1700 (Mac OS X 10.9.1).kendo_ui_tooltip"/>
    <testcase name="leaving the element closes the popup" time="0.008" classname="Chrome 32.0.1700 (Mac OS X 10.9.1).kendo_ui_tooltip"/>
    <testcase name="element without title clear the tooltip" time="0.019" classname="Chrome 32.0.1700 (Mac OS X 10.9.1).kendo_ui_tooltip"/>
    <testcase name="raises press on touchstart" time="0.002" classname="Chrome 32.0.1700 (Mac OS X 10.9.1).UserEvents"/>
    <testcase name="raises start on first mouse move" time="0.001" classname="Chrome 32.0.1700 (Mac OS X 10.9.1).UserEvents"/>
    <testcase name="raises tap on tap" time="0.001" classname="Chrome 32.0.1700 (Mac OS X 10.9.1).UserEvents"/>
    <testcase name="resets velocity on direction change" time="0.02" classname="Chrome 32.0.1700 (Mac OS X 10.9.1).UserEvents"/>
    <testcase name="passes delta on mousemove" time="0.002" classname="Chrome 32.0.1700 (Mac OS X 10.9.1).UserEvents"/>
    <testcase name="does not track unpressed mousemove" time="0.001" classname="Chrome 32.0.1700 (Mac OS X 10.9.1).UserEvents"/>
    <testcase name="calculates velocity on mouseup" time="0.02" classname="Chrome 32.0.1700 (Mac OS X 10.9.1).UserEvents"/>
    <testcase name="binds to drag performed on elements matching filter" time="0.002" classname="Chrome 32.0.1700 (Mac OS X 10.9.1).filter option"/>
    <testcase name="ignores drag performed on elements not matching filter" time="0.001" classname="Chrome 32.0.1700 (Mac OS X 10.9.1).filter option"/>
    <testcase name="ignores drag if less than threshold option" time="0.042" classname="Chrome 32.0.1700 (Mac OS X 10.9.1).threshold option"/>
    <testcase name="raises start if distance is more than threshold option" time="0.038" classname="Chrome 32.0.1700 (Mac OS X 10.9.1).threshold option"/>
    <testcase name="triggers hold after a while" time="0.255" classname="Chrome 32.0.1700 (Mac OS X 10.9.1).hold"/>
    <testcase name="ignores drag if filter does not match elements" time="0.002" classname="Chrome 32.0.1700 (Mac OS X 10.9.1).nested elements"/>
    <testcase name="gesture start passes the center of the two touches" time="0.001" classname="Chrome 32.0.1700 (Mac OS X 10.9.1).gestures"/>
    <testcase name="gesture start passes the distance of the two touches" time="0.001" classname="Chrome 32.0.1700 (Mac OS X 10.9.1).gestures"/>
    <testcase name="triggers gesturestart on second touch move" time="0.001" classname="Chrome 32.0.1700 (Mac OS X 10.9.1).gestures"/>
    <testcase name="accepts maximum 2 fingers" time="0.001" classname="Chrome 32.0.1700 (Mac OS X 10.9.1).gestures"/>
    <testcase name="does not trigger move on second touch move" time="0.001" classname="Chrome 32.0.1700 (Mac OS X 10.9.1).gestures"/>
    <testcase name="triggers gesturechange" time="0.002" classname="Chrome 32.0.1700 (Mac OS X 10.9.1).gestures"/>
    <testcase name="triggers gestureend" time="0.001" classname="Chrome 32.0.1700 (Mac OS X 10.9.1).gestures"/>
    <testcase name="triggers end after the first touch is over" time="0.002" classname="Chrome 32.0.1700 (Mac OS X 10.9.1).gestures"/>
    <testcase name="triggers gesturestart before first touch move" time="0.001" classname="Chrome 32.0.1700 (Mac OS X 10.9.1).gestures"/>
    <testcase name="raises press on press" time="0.001" classname="Chrome 32.0.1700 (Mac OS X 10.9.1).UserEvents API"/>
    <testcase name="raises start on first move" time="0.001" classname="Chrome 32.0.1700 (Mac OS X 10.9.1).UserEvents API"/>
    <testcase name="raises end on end call" time="0.001" classname="Chrome 32.0.1700 (Mac OS X 10.9.1).UserEvents API"/>
    <testcase name="cancel clears active touches" time="0.001" classname="Chrome 32.0.1700 (Mac OS X 10.9.1).UserEvents API"/>
    <testcase name="raises select on mousedown" time="0.001" classname="Chrome 32.0.1700 (Mac OS X 10.9.1).selection"/>
    <testcase name="raises select on selectstart" time="0.001" classname="Chrome 32.0.1700 (Mac OS X 10.9.1).selection"/>
    <testcase name="validate returns false for empty input with attribute required" time="0.005" classname="Chrome 32.0.1700 (Mac OS X 10.9.1).kendo_ui_validation"/>
    <testcase name="validate triggers validate event" time="0.003" classname="Chrome 32.0.1700 (Mac OS X 10.9.1).kendo_ui_validation"/>
    <testcase name="validate returns true for non empty input with attribute required" time="0.008" classname="Chrome 32.0.1700 (Mac OS X 10.9.1).kendo_ui_validation"/>
    <testcase name="validate returns true for non empty input with attribute required which is initially invalid" time="0.003" classname="Chrome 32.0.1700 (Mac OS X 10.9.1).kendo_ui_validation"/>
    <testcase name="checkValidity returns true for non empty input with attribute required" time="0.002" classname="Chrome 32.0.1700 (Mac OS X 10.9.1).kendo_ui_validation"/>
    <testcase name="validates multiple input elements if initialized with container" time="0.004" classname="Chrome 32.0.1700 (Mac OS X 10.9.1).kendo_ui_validation"/>
    <testcase name="validate returns false if at least one element is invalid" time="0.002" classname="Chrome 32.0.1700 (Mac OS X 10.9.1).kendo_ui_validation"/>
    <testcase name="validate returns true if every element is valid" time="0.002" classname="Chrome 32.0.1700 (Mac OS X 10.9.1).kendo_ui_validation"/>
    <testcase name="validate returns true if container does not contain input elements" time="0.001" classname="Chrome 32.0.1700 (Mac OS X 10.9.1).kendo_ui_validation"/>
    <testcase name="validate returns false if checkbox marked as required is not checked" time="0.002" classname="Chrome 32.0.1700 (Mac OS X 10.9.1).kendo_ui_validation"/>
    <testcase name="validate returns true if checkbox marked as required is checked" time="0.002" classname="Chrome 32.0.1700 (Mac OS X 10.9.1).kendo_ui_validation"/>
    <testcase name="validate returns false if checkbox marked as required is not checked but have value set" time="0.002" classname="Chrome 32.0.1700 (Mac OS X 10.9.1).kendo_ui_validation"/>
    <testcase name="validate returns true if checkbox marked as required is checked and have value set" time="0.002" classname="Chrome 32.0.1700 (Mac OS X 10.9.1).kendo_ui_validation"/>
    <testcase name="validate returns false if multi select is marked as required and no value is selected" time="0.002" classname="Chrome 32.0.1700 (Mac OS X 10.9.1).kendo_ui_validation"/>
    <testcase name="validate returns true if multi select is marked as required and value is selected" time="0.003" classname="Chrome 32.0.1700 (Mac OS X 10.9.1).kendo_ui_validation"/>
    <testcase name="validate returns false if select is marked as required and option with empty value is selected" time="0.002" classname="Chrome 32.0.1700 (Mac OS X 10.9.1).kendo_ui_validation"/>
    <testcase name="validate returns true container is empty" time="0.001" classname="Chrome 32.0.1700 (Mac OS X 10.9.1).kendo_ui_validation"/>
    <testcase name="errors returns empty array if validate is not executed" time="0.002" classname="Chrome 32.0.1700 (Mac OS X 10.9.1).kendo_ui_validation"/>
    <testcase name="errors returns type specific message if attribute is set for single invalid element" time="0.002" classname="Chrome 32.0.1700 (Mac OS X 10.9.1).kendo_ui_validation"/>
    <testcase name="errors returns validationMessage attribute value for single invalid element" time="0.002" classname="Chrome 32.0.1700 (Mac OS X 10.9.1).kendo_ui_validation"/>
    <testcase name="errors returns title if no validationMessage attribute for single invalid element" time="0.002" classname="Chrome 32.0.1700 (Mac OS X 10.9.1).kendo_ui_validation"/>
    <testcase name="errors returns validationMessage if both validationMessage and title are set for single invalid element" time="0.002" classname="Chrome 32.0.1700 (Mac OS X 10.9.1).kendo_ui_validation"/>
    <testcase name="errors returns formatted with input name message if set for single invalid element" time="0.003" classname="Chrome 32.0.1700 (Mac OS X 10.9.1).kendo_ui_validation"/>
    <testcase name="errors returns messages for every invalid element" time="0.002" classname="Chrome 32.0.1700 (Mac OS X 10.9.1).kendo_ui_validation"/>
    <testcase name="errors is cleared if revalidated single input" time="0.003" classname="Chrome 32.0.1700 (Mac OS X 10.9.1).kendo_ui_validation"/>
    <testcase name="errors are reset if element is valid multiple inputs" time="0.004" classname="Chrome 32.0.1700 (Mac OS X 10.9.1).kendo_ui_validation"/>
    <testcase name="existing error message element container is reused" time="0.002" classname="Chrome 32.0.1700 (Mac OS X 10.9.1).kendo_ui_validation"/>
    <testcase name="existing error message element container is reused on multiple validate calls" time="0.006" classname="Chrome 32.0.1700 (Mac OS X 10.9.1).kendo_ui_validation"/>
    <testcase name="error message as external template" time="0.004" classname="Chrome 32.0.1700 (Mac OS X 10.9.1).kendo_ui_validation"/>
    <testcase name="displayes message next to the validated element" time="0.002" classname="Chrome 32.0.1700 (Mac OS X 10.9.1).kendo_ui_validation"/>
    <testcase name="hideMessages hides the validation message" time="0.007" classname="Chrome 32.0.1700 (Mac OS X 10.9.1).kendo_ui_validation"/>
    <testcase name="hideMessages hides the validation messages for the container" time="0.009" classname="Chrome 32.0.1700 (Mac OS X 10.9.1).kendo_ui_validation"/>
    <testcase name="multiple calls to validation does not render multiple messages" time="0.003" classname="Chrome 32.0.1700 (Mac OS X 10.9.1).kendo_ui_validation"/>
    <testcase name="does not displayes message if element is valid" time="0.002" classname="Chrome 32.0.1700 (Mac OS X 10.9.1).kendo_ui_validation"/>
    <testcase name="message element is hidden if element change its state from invalid to valid" time="0.008" classname="Chrome 32.0.1700 (Mac OS X 10.9.1).kendo_ui_validation"/>
    <testcase name="message element is hidden if input with $ in the name change its state from invalid to valid " time="0.009" classname="Chrome 32.0.1700 (Mac OS X 10.9.1).kendo_ui_validation"/>
    <testcase name="message element is hidden if input with special charecters in the name change its state from invalid to valid " time="0.008" classname="Chrome 32.0.1700 (Mac OS X 10.9.1).kendo_ui_validation"/>
    <testcase name="external message element is shown when validating input with specail charecters" time="0.003" classname="Chrome 32.0.1700 (Mac OS X 10.9.1).kendo_ui_validation"/>
    <testcase name="individualErrors template overrides the default template" time="0.003" classname="Chrome 32.0.1700 (Mac OS X 10.9.1).kendo_ui_validation"/>
    <testcase name="validate returns true if input with type=text value does not match min attribute" time="0.002" classname="Chrome 32.0.1700 (Mac OS X 10.9.1).kendo_ui_validation"/>
    <testcase name="validate returns false if input with type=text and data-kendo-type=number value does not match min attribute" time="0.004" classname="Chrome 32.0.1700 (Mac OS X 10.9.1).kendo_ui_validation"/>
    <testcase name="validate returns false if input with type=number value does not match min attribute" time="0.003" classname="Chrome 32.0.1700 (Mac OS X 10.9.1).kendo_ui_validation"/>
    <testcase name="validate returns false if input with type=number value does not match min attribute decimal" time="0.003" classname="Chrome 32.0.1700 (Mac OS X 10.9.1).kendo_ui_validation"/>
    <testcase name="validate returns true if input with type=number value does match min attribute decimal" time="0.002" classname="Chrome 32.0.1700 (Mac OS X 10.9.1).kendo_ui_validation"/>
    <testcase name="validate returns true if input with type=number value does match min attribute" time="0.003" classname="Chrome 32.0.1700 (Mac OS X 10.9.1).kendo_ui_validation"/>
    <testcase name="validate returns true if input with type=text and data-kendo-type=number value does match min attribute" time="0.002" classname="Chrome 32.0.1700 (Mac OS X 10.9.1).kendo_ui_validation"/>
    <testcase name="validate returns true if input with type=number value does have same value as min attribute" time="0.003" classname="Chrome 32.0.1700 (Mac OS X 10.9.1).kendo_ui_validation"/>
    <testcase name="validate returns true if input with data-type=number value is bigger than the min attribute when a culture with comma for the decimal separator is used" time="0.003" classname="Chrome 32.0.1700 (Mac OS X 10.9.1).kendo_ui_validation"/>
    <testcase name="validate returns false if input with data-type=number value is smaller than the min attribute when a culture with comma for the decimal separator is used" time="0.004" classname="Chrome 32.0.1700 (Mac OS X 10.9.1).kendo_ui_validation"/>
    <testcase name="validate returns true if input with type=number value does have same value as max attribute" time="0.002" classname="Chrome 32.0.1700 (Mac OS X 10.9.1).kendo_ui_validation"/>
    <testcase name="validate returns false if input with type=text and data-kendo-type=number value does not match max attribute" time="0.002" classname="Chrome 32.0.1700 (Mac OS X 10.9.1).kendo_ui_validation"/>
    <testcase name="validate returns true if input with type=text and data-kendo-type=number value match max attribute decimal value" time="0.003" classname="Chrome 32.0.1700 (Mac OS X 10.9.1).kendo_ui_validation"/>
    <testcase name="validate returns false if input with type=text and data-kendo-type=number value does not match max attribute decimal value" time="0.004" classname="Chrome 32.0.1700 (Mac OS X 10.9.1).kendo_ui_validation"/>
    <testcase name="validate returns true if input with data-type=number value is smaller than the max attribute when a culture with comma for the decimal separator is used" time="0.003" classname="Chrome 32.0.1700 (Mac OS X 10.9.1).kendo_ui_validation"/>
    <testcase name="validate returns false if input with data-type=number value is bigger than the max attribute when a culture with comma for the decimal separator is used" time="0.003" classname="Chrome 32.0.1700 (Mac OS X 10.9.1).kendo_ui_validation"/>
    <testcase name="validate returns false if input with type=number value does not match max attribute" time="0.003" classname="Chrome 32.0.1700 (Mac OS X 10.9.1).kendo_ui_validation"/>
    <testcase name="validate returns true if input with type=text value does not match max attribute" time="0.002" classname="Chrome 32.0.1700 (Mac OS X 10.9.1).kendo_ui_validation"/>
    <testcase name="validate returns true if input with type=number value does match max attribute" time="0.004" classname="Chrome 32.0.1700 (Mac OS X 10.9.1).kendo_ui_validation"/>
    <testcase name="validate returns true if input with type=text and data-kendo-type=number value does match step attribute and have min set with three decimal places step" time="0.002" classname="Chrome 32.0.1700 (Mac OS X 10.9.1).kendo_ui_validation"/>
    <testcase name="validate returns true if input with type=text and data-kendo-type=number value does match step attribute and have min set with two decimal places step" time="0.003" classname="Chrome 32.0.1700 (Mac OS X 10.9.1).kendo_ui_validation"/>
    <testcase name="validate returns true if input with type=text and data-kendo-type=number value does match step attribute and have min set with decimal step" time="0.002" classname="Chrome 32.0.1700 (Mac OS X 10.9.1).kendo_ui_validation"/>
    <testcase name="validate returns false if input with type=text and data-kendo-type=number value does not match step attribute and have min set" time="0.003" classname="Chrome 32.0.1700 (Mac OS X 10.9.1).kendo_ui_validation"/>
    <testcase name="validate returns false if input with type=number value does not match step attribute and have min set" time="0.003" classname="Chrome 32.0.1700 (Mac OS X 10.9.1).kendo_ui_validation"/>
    <testcase name="validate returns true if input with type=number value does match step attribute and have both max and min set" time="0.003" classname="Chrome 32.0.1700 (Mac OS X 10.9.1).kendo_ui_validation"/>
    <testcase name="validate min defaults to 0 if not set and step is set - invalid value" time="0.004" classname="Chrome 32.0.1700 (Mac OS X 10.9.1).kendo_ui_validation"/>
    <testcase name="validate min defaults to 0 if not set and step is set - valid value" time="0.003" classname="Chrome 32.0.1700 (Mac OS X 10.9.1).kendo_ui_validation"/>
    <testcase name="validate returns false if input with type=text value does not match pattern attribute" time="0.105" classname="Chrome 32.0.1700 (Mac OS X 10.9.1).kendo_ui_validation"/>
    <testcase name="validate returns true if input with type=text value does match pattern attribute" time="0.001" classname="Chrome 32.0.1700 (Mac OS X 10.9.1).kendo_ui_validation"/>
    <testcase name="validate returns false if input with type=text and data-kendo-type=email value is not valid email" time="0.025" classname="Chrome 32.0.1700 (Mac OS X 10.9.1).kendo_ui_validation"/>
    <testcase name="validate returns false if input with type=email value is not valid email" time="0.002" classname="Chrome 32.0.1700 (Mac OS X 10.9.1).kendo_ui_validation"/>
    <testcase name="validate returns true if input with type=email value is valid email" time="0.002" classname="Chrome 32.0.1700 (Mac OS X 10.9.1).kendo_ui_validation"/>
    <testcase name="validate returns false if input with type=email value does not match the pattern" time="0.002" classname="Chrome 32.0.1700 (Mac OS X 10.9.1).kendo_ui_validation"/>
    <testcase name="validate returns false if input with type=email value does not match the pattern" time="0.002" classname="Chrome 32.0.1700 (Mac OS X 10.9.1).kendo_ui_validation"/>
    <testcase name="validate returns false if input with type=text and data-kendo-type=url value does not match" time="0.027" classname="Chrome 32.0.1700 (Mac OS X 10.9.1).kendo_ui_validation"/>
    <testcase name="validate returns false if input with type=url value does not match" time="0.002" classname="Chrome 32.0.1700 (Mac OS X 10.9.1).kendo_ui_validation"/>
    <testcase name="validate returns true if input with type=url value match" time="0.002" classname="Chrome 32.0.1700 (Mac OS X 10.9.1).kendo_ui_validation"/>
    <testcase name="validate returns false if input with type=url value does not match the pattern" time="0.002" classname="Chrome 32.0.1700 (Mac OS X 10.9.1).kendo_ui_validation"/>
    <testcase name="validate returns true if input with type=url value does match the pattern" time="0.001" classname="Chrome 32.0.1700 (Mac OS X 10.9.1).kendo_ui_validation"/>
    <testcase name="validate returns false if input with type=tel value does not match the pattern" time="0.001" classname="Chrome 32.0.1700 (Mac OS X 10.9.1).kendo_ui_validation"/>
    <testcase name="validate returns true if input with type=tel value does match the pattern" time="0.002" classname="Chrome 32.0.1700 (Mac OS X 10.9.1).kendo_ui_validation"/>
    <testcase name="validate returns false if input with type=password value does not match the pattern" time="0.002" classname="Chrome 32.0.1700 (Mac OS X 10.9.1).kendo_ui_validation"/>
    <testcase name="validate returns true if input with type=password value does match the pattern" time="0.001" classname="Chrome 32.0.1700 (Mac OS X 10.9.1).kendo_ui_validation"/>
    <testcase name="validate returns false if input with type=search value does not match the pattern" time="0.001" classname="Chrome 32.0.1700 (Mac OS X 10.9.1).kendo_ui_validation"/>
    <testcase name="validate returns true if input with type=search value does match the pattern" time="0.002" classname="Chrome 32.0.1700 (Mac OS X 10.9.1).kendo_ui_validation"/>
    <testcase name="validate class is added to the invalid inputs" time="0.002" classname="Chrome 32.0.1700 (Mac OS X 10.9.1).kendo_ui_validation"/>
    <testcase name="aria-invalid is added to the invalid input" time="0.002" classname="Chrome 32.0.1700 (Mac OS X 10.9.1).kendo_ui_validation"/>
    <testcase name="aria-alert is added to the invalid input message" time="0.002" classname="Chrome 32.0.1700 (Mac OS X 10.9.1).kendo_ui_validation"/>
    <testcase name="aria-invalid is remove after input become valid" time="0.002" classname="Chrome 32.0.1700 (Mac OS X 10.9.1).kendo_ui_validation"/>
    <testcase name="validate class is not added to the valid inputs" time="0.001" classname="Chrome 32.0.1700 (Mac OS X 10.9.1).kendo_ui_validation"/>
    <testcase name="validate class is remove to if invalid inputs pass validation" time="0.002" classname="Chrome 32.0.1700 (Mac OS X 10.9.1).kendo_ui_validation"/>
    <testcase name="checkbox field is revalidated on click" time="0.007" classname="Chrome 32.0.1700 (Mac OS X 10.9.1).kendo_ui_validation"/>
    <testcase name="checkbox field is revalidated on click when validation is attached to the container" time="0.008" classname="Chrome 32.0.1700 (Mac OS X 10.9.1).kendo_ui_validation"/>
    <testcase name="input fields are not revalidated on click" time="0.001" classname="Chrome 32.0.1700 (Mac OS X 10.9.1).kendo_ui_validation"/>
    <testcase name="field is revalidated on blur" time="0.002" classname="Chrome 32.0.1700 (Mac OS X 10.9.1).kendo_ui_validation"/>
    <testcase name="field is not revalidated on blur validateonblur is false" time="0.002" classname="Chrome 32.0.1700 (Mac OS X 10.9.1).kendo_ui_validation"/>
    <testcase name="multiple errors are not added when invalid input is blured several times" time="0.002" classname="Chrome 32.0.1700 (Mac OS X 10.9.1).kendo_ui_validation"/>
    <testcase name="field is revalidated on blur with container" time="0.003" classname="Chrome 32.0.1700 (Mac OS X 10.9.1).kendo_ui_validation"/>
    <testcase name="message for required is applied" time="0.001" classname="Chrome 32.0.1700 (Mac OS X 10.9.1).kendo_ui_validation"/>
    <testcase name="message for min is applied with min attribute value" time="0.002" classname="Chrome 32.0.1700 (Mac OS X 10.9.1).kendo_ui_validation"/>
    <testcase name="message for max is applied with max attribute value" time="0.002" classname="Chrome 32.0.1700 (Mac OS X 10.9.1).kendo_ui_validation"/>
    <testcase name="message as function" time="0.002" classname="Chrome 32.0.1700 (Mac OS X 10.9.1).kendo_ui_validation"/>
    <testcase name="custom validation rule is executed" time="0.002" classname="Chrome 32.0.1700 (Mac OS X 10.9.1).kendo_ui_validation"/>
    <testcase name="form submit is preveneted if container is form element and validation fails" time="0.003" classname="Chrome 32.0.1700 (Mac OS X 10.9.1).kendo_ui_validation"/>
    <testcase name="form is submited if container is form element and validation pass" time="0.002" classname="Chrome 32.0.1700 (Mac OS X 10.9.1).kendo_ui_validation"/>
    <testcase name="novalidate is added to the form if container is a form element" time="0.001" classname="Chrome 32.0.1700 (Mac OS X 10.9.1).kendo_ui_validation"/>
    <testcase name="validate skips button elements" time="0.002" classname="Chrome 32.0.1700 (Mac OS X 10.9.1).kendo_ui_validation"/>
    <testcase name="validate skips input[type=submit] elements" time="0.001" classname="Chrome 32.0.1700 (Mac OS X 10.9.1).kendo_ui_validation"/>
    <testcase name="validate skips input[type=button] elements" time="0.001" classname="Chrome 32.0.1700 (Mac OS X 10.9.1).kendo_ui_validation"/>
    <testcase name="validate skips input[type=reset] elements" time="0.002" classname="Chrome 32.0.1700 (Mac OS X 10.9.1).kendo_ui_validation"/>
    <testcase name="validate skips disabled inputs elements" time="0.001" classname="Chrome 32.0.1700 (Mac OS X 10.9.1).kendo_ui_validation"/>
    <testcase name="validate skips readonly inputs elements" time="0.001" classname="Chrome 32.0.1700 (Mac OS X 10.9.1).kendo_ui_validation"/>
    <testcase name="validate returns false if input type=text and data-kendo-type=date value is not valid date" time="0.002" classname="Chrome 32.0.1700 (Mac OS X 10.9.1).kendo_ui_validation"/>
    <testcase name="validate returns true if input type=text and data-kendo-type=date value is valid date" time="0.001" classname="Chrome 32.0.1700 (Mac OS X 10.9.1).kendo_ui_validation"/>
    <testcase name="validate input elements with array index names on multiple validation calls" time="0.004" classname="Chrome 32.0.1700 (Mac OS X 10.9.1).kendo_ui_validation"/>
    <testcase name="register external rules" time="0.003" classname="Chrome 32.0.1700 (Mac OS X 10.9.1).kendo_ui_validation"/>
    <testcase name="external overrides default rules" time="0.002" classname="Chrome 32.0.1700 (Mac OS X 10.9.1).kendo_ui_validation"/>
    <testcase name="custom rules overrides external rules" time="0.002" classname="Chrome 32.0.1700 (Mac OS X 10.9.1).kendo_ui_validation"/>
    <testcase name="register external messages" time="0.002" classname="Chrome 32.0.1700 (Mac OS X 10.9.1).kendo_ui_validation"/>
    <testcase name="external overrides default messages" time="0.002" classname="Chrome 32.0.1700 (Mac OS X 10.9.1).kendo_ui_validation"/>
    <testcase name="custom overrides external messages" time="0.002" classname="Chrome 32.0.1700 (Mac OS X 10.9.1).kendo_ui_validation"/>
    <testcase name="locate custom message locator" time="0.001" classname="Chrome 32.0.1700 (Mac OS X 10.9.1).kendo_ui_validation"/>
    <testcase name="decorate custom message locator" time="0.002" classname="Chrome 32.0.1700 (Mac OS X 10.9.1).kendo_ui_validation"/>
    <testcase name="rules resolver is called" time="0.001" classname="Chrome 32.0.1700 (Mac OS X 10.9.1).kendo_ui_validation"/>
    <testcase name="resolves empty rules" time="0.002" classname="Chrome 32.0.1700 (Mac OS X 10.9.1).kendo_ui_validation"/>
    <testcase name="resolved rules and messages are added to the validator" time="0.001" classname="Chrome 32.0.1700 (Mac OS X 10.9.1).kendo_ui_validation"/>
    <testcase name="all rules resolver are called" time="0.001" classname="Chrome 32.0.1700 (Mac OS X 10.9.1).kendo_ui_validation"/>
    <testcase name="resolved rules from multiple resolvers are merged" time="0.002" classname="Chrome 32.0.1700 (Mac OS X 10.9.1).kendo_ui_validation"/>
    <testcase name="validating a container which contains svg" time="0.002" classname="Chrome 32.0.1700 (Mac OS X 10.9.1).kendo_ui_validation"/>
    <testcase name="reads contents from a passed string" time="0.001" classname="Chrome 32.0.1700 (Mac OS X 10.9.1).View"/>
    <testcase name="supports tag hoch-poch" time="0.002" classname="Chrome 32.0.1700 (Mac OS X 10.9.1).View"/>
    <testcase name="reads contents from a given script tag" time="0" classname="Chrome 32.0.1700 (Mac OS X 10.9.1).View"/>
    <testcase name="accepts id without #" time="0" classname="Chrome 32.0.1700 (Mac OS X 10.9.1).View"/>
    <testcase name="reuses element" time="0.001" classname="Chrome 32.0.1700 (Mac OS X 10.9.1).View"/>
    <testcase name="renders a div" time="0.001" classname="Chrome 32.0.1700 (Mac OS X 10.9.1).View"/>
    <testcase name="can render as any tag" time="0" classname="Chrome 32.0.1700 (Mac OS X 10.9.1).View"/>
    <testcase name="can skip wrapping" time="0.001" classname="Chrome 32.0.1700 (Mac OS X 10.9.1).View"/>
    <testcase name="binds to a given model" time="0.002" classname="Chrome 32.0.1700 (Mac OS X 10.9.1).View"/>
    <testcase name="unbinds handlers on destroy" time="0.003" classname="Chrome 32.0.1700 (Mac OS X 10.9.1).View"/>
    <testcase name="destroys widgets on destroy" time="0.001" classname="Chrome 32.0.1700 (Mac OS X 10.9.1).View"/>
    <testcase name="triggers init when rendered initially" time="0.001" classname="Chrome 32.0.1700 (Mac OS X 10.9.1).View"/>
    <testcase name="triggers show when rendered" time="0.001" classname="Chrome 32.0.1700 (Mac OS X 10.9.1).View"/>
    <testcase name="layout renders view in a given region" time="0.001" classname="Chrome 32.0.1700 (Mac OS X 10.9.1).Layout"/>
    <testcase name="layout triggers view hide when replacing views" time="0.001" classname="Chrome 32.0.1700 (Mac OS X 10.9.1).Layout"/>
    <testcase name="title gets title" time="0.012" classname="Chrome 32.0.1700 (Mac OS X 10.9.1).api"/>
    <testcase name="title sets title" time="0.008" classname="Chrome 32.0.1700 (Mac OS X 10.9.1).api"/>
    <testcase name="open of modal window adds overlay if it does not exist" time="0.013" classname="Chrome 32.0.1700 (Mac OS X 10.9.1).api"/>
    <testcase name="dblclick on resizable window title maximizes window" time="0.009" classname="Chrome 32.0.1700 (Mac OS X 10.9.1).api"/>
    <testcase name="dblclick on non resizable window title does not maximize window" time="0.004" classname="Chrome 32.0.1700 (Mac OS X 10.9.1).api"/>
    <testcase name="document scroll position is preserved on maximize and restore" time="0.01" classname="Chrome 32.0.1700 (Mac OS X 10.9.1).api"/>
    <testcase name="destroying a modal window moves overlay before previous window" time="0.014" classname="Chrome 32.0.1700 (Mac OS X 10.9.1).api"/>
    <testcase name="closing a modal window moves overlay before previous window" time="0.021" classname="Chrome 32.0.1700 (Mac OS X 10.9.1).api"/>
    <testcase name="closing a modal window moves overlay below previous window" time="0.05" classname="Chrome 32.0.1700 (Mac OS X 10.9.1).api"/>
    <testcase name="refresh() of local URLs requests data via AJAX" time="0.007" classname="Chrome 32.0.1700 (Mac OS X 10.9.1).api"/>
    <testcase name="refresh() with string uses it as a URL" time="0.006" classname="Chrome 32.0.1700 (Mac OS X 10.9.1).api"/>
    <testcase name="refresh() uses `content` if no url is provided" time="0.006" classname="Chrome 32.0.1700 (Mac OS X 10.9.1).api"/>
    <testcase name="refresh() sends data to server" time="0.008" classname="Chrome 32.0.1700 (Mac OS X 10.9.1).api"/>
    <testcase name="refresh() uses `content` object combined with URL" time="0.007" classname="Chrome 32.0.1700 (Mac OS X 10.9.1).api"/>
    <testcase name="refresh() creates iframe, if loading a remote url" time="0.009" classname="Chrome 32.0.1700 (Mac OS X 10.9.1).api"/>
    <testcase name="refresh() of AJAX window with cross-domain URL" time="0.008" classname="Chrome 32.0.1700 (Mac OS X 10.9.1).api"/>
    <testcase name="refresh() of local URL with iframe" time="0.008" classname="Chrome 32.0.1700 (Mac OS X 10.9.1).api"/>
    <testcase name="refresh() creates iframe if iframe:true" time="0.007" classname="Chrome 32.0.1700 (Mac OS X 10.9.1).api"/>
    <testcase name="content() destroys nested widgets" time="0.027" classname="Chrome 32.0.1700 (Mac OS X 10.9.1).api"/>
    <testcase name="toFront() raises window z-index above other windows" time="0.015" classname="Chrome 32.0.1700 (Mac OS X 10.9.1).api"/>
    <testcase name="toFront() raises window z-index above other windows with different z-index" time="0.013" classname="Chrome 32.0.1700 (Mac OS X 10.9.1).api"/>
    <testcase name="toFront() overlays iframes of windows with lower z-index" time="0.015" classname="Chrome 32.0.1700 (Mac OS X 10.9.1).api"/>
    <testcase name="toFront() removes overlay on foremost window" time="0.016" classname="Chrome 32.0.1700 (Mac OS X 10.9.1).api"/>
    <testcase name="toFront() moves modal overlay above other windows" time="0.02" classname="Chrome 32.0.1700 (Mac OS X 10.9.1).api"/>
    <testcase name="toFront() does not increase the window z-index if not necessary" time="0.007" classname="Chrome 32.0.1700 (Mac OS X 10.9.1).api"/>
    <testcase name="open() calls toFront()" time="0.009" classname="Chrome 32.0.1700 (Mac OS X 10.9.1).api"/>
    <testcase name="open() sets options.visible" time="0.008" classname="Chrome 32.0.1700 (Mac OS X 10.9.1).api"/>
    <testcase name="close() sets options.visible" time="0.007" classname="Chrome 32.0.1700 (Mac OS X 10.9.1).api"/>
    <testcase name="pin() sets position:fixed style to wrapper" time="0.007" classname="Chrome 32.0.1700 (Mac OS X 10.9.1).api"/>
    <testcase name="pin() toggles button class to k-i-unpin" time="0.006" classname="Chrome 32.0.1700 (Mac OS X 10.9.1).api"/>
    <testcase name="pin() substracts the browser scroll position from the wrapper&apos;s top and left styles" time="0.008" classname="Chrome 32.0.1700 (Mac OS X 10.9.1).api"/>
    <testcase name="unpin() removes position:fixed style from wrapper" time="0.007" classname="Chrome 32.0.1700 (Mac OS X 10.9.1).api"/>
    <testcase name="unpin() toggles button class to k-i-pin" time="0.007" classname="Chrome 32.0.1700 (Mac OS X 10.9.1).api"/>
    <testcase name="unpin() adds the browser scroll position to the wrapper&apos;s top and left styles" time="0.008" classname="Chrome 32.0.1700 (Mac OS X 10.9.1).api"/>
    <testcase name="restoring a pinned Window preserves the pinned state" time="0.008" classname="Chrome 32.0.1700 (Mac OS X 10.9.1).api"/>
    <testcase name="centering a pinned Window sets correct top and left styles" time="0.015" classname="Chrome 32.0.1700 (Mac OS X 10.9.1).api"/>
    <testcase name="minimize() removes min-height" time="0.007" classname="Chrome 32.0.1700 (Mac OS X 10.9.1).api"/>
    <testcase name="restore() adds back min-height" time="0.008" classname="Chrome 32.0.1700 (Mac OS X 10.9.1).api"/>
    <testcase name="maximize() hides the pin/unpin icon" time="0.008" classname="Chrome 32.0.1700 (Mac OS X 10.9.1).api"/>
    <testcase name="maximize() adds a k-window-maximized class" time="0.008" classname="Chrome 32.0.1700 (Mac OS X 10.9.1).api"/>
    <testcase name="restore() shows the pin/unpin icon" time="0.009" classname="Chrome 32.0.1700 (Mac OS X 10.9.1).api"/>
    <testcase name="restore() removes the k-window-maximized class" time="0.009" classname="Chrome 32.0.1700 (Mac OS X 10.9.1).api"/>
    <testcase name="title() on titleless window does not fail" time="0.012" classname="Chrome 32.0.1700 (Mac OS X 10.9.1).api"/>
    <testcase name="title(false) removes titlebar" time="0.007" classname="Chrome 32.0.1700 (Mac OS X 10.9.1).api"/>
    <testcase name="title(&apos;foo&apos;) on titleless window adds title" time="0.005" classname="Chrome 32.0.1700 (Mac OS X 10.9.1).api"/>
    <testcase name="extending the window does not break the close method" time="0.013" classname="Chrome 32.0.1700 (Mac OS X 10.9.1).api"/>
    <testcase name="destroying a window destroys nested components" time="0.022" classname="Chrome 32.0.1700 (Mac OS X 10.9.1).api"/>
    <testcase name="async open/close of model windows leaves overlay" time="0.02" classname="Chrome 32.0.1700 (Mac OS X 10.9.1).api"/>
    <testcase name="opening a closing animated window leaves it in opened state" time="0.125" classname="Chrome 32.0.1700 (Mac OS X 10.9.1).api"/>
    <testcase name="setOptions can toggle draggable option" time="0.011" classname="Chrome 32.0.1700 (Mac OS X 10.9.1).api"/>
    <testcase name="setOptions can toggle resizable option" time="0.012" classname="Chrome 32.0.1700 (Mac OS X 10.9.1).api"/>
    <testcase name="setOptions can set zero integer position" time="0.009" classname="Chrome 32.0.1700 (Mac OS X 10.9.1).api"/>
    <testcase name="setOptions can set integer position" time="0.01" classname="Chrome 32.0.1700 (Mac OS X 10.9.1).api"/>
    <testcase name="setOptions can set string position" time="0.009" classname="Chrome 32.0.1700 (Mac OS X 10.9.1).api"/>
    <testcase name="setting new title updates widget options" time="0.006" classname="Chrome 32.0.1700 (Mac OS X 10.9.1).api"/>
    <testcase name="overlay is not hidden when showing second modal window after closing first" time="0.033" classname="Chrome 32.0.1700 (Mac OS X 10.9.1).api"/>
    <testcase name="Window adds role to the element" time="0.006" classname="Chrome 32.0.1700 (Mac OS X 10.9.1).initialization"/>
    <testcase name="Window sets id to the title" time="0.006" classname="Chrome 32.0.1700 (Mac OS X 10.9.1).initialization"/>
    <testcase name="Window adds aria-labelledby" time="0.005" classname="Chrome 32.0.1700 (Mac OS X 10.9.1).initialization"/>
    <testcase name="Window adds role button to the titlebar buttons" time="0.012" classname="Chrome 32.0.1700 (Mac OS X 10.9.1).initialization"/>
    <testcase name="clicking on window brings it in front of other windows" time="0.049" classname="Chrome 32.0.1700 (Mac OS X 10.9.1).events"/>
    <testcase name="loading of iframe triggers load event" time="0.032" classname="Chrome 32.0.1700 (Mac OS X 10.9.1).events"/>
    <testcase name="multiple loading of iframe triggers one refresh per load" time="0.043" classname="Chrome 32.0.1700 (Mac OS X 10.9.1).events"/>
    <testcase name="clicking the refresh button on a static window triggers refresh event" time="0.009" classname="Chrome 32.0.1700 (Mac OS X 10.9.1).events"/>
    <testcase name="error event gets triggered with proper information" time="0.074" classname="Chrome 32.0.1700 (Mac OS X 10.9.1).events"/>
    <testcase name="moving minimized window does not show drag handles" time="0.009" classname="Chrome 32.0.1700 (Mac OS X 10.9.1).events"/>
    <testcase name="moving minimized window does not show drag handles" time="0.009" classname="Chrome 32.0.1700 (Mac OS X 10.9.1).events"/>
    <testcase name="destroy can be called in close event" time="0.008" classname="Chrome 32.0.1700 (Mac OS X 10.9.1).events"/>
    <testcase name="escape key triggers close event" time="0.008" classname="Chrome 32.0.1700 (Mac OS X 10.9.1).keyboard support"/>
    <testcase name="hitting escape in closing window does not trigger new close" time="0.009" classname="Chrome 32.0.1700 (Mac OS X 10.9.1).keyboard support"/>
    <testcase name="up arrow moves window up" time="0.008" classname="Chrome 32.0.1700 (Mac OS X 10.9.1).keyboard support"/>
    <testcase name="down arrow moves window down" time="0.008" classname="Chrome 32.0.1700 (Mac OS X 10.9.1).keyboard support"/>
    <testcase name="left arrow moves window left" time="0.013" classname="Chrome 32.0.1700 (Mac OS X 10.9.1).keyboard support"/>
    <testcase name="right arrow moves window right" time="0.007" classname="Chrome 32.0.1700 (Mac OS X 10.9.1).keyboard support"/>
    <testcase name="ctrl+down arrow expands window" time="0.008" classname="Chrome 32.0.1700 (Mac OS X 10.9.1).keyboard support"/>
    <testcase name="ctrl+up arrow shrinks window" time="0.007" classname="Chrome 32.0.1700 (Mac OS X 10.9.1).keyboard support"/>
    <testcase name="ctrl+left arrow shrinks window" time="0.007" classname="Chrome 32.0.1700 (Mac OS X 10.9.1).keyboard support"/>
    <testcase name="ctrl+right arrow expands window" time="0.007" classname="Chrome 32.0.1700 (Mac OS X 10.9.1).keyboard support"/>
    <testcase name="ctrl+left takes minWidth into account" time="0.007" classname="Chrome 32.0.1700 (Mac OS X 10.9.1).keyboard support"/>
    <testcase name="ctrl+right takes maxWidth into account" time="0.007" classname="Chrome 32.0.1700 (Mac OS X 10.9.1).keyboard support"/>
    <testcase name="ctrl+up takes minHeight into account" time="0.007" classname="Chrome 32.0.1700 (Mac OS X 10.9.1).keyboard support"/>
    <testcase name="ctrl+down takes maxHeight into account" time="0.008" classname="Chrome 32.0.1700 (Mac OS X 10.9.1).keyboard support"/>
    <testcase name="resizing window with the keyboard updates widget options" time="0.007" classname="Chrome 32.0.1700 (Mac OS X 10.9.1).keyboard support"/>
    <testcase name="hitting arrow keys in nested input does not trigger keyboard support" time="0.008" classname="Chrome 32.0.1700 (Mac OS X 10.9.1).keyboard support"/>
    <testcase name="hitting escape in a non-closable window does not close it" time="0.008" classname="Chrome 32.0.1700 (Mac OS X 10.9.1).keyboard support"/>
    <testcase name="opening and closing modal Windows positions the modal overlay correctly over all other instances but one" time="0.025" classname="Chrome 32.0.1700 (Mac OS X 10.9.1).keyboard support"/>
    <testcase name="Resizing with keyboard raises resize event" time="0.008" classname="Chrome 32.0.1700 (Mac OS X 10.9.1).keyboard support"/>
    <testcase name="creates default html structure" time="0.008" classname="Chrome 32.0.1700 (Mac OS X 10.9.1).initialization"/>
    <testcase name="construction triggers open and activate events" time="0.007" classname="Chrome 32.0.1700 (Mac OS X 10.9.1).initialization"/>
    <testcase name="construction does not trigger open and activate events on hidden windows" time="0.007" classname="Chrome 32.0.1700 (Mac OS X 10.9.1).initialization"/>
    <testcase name="construction of modal window shows overlay" time="0.01" classname="Chrome 32.0.1700 (Mac OS X 10.9.1).initialization"/>
    <testcase name="hiding second modal window does not hide first overlay" time="0.028" classname="Chrome 32.0.1700 (Mac OS X 10.9.1).initialization"/>
    <testcase name="destroy() does not delete overlay if there are other opened modal windows" time="0.015" classname="Chrome 32.0.1700 (Mac OS X 10.9.1).initialization"/>
    <testcase name="creating a modal window after closing another shows overlay" time="0.017" classname="Chrome 32.0.1700 (Mac OS X 10.9.1).initialization"/>
    <testcase name="creating a window with a remote `content` creates iframe" time="0.009" classname="Chrome 32.0.1700 (Mac OS X 10.9.1).initialization"/>
    <testcase name="creating a window with a `content` on the same server does not create iframe" time="0.009" classname="Chrome 32.0.1700 (Mac OS X 10.9.1).initialization"/>
    <testcase name="creating a window without a `content` does not create iframe" time="0.008" classname="Chrome 32.0.1700 (Mac OS X 10.9.1).initialization"/>
    <testcase name="creating a modal adds overlay and places it before the window markup" time="0.009" classname="Chrome 32.0.1700 (Mac OS X 10.9.1).initialization"/>
    <testcase name="creating a second modal moves overlay after the first one" time="0.016" classname="Chrome 32.0.1700 (Mac OS X 10.9.1).initialization"/>
    <testcase name="creating a second dialog with a content frame overlays the first one" time="0.016" classname="Chrome 32.0.1700 (Mac OS X 10.9.1).initialization"/>
    <testcase name="specifying iframe=true creates iframe for local URL" time="0.009" classname="Chrome 32.0.1700 (Mac OS X 10.9.1).initialization"/>
    <testcase name="specifying iframe=false does not create iframe for remote URL" time="0.008" classname="Chrome 32.0.1700 (Mac OS X 10.9.1).initialization"/>
    <testcase name="creating a window with an iframe adds a k-window-iframecontent class" time="0.013" classname="Chrome 32.0.1700 (Mac OS X 10.9.1).initialization"/>
    <testcase name="creating window with minHeight constrains larger content with inner minHeight" time="0.007" classname="Chrome 32.0.1700 (Mac OS X 10.9.1).initialization"/>
    <testcase name="content.template" time="0.008" classname="Chrome 32.0.1700 (Mac OS X 10.9.1).initialization"/>
    <testcase name="content.template is used when fetching jsonp data" time="0.073" classname="Chrome 32.0.1700 (Mac OS X 10.9.1).initialization"/>
    <testcase name="title=false does not render title and adds css class" time="0.007" classname="Chrome 32.0.1700 (Mac OS X 10.9.1).initialization"/>
    <testcase name="k-rtl class is not rendered by default" time="0.014" classname="Chrome 32.0.1700 (Mac OS X 10.9.1).initialization"/>
    <testcase name="k-rtl class is rendered when in k-rtl container" time="0.008" classname="Chrome 32.0.1700 (Mac OS X 10.9.1).initialization"/>
    <testcase name="invisible windows do not interfere with overlay" time="0.018" classname="Chrome 32.0.1700 (Mac OS X 10.9.1).initialization"/>
    <testcase name="visible:false option is inferred from content element" time="0.007" classname="Chrome 32.0.1700 (Mac OS X 10.9.1).initialization"/>
    <testcase name="visible:true option is inferred from content element" time="0.008" classname="Chrome 32.0.1700 (Mac OS X 10.9.1).initialization"/>
    <testcase name="visible: false creates hidden windows" time="0.006" classname="Chrome 32.0.1700 (Mac OS X 10.9.1).initialization"/>
    <testcase name="scripts in window are executed only once" time="0.007" classname="Chrome 32.0.1700 (Mac OS X 10.9.1).initialization"/>
    <testcase name="scripts with type in window are executed only once" time="0.007" classname="Chrome 32.0.1700 (Mac OS X 10.9.1).initialization"/>
    <testcase name="template script tags are not removed from window" time="0.007" classname="Chrome 32.0.1700 (Mac OS X 10.9.1).initialization"/>
    <testcase name="width is constrained by minWidth" time="0.007" classname="Chrome 32.0.1700 (Mac OS X 10.9.1).initialization"/>
    <testcase name="width is constrained by maxWidth" time="0.007" classname="Chrome 32.0.1700 (Mac OS X 10.9.1).initialization"/>
    <testcase name="height is constrained by minHeight" time="0.007" classname="Chrome 32.0.1700 (Mac OS X 10.9.1).initialization"/>
    <testcase name="height is constrained by maxHeight" time="0.007" classname="Chrome 32.0.1700 (Mac OS X 10.9.1).initialization"/>
    <testcase name="height is constrained by maxHeight when content is larger" time="0.009" classname="Chrome 32.0.1700 (Mac OS X 10.9.1).initialization"/>
    <testcase name="creating window with string width" time="0.007" classname="Chrome 32.0.1700 (Mac OS X 10.9.1).initialization"/>
    <testcase name="creating window with string height" time="0.007" classname="Chrome 32.0.1700 (Mac OS X 10.9.1).initialization"/>
    <testcase name="passing empty actions array does not show any buttons in title bar" time="0.007" classname="Chrome 32.0.1700 (Mac OS X 10.9.1).initialization"/>
    <testcase name="creating pinned window applies a position:fixed style" time="0.007" classname="Chrome 32.0.1700 (Mac OS X 10.9.1).initialization"/>
    <testcase name="creating pinned window with a Pin command adds an Unpin button" time="0.007" classname="Chrome 32.0.1700 (Mac OS X 10.9.1).initialization"/>
    <testcase name="creating window with an int zero top position applies a top style" time="0.007" classname="Chrome 32.0.1700 (Mac OS X 10.9.1).initialization"/>
    <testcase name="creating window with an int non-zero top position applies a top style" time="0.014" classname="Chrome 32.0.1700 (Mac OS X 10.9.1).initialization"/>
    <testcase name="creating window with a string top position applies a top style" time="0.008" classname="Chrome 32.0.1700 (Mac OS X 10.9.1).initialization"/>
    <testcase name="creating window with an int zero left position applies a left style" time="0.007" classname="Chrome 32.0.1700 (Mac OS X 10.9.1).initialization"/>
    <testcase name="creating window with an int non-zero left position applies a left style" time="0.007" classname="Chrome 32.0.1700 (Mac OS X 10.9.1).initialization"/>
    <testcase name="creating window with a string left position applies a left style" time="0.007" classname="Chrome 32.0.1700 (Mac OS X 10.9.1).initialization"/>
    <testcase name="appends window to given container" time="0.006" classname="Chrome 32.0.1700 (Mac OS X 10.9.1).appendTo option"/>
    <testcase name="passing element appends window to given container" time="0.006" classname="Chrome 32.0.1700 (Mac OS X 10.9.1).appendTo option"/>
    <testcase name="modal windows append single overlay to container" time="0.014" classname="Chrome 32.0.1700 (Mac OS X 10.9.1).appendTo option"/>
    <testcase name="double-clicking refresh does not maximize window" time="0.008" classname="Chrome 32.0.1700 (Mac OS X 10.9.1).interaction"/>
    <testcase name="resizing window out of viewport" time="0.012" classname="Chrome 32.0.1700 (Mac OS X 10.9.1).interaction"/>
    <testcase name="resizing window resizes inner widgets" time="0.007" classname="Chrome 32.0.1700 (Mac OS X 10.9.1).interaction"/>
    <testcase name="resizing window updates widget options" time="0.01" classname="Chrome 32.0.1700 (Mac OS X 10.9.1).interaction"/>
    <testcase name="popups are closed when closing window" time="0.094" classname="Chrome 32.0.1700 (Mac OS X 10.9.1).integration"/>
    <testcase name="initializes a window when data role is window" time="0.007" classname="Chrome 32.0.1700 (Mac OS X 10.9.1).MVVM"/>
    <testcase name="initializes a options from data attributes" time="0.006" classname="Chrome 32.0.1700 (Mac OS X 10.9.1).MVVM"/>
    <testcase name="binding window initialized before binding" time="0.009" classname="Chrome 32.0.1700 (Mac OS X 10.9.1).MVVM"/>
    <testcase name="binding containing binding attributes" time="0.006" classname="Chrome 32.0.1700 (Mac OS X 10.9.1).MVVM"/>
    <testcase name="updating viewModel updates the content" time="0.007" classname="Chrome 32.0.1700 (Mac OS X 10.9.1).MVVM"/>
    <testcase name="event is raised if attached as option" time="0.006" classname="Chrome 32.0.1700 (Mac OS X 10.9.1).MVVM"/>
    <testcase name="binding visible to true shows the window" time="0.006" classname="Chrome 32.0.1700 (Mac OS X 10.9.1).MVVM"/>
    <testcase name="binding visible to false hides the window" time="0.006" classname="Chrome 32.0.1700 (Mac OS X 10.9.1).MVVM"/>
    <testcase name="binding invisible to true hides the window" time="0.007" classname="Chrome 32.0.1700 (Mac OS X 10.9.1).MVVM"/>
    <testcase name="binding invisible to false shows the window" time="0.007" classname="Chrome 32.0.1700 (Mac OS X 10.9.1).MVVM"/>
    <testcase name="bind visible through data attribute" time="0.006" classname="Chrome 32.0.1700 (Mac OS X 10.9.1).MVVM"/>
    <testcase name="set width and height through data attribute" time="0.007" classname="Chrome 32.0.1700 (Mac OS X 10.9.1).MVVM"/>
    <testcase name="set content through data attribute" time="0.007" classname="Chrome 32.0.1700 (Mac OS X 10.9.1).MVVM"/>
    <testcase name="set appendTo through data attribute" time="0.009" classname="Chrome 32.0.1700 (Mac OS X 10.9.1).MVVM"/>
    <system-out><![CDATA[Chrome 32.0.1700 (Mac OS X 10.9.1) LOG: LOG
 'less: XHR: Getting 'http://localhost:9876/base/styles/web/kendo.common.core.less'',Chrome 32.0.1700 (Mac OS X 10.9.1) LOG: LOG
 'less: XHR: Getting 'http://localhost:9876/base/styles/web/common/core.less'',Chrome 32.0.1700 (Mac OS X 10.9.1) LOG: LOG
 'less: XHR: Getting 'http://localhost:9876/base/styles/web/common/mixins.less'',Chrome 32.0.1700 (Mac OS X 10.9.1) LOG: LOG
 'less: XHR: Getting 'http://localhost:9876/base/styles/web/common/base.less'',Chrome 32.0.1700 (Mac OS X 10.9.1) LOG: LOG
 'less: XHR: Getting 'http://localhost:9876/base/styles/web/common/forms.less'',Chrome 32.0.1700 (Mac OS X 10.9.1) LOG: LOG
 'less: XHR: Getting 'http://localhost:9876/base/styles/web/common/window.less'',Chrome 32.0.1700 (Mac OS X 10.9.1) LOG: LOG
 'less: XHR: Getting 'http://localhost:9876/base/styles/web/common/tabstrip.less'',Chrome 32.0.1700 (Mac OS X 10.9.1) LOG: LOG
 'less: XHR: Getting 'http://localhost:9876/base/styles/web/common/panelbar.less'',Chrome 32.0.1700 (Mac OS X 10.9.1) LOG: LOG
 'less: XHR: Getting 'http://localhost:9876/base/styles/web/common/menu.less'',Chrome 32.0.1700 (Mac OS X 10.9.1) LOG: LOG
 'less: XHR: Getting 'http://localhost:9876/base/styles/web/common/calendar.less'',Chrome 32.0.1700 (Mac OS X 10.9.1) LOG: LOG
 'less: XHR: Getting 'http://localhost:9876/base/styles/web/common/inputs.less'',Chrome 32.0.1700 (Mac OS X 10.9.1) LOG: LOG
 'less: XHR: Getting 'http://localhost:9876/base/styles/web/common/notification.less'',Chrome 32.0.1700 (Mac OS X 10.9.1) LOG: LOG
 'less: XHR: Getting 'http://localhost:9876/base/styles/web/common/progressbar.less'',Chrome 32.0.1700 (Mac OS X 10.9.1) LOG: LOG
 'less: XHR: Getting 'http://localhost:9876/base/styles/web/common/slider.less'',Chrome 32.0.1700 (Mac OS X 10.9.1) LOG: LOG
 'less: XHR: Getting 'http://localhost:9876/base/styles/web/common/tooltip.less'',Chrome 32.0.1700 (Mac OS X 10.9.1) LOG: LOG
 'less: XHR: Getting 'http://localhost:9876/base/styles/web/common/splitter.less'',Chrome 32.0.1700 (Mac OS X 10.9.1) LOG: LOG
 'less: XHR: Getting 'http://localhost:9876/base/styles/web/common/ie7.less'',Chrome 32.0.1700 (Mac OS X 10.9.1) LOG: LOG
 'less: parsed http://localhost:9876/base/styles/web/kendo.common.core.less successfully.',Chrome 32.0.1700 (Mac OS X 10.9.1) LOG: LOG
 'less: css for http://localhost:9876/base/styles/web/kendo.common.core.less generated in 325ms',Chrome 32.0.1700 (Mac OS X 10.9.1) LOG: LOG
 'less: XHR: Getting 'http://localhost:9876/base/styles/web/kendo.rtl.css'',Chrome 32.0.1700 (Mac OS X 10.9.1) LOG: LOG
 'less: parsed http://localhost:9876/base/styles/web/kendo.rtl.css successfully.',Chrome 32.0.1700 (Mac OS X 10.9.1) LOG: LOG
 'less: css for http://localhost:9876/base/styles/web/kendo.rtl.css generated in 18ms',Chrome 32.0.1700 (Mac OS X 10.9.1) LOG: LOG
 'less: css generated in 343ms',Chrome 32.0.1700 (Mac OS X 10.9.1) SLOW 0.516 secs: kendo jQuery Registers real mouse events
,Chrome 32.0.1700 (Mac OS X 10.9.1) SLOW 0.918 secs: animate animate waits all effects to finish
,Chrome 32.0.1700 (Mac OS X 10.9.1) SLOW 0.916 secs: animate passing options to animate works
,Chrome 32.0.1700 (Mac OS X 10.9.1) SLOW 0.918 secs: animate passing options to animate effects as string
,Chrome 32.0.1700 (Mac OS X 10.9.1) SLOW 0.917 secs: animate make sure css, setup, teardown and restore are called in sequence
,Chrome 32.0.1700 (Mac OS X 10.9.1) SLOW 0.617 secs: animate callback is fired asynchronously after animate
,Chrome 32.0.1700 (Mac OS X 10.9.1) LOG: ERROR
 'kendo.ui.MultiSelect API', 'MultiSelect does not open list if there are no visible items', 'active widgets left', 'Popup(k-group k-popup k-reset k-state-border-up)', 'Popup(k-group k-popup k-reset k-state-border-up)', 'Popup(k-group k-popup k-reset k-state-border-up)',Chrome 32.0.1700 (Mac OS X 10.9.1) LOG: ERROR
 'Error: Exception required to fire the error event in error.html',Chrome 32.0.1700 (Mac OS X 10.9.1) SLOW 0.726 secs: History Allows prevention of navigating to previous URL (not back) if preventDefault called
,Chrome 32.0.1700 (Mac OS X 10.9.1) SLOW 0.527 secs: History handles back in push state
,Chrome 32.0.1700 (Mac OS X 10.9.1) LOG: ERROR
 'Error: Exception required to fire the error event in error.html',Chrome 32.0.1700 (Mac OS X 10.9.1) LOG: LOG
 'start'
]]></system-out>
    <system-err/>
  </testsuite>
</testsuites>
